Java HotSpot(TM) 64-Bit Server VM (25.77-b03) for bsd-amd64 JRE (1.8.0_77-b03), built on Mar 20 2016 22:14:03 by "java_re" with gcc 4.2.1 (Based on Apple Inc. build 5658) (LLVM build 2336.11.00)
Memory: 4k page, physical 8388608k(100804k free)

/proc/meminfo:

CommandLine flags: -XX:InitialHeapSize=134217728 -XX:MaxHeapSize=2147483648 -XX:MaxNewSize=348966912 -XX:MaxTenuringThreshold=6 -XX:OldPLABSize=16 -XX:+PrintGC -XX:+PrintGCDateStamps -XX:+PrintGCDetails -XX:+PrintGCTimeStamps -XX:+UseCompressedClassPointers -XX:+UseCompressedOops -XX:+UseConcMarkSweepGC -XX:+UseParNewGC 
2016-06-30T12:41:49.410+0500: 0.477: [GC (Allocation Failure) 2016-06-30T12:41:49.410+0500: 0.477: [ParNew: 34944K->4352K(39296K), 0.0519504 secs] 34944K->30712K(126720K), 0.0521469 secs] [Times: user=0.04 sys=0.05, real=0.05 secs] 
2016-06-30T12:41:49.481+0500: 0.548: [GC (Allocation Failure) 2016-06-30T12:41:49.481+0500: 0.548: [ParNew: 39296K->4352K(39296K), 0.0562734 secs] 65656K->65089K(126720K), 0.0563866 secs] [Times: user=0.03 sys=0.04, real=0.05 secs] 
2016-06-30T12:41:49.538+0500: 0.605: [GC (CMS Initial Mark) [1 CMS-initial-mark: 60737K(87424K)] 66084K(126720K), 0.0005510 secs] [Times: user=0.00 sys=0.00, real=0.00 secs] 
2016-06-30T12:41:49.538+0500: 0.605: [CMS-concurrent-mark-start]
2016-06-30T12:41:49.573+0500: 0.640: [CMS-concurrent-mark: 0.035/0.035 secs] [Times: user=0.07 sys=0.01, real=0.04 secs] 
2016-06-30T12:41:49.573+0500: 0.640: [GC (Allocation Failure) 2016-06-30T12:41:49.573+0500: 0.640: [ParNew: 39296K->4352K(39296K), 0.0444308 secs] 100033K->99665K(135168K), 0.0445059 secs] [Times: user=0.04 sys=0.02, real=0.04 secs] 
2016-06-30T12:41:49.618+0500: 0.685: [CMS-concurrent-preclean-start]
2016-06-30T12:41:49.626+0500: 0.693: [CMS-concurrent-preclean: 0.007/0.008 secs] [Times: user=0.03 sys=0.00, real=0.01 secs] 
2016-06-30T12:41:49.627+0500: 0.693: [CMS-concurrent-abortable-preclean-start]
2016-06-30T12:41:49.632+0500: 0.699: [GC (Allocation Failure) 2016-06-30T12:41:49.632+0500: 0.699: [ParNew: 39296K->4352K(39296K), 0.0510550 secs] 134609K->134099K(169536K), 0.0511772 secs] [Times: user=0.03 sys=0.03, real=0.05 secs] 
2016-06-30T12:41:49.683+0500: 0.750: [CMS-concurrent-abortable-preclean: 0.003/0.057 secs] [Times: user=0.05 sys=0.03, real=0.06 secs] 
2016-06-30T12:41:49.683+0500: 0.750: [GC (CMS Final Remark) [YG occupancy: 5336 K (39296 K)]2016-06-30T12:41:49.683+0500: 0.750: [Rescan (parallel) , 0.0012435 secs]2016-06-30T12:41:49.685+0500: 0.752: [weak refs processing, 0.0000385 secs]2016-06-30T12:41:49.685+0500: 0.752: [class unloading, 0.0008818 secs]2016-06-30T12:41:49.686+0500: 0.753: [scrub symbol table, 0.0012430 secs]2016-06-30T12:41:49.687+0500: 0.754: [scrub string table, 0.0002111 secs][1 CMS-remark: 129747K(130240K)] 135083K(169536K), 0.0038303 secs] [Times: user=0.01 sys=0.00, real=0.00 secs] 
2016-06-30T12:41:49.687+0500: 0.754: [CMS-concurrent-sweep-start]
2016-06-30T12:41:49.692+0500: 0.759: [CMS-concurrent-sweep: 0.004/0.004 secs] [Times: user=0.01 sys=0.00, real=0.01 secs] 
2016-06-30T12:41:49.692+0500: 0.759: [CMS-concurrent-reset-start]
2016-06-30T12:41:49.697+0500: 0.764: [CMS-concurrent-reset: 0.005/0.005 secs] [Times: user=0.02 sys=0.00, real=0.00 secs] 
2016-06-30T12:41:49.702+0500: 0.769: [GC (Allocation Failure) 2016-06-30T12:41:49.702+0500: 0.769: [ParNew: 39296K->4352K(39296K), 0.0506982 secs] 169037K->167877K(255532K), 0.0508229 secs] [Times: user=0.03 sys=0.03, real=0.05 secs] 
2016-06-30T12:41:49.753+0500: 0.820: [GC (CMS Initial Mark) [1 CMS-initial-mark: 163525K(216236K)] 168666K(255532K), 0.0007212 secs] [Times: user=0.00 sys=0.00, real=0.00 secs] 
2016-06-30T12:41:49.754+0500: 0.821: [CMS-concurrent-mark-start]
2016-06-30T12:41:49.778+0500: 0.845: [CMS-concurrent-mark: 0.024/0.024 secs] [Times: user=0.07 sys=0.00, real=0.02 secs] 
2016-06-30T12:41:49.778+0500: 0.845: [GC (Allocation Failure) 2016-06-30T12:41:49.778+0500: 0.845: [ParNew: 39291K->4352K(39296K), 0.0488589 secs] 202816K->202479K(255532K), 0.0489249 secs] [Times: user=0.03 sys=0.03, real=0.05 secs] 
2016-06-30T12:41:49.827+0500: 0.894: [CMS-concurrent-preclean-start]
2016-06-30T12:41:49.835+0500: 0.902: [CMS-concurrent-preclean: 0.006/0.008 secs] [Times: user=0.03 sys=0.00, real=0.01 secs] 
2016-06-30T12:41:49.835+0500: 0.902: [CMS-concurrent-abortable-preclean-start]
2016-06-30T12:41:49.841+0500: 0.908: [GC (Allocation Failure) 2016-06-30T12:41:49.841+0500: 0.908: [ParNew: 39296K->4352K(39296K), 0.0513109 secs] 237423K->236873K(272236K), 0.0514133 secs] [Times: user=0.03 sys=0.02, real=0.05 secs] 
2016-06-30T12:41:49.904+0500: 0.971: [CMS-concurrent-abortable-preclean: 0.002/0.069 secs] [Times: user=0.10 sys=0.02, real=0.07 secs] 
2016-06-30T12:41:49.904+0500: 0.971: [GC (Allocation Failure) 2016-06-30T12:41:49.904+0500: 0.971: [ParNew: 39296K->4352K(39296K), 0.0503552 secs] 271817K->271336K(306604K), 0.0504217 secs] [Times: user=0.04 sys=0.03, real=0.05 secs] 
2016-06-30T12:41:49.964+0500: 1.030: [GC (CMS Final Remark) [YG occupancy: 29838 K (39296 K)]2016-06-30T12:41:49.964+0500: 1.030: [Rescan (parallel) , 0.0032815 secs]2016-06-30T12:41:49.967+0500: 1.034: [weak refs processing, 0.0000372 secs]2016-06-30T12:41:49.967+0500: 1.034: [class unloading, 0.0007361 secs]2016-06-30T12:41:49.968+0500: 1.035: [scrub symbol table, 0.0008592 secs]2016-06-30T12:41:49.969+0500: 1.035: [scrub string table, 0.0001939 secs][1 CMS-remark: 266984K(267308K)] 296823K(306604K), 0.0052850 secs] [Times: user=0.01 sys=0.00, real=0.00 secs] 
2016-06-30T12:41:49.971+0500: 1.038: [CMS-concurrent-sweep-start]
2016-06-30T12:41:49.973+0500: 1.040: [GC (Allocation Failure) 2016-06-30T12:41:49.973+0500: 1.040: [ParNew: 39295K->4352K(39296K), 0.0516757 secs] 306279K->305870K(341164K), 0.0517839 secs] [Times: user=0.04 sys=0.03, real=0.05 secs] 
2016-06-30T12:41:50.032+0500: 1.099: [CMS-concurrent-sweep: 0.009/0.061 secs] [Times: user=0.08 sys=0.03, real=0.06 secs] 
2016-06-30T12:41:50.033+0500: 1.100: [CMS-concurrent-reset-start]
2016-06-30T12:41:50.037+0500: 1.104: [CMS-concurrent-reset: 0.002/0.002 secs] [Times: user=0.01 sys=0.00, real=0.00 secs] 
2016-06-30T12:41:50.041+0500: 1.108: [GC (Allocation Failure) 2016-06-30T12:41:50.041+0500: 1.108: [ParNew: 39291K->4352K(39296K), 0.0485470 secs] 340809K->340256K(541828K), 0.0486478 secs] [Times: user=0.05 sys=0.02, real=0.05 secs] 
2016-06-30T12:41:50.090+0500: 1.157: [GC (CMS Initial Mark) [1 CMS-initial-mark: 335904K(502532K)] 340584K(541828K), 0.0005167 secs] [Times: user=0.00 sys=0.00, real=0.00 secs] 
2016-06-30T12:41:50.090+0500: 1.157: [CMS-concurrent-mark-start]
2016-06-30T12:41:50.105+0500: 1.172: [GC (Allocation Failure) 2016-06-30T12:41:50.105+0500: 1.172: [ParNew: 39293K->4352K(39296K), 0.0546123 secs] 375197K->374792K(541828K), 0.0547131 secs] [Times: user=0.04 sys=0.02, real=0.06 secs] 
2016-06-30T12:41:50.183+0500: 1.250: [CMS-concurrent-mark: 0.037/0.092 secs] [Times: user=0.15 sys=0.03, real=0.09 secs] 
2016-06-30T12:41:50.183+0500: 1.250: [GC (Allocation Failure) 2016-06-30T12:41:50.183+0500: 1.250: [ParNew: 39296K->4352K(39296K), 0.0536617 secs] 409736K->409615K(541828K), 0.0537453 secs] [Times: user=0.04 sys=0.03, real=0.05 secs] 
2016-06-30T12:41:50.237+0500: 1.304: [CMS-concurrent-preclean-start]
2016-06-30T12:41:50.246+0500: 1.313: [CMS-concurrent-preclean: 0.007/0.009 secs] [Times: user=0.03 sys=0.00, real=0.01 secs] 
2016-06-30T12:41:50.246+0500: 1.313: [CMS-concurrent-abortable-preclean-start]
2016-06-30T12:41:50.252+0500: 1.319: [GC (Allocation Failure) 2016-06-30T12:41:50.252+0500: 1.319: [ParNew: 39296K->4352K(39296K), 0.0549141 secs] 444559K->444240K(541828K), 0.0550065 secs] [Times: user=0.04 sys=0.03, real=0.05 secs] 
2016-06-30T12:41:50.307+0500: 1.374: [CMS-concurrent-abortable-preclean: 0.006/0.061 secs] [Times: user=0.06 sys=0.03, real=0.06 secs] 
2016-06-30T12:41:50.308+0500: 1.375: [GC (CMS Final Remark) [YG occupancy: 7195 K (39296 K)]2016-06-30T12:41:50.308+0500: 1.375: [Rescan (parallel) , 0.0016432 secs]2016-06-30T12:41:50.310+0500: 1.377: [weak refs processing, 0.0000402 secs]2016-06-30T12:41:50.310+0500: 1.377: [class unloading, 0.0007687 secs]2016-06-30T12:41:50.311+0500: 1.378: [scrub symbol table, 0.0011705 secs]2016-06-30T12:41:50.312+0500: 1.379: [scrub string table, 0.0002080 secs][1 CMS-remark: 439888K(502532K)] 447083K(541828K), 0.0040037 secs] [Times: user=0.01 sys=0.00, real=0.01 secs] 
2016-06-30T12:41:50.313+0500: 1.380: [CMS-concurrent-sweep-start]
2016-06-30T12:41:50.327+0500: 1.394: [GC (Allocation Failure) 2016-06-30T12:41:50.327+0500: 1.394: [ParNew: 39296K->4352K(39296K), 0.0578805 secs] 479184K->478562K(541828K), 0.0579802 secs] [Times: user=0.04 sys=0.03, real=0.06 secs] 
2016-06-30T12:41:50.393+0500: 1.460: [CMS-concurrent-sweep: 0.022/0.080 secs] [Times: user=0.11 sys=0.03, real=0.08 secs] 
2016-06-30T12:41:50.394+0500: 1.461: [CMS-concurrent-reset-start]
2016-06-30T12:41:50.409+0500: 1.476: [GC (Allocation Failure) 2016-06-30T12:41:50.409+0500: 1.476: [ParNew: 39296K->4352K(39296K), 0.0518400 secs] 513506K->512585K(829648K), 0.0519345 secs] [Times: user=0.04 sys=0.03, real=0.06 secs] 
2016-06-30T12:41:50.501+0500: 1.568: [GC (Allocation Failure) 2016-06-30T12:41:50.501+0500: 1.568: [ParNew: 39296K->4352K(39296K), 0.0894373 secs] 547529K->547306K(829648K), 0.0895230 secs] [Times: user=0.05 sys=0.03, real=0.09 secs] 
2016-06-30T12:41:50.598+0500: 1.665: [CMS-concurrent-reset: 0.021/0.204 secs] [Times: user=0.23 sys=0.06, real=0.20 secs] 
2016-06-30T12:41:50.610+0500: 1.677: [GC (Allocation Failure) 2016-06-30T12:41:50.610+0500: 1.677: [ParNew: 39296K->4352K(39296K), 0.0540205 secs] 582250K->582038K(829648K), 0.0541573 secs] [Times: user=0.04 sys=0.03, real=0.05 secs] 
2016-06-30T12:41:50.675+0500: 1.742: [GC (CMS Initial Mark) [1 CMS-initial-mark: 577686K(790352K)] 582597K(829648K), 0.0004130 secs] [Times: user=0.00 sys=0.00, real=0.00 secs] 
2016-06-30T12:41:50.675+0500: 1.742: [CMS-concurrent-mark-start]
2016-06-30T12:41:50.698+0500: 1.765: [GC (Allocation Failure) 2016-06-30T12:41:50.698+0500: 1.765: [ParNew: 39296K->4352K(39296K), 0.0828007 secs] 616982K->616486K(829648K), 0.0829062 secs] [Times: user=0.04 sys=0.02, real=0.09 secs] 
2016-06-30T12:41:50.805+0500: 1.872: [GC (Allocation Failure) 2016-06-30T12:41:50.805+0500: 1.872: [ParNew: 39296K->4352K(39296K), 0.0863252 secs] 651430K->651129K(829648K), 0.0864364 secs] [Times: user=0.05 sys=0.02, real=0.09 secs] 
2016-06-30T12:41:50.907+0500: 1.974: [GC (Allocation Failure) 2016-06-30T12:41:50.907+0500: 1.974: [ParNew: 39292K->4352K(39296K), 0.0677545 secs] 686070K->685669K(829648K), 0.0678447 secs] [Times: user=0.05 sys=0.03, real=0.07 secs] 
2016-06-30T12:41:50.988+0500: 2.055: [GC (Allocation Failure) 2016-06-30T12:41:50.988+0500: 2.055: [ParNew: 39291K->4352K(39296K), 0.0945395 secs] 720609K->720059K(829648K), 0.0946531 secs] [Times: user=0.04 sys=0.03, real=0.10 secs] 
2016-06-30T12:41:51.098+0500: 2.164: [GC (Allocation Failure) 2016-06-30T12:41:51.098+0500: 2.165: [ParNew: 39296K->4352K(39296K), 0.1641793 secs] 755003K->754556K(829648K), 0.1643854 secs] [Times: user=0.05 sys=0.04, real=0.17 secs] 
2016-06-30T12:41:51.298+0500: 2.366: [CMS-concurrent-mark: 0.123/0.622 secs] [Times: user=0.53 sys=0.17, real=0.63 secs] 
2016-06-30T12:41:51.300+0500: 2.367: [CMS-concurrent-preclean-start]
2016-06-30T12:41:51.310+0500: 2.377: [CMS-concurrent-preclean: 0.010/0.010 secs] [Times: user=0.00 sys=0.01, real=0.01 secs] 
2016-06-30T12:41:51.310+0500: 2.377: [CMS-concurrent-abortable-preclean-start]
2016-06-30T12:41:51.373+0500: 2.440: [GC (Allocation Failure) 2016-06-30T12:41:51.373+0500: 2.440: [ParNew2016-06-30T12:41:51.427+0500: 2.494: [CMS-concurrent-abortable-preclean: 0.015/0.116 secs] [Times: user=0.07 sys=0.06, real=0.11 secs] 
: 39296K->4352K(39296K), 0.0753649 secs] 789500K->789295K(829648K), 0.0754787 secs] [Times: user=0.04 sys=0.03, real=0.07 secs] 
2016-06-30T12:41:51.449+0500: 2.516: [GC (CMS Final Remark) [YG occupancy: 4713 K (39296 K)]2016-06-30T12:41:51.449+0500: 2.516: [Rescan (parallel) , 0.0023375 secs]2016-06-30T12:41:51.451+0500: 2.518: [weak refs processing, 0.0000406 secs]2016-06-30T12:41:51.451+0500: 2.518: [class unloading, 0.0107302 secs]2016-06-30T12:41:51.462+0500: 2.529: [scrub symbol table, 0.0055768 secs]2016-06-30T12:41:51.468+0500: 2.535: [scrub string table, 0.0002494 secs][1 CMS-remark: 784943K(790352K)] 789657K(829648K), 0.0191728 secs] [Times: user=0.01 sys=0.02, real=0.02 secs] 
2016-06-30T12:41:51.472+0500: 2.539: [CMS-concurrent-sweep-start]
2016-06-30T12:41:51.487+0500: 2.554: [GC (Allocation Failure) 2016-06-30T12:41:51.487+0500: 2.554: [ParNew: 39293K->4352K(39296K), 0.0812924 secs] 824235K->823781K(859024K), 0.0814240 secs] [Times: user=0.05 sys=0.03, real=0.08 secs] 
2016-06-30T12:41:51.585+0500: 2.652: [GC (Allocation Failure) 2016-06-30T12:41:51.585+0500: 2.652: [ParNew: 39296K->4352K(39296K), 0.0629017 secs] 858725K->858288K(893584K), 0.0630008 secs] [Times: user=0.05 sys=0.03, real=0.06 secs] 
2016-06-30T12:41:51.663+0500: 2.730: [GC (Allocation Failure) 2016-06-30T12:41:51.663+0500: 2.730: [ParNew: 39296K->4352K(39296K), 0.0554493 secs] 893232K->892796K(928144K), 0.0556650 secs] [Times: user=0.04 sys=0.03, real=0.05 secs] 
2016-06-30T12:41:51.733+0500: 2.800: [GC (Allocation Failure) 2016-06-30T12:41:51.733+0500: 2.800: [ParNew: 39296K->4352K(39296K), 0.0644548 secs] 927740K->927387K(962704K), 0.0645622 secs] [Times: user=0.04 sys=0.03, real=0.06 secs] 
2016-06-30T12:41:51.817+0500: 2.884: [GC (Allocation Failure) 2016-06-30T12:41:51.817+0500: 2.884: [ParNew: 39296K->4352K(39296K), 0.0562432 secs] 962331K->961968K(997264K), 0.0563356 secs] [Times: user=0.05 sys=0.03, real=0.06 secs] 
2016-06-30T12:41:51.874+0500: 2.941: [CMS-concurrent-sweep: 0.079/0.402 secs] [Times: user=0.45 sys=0.15, real=0.40 secs] 
2016-06-30T12:41:51.877+0500: 2.944: [CMS-concurrent-reset-start]
2016-06-30T12:41:51.880+0500: 2.947: [CMS-concurrent-reset: 0.003/0.003 secs] [Times: user=0.01 sys=0.00, real=0.01 secs] 
2016-06-30T12:41:51.893+0500: 2.960: [GC (Allocation Failure) 2016-06-30T12:41:51.893+0500: 2.960: [ParNew: 39296K->4352K(39296K), 0.0565810 secs] 996912K->996322K(1635324K), 0.0566804 secs] [Times: user=0.04 sys=0.02, real=0.06 secs] 
2016-06-30T12:41:51.976+0500: 3.043: [GC (Allocation Failure) 2016-06-30T12:41:51.976+0500: 3.043: [ParNew: 39296K->4352K(39296K), 0.0658059 secs] 1031266K->1031012K(1635324K), 0.0659067 secs] [Times: user=0.05 sys=0.03, real=0.07 secs] 
2016-06-30T12:41:52.058+0500: 3.125: [GC (Allocation Failure) 2016-06-30T12:41:52.058+0500: 3.125: [ParNew: 39296K->4352K(39296K), 0.0664392 secs] 1065956K->1065263K(1635324K), 0.0666741 secs] [Times: user=0.04 sys=0.02, real=0.07 secs] 
2016-06-30T12:41:52.139+0500: 3.206: [GC (Allocation Failure) 2016-06-30T12:41:52.139+0500: 3.206: [ParNew: 39296K->4352K(39296K), 0.0682971 secs] 1100207K->1099623K(1635324K), 0.0684097 secs] [Times: user=0.05 sys=0.03, real=0.07 secs] 
2016-06-30T12:41:52.233+0500: 3.300: [GC (Allocation Failure) 2016-06-30T12:41:52.233+0500: 3.300: [ParNew: 39296K->4352K(39296K), 0.0600517 secs] 1134567K->1133992K(1635324K), 0.0601588 secs] [Times: user=0.05 sys=0.03, real=0.06 secs] 
2016-06-30T12:41:52.306+0500: 3.373: [GC (Allocation Failure) 2016-06-30T12:41:52.306+0500: 3.373: [ParNew: 39296K->4352K(39296K), 0.0704581 secs] 1168936K->1168337K(1635324K), 0.0705568 secs] [Times: user=0.04 sys=0.02, real=0.07 secs] 
2016-06-30T12:41:52.377+0500: 3.444: [GC (CMS Initial Mark) [1 CMS-initial-mark: 1163985K(1596028K)] 1168877K(1635324K), 0.0004240 secs] [Times: user=0.00 sys=0.00, real=0.00 secs] 
2016-06-30T12:41:52.377+0500: 3.444: [CMS-concurrent-mark-start]
2016-06-30T12:41:52.408+0500: 3.475: [GC (Allocation Failure) 2016-06-30T12:41:52.408+0500: 3.475: [ParNew: 39291K->4352K(39296K), 0.0913414 secs] 1203276K->1202839K(1635324K), 0.0914544 secs] [Times: user=0.05 sys=0.04, real=0.10 secs] 
2016-06-30T12:41:52.522+0500: 3.589: [GC (Allocation Failure) 2016-06-30T12:41:52.522+0500: 3.589: [ParNew: 39296K->4352K(39296K), 0.0820729 secs] 1237783K->1237302K(1635324K), 0.0821758 secs] [Times: user=0.05 sys=0.03, real=0.08 secs] 
2016-06-30T12:41:52.626+0500: 3.693: [GC (Allocation Failure) 2016-06-30T12:41:52.626+0500: 3.693: [ParNew: 39296K->4352K(39296K), 0.0650261 secs] 1272246K->1271819K(1635324K), 0.0651450 secs] [Times: user=0.05 sys=0.02, real=0.07 secs] 
2016-06-30T12:41:52.715+0500: 3.782: [CMS-concurrent-mark: 0.098/0.338 secs] [Times: user=0.41 sys=0.09, real=0.34 secs] 
2016-06-30T12:41:52.715+0500: 3.782: [CMS-concurrent-preclean-start]
2016-06-30T12:41:52.719+0500: 3.786: [GC (Allocation Failure) 2016-06-30T12:41:52.719+0500: 3.786: [ParNew: 39296K->4352K(39296K), 0.0845335 secs] 1306763K->1306410K(1635324K), 0.0846248 secs] [Times: user=0.07 sys=0.03, real=0.09 secs] 
2016-06-30T12:41:52.806+0500: 3.873: [CMS-concurrent-preclean: 0.005/0.091 secs] [Times: user=0.08 sys=0.03, real=0.09 secs] 
2016-06-30T12:41:52.806+0500: 3.873: [CMS-concurrent-abortable-preclean-start]
2016-06-30T12:41:52.818+0500: 3.885: [GC (Allocation Failure) 2016-06-30T12:41:52.819+0500: 3.886: [ParNew: 39296K->4352K(39296K), 0.0661542 secs] 1341354K->1340844K(1635324K), 0.0662535 secs] [Times: user=0.05 sys=0.02, real=0.07 secs] 
2016-06-30T12:41:52.900+0500: 3.967: [GC (Allocation Failure) 2016-06-30T12:41:52.900+0500: 3.967: [ParNew: 39296K->4352K(39296K), 0.0741220 secs] 1375788K->1375371K(1635324K), 0.0742213 secs] [Times: user=0.04 sys=0.02, real=0.07 secs] 
2016-06-30T12:41:52.987+0500: 4.054: [GC (Allocation Failure) 2016-06-30T12:41:52.987+0500: 4.054: [ParNew: 39296K->4352K(39296K), 0.0737720 secs] 1410315K->1409868K(1635324K), 0.0738631 secs] [Times: user=0.04 sys=0.02, real=0.08 secs] 
2016-06-30T12:41:53.087+0500: 4.154: [GC (Allocation Failure) 2016-06-30T12:41:53.087+0500: 4.154: [ParNew: 39296K->4352K(39296K), 0.0914650 secs] 1444812K->1444641K(1635324K), 0.0916132 secs] [Times: user=0.08 sys=0.03, real=0.09 secs] 
2016-06-30T12:41:53.188+0500: 4.255: [CMS-concurrent-abortable-preclean: 0.039/0.382 secs] [Times: user=0.43 sys=0.10, real=0.38 secs] 
2016-06-30T12:41:53.201+0500: 4.268: [GC (CMS Final Remark) [YG occupancy: 30446 K (39296 K)]2016-06-30T12:41:53.201+0500: 4.268: [Rescan (parallel) , 0.0140800 secs]2016-06-30T12:41:53.215+0500: 4.282: [weak refs processing, 0.0000409 secs]2016-06-30T12:41:53.215+0500: 4.282: [class unloading, 0.0011640 secs]2016-06-30T12:41:53.217+0500: 4.284: [scrub symbol table, 0.0014085 secs]2016-06-30T12:41:53.218+0500: 4.285: [scrub string table, 0.0002529 secs][1 CMS-remark: 1440289K(1596028K)] 1470736K(1635324K), 0.0171256 secs] [Times: user=0.02 sys=0.00, real=0.01 secs] 
2016-06-30T12:41:53.218+0500: 4.285: [CMS-concurrent-sweep-start]
2016-06-30T12:41:53.224+0500: 4.290: [GC (Allocation Failure) 2016-06-30T12:41:53.224+0500: 4.291: [ParNew: 39296K->4352K(39296K), 0.0379737 secs] 1436962K->1436507K(1635324K), 0.0380719 secs] [Times: user=0.05 sys=0.01, real=0.04 secs] 
2016-06-30T12:41:53.280+0500: 4.347: [GC (Allocation Failure) 2016-06-30T12:41:53.280+0500: 4.347: [ParNew: 39296K->4352K(39296K), 0.0464319 secs] 1278856K->1278282K(1635324K), 0.0465298 secs] [Times: user=0.05 sys=0.02, real=0.04 secs] 
2016-06-30T12:41:53.355+0500: 4.422: [GC (Allocation Failure) 2016-06-30T12:41:53.355+0500: 4.422: [ParNew: 39296K->4352K(39296K), 0.0500427 secs] 1304172K->1303683K(1635324K), 0.0501562 secs] [Times: user=0.05 sys=0.01, real=0.05 secs] 
2016-06-30T12:41:53.423+0500: 4.490: [GC (Allocation Failure) 2016-06-30T12:41:53.423+0500: 4.490: [ParNew: 39294K->4352K(39296K), 0.0344984 secs] 1338626K->1338195K(1635324K), 0.0346006 secs] [Times: user=0.05 sys=0.01, real=0.03 secs] 
2016-06-30T12:41:53.475+0500: 4.542: [GC (Allocation Failure) 2016-06-30T12:41:53.475+0500: 4.542: [ParNew: 39296K->4352K(39296K), 0.0476406 secs] 1373139K->1372707K(1635324K), 0.0477322 secs] [Times: user=0.04 sys=0.01, real=0.05 secs] 
2016-06-30T12:41:53.526+0500: 4.593: [CMS-concurrent-sweep: 0.078/0.307 secs] [Times: user=0.47 sys=0.07, real=0.31 secs] 
2016-06-30T12:41:53.526+0500: 4.593: [CMS-concurrent-reset-start]
2016-06-30T12:41:53.529+0500: 4.596: [CMS-concurrent-reset: 0.003/0.003 secs] [Times: user=0.00 sys=0.00, real=0.00 secs] 
2016-06-30T12:41:53.543+0500: 4.610: [GC (Allocation Failure) 2016-06-30T12:41:53.543+0500: 4.610: [ParNew: 39296K->4352K(39296K), 0.0535188 secs] 1407651K->1407344K(1795712K), 0.0536402 secs] [Times: user=0.09 sys=0.02, real=0.05 secs] 
2016-06-30T12:41:53.597+0500: 4.664: [GC (CMS Initial Mark) [1 CMS-initial-mark: 1402992K(1756416K)] 1407587K(1795712K), 0.0003954 secs] [Times: user=0.00 sys=0.00, real=0.00 secs] 
2016-06-30T12:41:53.597+0500: 4.664: [CMS-concurrent-mark-start]
2016-06-30T12:41:53.624+0500: 4.691: [GC (Allocation Failure) 2016-06-30T12:41:53.624+0500: 4.691: [ParNew: 39296K->4352K(39296K), 0.0470115 secs] 1442288K->1441871K(1795712K), 0.0471132 secs] [Times: user=0.07 sys=0.01, real=0.05 secs] 
2016-06-30T12:41:53.686+0500: 4.753: [GC (Allocation Failure) 2016-06-30T12:41:53.687+0500: 4.754: [ParNew: 39296K->4352K(39296K), 0.1338724 secs] 1476815K->1476500K(1795712K), 0.1339799 secs] [Times: user=0.07 sys=0.03, real=0.14 secs] 
2016-06-30T12:41:53.835+0500: 4.902: [GC (Allocation Failure) 2016-06-30T12:41:53.835+0500: 4.902: [ParNew: 39296K->4352K(39296K), 0.0865403 secs] 1511444K->1511155K(1795712K), 0.0866461 secs] [Times: user=0.08 sys=0.03, real=0.09 secs] 
2016-06-30T12:41:53.938+0500: 5.005: [GC (Allocation Failure) 2016-06-30T12:41:53.938+0500: 5.005: [ParNew: 39296K->4352K(39296K), 0.0753785 secs] 1546099K->1545812K(1795712K), 0.0755080 secs] [Times: user=0.08 sys=0.02, real=0.08 secs] 
2016-06-30T12:41:54.029+0500: 5.096: [CMS-concurrent-mark: 0.085/0.432 secs] [Times: user=0.57 sys=0.09, real=0.43 secs] 
2016-06-30T12:41:54.029+0500: 5.096: [CMS-concurrent-preclean-start]
2016-06-30T12:41:54.034+0500: 5.101: [GC (Allocation Failure) 2016-06-30T12:41:54.034+0500: 5.101: [ParNew: 39296K->4352K(39296K), 0.0797396 secs] 1580756K->1580444K(1795712K), 0.0798380 secs] [Times: user=0.08 sys=0.03, real=0.08 secs] 
2016-06-30T12:41:54.130+0500: 5.197: [GC (Allocation Failure) 2016-06-30T12:41:54.130+0500: 5.197: [ParNew: 39296K->4352K(39296K), 0.0986798 secs] 1615388K->1614902K(1795712K), 0.0987746 secs] [Times: user=0.07 sys=0.03, real=0.09 secs] 
2016-06-30T12:41:54.250+0500: 5.317: [CMS-concurrent-preclean: 0.027/0.221 secs] [Times: user=0.27 sys=0.06, real=0.23 secs] 
2016-06-30T12:41:54.250+0500: 5.317: [GC (Allocation Failure) 2016-06-30T12:41:54.250+0500: 5.317: [ParNew: 39295K->4352K(39296K), 0.1272785 secs] 1649846K->1649439K(1795712K), 0.1273724 secs] [Times: user=0.06 sys=0.04, real=0.12 secs] 
2016-06-30T12:41:54.388+0500: 5.455: [GC (CMS Final Remark) [YG occupancy: 4544 K (39296 K)]2016-06-30T12:41:54.388+0500: 5.455: [Rescan (parallel) , 0.0133874 secs]2016-06-30T12:41:54.402+0500: 5.469: [weak refs processing, 0.0000373 secs]2016-06-30T12:41:54.402+0500: 5.469: [class unloading, 0.0009895 secs]2016-06-30T12:41:54.403+0500: 5.470: [scrub symbol table, 0.0014754 secs]2016-06-30T12:41:54.404+0500: 5.471: [scrub string table, 0.0002545 secs][1 CMS-remark: 1645087K(1756416K)] 1649631K(1795712K), 0.0163311 secs] [Times: user=0.01 sys=0.00, real=0.02 secs] 
2016-06-30T12:41:54.405+0500: 5.472: [CMS-concurrent-sweep-start]
2016-06-30T12:41:54.429+0500: 5.496: [GC (Allocation Failure) 2016-06-30T12:41:54.429+0500: 5.496: [ParNew: 39296K->4352K(39296K), 0.0580128 secs] 1602338K->1601625K(1795712K), 0.0581315 secs] [Times: user=0.05 sys=0.02, real=0.06 secs] 
2016-06-30T12:41:54.505+0500: 5.572: [GC (Allocation Failure) 2016-06-30T12:41:54.505+0500: 5.572: [ParNew: 39296K->4352K(39296K), 0.0473779 secs] 1387461K->1387000K(1795712K), 0.0475013 secs] [Times: user=0.04 sys=0.01, real=0.05 secs] 
2016-06-30T12:41:54.573+0500: 5.640: [GC (Allocation Failure) 2016-06-30T12:41:54.573+0500: 5.640: [ParNew: 39296K->4352K(39296K), 0.0510259 secs] 1291634K->1291178K(1795712K), 0.0511391 secs] [Times: user=0.04 sys=0.02, real=0.05 secs] 
2016-06-30T12:41:54.649+0500: 5.716: [GC (Allocation Failure) 2016-06-30T12:41:54.649+0500: 5.716: [ParNew: 39296K->4352K(39296K), 0.0484504 secs] 1286695K->1286307K(1795712K), 0.0485736 secs] [Times: user=0.04 sys=0.01, real=0.05 secs] 
2016-06-30T12:41:54.715+0500: 5.782: [GC (Allocation Failure) 2016-06-30T12:41:54.715+0500: 5.782: [ParNew: 39296K->4352K(39296K), 0.0476582 secs] 1319096K->1318605K(1795712K), 0.0477585 secs] [Times: user=0.04 sys=0.01, real=0.05 secs] 
2016-06-30T12:41:54.781+0500: 5.848: [GC (Allocation Failure) 2016-06-30T12:41:54.781+0500: 5.848: [ParNew: 39296K->4352K(39296K), 0.0420402 secs] 1353549K->1353078K(1795712K), 0.0421326 secs] [Times: user=0.04 sys=0.01, real=0.04 secs] 
2016-06-30T12:41:54.830+0500: 5.897: [CMS-concurrent-sweep: 0.116/0.424 secs] [Times: user=0.61 sys=0.09, real=0.43 secs] 
2016-06-30T12:41:54.830+0500: 5.897: [CMS-concurrent-reset-start]
2016-06-30T12:41:54.833+0500: 5.900: [CMS-concurrent-reset: 0.003/0.003 secs] [Times: user=0.01 sys=0.00, real=0.00 secs] 
2016-06-30T12:41:54.839+0500: 5.906: [GC (Allocation Failure) 2016-06-30T12:41:54.839+0500: 5.906: [ParNew: 39296K->4352K(39296K), 0.0424244 secs] 1388022K->1387467K(1795712K), 0.0425585 secs] [Times: user=0.04 sys=0.01, real=0.05 secs] 
2016-06-30T12:41:54.881+0500: 5.948: [GC (CMS Initial Mark) [1 CMS-initial-mark: 1383115K(1756416K)] 1387675K(1795712K), 0.0004213 secs] [Times: user=0.00 sys=0.00, real=0.00 secs] 
2016-06-30T12:41:54.882+0500: 5.949: [CMS-concurrent-mark-start]
2016-06-30T12:41:54.899+0500: 5.966: [GC (Allocation Failure) 2016-06-30T12:41:54.899+0500: 5.966: [ParNew: 39296K->4352K(39296K), 0.0342556 secs] 1422411K->1421945K(1795712K), 0.0343774 secs] [Times: user=0.04 sys=0.01, real=0.04 secs] 
2016-06-30T12:41:54.949+0500: 6.016: [GC (Allocation Failure) 2016-06-30T12:41:54.949+0500: 6.017: [ParNew: 39292K->4352K(39296K), 0.0395778 secs] 1456885K->1456294K(1795712K), 0.0396662 secs] [Times: user=0.04 sys=0.02, real=0.04 secs] 
2016-06-30T12:41:55.005+0500: 6.072: [GC (Allocation Failure) 2016-06-30T12:41:55.005+0500: 6.072: [ParNew: 39296K->4352K(39296K), 0.0424009 secs] 1491238K->1490684K(1795712K), 0.0424930 secs] [Times: user=0.04 sys=0.01, real=0.04 secs] 
2016-06-30T12:41:55.052+0500: 6.119: [CMS-concurrent-mark: 0.052/0.170 secs] [Times: user=0.30 sys=0.04, real=0.17 secs] 
2016-06-30T12:41:55.052+0500: 6.119: [CMS-concurrent-preclean-start]
2016-06-30T12:41:55.064+0500: 6.131: [GC (Allocation Failure) 2016-06-30T12:41:55.064+0500: 6.131: [ParNew: 39296K->4352K(39296K), 0.0417553 secs] 1525628K->1525048K(1795712K), 0.0418464 secs] [Times: user=0.04 sys=0.02, real=0.04 secs] 
2016-06-30T12:41:55.122+0500: 6.189: [GC (Allocation Failure) 2016-06-30T12:41:55.122+0500: 6.189: [ParNew: 39293K->4352K(39296K), 0.0729251 secs] 1559989K->1559688K(1795712K), 0.0730204 secs] [Times: user=0.05 sys=0.03, real=0.07 secs] 
2016-06-30T12:41:55.214+0500: 6.281: [GC (Allocation Failure) 2016-06-30T12:41:55.214+0500: 6.281: [ParNew: 39296K->4352K(39296K), 0.1147873 secs] 1594632K->1594166K(1795712K), 0.1151893 secs] [Times: user=0.05 sys=0.03, real=0.11 secs] 
2016-06-30T12:41:55.342+0500: 6.409: [GC (Allocation Failure) 2016-06-30T12:41:55.342+0500: 6.409: [ParNew: 39296K->4352K(39296K), 0.0810080 secs] 1629110K->1628663K(1795712K), 0.0811240 secs] [Times: user=0.05 sys=0.02, real=0.08 secs] 
2016-06-30T12:41:55.445+0500: 6.512: [CMS-concurrent-preclean: 0.053/0.393 secs] [Times: user=0.45 sys=0.10, real=0.39 secs] 
2016-06-30T12:41:55.445+0500: 6.512: [GC (Allocation Failure) 2016-06-30T12:41:55.445+0500: 6.512: [ParNew: 39296K->4352K(39296K), 0.0434025 secs] 1663607K->1663382K(1795712K), 0.0434792 secs] [Times: user=0.05 sys=0.02, real=0.04 secs] 
2016-06-30T12:41:55.489+0500: 6.556: [GC (CMS Final Remark) [YG occupancy: 4516 K (39296 K)]2016-06-30T12:41:55.489+0500: 6.556: [Rescan (parallel) , 0.0030811 secs]2016-06-30T12:41:55.492+0500: 6.559: [weak refs processing, 0.0000424 secs]2016-06-30T12:41:55.492+0500: 6.559: [class unloading, 0.0010624 secs]2016-06-30T12:41:55.493+0500: 6.561: [scrub symbol table, 0.0013211 secs]2016-06-30T12:41:55.495+0500: 6.562: [scrub string table, 0.0002434 secs][1 CMS-remark: 1659030K(1756416K)] 1663547K(1795712K), 0.0059326 secs] [Times: user=0.01 sys=0.00, real=0.01 secs] 
2016-06-30T12:41:55.495+0500: 6.562: [CMS-concurrent-sweep-start]
2016-06-30T12:41:55.510+0500: 6.577: [GC (Allocation Failure) 2016-06-30T12:41:55.510+0500: 6.577: [ParNew: 39296K->4352K(39296K), 0.0383334 secs] 1698321K->1697889K(1795712K), 0.0384388 secs] [Times: user=0.05 sys=0.01, real=0.22 secs] 
2016-06-30T12:41:55.758+0500: 6.825: [GC (Allocation Failure) 2016-06-30T12:41:55.758+0500: 6.825: [ParNew: 39296K->4352K(39296K), 0.0379024 secs] 1713213K->1712762K(1795712K), 0.0380058 secs] [Times: user=0.04 sys=0.01, real=0.04 secs] 
2016-06-30T12:41:55.816+0500: 6.883: [GC (Allocation Failure) 2016-06-30T12:41:55.816+0500: 6.883: [ParNew: 39294K->4352K(39296K), 0.0370805 secs] 1583276K->1582866K(1795712K), 0.0372024 secs] [Times: user=0.05 sys=0.01, real=0.04 secs] 
2016-06-30T12:41:55.869+0500: 6.936: [GC (Allocation Failure) 2016-06-30T12:41:55.869+0500: 6.936: [ParNew: 39296K->4352K(39296K), 0.0366774 secs] 1397057K->1396842K(1795712K), 0.0368264 secs] [Times: user=0.04 sys=0.01, real=0.04 secs] 
2016-06-30T12:41:55.934+0500: 7.001: [GC (Allocation Failure) 2016-06-30T12:41:55.934+0500: 7.001: [ParNew: 39296K->4352K(39296K), 0.0489327 secs] 1361744K->1361366K(1795712K), 0.0491652 secs] [Times: user=0.04 sys=0.01, real=0.05 secs] 
2016-06-30T12:41:55.994+0500: 7.061: [CMS-concurrent-sweep: 0.094/0.499 secs] [Times: user=0.52 sys=0.07, real=0.50 secs] 
2016-06-30T12:41:55.994+0500: 7.061: [CMS-concurrent-reset-start]
2016-06-30T12:41:55.998+0500: 7.065: [CMS-concurrent-reset: 0.004/0.004 secs] [Times: user=0.01 sys=0.00, real=0.00 secs] 
2016-06-30T12:41:56.001+0500: 7.068: [GC (Allocation Failure) 2016-06-30T12:41:56.001+0500: 7.068: [ParNew: 39296K->4352K(39296K), 0.0368183 secs] 1396310K->1395908K(1795712K), 0.0369119 secs] [Times: user=0.04 sys=0.02, real=0.03 secs] 
2016-06-30T12:41:56.052+0500: 7.119: [GC (Allocation Failure) 2016-06-30T12:41:56.052+0500: 7.119: [ParNew: 39296K->4352K(39296K), 0.0498591 secs] 1430852K->1430597K(1795712K), 0.0499593 secs] [Times: user=0.05 sys=0.01, real=0.05 secs] 
2016-06-30T12:41:56.102+0500: 7.169: [GC (CMS Initial Mark) [1 CMS-initial-mark: 1426245K(1756416K)] 1431448K(1795712K), 0.0006687 secs] [Times: user=0.00 sys=0.00, real=0.00 secs] 
2016-06-30T12:41:56.126+0500: 7.193: [GC (Allocation Failure) 2016-06-30T12:41:56.126+0500: 7.193: [ParNew: 39296K->4352K(39296K), 0.0440958 secs] 1465541K->1465326K(1795712K), 0.0441941 secs] [Times: user=0.05 sys=0.01, real=0.05 secs] 
2016-06-30T12:41:56.170+0500: 7.237: [CMS-concurrent-mark-start]
2016-06-30T12:41:56.188+0500: 7.255: [GC (Allocation Failure) 2016-06-30T12:41:56.188+0500: 7.255: [ParNew: 39296K->4352K(39296K), 0.0468708 secs] 1500270K->1499991K(1795712K), 0.0469794 secs] [Times: user=0.05 sys=0.01, real=0.05 secs] 
2016-06-30T12:41:56.252+0500: 7.319: [GC (Allocation Failure) 2016-06-30T12:41:56.252+0500: 7.319: [ParNew: 39294K->4352K(39296K), 0.0440389 secs] 1534933K->1534587K(1795712K), 0.0441408 secs] [Times: user=0.05 sys=0.01, real=0.04 secs] 
2016-06-30T12:41:56.312+0500: 7.379: [GC (Allocation Failure) 2016-06-30T12:41:56.312+0500: 7.380: [ParNew: 39296K->4352K(39296K), 0.0366962 secs] 1569531K->1568961K(1795712K), 0.0368060 secs] [Times: user=0.05 sys=0.02, real=0.03 secs] 
2016-06-30T12:41:56.367+0500: 7.434: [GC (Allocation Failure) 2016-06-30T12:41:56.367+0500: 7.434: [ParNew: 39296K->4352K(39296K), 0.0372576 secs] 1603905K->1603331K(1795712K), 0.0373754 secs] [Times: user=0.04 sys=0.01, real=0.04 secs] 
2016-06-30T12:41:56.408+0500: 7.475: [CMS-concurrent-mark: 0.072/0.238 secs] [Times: user=0.40 sys=0.06, real=0.23 secs] 
2016-06-30T12:41:56.408+0500: 7.475: [CMS-concurrent-preclean-start]
2016-06-30T12:41:56.421+0500: 7.488: [GC (Allocation Failure) 2016-06-30T12:41:56.421+0500: 7.488: [ParNew: 39296K->4352K(39296K), 0.0477068 secs] 1638275K->1637774K(1795712K), 0.0478065 secs] [Times: user=0.04 sys=0.01, real=0.04 secs] 
2016-06-30T12:41:56.486+0500: 7.553: [GC (Allocation Failure) 2016-06-30T12:41:56.486+0500: 7.553: [ParNew: 39295K->4352K(39296K), 0.0430561 secs] 1672718K->1672079K(1795712K), 0.0431785 secs] [Times: user=0.04 sys=0.01, real=0.04 secs] 
2016-06-30T12:41:56.545+0500: 7.612: [GC (Allocation Failure) 2016-06-30T12:41:56.545+0500: 7.612: [ParNew: 39296K->4352K(39296K), 0.0363257 secs] 1707023K->1706444K(1795712K), 0.0364265 secs] [Times: user=0.04 sys=0.01, real=0.04 secs] 
2016-06-30T12:41:56.596+0500: 7.663: [GC (Allocation Failure) 2016-06-30T12:41:56.596+0500: 7.663: [ParNew: 39296K->4352K(39296K), 0.0380432 secs] 1741388K->1741099K(1795712K), 0.0381385 secs] [Times: user=0.04 sys=0.01, real=0.04 secs] 
2016-06-30T12:41:56.651+0500: 7.719: [CMS-concurrent-preclean: 0.059/0.243 secs] [Times: user=0.42 sys=0.06, real=0.25 secs] 
2016-06-30T12:41:56.651+0500: 7.719: [GC (Allocation Failure) 2016-06-30T12:41:56.652+0500: 7.719: [ParNew: 39296K->39296K(39296K), 0.0000376 secs]2016-06-30T12:41:56.652+0500: 7.719: [CMS (concurrent mode failure): 1736747K->985046K(1756416K), 0.5864872 secs] 1776043K->985046K(1795712K), [Metaspace: 4472K->4472K(1056768K)], 0.5898871 secs] [Times: user=0.44 sys=0.02, real=0.59 secs] 
2016-06-30T12:41:57.627+0500: 8.694: [GC (Allocation Failure) 2016-06-30T12:41:57.627+0500: 8.694: [ParNew: 272640K->34048K(306688K), 0.2553238 secs] 1257686K->1255460K(2063104K), 0.2554179 secs] [Times: user=0.20 sys=0.05, real=0.26 secs] 
2016-06-30T12:41:57.882+0500: 8.950: [GC (CMS Initial Mark) [1 CMS-initial-mark: 1221412K(1756416K)] 1260866K(2063104K), 0.0009281 secs] [Times: user=0.00 sys=0.00, real=0.00 secs] 
2016-06-30T12:41:57.883+0500: 8.951: [CMS-concurrent-mark-start]
2016-06-30T12:41:57.944+0500: 9.011: [CMS-concurrent-mark: 0.061/0.061 secs] [Times: user=0.21 sys=0.00, real=0.06 secs] 
2016-06-30T12:41:57.944+0500: 9.011: [CMS-concurrent-preclean-start]
2016-06-30T12:41:57.949+0500: 9.016: [CMS-concurrent-preclean: 0.005/0.005 secs] [Times: user=0.00 sys=0.00, real=0.00 secs] 
2016-06-30T12:41:57.949+0500: 9.017: [CMS-concurrent-abortable-preclean-start]
2016-06-30T12:41:58.012+0500: 9.080: [GC (Allocation Failure) 2016-06-30T12:41:58.012+0500: 9.080: [ParNew2016-06-30T12:41:58.072+0500: 9.139: [CMS-concurrent-abortable-preclean: 0.022/0.122 secs] [Times: user=0.25 sys=0.04, real=0.13 secs] 
: 306688K->34048K(306688K), 0.2604960 secs] 1528100K->1526671K(2063104K), 0.2605863 secs] [Times: user=0.22 sys=0.11, real=0.26 secs] 
2016-06-30T12:41:58.275+0500: 9.342: [GC (CMS Final Remark) [YG occupancy: 37969 K (306688 K)]2016-06-30T12:41:58.275+0500: 9.342: [Rescan (parallel) , 0.0193124 secs]2016-06-30T12:41:58.294+0500: 9.361: [weak refs processing, 0.0000400 secs]2016-06-30T12:41:58.294+0500: 9.361: [class unloading, 0.0009230 secs]2016-06-30T12:41:58.295+0500: 9.362: [scrub symbol table, 0.0011380 secs]2016-06-30T12:41:58.296+0500: 9.363: [scrub string table, 0.0002385 secs][1 CMS-remark: 1492623K(1756416K)] 1530592K(2063104K), 0.0218667 secs] [Times: user=0.03 sys=0.00, real=0.02 secs] 
2016-06-30T12:41:58.297+0500: 9.364: [CMS-concurrent-sweep-start]
2016-06-30T12:41:58.384+0500: 9.451: [CMS-concurrent-sweep: 0.087/0.087 secs] [Times: user=0.27 sys=0.00, real=0.09 secs] 
2016-06-30T12:41:58.384+0500: 9.451: [CMS-concurrent-reset-start]
2016-06-30T12:41:58.398+0500: 9.465: [CMS-concurrent-reset: 0.014/0.014 secs] [Times: user=0.04 sys=0.00, real=0.01 secs] 
2016-06-30T12:41:58.427+0500: 9.494: [GC (Allocation Failure) 2016-06-30T12:41:58.427+0500: 9.494: [ParNew: 306688K->34048K(306688K), 0.1689893 secs] 1483721K->1481777K(2063104K), 0.1691089 secs] [Times: user=0.18 sys=0.03, real=0.17 secs] 
2016-06-30T12:41:58.596+0500: 9.664: [GC (CMS Initial Mark) [1 CMS-initial-mark: 1447729K(1756416K)] 1485863K(2063104K), 0.0009563 secs] [Times: user=0.00 sys=0.00, real=0.00 secs] 
2016-06-30T12:41:58.597+0500: 9.665: [CMS-concurrent-mark-start]
2016-06-30T12:41:58.653+0500: 9.720: [CMS-concurrent-mark: 0.055/0.055 secs] [Times: user=0.20 sys=0.00, real=0.06 secs] 
2016-06-30T12:41:58.653+0500: 9.720: [CMS-concurrent-preclean-start]
2016-06-30T12:41:58.665+0500: 9.732: [CMS-concurrent-preclean: 0.012/0.012 secs] [Times: user=0.04 sys=0.00, real=0.01 secs] 
2016-06-30T12:41:58.665+0500: 9.732: [CMS-concurrent-abortable-preclean-start]
2016-06-30T12:41:58.709+0500: 9.777: [GC (Allocation Failure) 2016-06-30T12:41:58.710+0500: 9.777: [ParNew2016-06-30T12:41:58.784+0500: 9.852: [CMS-concurrent-abortable-preclean: 0.019/0.120 secs] [Times: user=0.24 sys=0.02, real=0.12 secs] 
: 306688K->34048K(306688K), 0.2319974 secs] 1754417K->1752685K(2063104K), 0.2320990 secs] [Times: user=0.22 sys=0.06, real=0.24 secs] 
2016-06-30T12:41:58.942+0500: 10.009: [GC (CMS Final Remark) [YG occupancy: 36847 K (306688 K)]2016-06-30T12:41:58.942+0500: 10.009: [Rescan (parallel) , 0.0084400 secs]2016-06-30T12:41:58.950+0500: 10.018: [weak refs processing, 0.0000357 secs]2016-06-30T12:41:58.950+0500: 10.018: [class unloading, 0.0009444 secs]2016-06-30T12:41:58.951+0500: 10.019: [scrub symbol table, 0.0011718 secs]2016-06-30T12:41:58.953+0500: 10.020: [scrub string table, 0.0002659 secs][1 CMS-remark: 1718637K(1756416K)] 1755484K(2063104K), 0.0110377 secs] [Times: user=0.03 sys=0.00, real=0.01 secs] 
2016-06-30T12:41:58.953+0500: 10.020: [CMS-concurrent-sweep-start]
2016-06-30T12:41:59.054+0500: 10.121: [CMS-concurrent-sweep: 0.101/0.101 secs] [Times: user=0.33 sys=0.00, real=0.10 secs] 
2016-06-30T12:41:59.054+0500: 10.121: [CMS-concurrent-reset-start]
2016-06-30T12:41:59.075+0500: 10.142: [CMS-concurrent-reset: 0.021/0.021 secs] [Times: user=0.05 sys=0.00, real=0.02 secs] 
2016-06-30T12:41:59.111+0500: 10.178: [GC (Allocation Failure) 2016-06-30T12:41:59.111+0500: 10.178: [ParNew: 306688K->34048K(306688K), 0.1807097 secs] 1428415K->1425841K(2063104K), 0.1808060 secs] [Times: user=0.21 sys=0.02, real=0.18 secs] 
2016-06-30T12:41:59.292+0500: 10.359: [GC (CMS Initial Mark) [1 CMS-initial-mark: 1391793K(1756416K)] 1429848K(2063104K), 0.0009951 secs] [Times: user=0.00 sys=0.00, real=0.00 secs] 
2016-06-30T12:41:59.293+0500: 10.360: [CMS-concurrent-mark-start]
2016-06-30T12:41:59.366+0500: 10.433: [CMS-concurrent-mark: 0.073/0.073 secs] [Times: user=0.23 sys=0.00, real=0.07 secs] 
2016-06-30T12:41:59.366+0500: 10.434: [CMS-concurrent-preclean-start]
2016-06-30T12:41:59.375+0500: 10.442: [CMS-concurrent-preclean: 0.008/0.008 secs] [Times: user=0.03 sys=0.00, real=0.01 secs] 
2016-06-30T12:41:59.375+0500: 10.442: [CMS-concurrent-abortable-preclean-start]
2016-06-30T12:41:59.419+0500: 10.486: [GC (Allocation Failure) 2016-06-30T12:41:59.419+0500: 10.486: [ParNew2016-06-30T12:41:59.490+0500: 10.558: [CMS-concurrent-abortable-preclean: 0.014/0.115 secs] [Times: user=0.22 sys=0.01, real=0.12 secs] 
: 306688K->34048K(306688K), 0.2072039 secs] 1698481K->1695063K(2063104K), 0.2074275 secs] [Times: user=0.22 sys=0.03, real=0.21 secs] 
2016-06-30T12:41:59.627+0500: 10.694: [GC (CMS Final Remark) [YG occupancy: 36785 K (306688 K)]2016-06-30T12:41:59.627+0500: 10.694: [Rescan (parallel) , 0.0208679 secs]2016-06-30T12:41:59.648+0500: 10.715: [weak refs processing, 0.0000520 secs]2016-06-30T12:41:59.648+0500: 10.715: [class unloading, 0.0010909 secs]2016-06-30T12:41:59.649+0500: 10.716: [scrub symbol table, 0.0009650 secs]2016-06-30T12:41:59.650+0500: 10.717: [scrub string table, 0.0004232 secs][1 CMS-remark: 1661015K(1756416K)] 1697800K(2063104K), 0.0236189 secs] [Times: user=0.04 sys=0.00, real=0.03 secs] 
2016-06-30T12:41:59.651+0500: 10.718: [CMS-concurrent-sweep-start]
2016-06-30T12:41:59.758+0500: 10.825: [CMS-concurrent-sweep: 0.107/0.107 secs] [Times: user=0.34 sys=0.01, real=0.10 secs] 
2016-06-30T12:41:59.758+0500: 10.825: [CMS-concurrent-reset-start]
2016-06-30T12:41:59.761+0500: 10.828: [CMS-concurrent-reset: 0.003/0.003 secs] [Times: user=0.00 sys=0.00, real=0.01 secs] 
2016-06-30T12:41:59.795+0500: 10.863: [GC (Allocation Failure) 2016-06-30T12:41:59.795+0500: 10.863: [ParNew: 306688K->34048K(306688K), 0.1652846 secs] 1388315K->1386635K(2063104K), 0.1653839 secs] [Times: user=0.19 sys=0.02, real=0.17 secs] 
2016-06-30T12:41:59.972+0500: 11.039: [GC (CMS Initial Mark) [1 CMS-initial-mark: 1352587K(1756416K)] 1389222K(2063104K), 0.0007794 secs] [Times: user=0.01 sys=0.00, real=0.00 secs] 
2016-06-30T12:41:59.973+0500: 11.040: [CMS-concurrent-mark-start]
2016-06-30T12:42:00.084+0500: 11.152: [CMS-concurrent-mark: 0.111/0.111 secs] [Times: user=0.32 sys=0.01, real=0.11 secs] 
2016-06-30T12:42:00.084+0500: 11.152: [CMS-concurrent-preclean-start]
2016-06-30T12:42:00.099+0500: 11.166: [CMS-concurrent-preclean: 0.015/0.015 secs] [Times: user=0.05 sys=0.00, real=0.01 secs] 
2016-06-30T12:42:00.110+0500: 11.177: [GC (Allocation Failure) 2016-06-30T12:42:00.110+0500: 11.177: [ParNew: 306688K->34048K(306688K), 0.1782601 secs] 1659275K->1658007K(2063104K), 0.1783560 secs] [Times: user=0.20 sys=0.02, real=0.17 secs] 
2016-06-30T12:42:00.289+0500: 11.356: [GC (CMS Final Remark) [YG occupancy: 36733 K (306688 K)]2016-06-30T12:42:00.289+0500: 11.356: [Rescan (parallel) , 0.0079113 secs]2016-06-30T12:42:00.297+0500: 11.364: [weak refs processing, 0.0000429 secs]2016-06-30T12:42:00.297+0500: 11.364: [class unloading, 0.0009622 secs]2016-06-30T12:42:00.298+0500: 11.365: [scrub symbol table, 0.0014051 secs]2016-06-30T12:42:00.299+0500: 11.366: [scrub string table, 0.0002331 secs][1 CMS-remark: 1623959K(1756416K)] 1660693K(2063104K), 0.0107062 secs] [Times: user=0.03 sys=0.00, real=0.01 secs] 
2016-06-30T12:42:00.300+0500: 11.367: [CMS-concurrent-sweep-start]
2016-06-30T12:42:00.398+0500: 11.465: [CMS-concurrent-sweep: 0.098/0.098 secs] [Times: user=0.34 sys=0.00, real=0.09 secs] 
2016-06-30T12:42:00.398+0500: 11.465: [CMS-concurrent-reset-start]
2016-06-30T12:42:00.400+0500: 11.468: [CMS-concurrent-reset: 0.003/0.003 secs] [Times: user=0.00 sys=0.00, real=0.01 secs] 
2016-06-30T12:42:00.430+0500: 11.497: [GC (Allocation Failure) 2016-06-30T12:42:00.430+0500: 11.497: [ParNew: 306688K->34048K(306688K), 0.1810578 secs] 1378659K->1376704K(2063104K), 0.1811456 secs] [Times: user=0.22 sys=0.03, real=0.18 secs] 
2016-06-30T12:42:00.612+0500: 11.679: [GC (CMS Initial Mark) [1 CMS-initial-mark: 1342656K(1756416K)] 1380720K(2063104K), 0.0011687 secs] [Times: user=0.00 sys=0.00, real=0.00 secs] 
2016-06-30T12:42:00.613+0500: 11.680: [CMS-concurrent-mark-start]
2016-06-30T12:42:00.687+0500: 11.755: [CMS-concurrent-mark: 0.074/0.074 secs] [Times: user=0.25 sys=0.00, real=0.07 secs] 
2016-06-30T12:42:00.687+0500: 11.755: [CMS-concurrent-preclean-start]
2016-06-30T12:42:00.693+0500: 11.760: [CMS-concurrent-preclean: 0.005/0.005 secs] [Times: user=0.01 sys=0.00, real=0.01 secs] 
2016-06-30T12:42:00.693+0500: 11.760: [CMS-concurrent-abortable-preclean-start]
2016-06-30T12:42:00.749+0500: 11.817: [GC (Allocation Failure) 2016-06-30T12:42:00.749+0500: 11.817: [ParNew2016-06-30T12:42:00.805+0500: 11.873: [CMS-concurrent-abortable-preclean: 0.012/0.113 secs] [Times: user=0.20 sys=0.01, real=0.11 secs] 
: 306688K->34048K(306688K), 0.1843582 secs] 1649344K->1647640K(2063104K), 0.1844527 secs] [Times: user=0.21 sys=0.02, real=0.19 secs] 
2016-06-30T12:42:00.934+0500: 12.001: [GC (CMS Final Remark) [YG occupancy: 38122 K (306688 K)]2016-06-30T12:42:00.934+0500: 12.001: [Rescan (parallel) , 0.0085657 secs]2016-06-30T12:42:00.943+0500: 12.010: [weak refs processing, 0.0000484 secs]2016-06-30T12:42:00.943+0500: 12.010: [class unloading, 0.0009401 secs]2016-06-30T12:42:00.944+0500: 12.011: [scrub symbol table, 0.0013879 secs]2016-06-30T12:42:00.945+0500: 12.012: [scrub string table, 0.0002824 secs][1 CMS-remark: 1613592K(1756416K)] 1651715K(2063104K), 0.0114255 secs] [Times: user=0.03 sys=0.00, real=0.01 secs] 
2016-06-30T12:42:00.946+0500: 12.013: [CMS-concurrent-sweep-start]
2016-06-30T12:42:01.045+0500: 12.112: [CMS-concurrent-sweep: 0.099/0.099 secs] [Times: user=0.35 sys=0.00, real=0.10 secs] 
2016-06-30T12:42:01.045+0500: 12.112: [CMS-concurrent-reset-start]
2016-06-30T12:42:01.048+0500: 12.115: [CMS-concurrent-reset: 0.002/0.002 secs] [Times: user=0.02 sys=0.00, real=0.00 secs] 
2016-06-30T12:42:01.063+0500: 12.130: [GC (Allocation Failure) 2016-06-30T12:42:01.063+0500: 12.130: [ParNew: 306688K->34048K(306688K), 0.1666178 secs] 1387753K->1385589K(2063104K), 0.1667074 secs] [Times: user=0.21 sys=0.03, real=0.17 secs] 
2016-06-30T12:42:01.230+0500: 12.298: [GC (CMS Initial Mark) [1 CMS-initial-mark: 1351541K(1756416K)] 1388374K(2063104K), 0.0008600 secs] [Times: user=0.00 sys=0.00, real=0.00 secs] 
2016-06-30T12:42:01.231+0500: 12.298: [CMS-concurrent-mark-start]
2016-06-30T12:42:01.330+0500: 12.397: [CMS-concurrent-mark: 0.099/0.099 secs] [Times: user=0.27 sys=0.00, real=0.10 secs] 
2016-06-30T12:42:01.330+0500: 12.397: [CMS-concurrent-preclean-start]
2016-06-30T12:42:01.335+0500: 12.402: [CMS-concurrent-preclean: 0.005/0.005 secs] [Times: user=0.02 sys=0.00, real=0.00 secs] 
2016-06-30T12:42:01.335+0500: 12.402: [CMS-concurrent-abortable-preclean-start]
2016-06-30T12:42:01.380+0500: 12.447: [GC (Allocation Failure) 2016-06-30T12:42:01.380+0500: 12.447: [ParNew2016-06-30T12:42:01.447+0500: 12.514: [CMS-concurrent-abortable-preclean: 0.012/0.112 secs] [Times: user=0.20 sys=0.01, real=0.11 secs] 
: 306688K->34048K(306688K), 0.1669476 secs] 1658229K->1655586K(2063104K), 0.1670429 secs] [Times: user=0.20 sys=0.03, real=0.16 secs] 
2016-06-30T12:42:01.559+0500: 12.626: [GC (CMS Final Remark) [YG occupancy: 70022 K (306688 K)]2016-06-30T12:42:01.559+0500: 12.627: [Rescan (parallel) , 0.0089347 secs]2016-06-30T12:42:01.568+0500: 12.636: [weak refs processing, 0.0000385 secs]2016-06-30T12:42:01.568+0500: 12.636: [class unloading, 0.0010170 secs]2016-06-30T12:42:01.569+0500: 12.637: [scrub symbol table, 0.0010033 secs]2016-06-30T12:42:01.570+0500: 12.638: [scrub string table, 0.0002208 secs][1 CMS-remark: 1621538K(1756416K)] 1691561K(2063104K), 0.0114193 secs] [Times: user=0.04 sys=0.00, real=0.02 secs] 
2016-06-30T12:42:01.571+0500: 12.638: [CMS-concurrent-sweep-start]
2016-06-30T12:42:01.659+0500: 12.726: [CMS-concurrent-sweep: 0.088/0.088 secs] [Times: user=0.31 sys=0.00, real=0.08 secs] 
2016-06-30T12:42:01.659+0500: 12.726: [CMS-concurrent-reset-start]
2016-06-30T12:42:01.661+0500: 12.729: [CMS-concurrent-reset: 0.003/0.003 secs] [Times: user=0.00 sys=0.00, real=0.01 secs] 
2016-06-30T12:42:01.676+0500: 12.743: [GC (Allocation Failure) 2016-06-30T12:42:01.676+0500: 12.744: [ParNew: 306688K->34048K(306688K), 0.1811442 secs] 1424305K->1422634K(2063104K), 0.1812366 secs] [Times: user=0.22 sys=0.03, real=0.18 secs] 
2016-06-30T12:42:01.858+0500: 12.925: [GC (CMS Initial Mark) [1 CMS-initial-mark: 1388586K(1756416K)] 1425421K(2063104K), 0.0012864 secs] [Times: user=0.00 sys=0.00, real=0.00 secs] 
2016-06-30T12:42:01.859+0500: 12.926: [CMS-concurrent-mark-start]
2016-06-30T12:42:01.945+0500: 13.012: [CMS-concurrent-mark: 0.085/0.085 secs] [Times: user=0.29 sys=0.01, real=0.09 secs] 
2016-06-30T12:42:01.945+0500: 13.012: [CMS-concurrent-preclean-start]
2016-06-30T12:42:01.950+0500: 13.017: [CMS-concurrent-preclean: 0.005/0.005 secs] [Times: user=0.01 sys=0.00, real=0.01 secs] 
2016-06-30T12:42:01.950+0500: 13.017: [CMS-concurrent-abortable-preclean-start]
2016-06-30T12:42:01.989+0500: 13.056: [GC (Allocation Failure) 2016-06-30T12:42:01.989+0500: 13.056: [ParNew2016-06-30T12:42:02.063+0500: 13.130: [CMS-concurrent-abortable-preclean: 0.012/0.113 secs] [Times: user=0.19 sys=0.00, real=0.11 secs] 
: 306688K->34048K(306688K), 0.1796815 secs] 1695274K->1692559K(2063104K), 0.1797915 secs] [Times: user=0.21 sys=0.02, real=0.18 secs] 
2016-06-30T12:42:02.181+0500: 13.248: [GC (CMS Final Remark) [YG occupancy: 39476 K (306688 K)]2016-06-30T12:42:02.181+0500: 13.248: [Rescan (parallel) , 0.0096096 secs]2016-06-30T12:42:02.191+0500: 13.258: [weak refs processing, 0.0000453 secs]2016-06-30T12:42:02.191+0500: 13.258: [class unloading, 0.0010194 secs]2016-06-30T12:42:02.192+0500: 13.259: [scrub symbol table, 0.0014636 secs]2016-06-30T12:42:02.193+0500: 13.260: [scrub string table, 0.0003207 secs][1 CMS-remark: 1658511K(1756416K)] 1697988K(2063104K), 0.0126602 secs] [Times: user=0.03 sys=0.00, real=0.01 secs] 
2016-06-30T12:42:02.194+0500: 13.261: [CMS-concurrent-sweep-start]
2016-06-30T12:42:02.313+0500: 13.380: [CMS-concurrent-sweep: 0.119/0.119 secs] [Times: user=0.38 sys=0.00, real=0.12 secs] 
2016-06-30T12:42:02.313+0500: 13.380: [CMS-concurrent-reset-start]
2016-06-30T12:42:02.316+0500: 13.383: [CMS-concurrent-reset: 0.003/0.003 secs] [Times: user=0.01 sys=0.00, real=0.00 secs] 
2016-06-30T12:42:02.330+0500: 13.397: [GC (Allocation Failure) 2016-06-30T12:42:02.330+0500: 13.397: [ParNew: 306688K->34048K(306688K), 0.1773457 secs] 1385309K->1384194K(2063104K), 0.1774417 secs] [Times: user=0.23 sys=0.02, real=0.17 secs] 
2016-06-30T12:42:02.510+0500: 13.577: [GC (CMS Initial Mark) [1 CMS-initial-mark: 1350146K(1756416K)] 1393692K(2063104K), 0.0017670 secs] [Times: user=0.01 sys=0.01, real=0.00 secs] 
2016-06-30T12:42:02.512+0500: 13.579: [CMS-concurrent-mark-start]
2016-06-30T12:42:02.601+0500: 13.668: [CMS-concurrent-mark: 0.089/0.089 secs] [Times: user=0.28 sys=0.00, real=0.09 secs] 
2016-06-30T12:42:02.601+0500: 13.668: [CMS-concurrent-preclean-start]
2016-06-30T12:42:02.613+0500: 13.680: [CMS-concurrent-preclean: 0.012/0.012 secs] [Times: user=0.05 sys=0.00, real=0.01 secs] 
2016-06-30T12:42:02.613+0500: 13.680: [CMS-concurrent-abortable-preclean-start]
2016-06-30T12:42:02.645+0500: 13.712: [GC (Allocation Failure) 2016-06-30T12:42:02.645+0500: 13.713: [ParNew2016-06-30T12:42:02.726+0500: 13.794: [CMS-concurrent-abortable-preclean: 0.013/0.113 secs] [Times: user=0.15 sys=0.01, real=0.11 secs] 
: 306688K->34048K(306688K), 0.1872976 secs] 1656834K->1655350K(2063104K), 0.1877063 secs] [Times: user=0.21 sys=0.03, real=0.19 secs] 
2016-06-30T12:42:02.833+0500: 13.901: [GC (CMS Final Remark) [YG occupancy: 38189 K (306688 K)]2016-06-30T12:42:02.833+0500: 13.901: [Rescan (parallel) , 0.0079891 secs]2016-06-30T12:42:02.841+0500: 13.909: [weak refs processing, 0.0000385 secs]2016-06-30T12:42:02.841+0500: 13.909: [class unloading, 0.0009839 secs]2016-06-30T12:42:02.842+0500: 13.910: [scrub symbol table, 0.0015404 secs]2016-06-30T12:42:02.844+0500: 13.911: [scrub string table, 0.0002507 secs][1 CMS-remark: 1621302K(1756416K)] 1659492K(2063104K), 0.0109618 secs] [Times: user=0.03 sys=0.00, real=0.01 secs] 
2016-06-30T12:42:02.845+0500: 13.913: [CMS-concurrent-sweep-start]
2016-06-30T12:42:02.954+0500: 14.021: [CMS-concurrent-sweep: 0.108/0.108 secs] [Times: user=0.39 sys=0.00, real=0.11 secs] 
2016-06-30T12:42:02.954+0500: 14.021: [CMS-concurrent-reset-start]
2016-06-30T12:42:02.959+0500: 14.026: [GC (Allocation Failure) 2016-06-30T12:42:02.959+0500: 14.026: [ParNew: 306688K->34048K(306688K), 0.1660171 secs] 1442570K->1442218K(2063104K), 0.1661151 secs] [Times: user=0.20 sys=0.03, real=0.17 secs] 
2016-06-30T12:42:03.126+0500: 14.193: [CMS-concurrent-reset: 0.006/0.172 secs] [Times: user=0.22 sys=0.03, real=0.17 secs] 
2016-06-30T12:42:03.227+0500: 14.294: [GC (Allocation Failure) 2016-06-30T12:42:03.227+0500: 14.294: [ParNew: 306688K->34048K(306688K), 0.1873194 secs] 1714858K->1713047K(2063104K), 0.1882465 secs] [Times: user=0.20 sys=0.02, real=0.19 secs] 
2016-06-30T12:42:03.418+0500: 14.485: [GC (CMS Initial Mark) [1 CMS-initial-mark: 1678999K(1756416K)] 1717085K(2063104K), 0.0009267 secs] [Times: user=0.00 sys=0.00, real=0.00 secs] 
2016-06-30T12:42:03.419+0500: 14.486: [CMS-concurrent-mark-start]
2016-06-30T12:42:03.482+0500: 14.550: [CMS-concurrent-mark: 0.064/0.064 secs] [Times: user=0.19 sys=0.01, real=0.07 secs] 
2016-06-30T12:42:03.482+0500: 14.550: [CMS-concurrent-preclean-start]
2016-06-30T12:42:03.487+0500: 14.554: [CMS-concurrent-preclean: 0.005/0.005 secs] [Times: user=0.02 sys=0.00, real=0.00 secs] 
2016-06-30T12:42:03.487+0500: 14.554: [CMS-concurrent-abortable-preclean-start]
2016-06-30T12:42:03.487+0500: 14.554: [CMS-concurrent-abortable-preclean: 0.000/0.000 secs] [Times: user=0.00 sys=0.00, real=0.00 secs] 
2016-06-30T12:42:03.493+0500: 14.560: [GC (CMS Final Remark) [YG occupancy: 176338 K (306688 K)]2016-06-30T12:42:03.493+0500: 14.560: [Rescan (parallel) , 0.0049869 secs]2016-06-30T12:42:03.498+0500: 14.565: [weak refs processing, 0.0000415 secs]2016-06-30T12:42:03.498+0500: 14.565: [class unloading, 0.0009768 secs]2016-06-30T12:42:03.499+0500: 14.566: [scrub symbol table, 0.0013075 secs]2016-06-30T12:42:03.500+0500: 14.568: [scrub string table, 0.0003111 secs][1 CMS-remark: 1678999K(1756416K)] 1855338K(2063104K), 0.0078090 secs] [Times: user=0.02 sys=0.00, real=0.01 secs] 
2016-06-30T12:42:03.503+0500: 14.570: [CMS-concurrent-sweep-start]
2016-06-30T12:42:03.624+0500: 14.691: [GC (Allocation Failure) 2016-06-30T12:42:03.624+0500: 14.691: [ParNew: 306688K->34048K(306688K), 0.1772207 secs] 1717395K->1715552K(2063104K), 0.1773194 secs] [Times: user=0.22 sys=0.03, real=0.18 secs] 
2016-06-30T12:42:03.926+0500: 14.994: [CMS-concurrent-sweep: 0.246/0.424 secs] [Times: user=0.73 sys=0.03, real=0.42 secs] 
2016-06-30T12:42:03.926+0500: 14.994: [CMS-concurrent-reset-start]
2016-06-30T12:42:03.930+0500: 14.998: [CMS-concurrent-reset: 0.004/0.004 secs] [Times: user=0.01 sys=0.00, real=0.01 secs] 
2016-06-30T12:42:03.949+0500: 15.016: [GC (Allocation Failure) 2016-06-30T12:42:03.949+0500: 15.016: [ParNew: 306688K->34048K(306688K), 0.1868256 secs] 1462143K->1459768K(2063104K), 0.1869213 secs] [Times: user=0.22 sys=0.03, real=0.19 secs] 
2016-06-30T12:42:04.148+0500: 15.215: [GC (CMS Initial Mark) [1 CMS-initial-mark: 1425720K(1756416K)] 1475046K(2063104K), 0.0010653 secs] [Times: user=0.01 sys=0.00, real=0.00 secs] 
2016-06-30T12:42:04.149+0500: 15.216: [CMS-concurrent-mark-start]
2016-06-30T12:42:04.223+0500: 15.290: [CMS-concurrent-mark: 0.074/0.074 secs] [Times: user=0.21 sys=0.00, real=0.08 secs] 
2016-06-30T12:42:04.223+0500: 15.290: [CMS-concurrent-preclean-start]
2016-06-30T12:42:04.260+0500: 15.328: [CMS-concurrent-preclean: 0.038/0.038 secs] [Times: user=0.08 sys=0.00, real=0.04 secs] 
2016-06-30T12:42:04.260+0500: 15.328: [CMS-concurrent-abortable-preclean-start]
2016-06-30T12:42:04.296+0500: 15.363: [GC (Allocation Failure) 2016-06-30T12:42:04.296+0500: 15.363: [ParNew2016-06-30T12:42:04.382+0500: 15.449: [CMS-concurrent-abortable-preclean: 0.021/0.121 secs] [Times: user=0.16 sys=0.01, real=0.12 secs] 
: 306688K->34048K(306688K), 0.2237094 secs] 1732408K->1729768K(2063104K), 0.2238042 secs] [Times: user=0.21 sys=0.03, real=0.23 secs] 
2016-06-30T12:42:04.527+0500: 15.594: [GC (CMS Final Remark) [YG occupancy: 44968 K (306688 K)]2016-06-30T12:42:04.527+0500: 15.594: [Rescan (parallel) , 0.0115702 secs]2016-06-30T12:42:04.538+0500: 15.606: [weak refs processing, 0.0000407 secs]2016-06-30T12:42:04.538+0500: 15.606: [class unloading, 0.0009797 secs]2016-06-30T12:42:04.539+0500: 15.607: [scrub symbol table, 0.0015256 secs]2016-06-30T12:42:04.541+0500: 15.608: [scrub string table, 0.0002486 secs][1 CMS-remark: 1695720K(1756416K)] 1740689K(2063104K), 0.0145406 secs] [Times: user=0.03 sys=0.00, real=0.02 secs] 
2016-06-30T12:42:04.543+0500: 15.610: [CMS-concurrent-sweep-start]
2016-06-30T12:42:04.683+0500: 15.750: [GC (Allocation Failure) 2016-06-30T12:42:04.683+0500: 15.751: [ParNew: 306688K->34048K(306688K), 0.1716060 secs] 1531667K->1529276K(2063104K), 0.1717036 secs] [Times: user=0.21 sys=0.03, real=0.17 secs] 
2016-06-30T12:42:04.872+0500: 15.940: [CMS-concurrent-sweep: 0.157/0.329 secs] [Times: user=0.64 sys=0.03, real=0.33 secs] 
2016-06-30T12:42:04.872+0500: 15.940: [CMS-concurrent-reset-start]
2016-06-30T12:42:04.875+0500: 15.942: [CMS-concurrent-reset: 0.003/0.003 secs] [Times: user=0.01 sys=0.00, real=0.00 secs] 
2016-06-30T12:42:04.953+0500: 16.020: [GC (Allocation Failure) 2016-06-30T12:42:04.953+0500: 16.020: [ParNew: 306688K->34048K(306688K), 0.2516283 secs] 1690926K->1688891K(2063104K), 0.2517244 secs] [Times: user=0.21 sys=0.03, real=0.25 secs] 
2016-06-30T12:42:05.206+0500: 16.273: [GC (CMS Initial Mark) [1 CMS-initial-mark: 1654843K(1756416K)] 1691650K(2063104K), 0.0011858 secs] [Times: user=0.00 sys=0.00, real=0.00 secs] 
2016-06-30T12:42:05.207+0500: 16.274: [CMS-concurrent-mark-start]
2016-06-30T12:42:05.270+0500: 16.337: [CMS-concurrent-mark: 0.063/0.063 secs] [Times: user=0.19 sys=0.01, real=0.07 secs] 
2016-06-30T12:42:05.270+0500: 16.337: [CMS-concurrent-preclean-start]
2016-06-30T12:42:05.276+0500: 16.343: [CMS-concurrent-preclean: 0.006/0.006 secs] [Times: user=0.02 sys=0.00, real=0.00 secs] 
2016-06-30T12:42:05.276+0500: 16.343: [CMS-concurrent-abortable-preclean-start]
2016-06-30T12:42:05.276+0500: 16.343: [CMS-concurrent-abortable-preclean: 0.000/0.000 secs] [Times: user=0.00 sys=0.00, real=0.00 secs] 
2016-06-30T12:42:05.280+0500: 16.348: [GC (CMS Final Remark) [YG occupancy: 180783 K (306688 K)]2016-06-30T12:42:05.280+0500: 16.348: [Rescan (parallel) , 0.0059212 secs]2016-06-30T12:42:05.286+0500: 16.354: [weak refs processing, 0.0001414 secs]2016-06-30T12:42:05.286+0500: 16.354: [class unloading, 0.0015715 secs]2016-06-30T12:42:05.288+0500: 16.355: [scrub symbol table, 0.0011550 secs]2016-06-30T12:42:05.289+0500: 16.357: [scrub string table, 0.0004472 secs][1 CMS-remark: 1654843K(1756416K)] 1835626K(2063104K), 0.0096296 secs] [Times: user=0.02 sys=0.00, real=0.01 secs] 
2016-06-30T12:42:05.290+0500: 16.357: [CMS-concurrent-sweep-start]
2016-06-30T12:42:05.346+0500: 16.414: [GC (Allocation Failure) 2016-06-30T12:42:05.346+0500: 16.414: [ParNew: 306688K->34048K(306688K), 0.2182716 secs] 1679297K->1678079K(2063104K), 0.2183837 secs] [Times: user=0.26 sys=0.03, real=0.22 secs] 
2016-06-30T12:42:05.711+0500: 16.779: [CMS-concurrent-sweep: 0.202/0.421 secs] [Times: user=0.69 sys=0.03, real=0.42 secs] 
2016-06-30T12:42:05.713+0500: 16.780: [CMS-concurrent-reset-start]
2016-06-30T12:42:05.716+0500: 16.784: [CMS-concurrent-reset: 0.003/0.003 secs] [Times: user=0.01 sys=0.00, real=0.00 secs] 
2016-06-30T12:42:05.849+0500: 16.917: [GC (Allocation Failure) 2016-06-30T12:42:05.849+0500: 16.917: [ParNew: 306688K->34048K(306688K), 0.2000791 secs] 1445640K->1444377K(2063104K), 0.2002289 secs] [Times: user=0.22 sys=0.02, real=0.21 secs] 
2016-06-30T12:42:06.051+0500: 17.118: [GC (CMS Initial Mark) [1 CMS-initial-mark: 1410329K(1756416K)] 1448441K(2063104K), 0.0021135 secs] [Times: user=0.00 sys=0.00, real=0.00 secs] 
2016-06-30T12:42:06.053+0500: 17.121: [CMS-concurrent-mark-start]
2016-06-30T12:42:06.131+0500: 17.199: [CMS-concurrent-mark: 0.078/0.078 secs] [Times: user=0.23 sys=0.00, real=0.08 secs] 
2016-06-30T12:42:06.131+0500: 17.199: [CMS-concurrent-preclean-start]
2016-06-30T12:42:06.136+0500: 17.204: [CMS-concurrent-preclean: 0.005/0.005 secs] [Times: user=0.02 sys=0.00, real=0.00 secs] 
2016-06-30T12:42:06.136+0500: 17.204: [CMS-concurrent-abortable-preclean-start]
2016-06-30T12:42:06.213+0500: 17.280: [GC (Allocation Failure) 2016-06-30T12:42:06.213+0500: 17.280: [ParNew: 306688K->34048K(306688K), 0.1991442 secs] 1717017K->1716158K(2063104K), 0.1992547 secs] [Times: user=0.23 sys=0.03, real=0.20 secs] 
2016-06-30T12:42:06.499+0500: 17.566: [CMS-concurrent-abortable-preclean: 0.148/0.363 secs] [Times: user=0.69 sys=0.04, real=0.36 secs] 
2016-06-30T12:42:06.513+0500: 17.581: [GC (CMS Final Remark) [YG occupancy: 260091 K (306688 K)]2016-06-30T12:42:06.513+0500: 17.581: [Rescan (parallel) , 0.0068456 secs]2016-06-30T12:42:06.520+0500: 17.588: [weak refs processing, 0.0000364 secs]2016-06-30T12:42:06.520+0500: 17.588: [class unloading, 0.0009800 secs]2016-06-30T12:42:06.521+0500: 17.589: [scrub symbol table, 0.0010070 secs]2016-06-30T12:42:06.522+0500: 17.590: [scrub string table, 0.0002114 secs][1 CMS-remark: 1682110K(1756416K)] 1942201K(2063104K), 0.0092457 secs] [Times: user=0.02 sys=0.00, real=0.01 secs] 
2016-06-30T12:42:06.524+0500: 17.591: [CMS-concurrent-sweep-start]
2016-06-30T12:42:06.551+0500: 17.619: [GC (Allocation Failure) 2016-06-30T12:42:06.552+0500: 17.619: [ParNew: 306688K->306688K(306688K), 0.0000351 secs]2016-06-30T12:42:06.552+0500: 17.619: [CMS2016-06-30T12:42:06.632+0500: 17.700: [CMS-concurrent-sweep: 0.098/0.109 secs] [Times: user=0.14 sys=0.00, real=0.11 secs] 
 (concurrent mode failure): 1634105K->985046K(1756416K), 0.6764778 secs] 1940793K->985046K(2063104K), [Metaspace: 4482K->4482K(1056768K)], 0.6770780 secs] [Times: user=0.52 sys=0.01, real=0.67 secs] 
2016-06-30T12:42:07.339+0500: 18.406: [GC (Allocation Failure) 2016-06-30T12:42:07.339+0500: 18.406: [ParNew: 272640K->34048K(306688K), 0.1512385 secs] 1257686K->1257542K(2063104K), 0.1513645 secs] [Times: user=0.19 sys=0.02, real=0.16 secs] 
2016-06-30T12:42:07.490+0500: 18.558: [GC (CMS Initial Mark) [1 CMS-initial-mark: 1223494K(1756416K)] 1260176K(2063104K), 0.0010403 secs] [Times: user=0.00 sys=0.00, real=0.00 secs] 
2016-06-30T12:42:07.491+0500: 18.559: [CMS-concurrent-mark-start]
2016-06-30T12:42:07.564+0500: 18.632: [CMS-concurrent-mark: 0.073/0.073 secs] [Times: user=0.22 sys=0.00, real=0.07 secs] 
2016-06-30T12:42:07.564+0500: 18.632: [CMS-concurrent-preclean-start]
2016-06-30T12:42:07.569+0500: 18.636: [CMS-concurrent-preclean: 0.004/0.004 secs] [Times: user=0.02 sys=0.00, real=0.00 secs] 
2016-06-30T12:42:07.569+0500: 18.636: [CMS-concurrent-abortable-preclean-start]
2016-06-30T12:42:07.662+0500: 18.729: [GC (Allocation Failure) 2016-06-30T12:42:07.662+0500: 18.729: [ParNew2016-06-30T12:42:07.683+0500: 18.750: [CMS-concurrent-abortable-preclean: 0.013/0.114 secs] [Times: user=0.21 sys=0.01, real=0.12 secs] 
: 306688K->34048K(306688K), 0.1740535 secs] 1530182K->1528844K(2063104K), 0.1742136 secs] [Times: user=0.22 sys=0.04, real=0.17 secs] 
2016-06-30T12:42:07.837+0500: 18.904: [GC (CMS Final Remark) [YG occupancy: 38149 K (306688 K)]2016-06-30T12:42:07.837+0500: 18.904: [Rescan (parallel) , 0.0088387 secs]2016-06-30T12:42:07.845+0500: 18.913: [weak refs processing, 0.0000392 secs]2016-06-30T12:42:07.846+0500: 18.913: [class unloading, 0.0012396 secs]2016-06-30T12:42:07.847+0500: 18.914: [scrub symbol table, 0.0011853 secs]2016-06-30T12:42:07.848+0500: 18.915: [scrub string table, 0.0002554 secs][1 CMS-remark: 1494796K(1756416K)] 1532946K(2063104K), 0.0117563 secs] [Times: user=0.03 sys=0.00, real=0.01 secs] 
2016-06-30T12:42:07.848+0500: 18.916: [CMS-concurrent-sweep-start]
2016-06-30T12:42:07.993+0500: 19.061: [CMS-concurrent-sweep: 0.145/0.145 secs] [Times: user=0.33 sys=0.00, real=0.15 secs] 
2016-06-30T12:42:07.993+0500: 19.061: [CMS-concurrent-reset-start]
2016-06-30T12:42:07.996+0500: 19.063: [CMS-concurrent-reset: 0.002/0.002 secs] [Times: user=0.00 sys=0.00, real=0.00 secs] 
2016-06-30T12:42:08.058+0500: 19.125: [GC (Allocation Failure) 2016-06-30T12:42:08.058+0500: 19.125: [ParNew: 306688K->34048K(306688K), 0.1740491 secs] 1467505K->1466079K(2063104K), 0.1741578 secs] [Times: user=0.21 sys=0.02, real=0.18 secs] 
2016-06-30T12:42:08.233+0500: 19.300: [GC (CMS Initial Mark) [1 CMS-initial-mark: 1432031K(1756416K)] 1468827K(2063104K), 0.0009684 secs] [Times: user=0.00 sys=0.00, real=0.00 secs] 
2016-06-30T12:42:08.234+0500: 19.301: [CMS-concurrent-mark-start]
2016-06-30T12:42:08.310+0500: 19.378: [CMS-concurrent-mark: 0.076/0.076 secs] [Times: user=0.23 sys=0.01, real=0.08 secs] 
2016-06-30T12:42:08.310+0500: 19.378: [CMS-concurrent-preclean-start]
2016-06-30T12:42:08.316+0500: 19.383: [CMS-concurrent-preclean: 0.005/0.005 secs] [Times: user=0.01 sys=0.00, real=0.00 secs] 
2016-06-30T12:42:08.316+0500: 19.383: [CMS-concurrent-abortable-preclean-start]
2016-06-30T12:42:08.409+0500: 19.477: [GC (Allocation Failure) 2016-06-30T12:42:08.409+0500: 19.477: [ParNew2016-06-30T12:42:08.432+0500: 19.499: [CMS-concurrent-abortable-preclean: 0.012/0.116 secs] [Times: user=0.19 sys=0.00, real=0.12 secs] 
: 306688K->34048K(306688K), 0.1696444 secs] 1738719K->1735530K(2063104K), 0.1697343 secs] [Times: user=0.20 sys=0.02, real=0.17 secs] 
2016-06-30T12:42:08.579+0500: 19.647: [GC (CMS Final Remark) [YG occupancy: 38068 K (306688 K)]2016-06-30T12:42:08.579+0500: 19.647: [Rescan (parallel) , 0.0095455 secs]2016-06-30T12:42:08.589+0500: 19.656: [weak refs processing, 0.0000369 secs]2016-06-30T12:42:08.589+0500: 19.656: [class unloading, 0.0008762 secs]2016-06-30T12:42:08.590+0500: 19.657: [scrub symbol table, 0.0009977 secs]2016-06-30T12:42:08.591+0500: 19.658: [scrub string table, 0.0002480 secs][1 CMS-remark: 1701482K(1756416K)] 1739550K(2063104K), 0.0118470 secs] [Times: user=0.04 sys=0.00, real=0.02 secs] 
2016-06-30T12:42:08.591+0500: 19.658: [CMS-concurrent-sweep-start]
2016-06-30T12:42:08.698+0500: 19.766: [CMS-concurrent-sweep: 0.107/0.107 secs] [Times: user=0.37 sys=0.01, real=0.10 secs] 
2016-06-30T12:42:08.698+0500: 19.766: [CMS-concurrent-reset-start]
2016-06-30T12:42:08.702+0500: 19.770: [CMS-concurrent-reset: 0.004/0.004 secs] [Times: user=0.01 sys=0.00, real=0.01 secs] 
2016-06-30T12:42:08.710+0500: 19.778: [GC (Allocation Failure) 2016-06-30T12:42:08.710+0500: 19.778: [ParNew: 306688K->34048K(306688K), 0.1559134 secs] 1443548K->1440779K(2063104K), 0.1559977 secs] [Times: user=0.19 sys=0.02, real=0.15 secs] 
2016-06-30T12:42:08.878+0500: 19.945: [GC (CMS Initial Mark) [1 CMS-initial-mark: 1406731K(1756416K)] 1444807K(2063104K), 0.0007578 secs] [Times: user=0.01 sys=0.00, real=0.00 secs] 
2016-06-30T12:42:08.878+0500: 19.946: [CMS-concurrent-mark-start]
2016-06-30T12:42:08.951+0500: 20.019: [CMS-concurrent-mark: 0.073/0.073 secs] [Times: user=0.26 sys=0.00, real=0.08 secs] 
2016-06-30T12:42:08.951+0500: 20.019: [CMS-concurrent-preclean-start]
2016-06-30T12:42:08.956+0500: 20.024: [CMS-concurrent-preclean: 0.005/0.005 secs] [Times: user=0.01 sys=0.00, real=0.00 secs] 
2016-06-30T12:42:08.956+0500: 20.024: [CMS-concurrent-abortable-preclean-start]
2016-06-30T12:42:09.013+0500: 20.081: [GC (Allocation Failure) 2016-06-30T12:42:09.013+0500: 20.081: [ParNew2016-06-30T12:42:09.070+0500: 20.138: [CMS-concurrent-abortable-preclean: 0.013/0.114 secs] [Times: user=0.20 sys=0.01, real=0.12 secs] 
: 306688K->34048K(306688K), 0.1668027 secs] 1713419K->1711428K(2063104K), 0.1668967 secs] [Times: user=0.22 sys=0.03, real=0.17 secs] 
2016-06-30T12:42:09.181+0500: 20.249: [GC (CMS Final Remark) [YG occupancy: 38119 K (306688 K)]2016-06-30T12:42:09.181+0500: 20.249: [Rescan (parallel) , 0.0201372 secs]2016-06-30T12:42:09.201+0500: 20.269: [weak refs processing, 0.0000408 secs]2016-06-30T12:42:09.201+0500: 20.269: [class unloading, 0.0010002 secs]2016-06-30T12:42:09.202+0500: 20.270: [scrub symbol table, 0.0010980 secs]2016-06-30T12:42:09.203+0500: 20.271: [scrub string table, 0.0002305 secs][1 CMS-remark: 1677380K(1756416K)] 1715500K(2063104K), 0.0226668 secs] [Times: user=0.03 sys=0.00, real=0.02 secs] 
2016-06-30T12:42:09.211+0500: 20.279: [CMS-concurrent-sweep-start]
2016-06-30T12:42:09.320+0500: 20.388: [CMS-concurrent-sweep: 0.109/0.109 secs] [Times: user=0.37 sys=0.00, real=0.11 secs] 
2016-06-30T12:42:09.320+0500: 20.388: [GC (Allocation Failure) 2016-06-30T12:42:09.321+0500: 20.388: [ParNew: 306688K->34048K(306688K), 0.1768874 secs] 1385977K->1384138K(2063104K), 0.1769566 secs] [Times: user=0.21 sys=0.03, real=0.17 secs] 
2016-06-30T12:42:09.500+0500: 20.567: [CMS-concurrent-reset-start]
2016-06-30T12:42:09.503+0500: 20.570: [CMS-concurrent-reset: 0.003/0.003 secs] [Times: user=0.01 sys=0.00, real=0.00 secs] 
2016-06-30T12:42:09.652+0500: 20.720: [GC (Allocation Failure) 2016-06-30T12:42:09.652+0500: 20.720: [ParNew: 306688K->34048K(306688K), 0.1818839 secs] 1656778K->1654762K(2063104K), 0.1819772 secs] [Times: user=0.20 sys=0.02, real=0.18 secs] 
2016-06-30T12:42:09.839+0500: 20.906: [GC (CMS Initial Mark) [1 CMS-initial-mark: 1620714K(1756416K)] 1665487K(2063104K), 0.0012534 secs] [Times: user=0.01 sys=0.00, real=0.01 secs] 
2016-06-30T12:42:09.840+0500: 20.908: [CMS-concurrent-mark-start]
2016-06-30T12:42:09.899+0500: 20.967: [CMS-concurrent-mark: 0.059/0.059 secs] [Times: user=0.15 sys=0.00, real=0.05 secs] 
2016-06-30T12:42:09.899+0500: 20.967: [CMS-concurrent-preclean-start]
2016-06-30T12:42:09.904+0500: 20.972: [CMS-concurrent-preclean: 0.005/0.005 secs] [Times: user=0.02 sys=0.00, real=0.01 secs] 
2016-06-30T12:42:09.904+0500: 20.972: [CMS-concurrent-abortable-preclean-start]
2016-06-30T12:42:09.904+0500: 20.972: [CMS-concurrent-abortable-preclean: 0.000/0.000 secs] [Times: user=0.00 sys=0.00, real=0.00 secs] 
2016-06-30T12:42:09.915+0500: 20.982: [GC (CMS Final Remark) [YG occupancy: 148040 K (306688 K)]2016-06-30T12:42:09.915+0500: 20.982: [Rescan (parallel) , 0.0152813 secs]2016-06-30T12:42:09.930+0500: 20.997: [weak refs processing, 0.0000386 secs]2016-06-30T12:42:09.930+0500: 20.997: [class unloading, 0.0010324 secs]2016-06-30T12:42:09.931+0500: 20.999: [scrub symbol table, 0.0013633 secs]2016-06-30T12:42:09.932+0500: 21.000: [scrub string table, 0.0002278 secs][1 CMS-remark: 1620714K(1756416K)] 1768754K(2063104K), 0.0181234 secs] [Times: user=0.01 sys=0.00, real=0.02 secs] 
2016-06-30T12:42:09.933+0500: 21.001: [CMS-concurrent-sweep-start]
2016-06-30T12:42:10.043+0500: 21.111: [GC (Allocation Failure) 2016-06-30T12:42:10.043+0500: 21.111: [ParNew: 306688K->34048K(306688K), 0.1706319 secs] 1447712K->1445096K(2063104K), 0.1707290 secs] [Times: user=0.21 sys=0.03, real=0.17 secs] 
2016-06-30T12:42:10.261+0500: 21.329: [CMS-concurrent-sweep: 0.147/0.328 secs] [Times: user=0.60 sys=0.03, real=0.33 secs] 
2016-06-30T12:42:10.261+0500: 21.329: [CMS-concurrent-reset-start]
2016-06-30T12:42:10.264+0500: 21.332: [CMS-concurrent-reset: 0.003/0.003 secs] [Times: user=0.01 sys=0.00, real=0.00 secs] 
2016-06-30T12:42:10.320+0500: 21.387: [GC (Allocation Failure) 2016-06-30T12:42:10.320+0500: 21.387: [ParNew: 306688K->34048K(306688K), 0.1706439 secs] 1439467K->1437569K(2063104K), 0.1707371 secs] [Times: user=0.19 sys=0.02, real=0.17 secs] 
2016-06-30T12:42:10.491+0500: 21.558: [GC (CMS Initial Mark) [1 CMS-initial-mark: 1403521K(1756416K)] 1442995K(2063104K), 0.0009954 secs] [Times: user=0.00 sys=0.00, real=0.00 secs] 
2016-06-30T12:42:10.492+0500: 21.560: [CMS-concurrent-mark-start]
2016-06-30T12:42:10.574+0500: 21.642: [CMS-concurrent-mark: 0.082/0.082 secs] [Times: user=0.20 sys=0.01, real=0.08 secs] 
2016-06-30T12:42:10.574+0500: 21.642: [CMS-concurrent-preclean-start]
2016-06-30T12:42:10.599+0500: 21.666: [CMS-concurrent-preclean: 0.025/0.025 secs] [Times: user=0.07 sys=0.00, real=0.02 secs] 
2016-06-30T12:42:10.599+0500: 21.666: [CMS-concurrent-abortable-preclean-start]
2016-06-30T12:42:10.682+0500: 21.750: [GC (Allocation Failure) 2016-06-30T12:42:10.682+0500: 21.750: [ParNew2016-06-30T12:42:10.713+0500: 21.781: [CMS-concurrent-abortable-preclean: 0.014/0.115 secs] [Times: user=0.17 sys=0.00, real=0.12 secs] 
: 306688K->34048K(306688K), 0.2027068 secs] 1710209K->1707397K(2063104K), 0.2027973 secs] [Times: user=0.20 sys=0.03, real=0.20 secs] 
2016-06-30T12:42:10.896+0500: 21.963: [GC (CMS Final Remark) [YG occupancy: 36707 K (306688 K)]2016-06-30T12:42:10.896+0500: 21.963: [Rescan (parallel) , 0.0110093 secs]2016-06-30T12:42:10.907+0500: 21.974: [weak refs processing, 0.0000375 secs]2016-06-30T12:42:10.907+0500: 21.974: [class unloading, 0.0010537 secs]2016-06-30T12:42:10.908+0500: 21.976: [scrub symbol table, 0.0010310 secs]2016-06-30T12:42:10.909+0500: 21.977: [scrub string table, 0.0002172 secs][1 CMS-remark: 1673349K(1756416K)] 1710056K(2063104K), 0.0135400 secs] [Times: user=0.03 sys=0.00, real=0.01 secs] 
2016-06-30T12:42:10.909+0500: 21.977: [CMS-concurrent-sweep-start]
2016-06-30T12:42:11.044+0500: 22.111: [GC (Allocation Failure) 2016-06-30T12:42:11.044+0500: 22.111: [ParNew: 306688K->34048K(306688K), 0.1749658 secs] 1524287K->1522847K(2063104K), 0.1750431 secs] [Times: user=0.22 sys=0.03, real=0.17 secs] 
2016-06-30T12:42:11.222+0500: 22.289: [CMS-concurrent-sweep: 0.137/0.312 secs] [Times: user=0.63 sys=0.03, real=0.32 secs] 
2016-06-30T12:42:11.222+0500: 22.289: [CMS-concurrent-reset-start]
2016-06-30T12:42:11.224+0500: 22.292: [CMS-concurrent-reset: 0.003/0.003 secs] [Times: user=0.01 sys=0.00, real=0.00 secs] 
2016-06-30T12:42:11.326+0500: 22.393: [GC (Allocation Failure) 2016-06-30T12:42:11.326+0500: 22.393: [ParNew: 306688K->34048K(306688K), 0.1989127 secs] 1742920K->1740836K(2063104K), 0.1990087 secs] [Times: user=0.22 sys=0.03, real=0.20 secs] 
2016-06-30T12:42:11.536+0500: 22.603: [GC (CMS Initial Mark) [1 CMS-initial-mark: 1706788K(1756416K)] 1743506K(2063104K), 0.0012526 secs] [Times: user=0.01 sys=0.00, real=0.00 secs] 
2016-06-30T12:42:11.537+0500: 22.605: [CMS-concurrent-mark-start]
2016-06-30T12:42:11.594+0500: 22.661: [CMS-concurrent-mark: 0.057/0.057 secs] [Times: user=0.18 sys=0.00, real=0.06 secs] 
2016-06-30T12:42:11.594+0500: 22.661: [CMS-concurrent-preclean-start]
2016-06-30T12:42:11.598+0500: 22.666: [CMS-concurrent-preclean: 0.005/0.005 secs] [Times: user=0.01 sys=0.00, real=0.00 secs] 
2016-06-30T12:42:11.599+0500: 22.666: [CMS-concurrent-abortable-preclean-start]
2016-06-30T12:42:11.599+0500: 22.666: [CMS-concurrent-abortable-preclean: 0.000/0.000 secs] [Times: user=0.00 sys=0.00, real=0.00 secs] 
2016-06-30T12:42:11.599+0500: 22.666: [GC (CMS Final Remark) [YG occupancy: 155375 K (306688 K)]2016-06-30T12:42:11.599+0500: 22.666: [Rescan (parallel) , 0.0049363 secs]2016-06-30T12:42:11.604+0500: 22.671: [weak refs processing, 0.0000368 secs]2016-06-30T12:42:11.604+0500: 22.671: [class unloading, 0.0009188 secs]2016-06-30T12:42:11.605+0500: 22.672: [scrub symbol table, 0.0009666 secs]2016-06-30T12:42:11.606+0500: 22.673: [scrub string table, 0.0002780 secs][1 CMS-remark: 1706788K(1756416K)] 1862164K(2063104K), 0.0073103 secs] [Times: user=0.02 sys=0.00, real=0.01 secs] 
2016-06-30T12:42:11.606+0500: 22.674: [CMS-concurrent-sweep-start]
2016-06-30T12:42:11.689+0500: 22.757: [GC (Allocation Failure) 2016-06-30T12:42:11.689+0500: 22.757: [ParNew: 306688K->34048K(306688K), 0.1683018 secs] 1320780K->1318493K(2063104K), 0.1683901 secs] [Times: user=0.20 sys=0.03, real=0.17 secs] 
2016-06-30T12:42:11.887+0500: 22.955: [CMS-concurrent-sweep: 0.102/0.281 secs] [Times: user=0.56 sys=0.04, real=0.28 secs] 
2016-06-30T12:42:11.887+0500: 22.955: [CMS-concurrent-reset-start]
2016-06-30T12:42:11.890+0500: 22.957: [CMS-concurrent-reset: 0.003/0.003 secs] [Times: user=0.01 sys=0.00, real=0.01 secs] 
2016-06-30T12:42:11.958+0500: 23.026: [GC (Allocation Failure) 2016-06-30T12:42:11.958+0500: 23.026: [ParNew: 306688K->34048K(306688K), 0.1508167 secs] 1445196K->1443702K(2063104K), 0.1509009 secs] [Times: user=0.18 sys=0.03, real=0.15 secs] 
2016-06-30T12:42:12.109+0500: 23.177: [GC (CMS Initial Mark) [1 CMS-initial-mark: 1409654K(1756416K)] 1446269K(2063104K), 0.0011056 secs] [Times: user=0.01 sys=0.00, real=0.01 secs] 
2016-06-30T12:42:12.111+0500: 23.178: [CMS-concurrent-mark-start]
2016-06-30T12:42:12.165+0500: 23.233: [CMS-concurrent-mark: 0.055/0.055 secs] [Times: user=0.19 sys=0.00, real=0.05 secs] 
2016-06-30T12:42:12.165+0500: 23.233: [CMS-concurrent-preclean-start]
2016-06-30T12:42:12.170+0500: 23.238: [CMS-concurrent-preclean: 0.005/0.005 secs] [Times: user=0.02 sys=0.00, real=0.01 secs] 
2016-06-30T12:42:12.170+0500: 23.238: [CMS-concurrent-abortable-preclean-start]
2016-06-30T12:42:12.224+0500: 23.292: [GC (Allocation Failure) 2016-06-30T12:42:12.224+0500: 23.292: [ParNew2016-06-30T12:42:12.282+0500: 23.350: [CMS-concurrent-abortable-preclean: 0.012/0.112 secs] [Times: user=0.25 sys=0.01, real=0.11 secs] 
: 306688K->34048K(306688K), 0.1616091 secs] 1716342K->1714400K(2063104K), 0.1617203 secs] [Times: user=0.19 sys=0.02, real=0.16 secs] 
2016-06-30T12:42:12.386+0500: 23.454: [GC (CMS Final Remark) [YG occupancy: 38166 K (306688 K)]2016-06-30T12:42:12.386+0500: 23.454: [Rescan (parallel) , 0.0085196 secs]2016-06-30T12:42:12.395+0500: 23.462: [weak refs processing, 0.0000360 secs]2016-06-30T12:42:12.395+0500: 23.463: [class unloading, 0.0010400 secs]2016-06-30T12:42:12.396+0500: 23.464: [scrub symbol table, 0.0010176 secs]2016-06-30T12:42:12.397+0500: 23.465: [scrub string table, 0.0004556 secs][1 CMS-remark: 1680352K(1756416K)] 1718519K(2063104K), 0.0112887 secs] [Times: user=0.03 sys=0.01, real=0.01 secs] 
2016-06-30T12:42:12.398+0500: 23.465: [CMS-concurrent-sweep-start]
2016-06-30T12:42:12.514+0500: 23.582: [CMS-concurrent-sweep: 0.116/0.116 secs] [Times: user=0.34 sys=0.00, real=0.12 secs] 
2016-06-30T12:42:12.514+0500: 23.582: [CMS-concurrent-reset-start]
2016-06-30T12:42:12.516+0500: 23.584: [CMS-concurrent-reset: 0.002/0.002 secs] [Times: user=0.01 sys=0.00, real=0.00 secs] 
2016-06-30T12:42:12.548+0500: 23.616: [GC (Allocation Failure) 2016-06-30T12:42:12.548+0500: 23.616: [ParNew: 306688K->34048K(306688K), 0.1569766 secs] 1440757K->1438002K(2063104K), 0.1570701 secs] [Times: user=0.22 sys=0.02, real=0.16 secs] 
2016-06-30T12:42:12.706+0500: 23.773: [GC (CMS Initial Mark) [1 CMS-initial-mark: 1403954K(1756416K)] 1442113K(2063104K), 0.0009568 secs] [Times: user=0.00 sys=0.00, real=0.00 secs] 
2016-06-30T12:42:12.707+0500: 23.774: [CMS-concurrent-mark-start]
2016-06-30T12:42:12.793+0500: 23.861: [CMS-concurrent-mark: 0.086/0.086 secs] [Times: user=0.26 sys=0.01, real=0.09 secs] 
2016-06-30T12:42:12.793+0500: 23.861: [CMS-concurrent-preclean-start]
2016-06-30T12:42:12.800+0500: 23.867: [CMS-concurrent-preclean: 0.006/0.006 secs] [Times: user=0.01 sys=0.00, real=0.01 secs] 
2016-06-30T12:42:12.800+0500: 23.867: [CMS-concurrent-abortable-preclean-start]
2016-06-30T12:42:12.845+0500: 23.913: [GC (Allocation Failure) 2016-06-30T12:42:12.845+0500: 23.913: [ParNew2016-06-30T12:42:12.915+0500: 23.983: [CMS-concurrent-abortable-preclean: 0.014/0.115 secs] [Times: user=0.21 sys=0.01, real=0.11 secs] 
: 306688K->34048K(306688K), 0.1869776 secs] 1710642K->1709630K(2063104K), 0.1871002 secs] [Times: user=0.22 sys=0.03, real=0.19 secs] 
2016-06-30T12:42:13.033+0500: 24.100: [GC (CMS Final Remark) [YG occupancy: 34052 K (306688 K)]2016-06-30T12:42:13.033+0500: 24.100: [Rescan (parallel) , 0.0082450 secs]2016-06-30T12:42:13.041+0500: 24.109: [weak refs processing, 0.0000440 secs]2016-06-30T12:42:13.041+0500: 24.109: [class unloading, 0.0009803 secs]2016-06-30T12:42:13.042+0500: 24.110: [scrub symbol table, 0.0016508 secs]2016-06-30T12:42:13.044+0500: 24.111: [scrub string table, 0.0002849 secs][1 CMS-remark: 1675582K(1756416K)] 1709635K(2063104K), 0.0113656 secs] [Times: user=0.03 sys=0.00, real=0.01 secs] 
2016-06-30T12:42:13.045+0500: 24.113: [CMS-concurrent-sweep-start]
2016-06-30T12:42:13.153+0500: 24.220: [CMS-concurrent-sweep: 0.108/0.108 secs] [Times: user=0.37 sys=0.01, real=0.11 secs] 
2016-06-30T12:42:13.153+0500: 24.221: [CMS-concurrent-reset-start]
2016-06-30T12:42:13.156+0500: 24.224: [CMS-concurrent-reset: 0.003/0.003 secs] [Times: user=0.01 sys=0.00, real=0.00 secs] 
2016-06-30T12:42:13.173+0500: 24.241: [GC (Allocation Failure) 2016-06-30T12:42:13.173+0500: 24.241: [ParNew: 306688K->34048K(306688K), 0.1598594 secs] 1406672K->1405030K(2063104K), 0.1599994 secs] [Times: user=0.22 sys=0.02, real=0.16 secs] 
2016-06-30T12:42:13.336+0500: 24.404: [GC (CMS Initial Mark) [1 CMS-initial-mark: 1370982K(1756416K)] 1411755K(2063104K), 0.0011317 secs] [Times: user=0.01 sys=0.00, real=0.00 secs] 
2016-06-30T12:42:13.338+0500: 24.405: [CMS-concurrent-mark-start]
2016-06-30T12:42:13.424+0500: 24.492: [CMS-concurrent-mark: 0.086/0.086 secs] [Times: user=0.28 sys=0.00, real=0.09 secs] 
2016-06-30T12:42:13.424+0500: 24.492: [CMS-concurrent-preclean-start]
2016-06-30T12:42:13.429+0500: 24.497: [CMS-concurrent-preclean: 0.005/0.005 secs] [Times: user=0.02 sys=0.00, real=0.00 secs] 
2016-06-30T12:42:13.429+0500: 24.497: [CMS-concurrent-abortable-preclean-start]
2016-06-30T12:42:13.465+0500: 24.532: [GC (Allocation Failure) 2016-06-30T12:42:13.465+0500: 24.532: [ParNew2016-06-30T12:42:13.548+0500: 24.615: [CMS-concurrent-abortable-preclean: 0.016/0.119 secs] [Times: user=0.20 sys=0.02, real=0.12 secs] 
: 306688K->34048K(306688K), 0.1786102 secs] 1677670K->1676555K(2063104K), 0.1787220 secs] [Times: user=0.21 sys=0.02, real=0.18 secs] 
2016-06-30T12:42:13.644+0500: 24.711: [GC (CMS Final Remark) [YG occupancy: 38188 K (306688 K)]2016-06-30T12:42:13.644+0500: 24.711: [Rescan (parallel) , 0.0087503 secs]2016-06-30T12:42:13.653+0500: 24.720: [weak refs processing, 0.0000404 secs]2016-06-30T12:42:13.653+0500: 24.720: [class unloading, 0.0009151 secs]2016-06-30T12:42:13.654+0500: 24.721: [scrub symbol table, 0.0012767 secs]2016-06-30T12:42:13.655+0500: 24.723: [scrub string table, 0.0002712 secs][1 CMS-remark: 1642507K(1756416K)] 1680696K(2063104K), 0.0114377 secs] [Times: user=0.03 sys=0.00, real=0.01 secs] 
2016-06-30T12:42:13.656+0500: 24.723: [CMS-concurrent-sweep-start]
2016-06-30T12:42:13.764+0500: 24.832: [CMS-concurrent-sweep: 0.109/0.109 secs] [Times: user=0.37 sys=0.00, real=0.11 secs] 
2016-06-30T12:42:13.765+0500: 24.832: [CMS-concurrent-reset-start]
2016-06-30T12:42:13.767+0500: 24.835: [CMS-concurrent-reset: 0.003/0.003 secs] [Times: user=0.00 sys=0.00, real=0.00 secs] 
2016-06-30T12:42:13.787+0500: 24.854: [GC (Allocation Failure) 2016-06-30T12:42:13.787+0500: 24.854: [ParNew: 306688K->34048K(306688K), 0.1749146 secs] 1354264K->1351830K(2063104K), 0.1750167 secs] [Times: user=0.21 sys=0.03, real=0.18 secs] 
2016-06-30T12:42:13.962+0500: 25.030: [GC (CMS Initial Mark) [1 CMS-initial-mark: 1317782K(1756416K)] 1354604K(2063104K), 0.0009630 secs] [Times: user=0.01 sys=0.00, real=0.00 secs] 
2016-06-30T12:42:13.965+0500: 25.033: [CMS-concurrent-mark-start]
2016-06-30T12:42:14.022+0500: 25.090: [CMS-concurrent-mark: 0.057/0.057 secs] [Times: user=0.21 sys=0.00, real=0.06 secs] 
2016-06-30T12:42:14.022+0500: 25.090: [CMS-concurrent-preclean-start]
2016-06-30T12:42:14.027+0500: 25.094: [CMS-concurrent-preclean: 0.005/0.005 secs] [Times: user=0.01 sys=0.00, real=0.00 secs] 
2016-06-30T12:42:14.027+0500: 25.094: [CMS-concurrent-abortable-preclean-start]
2016-06-30T12:42:14.089+0500: 25.157: [GC (Allocation Failure) 2016-06-30T12:42:14.089+0500: 25.157: [ParNew2016-06-30T12:42:14.139+0500: 25.207: [CMS-concurrent-abortable-preclean: 0.012/0.112 secs] [Times: user=0.24 sys=0.00, real=0.11 secs] 
: 306688K->34048K(306688K), 0.1772879 secs] 1624470K->1622636K(2063104K), 0.1773874 secs] [Times: user=0.23 sys=0.02, real=0.18 secs] 
2016-06-30T12:42:14.268+0500: 25.336: [GC (CMS Final Remark) [YG occupancy: 36571 K (306688 K)]2016-06-30T12:42:14.268+0500: 25.336: [Rescan (parallel) , 0.0211911 secs]2016-06-30T12:42:14.290+0500: 25.357: [weak refs processing, 0.0000423 secs]2016-06-30T12:42:14.290+0500: 25.357: [class unloading, 0.0012729 secs]2016-06-30T12:42:14.291+0500: 25.359: [scrub symbol table, 0.0016472 secs]2016-06-30T12:42:14.293+0500: 25.360: [scrub string table, 0.0002289 secs][1 CMS-remark: 1588588K(1756416K)] 1625159K(2063104K), 0.0245462 secs] [Times: user=0.03 sys=0.00, real=0.03 secs] 
2016-06-30T12:42:14.293+0500: 25.361: [CMS-concurrent-sweep-start]
2016-06-30T12:42:14.396+0500: 25.464: [CMS-concurrent-sweep: 0.103/0.103 secs] [Times: user=0.32 sys=0.01, real=0.10 secs] 
2016-06-30T12:42:14.397+0500: 25.464: [CMS-concurrent-reset-start]
2016-06-30T12:42:14.399+0500: 25.467: [CMS-concurrent-reset: 0.003/0.003 secs] [Times: user=0.01 sys=0.00, real=0.00 secs] 
2016-06-30T12:42:14.436+0500: 25.504: [GC (Allocation Failure) 2016-06-30T12:42:14.436+0500: 25.504: [ParNew: 306688K->34048K(306688K), 0.1547670 secs] 1422884K->1420744K(2063104K), 0.1548613 secs] [Times: user=0.20 sys=0.02, real=0.16 secs] 
2016-06-30T12:42:14.602+0500: 25.670: [GC (CMS Initial Mark) [1 CMS-initial-mark: 1386696K(1756416K)] 1423505K(2063104K), 0.0007807 secs] [Times: user=0.00 sys=0.00, real=0.00 secs] 
2016-06-30T12:42:14.603+0500: 25.671: [CMS-concurrent-mark-start]
2016-06-30T12:42:14.675+0500: 25.743: [CMS-concurrent-mark: 0.072/0.072 secs] [Times: user=0.25 sys=0.01, real=0.07 secs] 
2016-06-30T12:42:14.675+0500: 25.743: [CMS-concurrent-preclean-start]
2016-06-30T12:42:14.680+0500: 25.748: [CMS-concurrent-preclean: 0.005/0.005 secs] [Times: user=0.03 sys=0.00, real=0.01 secs] 
2016-06-30T12:42:14.680+0500: 25.748: [CMS-concurrent-abortable-preclean-start]
2016-06-30T12:42:14.710+0500: 25.777: [GC (Allocation Failure) 2016-06-30T12:42:14.710+0500: 25.777: [ParNew2016-06-30T12:42:14.792+0500: 25.860: [CMS-concurrent-abortable-preclean: 0.012/0.112 secs] [Times: user=0.22 sys=0.01, real=0.11 secs] 
: 306688K->34048K(306688K), 0.1805743 secs] 1693384K->1691752K(2063104K), 0.1806622 secs] [Times: user=0.22 sys=0.03, real=0.18 secs] 
2016-06-30T12:42:14.891+0500: 25.958: [GC (CMS Final Remark) [YG occupancy: 39484 K (306688 K)]2016-06-30T12:42:14.891+0500: 25.958: [Rescan (parallel) , 0.0095603 secs]2016-06-30T12:42:14.900+0500: 25.968: [weak refs processing, 0.0000405 secs]2016-06-30T12:42:14.900+0500: 25.968: [class unloading, 0.0009525 secs]2016-06-30T12:42:14.901+0500: 25.969: [scrub symbol table, 0.0010735 secs]2016-06-30T12:42:14.902+0500: 25.970: [scrub string table, 0.0002895 secs][1 CMS-remark: 1657704K(1756416K)] 1697188K(2063104K), 0.0120863 secs] [Times: user=0.03 sys=0.00, real=0.01 secs] 
2016-06-30T12:42:14.903+0500: 25.971: [CMS-concurrent-sweep-start]
2016-06-30T12:42:15.026+0500: 26.094: [GC (Allocation Failure) 2016-06-30T12:42:15.026+0500: 26.094: [ParNew: 306688K->34048K(306688K), 0.1790896 secs] 1436488K->1434802K(2063104K), 0.1791808 secs] [Times: user=0.22 sys=0.03, real=0.18 secs] 
2016-06-30T12:42:15.213+0500: 26.280: [CMS-concurrent-sweep: 0.130/0.310 secs] [Times: user=0.64 sys=0.03, real=0.31 secs] 
2016-06-30T12:42:15.213+0500: 26.280: [CMS-concurrent-reset-start]
2016-06-30T12:42:15.215+0500: 26.283: [CMS-concurrent-reset: 0.003/0.003 secs] [Times: user=0.01 sys=0.00, real=0.00 secs] 
2016-06-30T12:42:15.316+0500: 26.384: [GC (Allocation Failure) 2016-06-30T12:42:15.316+0500: 26.384: [ParNew: 306688K->34048K(306688K), 0.1792401 secs] 1676581K->1674954K(2063104K), 0.1793364 secs] [Times: user=0.20 sys=0.04, real=0.18 secs] 
2016-06-30T12:42:15.496+0500: 26.564: [GC (CMS Initial Mark) [1 CMS-initial-mark: 1640906K(1756416K)] 1677652K(2063104K), 0.0012431 secs] [Times: user=0.01 sys=0.00, real=0.00 secs] 
2016-06-30T12:42:15.497+0500: 26.565: [CMS-concurrent-mark-start]
2016-06-30T12:42:15.556+0500: 26.624: [CMS-concurrent-mark: 0.059/0.059 secs] [Times: user=0.19 sys=0.00, real=0.06 secs] 
2016-06-30T12:42:15.556+0500: 26.624: [CMS-concurrent-preclean-start]
2016-06-30T12:42:15.561+0500: 26.629: [CMS-concurrent-preclean: 0.005/0.005 secs] [Times: user=0.02 sys=0.00, real=0.01 secs] 
2016-06-30T12:42:15.561+0500: 26.629: [CMS-concurrent-abortable-preclean-start]
2016-06-30T12:42:15.561+0500: 26.629: [CMS-concurrent-abortable-preclean: 0.000/0.000 secs] [Times: user=0.00 sys=0.00, real=0.00 secs] 
2016-06-30T12:42:15.561+0500: 26.629: [GC (CMS Final Remark) [YG occupancy: 171027 K (306688 K)]2016-06-30T12:42:15.561+0500: 26.629: [Rescan (parallel) , 0.0049841 secs]2016-06-30T12:42:15.566+0500: 26.634: [weak refs processing, 0.0000389 secs]2016-06-30T12:42:15.566+0500: 26.634: [class unloading, 0.0009238 secs]2016-06-30T12:42:15.567+0500: 26.635: [scrub symbol table, 0.0010091 secs]2016-06-30T12:42:15.568+0500: 26.636: [scrub string table, 0.0002680 secs][1 CMS-remark: 1640906K(1756416K)] 1811934K(2063104K), 0.0073998 secs] [Times: user=0.02 sys=0.00, real=0.00 secs] 
2016-06-30T12:42:15.569+0500: 26.637: [CMS-concurrent-sweep-start]
2016-06-30T12:42:15.642+0500: 26.709: [GC (Allocation Failure) 2016-06-30T12:42:15.642+0500: 26.710: [ParNew: 306688K->34048K(306688K), 0.1716935 secs] 1531483K->1529113K(2063104K), 0.1717783 secs] [Times: user=0.24 sys=0.03, real=0.17 secs] 
2016-06-30T12:42:15.863+0500: 26.931: [CMS-concurrent-sweep: 0.121/0.293 secs] [Times: user=0.62 sys=0.03, real=0.30 secs] 
2016-06-30T12:42:15.863+0500: 26.931: [CMS-concurrent-reset-start]
2016-06-30T12:42:15.865+0500: 26.933: [CMS-concurrent-reset: 0.002/0.002 secs] [Times: user=0.01 sys=0.00, real=0.00 secs] 
2016-06-30T12:42:15.922+0500: 26.989: [GC (Allocation Failure) 2016-06-30T12:42:15.922+0500: 26.989: [ParNew: 306688K->34048K(306688K), 0.1590240 secs] 1425039K->1423422K(2063104K), 0.1591204 secs] [Times: user=0.19 sys=0.02, real=0.16 secs] 
2016-06-30T12:42:16.081+0500: 27.149: [GC (CMS Initial Mark) [1 CMS-initial-mark: 1389374K(1756416K)] 1424764K(2063104K), 0.0008501 secs] [Times: user=0.00 sys=0.00, real=0.00 secs] 
2016-06-30T12:42:16.082+0500: 27.150: [CMS-concurrent-mark-start]
2016-06-30T12:42:16.137+0500: 27.205: [CMS-concurrent-mark: 0.055/0.055 secs] [Times: user=0.19 sys=0.00, real=0.05 secs] 
2016-06-30T12:42:16.137+0500: 27.205: [CMS-concurrent-preclean-start]
2016-06-30T12:42:16.143+0500: 27.211: [CMS-concurrent-preclean: 0.006/0.006 secs] [Times: user=0.03 sys=0.00, real=0.01 secs] 
2016-06-30T12:42:16.143+0500: 27.211: [CMS-concurrent-abortable-preclean-start]
2016-06-30T12:42:16.196+0500: 27.264: [GC (Allocation Failure) 2016-06-30T12:42:16.196+0500: 27.264: [ParNew2016-06-30T12:42:16.262+0500: 27.330: [CMS-concurrent-abortable-preclean: 0.018/0.118 secs] [Times: user=0.25 sys=0.02, real=0.12 secs] 
: 306688K->34048K(306688K), 0.1716592 secs] 1696062K->1694599K(2063104K), 0.1717372 secs] [Times: user=0.21 sys=0.03, real=0.17 secs] 
2016-06-30T12:42:16.368+0500: 27.436: [GC (CMS Final Remark) [YG occupancy: 39479 K (306688 K)]2016-06-30T12:42:16.368+0500: 27.436: [Rescan (parallel) , 0.0086450 secs]2016-06-30T12:42:16.377+0500: 27.445: [weak refs processing, 0.0000402 secs]2016-06-30T12:42:16.377+0500: 27.445: [class unloading, 0.0009677 secs]2016-06-30T12:42:16.378+0500: 27.446: [scrub symbol table, 0.0012796 secs]2016-06-30T12:42:16.379+0500: 27.447: [scrub string table, 0.0002618 secs][1 CMS-remark: 1660551K(1756416K)] 1700030K(2063104K), 0.0113448 secs] [Times: user=0.03 sys=0.00, real=0.02 secs] 
2016-06-30T12:42:16.380+0500: 27.448: [CMS-concurrent-sweep-start]
2016-06-30T12:42:16.476+0500: 27.544: [CMS-concurrent-sweep: 0.096/0.096 secs] [Times: user=0.30 sys=0.00, real=0.09 secs] 
2016-06-30T12:42:16.476+0500: 27.544: [CMS-concurrent-reset-start]
2016-06-30T12:42:16.479+0500: 27.546: [CMS-concurrent-reset: 0.002/0.002 secs] [Times: user=0.00 sys=0.00, real=0.00 secs] 
2016-06-30T12:42:16.529+0500: 27.597: [GC (Allocation Failure) 2016-06-30T12:42:16.529+0500: 27.597: [ParNew: 306688K->34048K(306688K), 0.1540895 secs] 1460577K->1458133K(2063104K), 0.1541820 secs] [Times: user=0.21 sys=0.03, real=0.16 secs] 
2016-06-30T12:42:16.683+0500: 27.751: [GC (CMS Initial Mark) [1 CMS-initial-mark: 1424085K(1756416K)] 1460830K(2063104K), 0.0009786 secs] [Times: user=0.00 sys=0.00, real=0.00 secs] 
2016-06-30T12:42:16.684+0500: 27.752: [CMS-concurrent-mark-start]
2016-06-30T12:42:16.752+0500: 27.820: [CMS-concurrent-mark: 0.068/0.068 secs] [Times: user=0.25 sys=0.00, real=0.07 secs] 
2016-06-30T12:42:16.752+0500: 27.820: [CMS-concurrent-preclean-start]
2016-06-30T12:42:16.757+0500: 27.824: [CMS-concurrent-preclean: 0.005/0.005 secs] [Times: user=0.02 sys=0.00, real=0.00 secs] 
2016-06-30T12:42:16.757+0500: 27.824: [CMS-concurrent-abortable-preclean-start]
2016-06-30T12:42:16.794+0500: 27.861: [GC (Allocation Failure) 2016-06-30T12:42:16.794+0500: 27.861: [ParNew2016-06-30T12:42:16.870+0500: 27.938: [CMS-concurrent-abortable-preclean: 0.013/0.113 secs] [Times: user=0.22 sys=0.01, real=0.12 secs] 
: 306688K->34048K(306688K), 0.1748691 secs] 1730773K->1728609K(2063104K), 0.1749644 secs] [Times: user=0.19 sys=0.02, real=0.17 secs] 
2016-06-30T12:42:16.969+0500: 28.037: [GC (CMS Final Remark) [YG occupancy: 38191 K (306688 K)]2016-06-30T12:42:16.969+0500: 28.037: [Rescan (parallel) , 0.0085922 secs]2016-06-30T12:42:16.977+0500: 28.045: [weak refs processing, 0.0000413 secs]2016-06-30T12:42:16.978+0500: 28.045: [class unloading, 0.0009049 secs]2016-06-30T12:42:16.978+0500: 28.046: [scrub symbol table, 0.0009444 secs]2016-06-30T12:42:16.979+0500: 28.047: [scrub string table, 0.0002160 secs][1 CMS-remark: 1694561K(1756416K)] 1732753K(2063104K), 0.0108545 secs] [Times: user=0.03 sys=0.00, real=0.02 secs] 
2016-06-30T12:42:16.980+0500: 28.048: [CMS-concurrent-sweep-start]
2016-06-30T12:42:17.086+0500: 28.154: [GC (Allocation Failure) 2016-06-30T12:42:17.086+0500: 28.154: [ParNew: 306688K->34048K(306688K), 0.1503570 secs] 1403362K->1400854K(2063104K), 0.1504580 secs] [Times: user=0.21 sys=0.02, real=0.15 secs] 
2016-06-30T12:42:17.241+0500: 28.309: [CMS-concurrent-sweep: 0.110/0.261 secs] [Times: user=0.62 sys=0.02, real=0.26 secs] 
2016-06-30T12:42:17.241+0500: 28.309: [CMS-concurrent-reset-start]
2016-06-30T12:42:17.243+0500: 28.311: [CMS-concurrent-reset: 0.002/0.002 secs] [Times: user=0.01 sys=0.00, real=0.00 secs] 
2016-06-30T12:42:17.336+0500: 28.404: [GC (Allocation Failure) 2016-06-30T12:42:17.336+0500: 28.404: [ParNew: 306688K->34048K(306688K), 0.1458444 secs] 1670465K->1667170K(2063104K), 0.1459511 secs] [Times: user=0.20 sys=0.03, real=0.15 secs] 
2016-06-30T12:42:17.482+0500: 28.550: [GC (CMS Initial Mark) [1 CMS-initial-mark: 1633122K(1756416K)] 1671243K(2063104K), 0.0006407 secs] [Times: user=0.00 sys=0.00, real=0.00 secs] 
2016-06-30T12:42:17.483+0500: 28.551: [CMS-concurrent-mark-start]
2016-06-30T12:42:17.536+0500: 28.603: [CMS-concurrent-mark: 0.053/0.053 secs] [Times: user=0.18 sys=0.00, real=0.05 secs] 
2016-06-30T12:42:17.536+0500: 28.603: [CMS-concurrent-preclean-start]
2016-06-30T12:42:17.540+0500: 28.608: [CMS-concurrent-preclean: 0.005/0.005 secs] [Times: user=0.03 sys=0.00, real=0.01 secs] 
2016-06-30T12:42:17.540+0500: 28.608: [CMS-concurrent-abortable-preclean-start]
2016-06-30T12:42:17.540+0500: 28.608: [CMS-concurrent-abortable-preclean: 0.000/0.000 secs] [Times: user=0.00 sys=0.00, real=0.00 secs] 
2016-06-30T12:42:17.541+0500: 28.608: [GC (CMS Final Remark) [YG occupancy: 164243 K (306688 K)]2016-06-30T12:42:17.541+0500: 28.608: [Rescan (parallel) , 0.0045625 secs]2016-06-30T12:42:17.545+0500: 28.613: [weak refs processing, 0.0000393 secs]2016-06-30T12:42:17.545+0500: 28.613: [class unloading, 0.0009428 secs]2016-06-30T12:42:17.546+0500: 28.614: [scrub symbol table, 0.0009587 secs]2016-06-30T12:42:17.547+0500: 28.615: [scrub string table, 0.0002072 secs][1 CMS-remark: 1633122K(1756416K)] 1797366K(2063104K), 0.0068646 secs] [Times: user=0.01 sys=0.00, real=0.00 secs] 
2016-06-30T12:42:17.548+0500: 28.615: [CMS-concurrent-sweep-start]
2016-06-30T12:42:17.628+0500: 28.696: [GC (Allocation Failure) 2016-06-30T12:42:17.628+0500: 28.696: [ParNew: 306688K->34048K(306688K), 0.1547999 secs] 1358387K->1355043K(2063104K), 0.1548947 secs] [Times: user=0.22 sys=0.03, real=0.16 secs] 
2016-06-30T12:42:17.809+0500: 28.876: [CMS-concurrent-sweep: 0.094/0.261 secs] [Times: user=0.54 sys=0.03, real=0.26 secs] 
2016-06-30T12:42:17.809+0500: 28.876: [CMS-concurrent-reset-start]
2016-06-30T12:42:17.812+0500: 28.879: [CMS-concurrent-reset: 0.003/0.003 secs] [Times: user=0.00 sys=0.00, real=0.01 secs] 
2016-06-30T12:42:17.881+0500: 28.949: [GC (Allocation Failure) 2016-06-30T12:42:17.881+0500: 28.949: [ParNew: 306688K->34048K(306688K), 0.1618847 secs] 1420823K->1419727K(2063104K), 0.1620168 secs] [Times: user=0.18 sys=0.02, real=0.16 secs] 
2016-06-30T12:42:18.054+0500: 29.121: [GC (CMS Initial Mark) [1 CMS-initial-mark: 1385679K(1756416K)] 1422494K(2063104K), 0.0009726 secs] [Times: user=0.00 sys=0.00, real=0.00 secs] 
2016-06-30T12:42:18.055+0500: 29.122: [CMS-concurrent-mark-start]
2016-06-30T12:42:18.113+0500: 29.180: [CMS-concurrent-mark: 0.058/0.058 secs] [Times: user=0.16 sys=0.01, real=0.06 secs] 
2016-06-30T12:42:18.113+0500: 29.181: [CMS-concurrent-preclean-start]
2016-06-30T12:42:18.117+0500: 29.185: [CMS-concurrent-preclean: 0.005/0.005 secs] [Times: user=0.02 sys=0.00, real=0.00 secs] 
2016-06-30T12:42:18.117+0500: 29.185: [CMS-concurrent-abortable-preclean-start]
2016-06-30T12:42:18.189+0500: 29.257: [GC (Allocation Failure) 2016-06-30T12:42:18.189+0500: 29.257: [ParNew2016-06-30T12:42:18.231+0500: 29.299: [CMS-concurrent-abortable-preclean: 0.013/0.113 secs] [Times: user=0.28 sys=0.01, real=0.12 secs] 
: 306688K->34048K(306688K), 0.1689809 secs] 1692367K->1689707K(2063104K), 0.1690876 secs] [Times: user=0.22 sys=0.03, real=0.17 secs] 
2016-06-30T12:42:18.359+0500: 29.426: [GC (CMS Final Remark) [YG occupancy: 38116 K (306688 K)]2016-06-30T12:42:18.359+0500: 29.426: [Rescan (parallel) , 0.0077870 secs]2016-06-30T12:42:18.366+0500: 29.434: [weak refs processing, 0.0000389 secs]2016-06-30T12:42:18.366+0500: 29.434: [class unloading, 0.0010863 secs]2016-06-30T12:42:18.368+0500: 29.435: [scrub symbol table, 0.0014152 secs]2016-06-30T12:42:18.369+0500: 29.437: [scrub string table, 0.0002763 secs][1 CMS-remark: 1655659K(1756416K)] 1693776K(2063104K), 0.0107734 secs] [Times: user=0.03 sys=0.00, real=0.01 secs] 
2016-06-30T12:42:18.369+0500: 29.437: [CMS-concurrent-sweep-start]
2016-06-30T12:42:18.454+0500: 29.522: [CMS-concurrent-sweep: 0.085/0.085 secs] [Times: user=0.32 sys=0.00, real=0.09 secs] 
2016-06-30T12:42:18.454+0500: 29.522: [CMS-concurrent-reset-start]
2016-06-30T12:42:18.457+0500: 29.525: [CMS-concurrent-reset: 0.002/0.002 secs] [Times: user=0.01 sys=0.00, real=0.00 secs] 
2016-06-30T12:42:18.474+0500: 29.542: [GC (Allocation Failure) 2016-06-30T12:42:18.475+0500: 29.542: [ParNew: 306688K->34048K(306688K), 0.1591235 secs] 1473014K->1470748K(2063104K), 0.1592240 secs] [Times: user=0.20 sys=0.02, real=0.16 secs] 
2016-06-30T12:42:18.634+0500: 29.702: [GC (CMS Initial Mark) [1 CMS-initial-mark: 1436700K(1756416K)] 1474917K(2063104K), 0.0006547 secs] [Times: user=0.00 sys=0.00, real=0.00 secs] 
2016-06-30T12:42:18.635+0500: 29.703: [CMS-concurrent-mark-start]
2016-06-30T12:42:18.716+0500: 29.784: [CMS-concurrent-mark: 0.081/0.081 secs] [Times: user=0.27 sys=0.00, real=0.08 secs] 
2016-06-30T12:42:18.716+0500: 29.784: [CMS-concurrent-preclean-start]
2016-06-30T12:42:18.721+0500: 29.789: [CMS-concurrent-preclean: 0.005/0.005 secs] [Times: user=0.03 sys=0.00, real=0.01 secs] 
2016-06-30T12:42:18.721+0500: 29.789: [CMS-concurrent-abortable-preclean-start]
2016-06-30T12:42:18.754+0500: 29.822: [GC (Allocation Failure) 2016-06-30T12:42:18.754+0500: 29.822: [ParNew2016-06-30T12:42:18.843+0500: 29.911: [CMS-concurrent-abortable-preclean: 0.022/0.122 secs] [Times: user=0.20 sys=0.02, real=0.12 secs] 
: 306688K->34048K(306688K), 0.1736084 secs] 1743388K->1741136K(2063104K), 0.1737381 secs] [Times: user=0.20 sys=0.03, real=0.17 secs] 
2016-06-30T12:42:18.928+0500: 29.996: [GC (CMS Final Remark) [YG occupancy: 36815 K (306688 K)]2016-06-30T12:42:18.928+0500: 29.996: [Rescan (parallel) , 0.0081376 secs]2016-06-30T12:42:18.937+0500: 30.005: [weak refs processing, 0.0000438 secs]2016-06-30T12:42:18.937+0500: 30.005: [class unloading, 0.0009764 secs]2016-06-30T12:42:18.938+0500: 30.006: [scrub symbol table, 0.0014682 secs]2016-06-30T12:42:18.939+0500: 30.007: [scrub string table, 0.0002971 secs][1 CMS-remark: 1707088K(1756416K)] 1743903K(2063104K), 0.0111120 secs] [Times: user=0.03 sys=0.00, real=0.02 secs] 
2016-06-30T12:42:18.940+0500: 30.008: [CMS-concurrent-sweep-start]
2016-06-30T12:42:19.052+0500: 30.120: [GC (Allocation Failure) 2016-06-30T12:42:19.052+0500: 30.120: [ParNew: 306688K->34048K(306688K), 0.1677078 secs] 1382974K->1381717K(2063104K), 0.1678057 secs] [Times: user=0.20 sys=0.02, real=0.17 secs] 
2016-06-30T12:42:19.223+0500: 30.291: [CMS-concurrent-sweep: 0.115/0.283 secs] [Times: user=0.62 sys=0.03, real=0.28 secs] 
2016-06-30T12:42:19.223+0500: 30.291: [CMS-concurrent-reset-start]
2016-06-30T12:42:19.225+0500: 30.293: [CMS-concurrent-reset: 0.002/0.002 secs] [Times: user=0.00 sys=0.00, real=0.00 secs] 
2016-06-30T12:42:19.321+0500: 30.389: [GC (Allocation Failure) 2016-06-30T12:42:19.321+0500: 30.389: [ParNew: 306688K->34048K(306688K), 0.1903018 secs] 1648927K->1645769K(2063104K), 0.1904763 secs] [Times: user=0.22 sys=0.03, real=0.19 secs] 
2016-06-30T12:42:19.512+0500: 30.580: [GC (CMS Initial Mark) [1 CMS-initial-mark: 1611721K(1756416K)] 1649898K(2063104K), 0.0008777 secs] [Times: user=0.00 sys=0.00, real=0.00 secs] 
2016-06-30T12:42:19.513+0500: 30.581: [CMS-concurrent-mark-start]
2016-06-30T12:42:19.571+0500: 30.639: [CMS-concurrent-mark: 0.058/0.058 secs] [Times: user=0.19 sys=0.00, real=0.06 secs] 
2016-06-30T12:42:19.571+0500: 30.639: [CMS-concurrent-preclean-start]
2016-06-30T12:42:19.576+0500: 30.647: [CMS-concurrent-preclean: 0.005/0.005 secs] [Times: user=0.02 sys=0.00, real=0.00 secs] 
2016-06-30T12:42:19.579+0500: 30.647: [CMS-concurrent-abortable-preclean-start]
2016-06-30T12:42:19.579+0500: 30.647: [CMS-concurrent-abortable-preclean: 0.000/0.000 secs] [Times: user=0.00 sys=0.00, real=0.00 secs] 
2016-06-30T12:42:19.590+0500: 30.658: [GC (CMS Final Remark) [YG occupancy: 168875 K (306688 K)]2016-06-30T12:42:19.590+0500: 30.658: [Rescan (parallel) , 0.0051758 secs]2016-06-30T12:42:19.596+0500: 30.663: [weak refs processing, 0.0000393 secs]2016-06-30T12:42:19.596+0500: 30.663: [class unloading, 0.0010130 secs]2016-06-30T12:42:19.597+0500: 30.665: [scrub symbol table, 0.0009740 secs]2016-06-30T12:42:19.598+0500: 30.666: [scrub string table, 0.0002438 secs][1 CMS-remark: 1611721K(1756416K)] 1780597K(2063104K), 0.0076399 secs] [Times: user=0.02 sys=0.00, real=0.00 secs] 
2016-06-30T12:42:19.599+0500: 30.667: [CMS-concurrent-sweep-start]
2016-06-30T12:42:19.677+0500: 30.745: [GC (Allocation Failure) 2016-06-30T12:42:19.677+0500: 30.745: [ParNew: 306688K->34048K(306688K), 0.1974415 secs] 1599736K->1596840K(2063104K), 0.1975413 secs] [Times: user=0.20 sys=0.02, real=0.20 secs] 
2016-06-30T12:42:20.019+0500: 31.087: [CMS-concurrent-sweep: 0.222/0.420 secs] [Times: user=0.66 sys=0.04, real=0.42 secs] 
2016-06-30T12:42:20.020+0500: 31.088: [CMS-concurrent-reset-start]
2016-06-30T12:42:20.023+0500: 31.091: [CMS-concurrent-reset: 0.003/0.003 secs] [Times: user=0.01 sys=0.00, real=0.00 secs] 
2016-06-30T12:42:20.161+0500: 31.229: [GC (Allocation Failure) 2016-06-30T12:42:20.161+0500: 31.229: [ParNew: 306688K->34048K(306688K), 0.1843880 secs] 1432743K->1430703K(2063104K), 0.1846479 secs] [Times: user=0.22 sys=0.03, real=0.18 secs] 
2016-06-30T12:42:20.346+0500: 31.414: [GC (CMS Initial Mark) [1 CMS-initial-mark: 1396655K(1756416K)] 1431955K(2063104K), 0.0014656 secs] [Times: user=0.00 sys=0.00, real=0.00 secs] 
2016-06-30T12:42:20.348+0500: 31.415: [CMS-concurrent-mark-start]
2016-06-30T12:42:20.438+0500: 31.506: [CMS-concurrent-mark: 0.090/0.090 secs] [Times: user=0.28 sys=0.00, real=0.09 secs] 
2016-06-30T12:42:20.438+0500: 31.506: [CMS-concurrent-preclean-start]
2016-06-30T12:42:20.446+0500: 31.514: [CMS-concurrent-preclean: 0.008/0.008 secs] [Times: user=0.02 sys=0.00, real=0.01 secs] 
2016-06-30T12:42:20.446+0500: 31.514: [CMS-concurrent-abortable-preclean-start]
2016-06-30T12:42:20.485+0500: 31.553: [GC (Allocation Failure) 2016-06-30T12:42:20.485+0500: 31.553: [ParNew2016-06-30T12:42:20.564+0500: 31.632: [CMS-concurrent-abortable-preclean: 0.015/0.118 secs] [Times: user=0.21 sys=0.02, real=0.12 secs] 
: 306688K->34048K(306688K), 0.1719404 secs] 1703343K->1700609K(2063104K), 0.1720288 secs] [Times: user=0.19 sys=0.02, real=0.17 secs] 
2016-06-30T12:42:20.657+0500: 31.725: [GC (CMS Final Remark) [YG occupancy: 39470 K (306688 K)]2016-06-30T12:42:20.657+0500: 31.725: [Rescan (parallel) , 0.0190702 secs]2016-06-30T12:42:20.676+0500: 31.744: [weak refs processing, 0.0000616 secs]2016-06-30T12:42:20.676+0500: 31.744: [class unloading, 0.0010062 secs]2016-06-30T12:42:20.677+0500: 31.745: [scrub symbol table, 0.0013247 secs]2016-06-30T12:42:20.679+0500: 31.747: [scrub string table, 0.0003063 secs][1 CMS-remark: 1666561K(1756416K)] 1706032K(2063104K), 0.0219444 secs] [Times: user=0.03 sys=0.00, real=0.02 secs] 
2016-06-30T12:42:20.679+0500: 31.747: [CMS-concurrent-sweep-start]
2016-06-30T12:42:20.787+0500: 31.855: [CMS-concurrent-sweep: 0.108/0.108 secs] [Times: user=0.33 sys=0.01, real=0.11 secs] 
2016-06-30T12:42:20.787+0500: 31.855: [CMS-concurrent-reset-start]
2016-06-30T12:42:20.790+0500: 31.858: [CMS-concurrent-reset: 0.002/0.002 secs] [Times: user=0.01 sys=0.00, real=0.01 secs] 
2016-06-30T12:42:20.826+0500: 31.894: [GC (Allocation Failure) 2016-06-30T12:42:20.826+0500: 31.894: [ParNew: 306688K->34048K(306688K), 0.1573237 secs] 1431095K->1429749K(2063104K), 0.1574128 secs] [Times: user=0.20 sys=0.03, real=0.16 secs] 
2016-06-30T12:42:20.984+0500: 32.052: [GC (CMS Initial Mark) [1 CMS-initial-mark: 1395701K(1756416K)] 1433754K(2063104K), 0.0009975 secs] [Times: user=0.01 sys=0.00, real=0.00 secs] 
2016-06-30T12:42:20.985+0500: 32.053: [CMS-concurrent-mark-start]
2016-06-30T12:42:21.053+0500: 32.121: [CMS-concurrent-mark: 0.068/0.068 secs] [Times: user=0.24 sys=0.00, real=0.07 secs] 
2016-06-30T12:42:21.053+0500: 32.121: [CMS-concurrent-preclean-start]
2016-06-30T12:42:21.063+0500: 32.131: [CMS-concurrent-preclean: 0.010/0.010 secs] [Times: user=0.03 sys=0.00, real=0.01 secs] 
2016-06-30T12:42:21.063+0500: 32.131: [CMS-concurrent-abortable-preclean-start]
2016-06-30T12:42:21.109+0500: 32.177: [GC (Allocation Failure) 2016-06-30T12:42:21.109+0500: 32.177: [ParNew2016-06-30T12:42:21.184+0500: 32.252: [CMS-concurrent-abortable-preclean: 0.020/0.121 secs] [Times: user=0.21 sys=0.01, real=0.12 secs] 
: 306688K->34048K(306688K), 0.1808213 secs] 1702389K->1699999K(2063104K), 0.1809183 secs] [Times: user=0.20 sys=0.03, real=0.19 secs] 
2016-06-30T12:42:21.309+0500: 32.377: [GC (CMS Final Remark) [YG occupancy: 63836 K (306688 K)]2016-06-30T12:42:21.309+0500: 32.377: [Rescan (parallel) , 0.0091736 secs]2016-06-30T12:42:21.319+0500: 32.387: [weak refs processing, 0.0000388 secs]2016-06-30T12:42:21.319+0500: 32.387: [class unloading, 0.0011127 secs]2016-06-30T12:42:21.320+0500: 32.388: [scrub symbol table, 0.0009517 secs]2016-06-30T12:42:21.321+0500: 32.389: [scrub string table, 0.0002322 secs][1 CMS-remark: 1665951K(1756416K)] 1729788K(2063104K), 0.0116875 secs] [Times: user=0.03 sys=0.00, real=0.02 secs] 
2016-06-30T12:42:21.321+0500: 32.389: [CMS-concurrent-sweep-start]
2016-06-30T12:42:21.471+0500: 32.539: [GC (Allocation Failure) 2016-06-30T12:42:21.471+0500: 32.539: [ParNew: 306688K->34048K(306688K), 0.1761832 secs] 1432181K->1431080K(2063104K), 0.1763015 secs] [Times: user=0.24 sys=0.03, real=0.17 secs] 
2016-06-30T12:42:21.662+0500: 32.730: [CMS-concurrent-sweep: 0.161/0.341 secs] [Times: user=0.63 sys=0.04, real=0.34 secs] 
2016-06-30T12:42:21.662+0500: 32.730: [CMS-concurrent-reset-start]
2016-06-30T12:42:21.666+0500: 32.734: [CMS-concurrent-reset: 0.004/0.004 secs] [Times: user=0.01 sys=0.00, real=0.00 secs] 
2016-06-30T12:42:21.778+0500: 32.846: [GC (Allocation Failure) 2016-06-30T12:42:21.778+0500: 32.846: [ParNew: 306688K->34048K(306688K), 0.1628213 secs] 1692200K->1691130K(2063104K), 0.1629761 secs] [Times: user=0.19 sys=0.03, real=0.17 secs] 
2016-06-30T12:42:21.951+0500: 33.019: [GC (CMS Initial Mark) [1 CMS-initial-mark: 1657082K(1756416K)] 1692591K(2063104K), 0.0019326 secs] [Times: user=0.01 sys=0.00, real=0.00 secs] 
2016-06-30T12:42:21.953+0500: 33.021: [CMS-concurrent-mark-start]
2016-06-30T12:42:22.016+0500: 33.084: [CMS-concurrent-mark: 0.063/0.063 secs] [Times: user=0.18 sys=0.00, real=0.06 secs] 
2016-06-30T12:42:22.016+0500: 33.084: [CMS-concurrent-preclean-start]
2016-06-30T12:42:22.022+0500: 33.090: [CMS-concurrent-preclean: 0.006/0.006 secs] [Times: user=0.02 sys=0.00, real=0.01 secs] 
2016-06-30T12:42:22.022+0500: 33.090: [CMS-concurrent-abortable-preclean-start]
2016-06-30T12:42:22.022+0500: 33.090: [CMS-concurrent-abortable-preclean: 0.000/0.000 secs] [Times: user=0.00 sys=0.00, real=0.00 secs] 
2016-06-30T12:42:22.023+0500: 33.090: [GC (CMS Final Remark) [YG occupancy: 165835 K (306688 K)]2016-06-30T12:42:22.023+0500: 33.091: [Rescan (parallel) , 0.0048847 secs]2016-06-30T12:42:22.027+0500: 33.095: [weak refs processing, 0.0000426 secs]2016-06-30T12:42:22.027+0500: 33.096: [class unloading, 0.0010283 secs]2016-06-30T12:42:22.029+0500: 33.097: [scrub symbol table, 0.0015960 secs]2016-06-30T12:42:22.030+0500: 33.098: [scrub string table, 0.0002190 secs][1 CMS-remark: 1657082K(1756416K)] 1822917K(2063104K), 0.0079356 secs] [Times: user=0.02 sys=0.00, real=0.01 secs] 
2016-06-30T12:42:22.031+0500: 33.099: [CMS-concurrent-sweep-start]
2016-06-30T12:42:22.106+0500: 33.174: [GC (Allocation Failure) 2016-06-30T12:42:22.106+0500: 33.174: [ParNew: 306688K->34048K(306688K), 0.1654467 secs] 1669190K->1667110K(2063104K), 0.1655519 secs] [Times: user=0.21 sys=0.02, real=0.17 secs] 
2016-06-30T12:42:22.328+0500: 33.396: [CMS-concurrent-sweep: 0.120/0.297 secs] [Times: user=0.61 sys=0.04, real=0.29 secs] 
2016-06-30T12:42:22.328+0500: 33.396: [CMS-concurrent-reset-start]
2016-06-30T12:42:22.333+0500: 33.401: [CMS-concurrent-reset: 0.005/0.005 secs] [Times: user=0.02 sys=0.00, real=0.01 secs] 
2016-06-30T12:42:22.411+0500: 33.479: [GC (Allocation Failure) 2016-06-30T12:42:22.411+0500: 33.479: [ParNew: 306688K->34048K(306688K), 0.1865952 secs] 1428127K->1424797K(2063104K), 0.1866957 secs] [Times: user=0.21 sys=0.04, real=0.18 secs] 
2016-06-30T12:42:22.598+0500: 33.666: [GC (CMS Initial Mark) [1 CMS-initial-mark: 1390749K(1756416K)] 1430236K(2063104K), 0.0007308 secs] [Times: user=0.00 sys=0.00, real=0.00 secs] 
2016-06-30T12:42:22.599+0500: 33.667: [CMS-concurrent-mark-start]
2016-06-30T12:42:22.655+0500: 33.723: [CMS-concurrent-mark: 0.056/0.056 secs] [Times: user=0.19 sys=0.00, real=0.06 secs] 
2016-06-30T12:42:22.655+0500: 33.723: [CMS-concurrent-preclean-start]
2016-06-30T12:42:22.660+0500: 33.728: [CMS-concurrent-preclean: 0.005/0.005 secs] [Times: user=0.00 sys=0.00, real=0.01 secs] 
2016-06-30T12:42:22.660+0500: 33.728: [CMS-concurrent-abortable-preclean-start]
2016-06-30T12:42:22.710+0500: 33.778: [GC (Allocation Failure) 2016-06-30T12:42:22.710+0500: 33.778: [ParNew2016-06-30T12:42:22.773+0500: 33.841: [CMS-concurrent-abortable-preclean: 0.012/0.113 secs] [Times: user=0.29 sys=0.01, real=0.11 secs] 
: 306688K->34048K(306688K), 0.1697336 secs] 1697437K->1695564K(2063104K), 0.1698392 secs] [Times: user=0.20 sys=0.03, real=0.17 secs] 
2016-06-30T12:42:22.880+0500: 33.948: [GC (CMS Final Remark) [YG occupancy: 38389 K (306688 K)]2016-06-30T12:42:22.880+0500: 33.948: [Rescan (parallel) , 0.0186543 secs]2016-06-30T12:42:22.899+0500: 33.967: [weak refs processing, 0.0000414 secs]2016-06-30T12:42:22.899+0500: 33.967: [class unloading, 0.0012480 secs]2016-06-30T12:42:22.900+0500: 33.968: [scrub symbol table, 0.0011274 secs]2016-06-30T12:42:22.901+0500: 33.969: [scrub string table, 0.0002563 secs][1 CMS-remark: 1661516K(1756416K)] 1699906K(2063104K), 0.0214871 secs] [Times: user=0.03 sys=0.00, real=0.02 secs] 
2016-06-30T12:42:22.902+0500: 33.970: [CMS-concurrent-sweep-start]
2016-06-30T12:42:22.990+0500: 34.058: [CMS-concurrent-sweep: 0.088/0.088 secs] [Times: user=0.31 sys=0.00, real=0.09 secs] 
2016-06-30T12:42:22.990+0500: 34.058: [CMS-concurrent-reset-start]
2016-06-30T12:42:22.993+0500: 34.061: [CMS-concurrent-reset: 0.002/0.002 secs] [Times: user=0.01 sys=0.00, real=0.00 secs] 
2016-06-30T12:42:23.019+0500: 34.087: [GC (Allocation Failure) 2016-06-30T12:42:23.019+0500: 34.087: [ParNew: 306688K->34048K(306688K), 0.1622308 secs] 1440161K->1438258K(2063104K), 0.1623432 secs] [Times: user=0.21 sys=0.03, real=0.17 secs] 
2016-06-30T12:42:23.196+0500: 34.264: [GC (CMS Initial Mark) [1 CMS-initial-mark: 1404210K(1756416K)] 1448807K(2063104K), 0.0019341 secs] [Times: user=0.01 sys=0.00, real=0.00 secs] 
2016-06-30T12:42:23.198+0500: 34.266: [CMS-concurrent-mark-start]
2016-06-30T12:42:23.263+0500: 34.331: [CMS-concurrent-mark: 0.065/0.065 secs] [Times: user=0.22 sys=0.00, real=0.07 secs] 
2016-06-30T12:42:23.263+0500: 34.331: [CMS-concurrent-preclean-start]
2016-06-30T12:42:23.269+0500: 34.337: [CMS-concurrent-preclean: 0.005/0.005 secs] [Times: user=0.02 sys=0.00, real=0.00 secs] 
2016-06-30T12:42:23.269+0500: 34.337: [CMS-concurrent-abortable-preclean-start]
2016-06-30T12:42:23.303+0500: 34.371: [GC (Allocation Failure) 2016-06-30T12:42:23.303+0500: 34.371: [ParNew2016-06-30T12:42:23.385+0500: 34.453: [CMS-concurrent-abortable-preclean: 0.013/0.116 secs] [Times: user=0.24 sys=0.01, real=0.12 secs] 
: 306688K->34048K(306688K), 0.1606792 secs] 1710898K->1708410K(2063104K), 0.1607780 secs] [Times: user=0.20 sys=0.02, real=0.16 secs] 
2016-06-30T12:42:23.465+0500: 34.533: [GC (CMS Final Remark) [YG occupancy: 38083 K (306688 K)]2016-06-30T12:42:23.465+0500: 34.533: [Rescan (parallel) , 0.0077492 secs]2016-06-30T12:42:23.473+0500: 34.541: [weak refs processing, 0.0000384 secs]2016-06-30T12:42:23.473+0500: 34.541: [class unloading, 0.0009197 secs]2016-06-30T12:42:23.474+0500: 34.542: [scrub symbol table, 0.0009701 secs]2016-06-30T12:42:23.475+0500: 34.543: [scrub string table, 0.0002417 secs][1 CMS-remark: 1674362K(1756416K)] 1712446K(2063104K), 0.0101068 secs] [Times: user=0.03 sys=0.00, real=0.01 secs] 
2016-06-30T12:42:23.475+0500: 34.543: [CMS-concurrent-sweep-start]
2016-06-30T12:42:23.570+0500: 34.638: [CMS-concurrent-sweep: 0.095/0.095 secs] [Times: user=0.31 sys=0.00, real=0.10 secs] 
2016-06-30T12:42:23.570+0500: 34.638: [CMS-concurrent-reset-start]
2016-06-30T12:42:23.573+0500: 34.641: [CMS-concurrent-reset: 0.002/0.002 secs] [Times: user=0.01 sys=0.00, real=0.00 secs] 
2016-06-30T12:42:23.597+0500: 34.665: [GC (Allocation Failure) 2016-06-30T12:42:23.597+0500: 34.665: [ParNew: 306688K->34048K(306688K), 0.1607023 secs] 1397798K->1396068K(2063104K), 0.1607922 secs] [Times: user=0.22 sys=0.02, real=0.16 secs] 
2016-06-30T12:42:23.758+0500: 34.826: [GC (CMS Initial Mark) [1 CMS-initial-mark: 1362020K(1756416K)] 1398762K(2063104K), 0.0013222 secs] [Times: user=0.00 sys=0.00, real=0.01 secs] 
2016-06-30T12:42:23.760+0500: 34.828: [CMS-concurrent-mark-start]
2016-06-30T12:42:23.819+0500: 34.887: [CMS-concurrent-mark: 0.059/0.059 secs] [Times: user=0.22 sys=0.00, real=0.05 secs] 
2016-06-30T12:42:23.819+0500: 34.887: [CMS-concurrent-preclean-start]
2016-06-30T12:42:23.828+0500: 34.896: [CMS-concurrent-preclean: 0.009/0.009 secs] [Times: user=0.04 sys=0.00, real=0.01 secs] 
2016-06-30T12:42:23.828+0500: 34.897: [CMS-concurrent-abortable-preclean-start]
2016-06-30T12:42:23.865+0500: 34.933: [GC (Allocation Failure) 2016-06-30T12:42:23.865+0500: 34.933: [ParNew2016-06-30T12:42:23.945+0500: 35.013: [CMS-concurrent-abortable-preclean: 0.013/0.116 secs] [Times: user=0.25 sys=0.02, real=0.12 secs] 
: 306688K->34048K(306688K), 0.1732982 secs] 1668708K->1667441K(2063104K), 0.1734157 secs] [Times: user=0.23 sys=0.02, real=0.17 secs] 
2016-06-30T12:42:24.039+0500: 35.107: [GC (CMS Final Remark) [YG occupancy: 38209 K (306688 K)]2016-06-30T12:42:24.039+0500: 35.107: [Rescan (parallel) , 0.0084881 secs]2016-06-30T12:42:24.048+0500: 35.116: [weak refs processing, 0.0000425 secs]2016-06-30T12:42:24.048+0500: 35.116: [class unloading, 0.0009664 secs]2016-06-30T12:42:24.049+0500: 35.117: [scrub symbol table, 0.0010996 secs]2016-06-30T12:42:24.050+0500: 35.118: [scrub string table, 0.0002434 secs][1 CMS-remark: 1633393K(1756416K)] 1671602K(2063104K), 0.0110205 secs] [Times: user=0.03 sys=0.00, real=0.02 secs] 
2016-06-30T12:42:24.050+0500: 35.118: [CMS-concurrent-sweep-start]
2016-06-30T12:42:24.161+0500: 35.229: [CMS-concurrent-sweep: 0.111/0.111 secs] [Times: user=0.35 sys=0.00, real=0.11 secs] 
2016-06-30T12:42:24.161+0500: 35.230: [CMS-concurrent-reset-start]
2016-06-30T12:42:24.176+0500: 35.244: [CMS-concurrent-reset: 0.014/0.014 secs] [Times: user=0.05 sys=0.00, real=0.01 secs] 
2016-06-30T12:42:24.177+0500: 35.245: [GC (Allocation Failure) 2016-06-30T12:42:24.177+0500: 35.245: [ParNew: 306688K->34048K(306688K), 0.1521606 secs] 1411196K->1409308K(2063104K), 0.1522360 secs] [Times: user=0.19 sys=0.02, real=0.15 secs] 
2016-06-30T12:42:24.329+0500: 35.397: [GC (CMS Initial Mark) [1 CMS-initial-mark: 1375260K(1756416K)] 1413368K(2063104K), 0.0010414 secs] [Times: user=0.01 sys=0.00, real=0.01 secs] 
2016-06-30T12:42:24.330+0500: 35.398: [CMS-concurrent-mark-start]
2016-06-30T12:42:24.402+0500: 35.470: [CMS-concurrent-mark: 0.071/0.071 secs] [Times: user=0.23 sys=0.00, real=0.07 secs] 
2016-06-30T12:42:24.402+0500: 35.470: [CMS-concurrent-preclean-start]
2016-06-30T12:42:24.407+0500: 35.475: [CMS-concurrent-preclean: 0.005/0.005 secs] [Times: user=0.03 sys=0.00, real=0.00 secs] 
2016-06-30T12:42:24.407+0500: 35.475: [CMS-concurrent-abortable-preclean-start]
2016-06-30T12:42:24.443+0500: 35.511: [GC (Allocation Failure) 2016-06-30T12:42:24.443+0500: 35.511: [ParNew2016-06-30T12:42:24.532+0500: 35.600: [CMS-concurrent-abortable-preclean: 0.020/0.125 secs] [Times: user=0.26 sys=0.02, real=0.13 secs] 
: 306688K->34048K(306688K), 0.1589320 secs] 1681948K->1678205K(2063104K), 0.1590331 secs] [Times: user=0.25 sys=0.03, real=0.16 secs] 
2016-06-30T12:42:24.605+0500: 35.673: [GC (CMS Final Remark) [YG occupancy: 40649 K (306688 K)]2016-06-30T12:42:24.605+0500: 35.673: [Rescan (parallel) , 0.0084559 secs]2016-06-30T12:42:24.614+0500: 35.682: [weak refs processing, 0.0000445 secs]2016-06-30T12:42:24.614+0500: 35.682: [class unloading, 0.0010191 secs]2016-06-30T12:42:24.615+0500: 35.683: [scrub symbol table, 0.0012303 secs]2016-06-30T12:42:24.616+0500: 35.684: [scrub string table, 0.0002290 secs][1 CMS-remark: 1644157K(1756416K)] 1684806K(2063104K), 0.0111629 secs] [Times: user=0.03 sys=0.00, real=0.01 secs] 
2016-06-30T12:42:24.617+0500: 35.685: [CMS-concurrent-sweep-start]
2016-06-30T12:42:24.726+0500: 35.794: [CMS-concurrent-sweep: 0.109/0.109 secs] [Times: user=0.39 sys=0.01, real=0.11 secs] 
2016-06-30T12:42:24.726+0500: 35.794: [GC (Allocation Failure) 2016-06-30T12:42:24.726+0500: 35.794: [ParNew: 306688K->34048K(306688K), 0.1516581 secs] 1400845K->1400247K(2063104K), 0.1517302 secs] [Times: user=0.19 sys=0.02, real=0.15 secs] 
2016-06-30T12:42:24.878+0500: 35.946: [CMS-concurrent-reset-start]
2016-06-30T12:42:24.882+0500: 35.950: [CMS-concurrent-reset: 0.003/0.003 secs] [Times: user=0.01 sys=0.00, real=0.01 secs] 
2016-06-30T12:42:24.988+0500: 36.056: [GC (Allocation Failure) 2016-06-30T12:42:24.988+0500: 36.056: [ParNew: 306688K->34048K(306688K), 0.1513874 secs] 1672887K->1670108K(2063104K), 0.1514996 secs] [Times: user=0.19 sys=0.02, real=0.15 secs] 
2016-06-30T12:42:25.140+0500: 36.208: [GC (CMS Initial Mark) [1 CMS-initial-mark: 1636060K(1756416K)] 1675536K(2063104K), 0.0007866 secs] [Times: user=0.00 sys=0.00, real=0.00 secs] 
2016-06-30T12:42:25.141+0500: 36.209: [CMS-concurrent-mark-start]
2016-06-30T12:42:25.206+0500: 36.274: [CMS-concurrent-mark: 0.065/0.065 secs] [Times: user=0.22 sys=0.00, real=0.06 secs] 
2016-06-30T12:42:25.206+0500: 36.274: [CMS-concurrent-preclean-start]
2016-06-30T12:42:25.212+0500: 36.280: [CMS-concurrent-preclean: 0.005/0.005 secs] [Times: user=0.02 sys=0.00, real=0.01 secs] 
2016-06-30T12:42:25.212+0500: 36.280: [CMS-concurrent-abortable-preclean-start]
2016-06-30T12:42:25.212+0500: 36.280: [CMS-concurrent-abortable-preclean: 0.000/0.000 secs] [Times: user=0.00 sys=0.00, real=0.00 secs] 
2016-06-30T12:42:25.212+0500: 36.280: [GC (CMS Final Remark) [YG occupancy: 198517 K (306688 K)]2016-06-30T12:42:25.212+0500: 36.280: [Rescan (parallel) , 0.0043064 secs]2016-06-30T12:42:25.216+0500: 36.284: [weak refs processing, 0.0000392 secs]2016-06-30T12:42:25.216+0500: 36.285: [class unloading, 0.0009582 secs]2016-06-30T12:42:25.217+0500: 36.286: [scrub symbol table, 0.0011866 secs]2016-06-30T12:42:25.219+0500: 36.287: [scrub string table, 0.0002393 secs][1 CMS-remark: 1636060K(1756416K)] 1834578K(2063104K), 0.0068964 secs] [Times: user=0.01 sys=0.00, real=0.00 secs] 
2016-06-30T12:42:25.219+0500: 36.287: [CMS-concurrent-sweep-start]
2016-06-30T12:42:25.272+0500: 36.340: [GC (Allocation Failure) 2016-06-30T12:42:25.272+0500: 36.340: [ParNew: 306688K->34048K(306688K), 0.1719610 secs] 1591177K->1588989K(2063104K), 0.1720516 secs] [Times: user=0.21 sys=0.02, real=0.17 secs] 
2016-06-30T12:42:25.576+0500: 36.644: [CMS-concurrent-sweep: 0.185/0.357 secs] [Times: user=0.74 sys=0.03, real=0.36 secs] 
2016-06-30T12:42:25.576+0500: 36.644: [CMS-concurrent-reset-start]
2016-06-30T12:42:25.579+0500: 36.647: [CMS-concurrent-reset: 0.003/0.003 secs] [Times: user=0.01 sys=0.00, real=0.00 secs] 
2016-06-30T12:42:25.582+0500: 36.650: [GC (Allocation Failure) 2016-06-30T12:42:25.582+0500: 36.650: [ParNew: 306688K->34048K(306688K), 0.2179781 secs] 1419587K->1417705K(2063104K), 0.2180794 secs] [Times: user=0.22 sys=0.07, real=0.22 secs] 
2016-06-30T12:42:25.801+0500: 36.869: [GC (CMS Initial Mark) [1 CMS-initial-mark: 1383657K(1756416K)] 1421753K(2063104K), 0.0010677 secs] [Times: user=0.01 sys=0.01, real=0.00 secs] 
2016-06-30T12:42:25.802+0500: 36.870: [CMS-concurrent-mark-start]
2016-06-30T12:42:25.866+0500: 36.934: [CMS-concurrent-mark: 0.064/0.064 secs] [Times: user=0.23 sys=0.00, real=0.06 secs] 
2016-06-30T12:42:25.866+0500: 36.934: [CMS-concurrent-preclean-start]
2016-06-30T12:42:25.871+0500: 36.939: [CMS-concurrent-preclean: 0.005/0.005 secs] [Times: user=0.02 sys=0.00, real=0.01 secs] 
2016-06-30T12:42:25.871+0500: 36.939: [CMS-concurrent-abortable-preclean-start]
2016-06-30T12:42:25.916+0500: 36.984: [GC (Allocation Failure) 2016-06-30T12:42:25.916+0500: 36.984: [ParNew2016-06-30T12:42:25.986+0500: 37.054: [CMS-concurrent-abortable-preclean: 0.012/0.115 secs] [Times: user=0.24 sys=0.02, real=0.11 secs] 
: 306688K->34048K(306688K), 0.1609489 secs] 1690345K->1688295K(2063104K), 0.1610449 secs] [Times: user=0.23 sys=0.03, real=0.16 secs] 
2016-06-30T12:42:26.078+0500: 37.146: [GC (CMS Final Remark) [YG occupancy: 36740 K (306688 K)]2016-06-30T12:42:26.078+0500: 37.146: [Rescan (parallel) , 0.0252930 secs]2016-06-30T12:42:26.103+0500: 37.171: [weak refs processing, 0.0000404 secs]2016-06-30T12:42:26.103+0500: 37.171: [class unloading, 0.0012076 secs]2016-06-30T12:42:26.104+0500: 37.173: [scrub symbol table, 0.0014869 secs]2016-06-30T12:42:26.106+0500: 37.174: [scrub string table, 0.0002477 secs][1 CMS-remark: 1654247K(1756416K)] 1690987K(2063104K), 0.0284441 secs] [Times: user=0.03 sys=0.00, real=0.03 secs] 
2016-06-30T12:42:26.107+0500: 37.175: [CMS-concurrent-sweep-start]
2016-06-30T12:42:26.203+0500: 37.272: [CMS-concurrent-sweep: 0.097/0.097 secs] [Times: user=0.36 sys=0.00, real=0.10 secs] 
2016-06-30T12:42:26.204+0500: 37.272: [CMS-concurrent-reset-start]
2016-06-30T12:42:26.206+0500: 37.274: [CMS-concurrent-reset: 0.002/0.002 secs] [Times: user=0.00 sys=0.00, real=0.00 secs] 
2016-06-30T12:42:26.218+0500: 37.286: [GC (Allocation Failure) 2016-06-30T12:42:26.218+0500: 37.286: [ParNew: 306688K->34048K(306688K), 0.1505572 secs] 1409576K->1406778K(2063104K), 0.1506753 secs] [Times: user=0.23 sys=0.03, real=0.15 secs] 
2016-06-30T12:42:26.369+0500: 37.437: [GC (CMS Initial Mark) [1 CMS-initial-mark: 1372730K(1756416K)] 1409589K(2063104K), 0.0011795 secs] [Times: user=0.00 sys=0.00, real=0.01 secs] 
2016-06-30T12:42:26.371+0500: 37.439: [CMS-concurrent-mark-start]
2016-06-30T12:42:26.447+0500: 37.515: [CMS-concurrent-mark: 0.076/0.076 secs] [Times: user=0.24 sys=0.00, real=0.07 secs] 
2016-06-30T12:42:26.447+0500: 37.515: [CMS-concurrent-preclean-start]
2016-06-30T12:42:26.460+0500: 37.528: [CMS-concurrent-preclean: 0.013/0.013 secs] [Times: user=0.04 sys=0.00, real=0.02 secs] 
2016-06-30T12:42:26.460+0500: 37.528: [CMS-concurrent-abortable-preclean-start]
2016-06-30T12:42:26.497+0500: 37.565: [GC (Allocation Failure) 2016-06-30T12:42:26.497+0500: 37.565: [ParNew2016-06-30T12:42:26.583+0500: 37.651: [CMS-concurrent-abortable-preclean: 0.023/0.124 secs] [Times: user=0.23 sys=0.01, real=0.12 secs] 
: 306688K->34048K(306688K), 0.1730953 secs] 1679418K->1677998K(2063104K), 0.1731852 secs] [Times: user=0.21 sys=0.02, real=0.18 secs] 
2016-06-30T12:42:26.672+0500: 37.740: [GC (CMS Final Remark) [YG occupancy: 38136 K (306688 K)]2016-06-30T12:42:26.672+0500: 37.740: [Rescan (parallel) , 0.0081956 secs]2016-06-30T12:42:26.680+0500: 37.748: [weak refs processing, 0.0000399 secs]2016-06-30T12:42:26.680+0500: 37.748: [class unloading, 0.0009496 secs]2016-06-30T12:42:26.681+0500: 37.749: [scrub symbol table, 0.0011229 secs]2016-06-30T12:42:26.682+0500: 37.751: [scrub string table, 0.0002321 secs][1 CMS-remark: 1643950K(1756416K)] 1682086K(2063104K), 0.0107289 secs] [Times: user=0.03 sys=0.00, real=0.01 secs] 
2016-06-30T12:42:26.683+0500: 37.751: [CMS-concurrent-sweep-start]
2016-06-30T12:42:26.788+0500: 37.856: [CMS-concurrent-sweep: 0.105/0.105 secs] [Times: user=0.34 sys=0.01, real=0.10 secs] 
2016-06-30T12:42:26.788+0500: 37.857: [CMS-concurrent-reset-start]
2016-06-30T12:42:26.792+0500: 37.861: [CMS-concurrent-reset: 0.004/0.004 secs] [Times: user=0.01 sys=0.00, real=0.01 secs] 
2016-06-30T12:42:26.814+0500: 37.883: [GC (Allocation Failure) 2016-06-30T12:42:26.815+0500: 37.883: [ParNew: 306688K->34048K(306688K), 0.1512107 secs] 1427128K->1425334K(2063104K), 0.1513051 secs] [Times: user=0.25 sys=0.02, real=0.15 secs] 
2016-06-30T12:42:26.978+0500: 38.046: [GC (CMS Initial Mark) [1 CMS-initial-mark: 1391286K(1756416K)] 1460449K(2063104K), 0.0010240 secs] [Times: user=0.01 sys=0.00, real=0.00 secs] 
2016-06-30T12:42:26.979+0500: 38.047: [CMS-concurrent-mark-start]
2016-06-30T12:42:27.051+0500: 38.119: [CMS-concurrent-mark: 0.072/0.072 secs] [Times: user=0.22 sys=0.00, real=0.08 secs] 
2016-06-30T12:42:27.051+0500: 38.119: [CMS-concurrent-preclean-start]
2016-06-30T12:42:27.056+0500: 38.124: [CMS-concurrent-preclean: 0.005/0.005 secs] [Times: user=0.02 sys=0.00, real=0.00 secs] 
2016-06-30T12:42:27.056+0500: 38.124: [CMS-concurrent-abortable-preclean-start]
2016-06-30T12:42:27.094+0500: 38.162: [GC (Allocation Failure) 2016-06-30T12:42:27.094+0500: 38.162: [ParNew2016-06-30T12:42:27.177+0500: 38.245: [CMS-concurrent-abortable-preclean: 0.017/0.120 secs] [Times: user=0.22 sys=0.01, real=0.12 secs] 
: 306688K->34048K(306688K), 0.1651538 secs] 1697974K->1695338K(2063104K), 0.1652899 secs] [Times: user=0.21 sys=0.02, real=0.16 secs] 
2016-06-30T12:42:27.259+0500: 38.328: [GC (CMS Final Remark) [YG occupancy: 38154 K (306688 K)]2016-06-30T12:42:27.259+0500: 38.328: [Rescan (parallel) , 0.0083221 secs]2016-06-30T12:42:27.268+0500: 38.336: [weak refs processing, 0.0000358 secs]2016-06-30T12:42:27.268+0500: 38.336: [class unloading, 0.0009348 secs]2016-06-30T12:42:27.269+0500: 38.337: [scrub symbol table, 0.0012805 secs]2016-06-30T12:42:27.270+0500: 38.338: [scrub string table, 0.0002232 secs][1 CMS-remark: 1661290K(1756416K)] 1699445K(2063104K), 0.0109798 secs] [Times: user=0.03 sys=0.00, real=0.02 secs] 
2016-06-30T12:42:27.271+0500: 38.339: [CMS-concurrent-sweep-start]
2016-06-30T12:42:27.361+0500: 38.429: [CMS-concurrent-sweep: 0.090/0.090 secs] [Times: user=0.32 sys=0.00, real=0.09 secs] 
2016-06-30T12:42:27.361+0500: 38.429: [CMS-concurrent-reset-start]
2016-06-30T12:42:27.364+0500: 38.432: [CMS-concurrent-reset: 0.003/0.003 secs] [Times: user=0.01 sys=0.00, real=0.00 secs] 
2016-06-30T12:42:27.388+0500: 38.456: [GC (Allocation Failure) 2016-06-30T12:42:27.388+0500: 38.456: [ParNew: 306688K->34048K(306688K), 0.1526854 secs] 1388585K->1386195K(2063104K), 0.1527728 secs] [Times: user=0.23 sys=0.02, real=0.16 secs] 
2016-06-30T12:42:27.542+0500: 38.610: [GC (CMS Initial Mark) [1 CMS-initial-mark: 1352147K(1756416K)] 1390190K(2063104K), 0.0014791 secs] [Times: user=0.00 sys=0.00, real=0.00 secs] 
2016-06-30T12:42:27.543+0500: 38.611: [CMS-concurrent-mark-start]
2016-06-30T12:42:27.616+0500: 38.684: [CMS-concurrent-mark: 0.073/0.073 secs] [Times: user=0.24 sys=0.00, real=0.07 secs] 
2016-06-30T12:42:27.616+0500: 38.684: [CMS-concurrent-preclean-start]
2016-06-30T12:42:27.621+0500: 38.689: [CMS-concurrent-preclean: 0.005/0.005 secs] [Times: user=0.01 sys=0.00, real=0.01 secs] 
2016-06-30T12:42:27.621+0500: 38.689: [CMS-concurrent-abortable-preclean-start]
2016-06-30T12:42:27.658+0500: 38.726: [GC (Allocation Failure) 2016-06-30T12:42:27.658+0500: 38.726: [ParNew2016-06-30T12:42:27.735+0500: 38.803: [CMS-concurrent-abortable-preclean: 0.014/0.114 secs] [Times: user=0.25 sys=0.02, real=0.11 secs] 
: 306688K->34048K(306688K), 0.1681668 secs] 1658835K->1657966K(2063104K), 0.1682781 secs] [Times: user=0.24 sys=0.03, real=0.17 secs] 
2016-06-30T12:42:27.826+0500: 38.895: [GC (CMS Final Remark) [YG occupancy: 38131 K (306688 K)]2016-06-30T12:42:27.826+0500: 38.895: [Rescan (parallel) , 0.0093955 secs]2016-06-30T12:42:27.836+0500: 38.904: [weak refs processing, 0.0000460 secs]2016-06-30T12:42:27.836+0500: 38.904: [class unloading, 0.0010291 secs]2016-06-30T12:42:27.837+0500: 38.905: [scrub symbol table, 0.0015002 secs]2016-06-30T12:42:27.839+0500: 38.907: [scrub string table, 0.0002707 secs][1 CMS-remark: 1623918K(1756416K)] 1662050K(2063104K), 0.0124270 secs] [Times: user=0.03 sys=0.00, real=0.01 secs] 
2016-06-30T12:42:27.839+0500: 38.907: [CMS-concurrent-sweep-start]
2016-06-30T12:42:27.928+0500: 38.996: [CMS-concurrent-sweep: 0.089/0.089 secs] [Times: user=0.31 sys=0.00, real=0.09 secs] 
2016-06-30T12:42:27.928+0500: 38.996: [CMS-concurrent-reset-start]
2016-06-30T12:42:27.931+0500: 38.999: [CMS-concurrent-reset: 0.003/0.003 secs] [Times: user=0.01 sys=0.00, real=0.01 secs] 
2016-06-30T12:42:27.958+0500: 39.026: [GC (Allocation Failure) 2016-06-30T12:42:27.958+0500: 39.026: [ParNew: 306688K->34048K(306688K), 0.1580100 secs] 1402548K->1400901K(2063104K), 0.1581076 secs] [Times: user=0.22 sys=0.02, real=0.16 secs] 
2016-06-30T12:42:28.117+0500: 39.185: [GC (CMS Initial Mark) [1 CMS-initial-mark: 1366853K(1756416K)] 1404960K(2063104K), 0.0008464 secs] [Times: user=0.00 sys=0.00, real=0.00 secs] 
2016-06-30T12:42:28.117+0500: 39.186: [CMS-concurrent-mark-start]
2016-06-30T12:42:28.189+0500: 39.258: [CMS-concurrent-mark: 0.072/0.072 secs] [Times: user=0.25 sys=0.00, real=0.07 secs] 
2016-06-30T12:42:28.189+0500: 39.258: [CMS-concurrent-preclean-start]
2016-06-30T12:42:28.194+0500: 39.262: [CMS-concurrent-preclean: 0.005/0.005 secs] [Times: user=0.01 sys=0.00, real=0.01 secs] 
2016-06-30T12:42:28.194+0500: 39.262: [CMS-concurrent-abortable-preclean-start]
2016-06-30T12:42:28.238+0500: 39.306: [GC (Allocation Failure) 2016-06-30T12:42:28.238+0500: 39.306: [ParNew2016-06-30T12:42:28.307+0500: 39.375: [CMS-concurrent-abortable-preclean: 0.012/0.113 secs] [Times: user=0.24 sys=0.02, real=0.11 secs] 
: 306688K->34048K(306688K), 0.1662475 secs] 1673541K->1671211K(2063104K), 0.1663335 secs] [Times: user=0.22 sys=0.03, real=0.17 secs] 
2016-06-30T12:42:28.405+0500: 39.473: [GC (CMS Final Remark) [YG occupancy: 38218 K (306688 K)]2016-06-30T12:42:28.405+0500: 39.473: [Rescan (parallel) , 0.0078559 secs]2016-06-30T12:42:28.412+0500: 39.481: [weak refs processing, 0.0000407 secs]2016-06-30T12:42:28.413+0500: 39.481: [class unloading, 0.0009446 secs]2016-06-30T12:42:28.413+0500: 39.482: [scrub symbol table, 0.0010071 secs]2016-06-30T12:42:28.415+0500: 39.483: [scrub string table, 0.0002454 secs][1 CMS-remark: 1637163K(1756416K)] 1675381K(2063104K), 0.0102627 secs] [Times: user=0.04 sys=0.00, real=0.01 secs] 
2016-06-30T12:42:28.415+0500: 39.483: [CMS-concurrent-sweep-start]
2016-06-30T12:42:28.536+0500: 39.604: [CMS-concurrent-sweep: 0.121/0.121 secs] [Times: user=0.39 sys=0.01, real=0.12 secs] 
2016-06-30T12:42:28.536+0500: 39.604: [CMS-concurrent-reset-start]
2016-06-30T12:42:28.539+0500: 39.607: [CMS-concurrent-reset: 0.003/0.003 secs] [Times: user=0.01 sys=0.00, real=0.00 secs] 
2016-06-30T12:42:28.545+0500: 39.613: [GC (Allocation Failure) 2016-06-30T12:42:28.545+0500: 39.613: [ParNew: 306688K->34048K(306688K), 0.1655019 secs] 1403380K->1400596K(2063104K), 0.1656201 secs] [Times: user=0.20 sys=0.03, real=0.17 secs] 
2016-06-30T12:42:28.712+0500: 39.780: [GC (CMS Initial Mark) [1 CMS-initial-mark: 1366548K(1756416K)] 1404649K(2063104K), 0.0015258 secs] [Times: user=0.00 sys=0.00, real=0.00 secs] 
2016-06-30T12:42:28.713+0500: 39.781: [CMS-concurrent-mark-start]
2016-06-30T12:42:28.789+0500: 39.857: [CMS-concurrent-mark: 0.076/0.076 secs] [Times: user=0.27 sys=0.00, real=0.07 secs] 
2016-06-30T12:42:28.789+0500: 39.857: [CMS-concurrent-preclean-start]
2016-06-30T12:42:28.794+0500: 39.862: [CMS-concurrent-preclean: 0.005/0.005 secs] [Times: user=0.01 sys=0.00, real=0.01 secs] 
2016-06-30T12:42:28.794+0500: 39.862: [CMS-concurrent-abortable-preclean-start]
2016-06-30T12:42:28.822+0500: 39.890: [GC (Allocation Failure) 2016-06-30T12:42:28.822+0500: 39.890: [ParNew2016-06-30T12:42:28.906+0500: 39.974: [CMS-concurrent-abortable-preclean: 0.012/0.112 secs] [Times: user=0.22 sys=0.02, real=0.11 secs] 
: 306688K->34048K(306688K), 0.1634503 secs] 1673236K->1670768K(2063104K), 0.1635451 secs] [Times: user=0.20 sys=0.04, real=0.16 secs] 
2016-06-30T12:42:28.989+0500: 40.057: [GC (CMS Final Remark) [YG occupancy: 43584 K (306688 K)]2016-06-30T12:42:28.989+0500: 40.057: [Rescan (parallel) , 0.0080524 secs]2016-06-30T12:42:28.997+0500: 40.065: [weak refs processing, 0.0000419 secs]2016-06-30T12:42:28.997+0500: 40.065: [class unloading, 0.0009543 secs]2016-06-30T12:42:28.998+0500: 40.066: [scrub symbol table, 0.0014536 secs]2016-06-30T12:42:29.000+0500: 40.068: [scrub string table, 0.0002488 secs][1 CMS-remark: 1636720K(1756416K)] 1680304K(2063104K), 0.0109314 secs] [Times: user=0.03 sys=0.00, real=0.02 secs] 
2016-06-30T12:42:29.001+0500: 40.070: [CMS-concurrent-sweep-start]
2016-06-30T12:42:29.157+0500: 40.225: [GC (Allocation Failure) 2016-06-30T12:42:29.157+0500: 40.225: [ParNew: 306688K->34048K(306688K), 0.1555320 secs] 1386821K->1384766K(2063104K), 0.1556296 secs] [Times: user=0.22 sys=0.02, real=0.16 secs] 
2016-06-30T12:42:29.318+0500: 40.386: [CMS-concurrent-sweep: 0.150/0.317 secs] [Times: user=0.61 sys=0.02, real=0.31 secs] 
2016-06-30T12:42:29.318+0500: 40.386: [CMS-concurrent-reset-start]
2016-06-30T12:42:29.321+0500: 40.389: [CMS-concurrent-reset: 0.003/0.003 secs] [Times: user=0.02 sys=0.00, real=0.01 secs] 
2016-06-30T12:42:29.412+0500: 40.480: [GC (Allocation Failure) 2016-06-30T12:42:29.412+0500: 40.480: [ParNew: 306688K->34048K(306688K), 0.1894371 secs] 1628930K->1626530K(2063104K), 0.1895444 secs] [Times: user=0.27 sys=0.03, real=0.19 secs] 
2016-06-30T12:42:29.602+0500: 40.670: [GC (CMS Initial Mark) [1 CMS-initial-mark: 1592482K(1756416K)] 1629344K(2063104K), 0.0017260 secs] [Times: user=0.00 sys=0.00, real=0.00 secs] 
2016-06-30T12:42:29.604+0500: 40.672: [CMS-concurrent-mark-start]
2016-06-30T12:42:29.666+0500: 40.735: [CMS-concurrent-mark: 0.063/0.063 secs] [Times: user=0.23 sys=0.00, real=0.06 secs] 
2016-06-30T12:42:29.666+0500: 40.735: [CMS-concurrent-preclean-start]
2016-06-30T12:42:29.677+0500: 40.746: [CMS-concurrent-preclean: 0.011/0.011 secs] [Times: user=0.04 sys=0.00, real=0.01 secs] 
2016-06-30T12:42:29.677+0500: 40.746: [CMS-concurrent-abortable-preclean-start]
2016-06-30T12:42:29.677+0500: 40.746: [CMS-concurrent-abortable-preclean: 0.000/0.000 secs] [Times: user=0.00 sys=0.00, real=0.00 secs] 
2016-06-30T12:42:29.678+0500: 40.746: [GC (CMS Final Remark) [YG occupancy: 213808 K (306688 K)]2016-06-30T12:42:29.678+0500: 40.746: [Rescan (parallel) , 0.0052164 secs]2016-06-30T12:42:29.683+0500: 40.751: [weak refs processing, 0.0000370 secs]2016-06-30T12:42:29.683+0500: 40.751: [class unloading, 0.0009974 secs]2016-06-30T12:42:29.684+0500: 40.752: [scrub symbol table, 0.0010871 secs]2016-06-30T12:42:29.685+0500: 40.754: [scrub string table, 0.0002356 secs][1 CMS-remark: 1592482K(1756416K)] 1806291K(2063104K), 0.0077625 secs] [Times: user=0.02 sys=0.00, real=0.01 secs] 
2016-06-30T12:42:29.686+0500: 40.754: [CMS-concurrent-sweep-start]
2016-06-30T12:42:29.724+0500: 40.792: [GC (Allocation Failure) 2016-06-30T12:42:29.724+0500: 40.792: [ParNew: 306688K->34048K(306688K), 0.2852265 secs] 1624207K->1622437K(2063104K), 0.2853358 secs] [Times: user=0.26 sys=0.06, real=0.28 secs] 
2016-06-30T12:42:30.178+0500: 41.246: [GC (Allocation Failure) 2016-06-30T12:42:30.178+0500: 41.246: [ParNew: 306688K->34048K(306688K), 0.2654327 secs] 1731139K->1729434K(2063104K), 0.2655404 secs] [Times: user=0.23 sys=0.07, real=0.27 secs] 
2016-06-30T12:42:30.587+0500: 41.655: [GC (Allocation Failure) 2016-06-30T12:42:30.587+0500: 41.655: [ParNew: 306688K->306688K(306688K), 0.0000389 secs]2016-06-30T12:42:30.587+0500: 41.655: [CMS2016-06-30T12:42:30.660+0500: 41.729: [CMS-concurrent-sweep: 0.422/0.974 secs] [Times: user=1.39 sys=0.31, real=0.98 secs] 
 (concurrent mode failure): 1647698K->985046K(1756416K), 0.8328560 secs] 1954386K->985046K(2063104K), [Metaspace: 4491K->4491K(1056768K)], 0.8331926 secs] [Times: user=0.55 sys=0.18, real=0.84 secs] 
2016-06-30T12:42:31.538+0500: 42.606: [GC (Allocation Failure) 2016-06-30T12:42:31.538+0500: 42.606: [ParNew: 272640K->34048K(306688K), 0.2059202 secs] 1257686K->1255733K(2063104K), 0.2060254 secs] [Times: user=0.21 sys=0.09, real=0.21 secs] 
2016-06-30T12:42:31.744+0500: 42.813: [GC (CMS Initial Mark) [1 CMS-initial-mark: 1221685K(1756416K)] 1261165K(2063104K), 0.0008708 secs] [Times: user=0.00 sys=0.00, real=0.00 secs] 
2016-06-30T12:42:31.745+0500: 42.814: [CMS-concurrent-mark-start]
2016-06-30T12:42:31.814+0500: 42.883: [CMS-concurrent-mark: 0.069/0.069 secs] [Times: user=0.24 sys=0.00, real=0.07 secs] 
2016-06-30T12:42:31.815+0500: 42.883: [CMS-concurrent-preclean-start]
2016-06-30T12:42:31.819+0500: 42.888: [CMS-concurrent-preclean: 0.005/0.005 secs] [Times: user=0.03 sys=0.00, real=0.00 secs] 
2016-06-30T12:42:31.819+0500: 42.888: [CMS-concurrent-abortable-preclean-start]
2016-06-30T12:42:31.864+0500: 42.932: [GC (Allocation Failure) 2016-06-30T12:42:31.864+0500: 42.932: [ParNew2016-06-30T12:42:31.932+0500: 43.000: [CMS-concurrent-abortable-preclean: 0.012/0.112 secs] [Times: user=0.22 sys=0.02, real=0.12 secs] 
: 306688K->34048K(306688K), 0.1738497 secs] 1528373K->1527310K(2063104K), 0.1739452 secs] [Times: user=0.17 sys=0.05, real=0.17 secs] 
2016-06-30T12:42:32.038+0500: 43.106: [GC (CMS Final Remark) [YG occupancy: 39484 K (306688 K)]2016-06-30T12:42:32.038+0500: 43.106: [Rescan (parallel) , 0.0083764 secs]2016-06-30T12:42:32.046+0500: 43.115: [weak refs processing, 0.0000333 secs]2016-06-30T12:42:32.046+0500: 43.115: [class unloading, 0.0008601 secs]2016-06-30T12:42:32.047+0500: 43.116: [scrub symbol table, 0.0009070 secs]2016-06-30T12:42:32.048+0500: 43.117: [scrub string table, 0.0001918 secs][1 CMS-remark: 1493262K(1756416K)] 1532747K(2063104K), 0.0104986 secs] [Times: user=0.03 sys=0.00, real=0.01 secs] 
2016-06-30T12:42:32.049+0500: 43.117: [CMS-concurrent-sweep-start]
2016-06-30T12:42:32.118+0500: 43.186: [CMS-concurrent-sweep: 0.069/0.069 secs] [Times: user=0.26 sys=0.00, real=0.07 secs] 
2016-06-30T12:42:32.118+0500: 43.186: [CMS-concurrent-reset-start]
2016-06-30T12:42:32.123+0500: 43.192: [CMS-concurrent-reset: 0.006/0.006 secs] [Times: user=0.00 sys=0.00, real=0.01 secs] 
2016-06-30T12:42:32.166+0500: 43.234: [GC (Allocation Failure) 2016-06-30T12:42:32.166+0500: 43.234: [ParNew: 306688K->34048K(306688K), 0.1431254 secs] 1464081K->1462433K(2063104K), 0.1432177 secs] [Times: user=0.19 sys=0.01, real=0.14 secs] 
2016-06-30T12:42:32.310+0500: 43.378: [GC (CMS Initial Mark) [1 CMS-initial-mark: 1428385K(1756416K)] 1466547K(2063104K), 0.0008801 secs] [Times: user=0.00 sys=0.00, real=0.00 secs] 
2016-06-30T12:42:32.311+0500: 43.379: [CMS-concurrent-mark-start]
2016-06-30T12:42:32.373+0500: 43.441: [CMS-concurrent-mark: 0.062/0.062 secs] [Times: user=0.18 sys=0.01, real=0.06 secs] 
2016-06-30T12:42:32.373+0500: 43.441: [CMS-concurrent-preclean-start]
2016-06-30T12:42:32.382+0500: 43.450: [CMS-concurrent-preclean: 0.009/0.009 secs] [Times: user=0.02 sys=0.00, real=0.01 secs] 
2016-06-30T12:42:32.382+0500: 43.450: [CMS-concurrent-abortable-preclean-start]
2016-06-30T12:42:32.451+0500: 43.519: [GC (Allocation Failure) 2016-06-30T12:42:32.451+0500: 43.519: [ParNew2016-06-30T12:42:32.505+0500: 43.573: [CMS-concurrent-abortable-preclean: 0.018/0.123 secs] [Times: user=0.28 sys=0.01, real=0.12 secs] 
: 306688K->34048K(306688K), 0.1692981 secs] 1735073K->1733696K(2063104K), 0.1693882 secs] [Times: user=0.19 sys=0.03, real=0.17 secs] 
2016-06-30T12:42:32.620+0500: 43.689: [GC (CMS Final Remark) [YG occupancy: 39489 K (306688 K)]2016-06-30T12:42:32.620+0500: 43.689: [Rescan (parallel) , 0.0104787 secs]2016-06-30T12:42:32.631+0500: 43.699: [weak refs processing, 0.0000305 secs]2016-06-30T12:42:32.631+0500: 43.699: [class unloading, 0.0007284 secs]2016-06-30T12:42:32.632+0500: 43.700: [scrub symbol table, 0.0006456 secs]2016-06-30T12:42:32.632+0500: 43.701: [scrub string table, 0.0001712 secs][1 CMS-remark: 1699648K(1756416K)] 1739138K(2063104K), 0.0121781 secs] [Times: user=0.03 sys=0.00, real=0.01 secs] 
2016-06-30T12:42:32.633+0500: 43.701: [CMS-concurrent-sweep-start]
2016-06-30T12:42:32.718+0500: 43.787: [CMS-concurrent-sweep: 0.086/0.086 secs] [Times: user=0.31 sys=0.00, real=0.08 secs] 
2016-06-30T12:42:32.719+0500: 43.787: [CMS-concurrent-reset-start]
2016-06-30T12:42:32.721+0500: 43.789: [CMS-concurrent-reset: 0.002/0.002 secs] [Times: user=0.01 sys=0.00, real=0.01 secs] 
2016-06-30T12:42:32.744+0500: 43.812: [GC (Allocation Failure) 2016-06-30T12:42:32.744+0500: 43.812: [ParNew: 306688K->34048K(306688K), 0.1403888 secs] 1459550K->1457206K(2063104K), 0.1404878 secs] [Times: user=0.21 sys=0.02, real=0.14 secs] 
2016-06-30T12:42:32.885+0500: 43.953: [GC (CMS Initial Mark) [1 CMS-initial-mark: 1423158K(1756416K)] 1460239K(2063104K), 0.0007988 secs] [Times: user=0.01 sys=0.00, real=0.00 secs] 
2016-06-30T12:42:32.886+0500: 43.954: [CMS-concurrent-mark-start]
2016-06-30T12:42:32.935+0500: 44.004: [CMS-concurrent-mark: 0.050/0.050 secs] [Times: user=0.18 sys=0.00, real=0.05 secs] 
2016-06-30T12:42:32.936+0500: 44.004: [CMS-concurrent-preclean-start]
2016-06-30T12:42:32.940+0500: 44.009: [CMS-concurrent-preclean: 0.005/0.005 secs] [Times: user=0.02 sys=0.00, real=0.01 secs] 
2016-06-30T12:42:32.940+0500: 44.009: [CMS-concurrent-abortable-preclean-start]
2016-06-30T12:42:32.990+0500: 44.058: [GC (Allocation Failure) 2016-06-30T12:42:32.990+0500: 44.058: [ParNew2016-06-30T12:42:33.056+0500: 44.124: [CMS-concurrent-abortable-preclean: 0.012/0.116 secs] [Times: user=0.28 sys=0.01, real=0.11 secs] 
: 306688K->34048K(306688K), 0.1511094 secs] 1729846K->1728833K(2063104K), 0.1512188 secs] [Times: user=0.22 sys=0.02, real=0.15 secs] 
2016-06-30T12:42:33.141+0500: 44.210: [GC (CMS Final Remark) [YG occupancy: 39478 K (306688 K)]2016-06-30T12:42:33.141+0500: 44.210: [Rescan (parallel) , 0.0085176 secs]2016-06-30T12:42:33.150+0500: 44.218: [weak refs processing, 0.0000283 secs]2016-06-30T12:42:33.150+0500: 44.218: [class unloading, 0.0006946 secs]2016-06-30T12:42:33.151+0500: 44.219: [scrub symbol table, 0.0009731 secs]2016-06-30T12:42:33.152+0500: 44.220: [scrub string table, 0.0002196 secs][1 CMS-remark: 1694785K(1756416K)] 1734263K(2063104K), 0.0105728 secs] [Times: user=0.03 sys=0.00, real=0.01 secs] 
2016-06-30T12:42:33.152+0500: 44.220: [CMS-concurrent-sweep-start]
2016-06-30T12:42:33.230+0500: 44.298: [CMS-concurrent-sweep: 0.078/0.078 secs] [Times: user=0.28 sys=0.01, real=0.08 secs] 
2016-06-30T12:42:33.230+0500: 44.298: [CMS-concurrent-reset-start]
2016-06-30T12:42:33.232+0500: 44.301: [CMS-concurrent-reset: 0.002/0.002 secs] [Times: user=0.00 sys=0.00, real=0.00 secs] 
2016-06-30T12:42:33.270+0500: 44.339: [GC (Allocation Failure) 2016-06-30T12:42:33.270+0500: 44.339: [ParNew: 306688K->34048K(306688K), 0.1520137 secs] 1439119K->1437783K(2063104K), 0.1521067 secs] [Times: user=0.20 sys=0.01, real=0.15 secs] 
2016-06-30T12:42:33.423+0500: 44.491: [GC (CMS Initial Mark) [1 CMS-initial-mark: 1403735K(1756416K)] 1441635K(2063104K), 0.0006288 secs] [Times: user=0.00 sys=0.00, real=0.00 secs] 
2016-06-30T12:42:33.423+0500: 44.492: [CMS-concurrent-mark-start]
2016-06-30T12:42:33.480+0500: 44.548: [CMS-concurrent-mark: 0.056/0.056 secs] [Times: user=0.18 sys=0.00, real=0.06 secs] 
2016-06-30T12:42:33.480+0500: 44.548: [CMS-concurrent-preclean-start]
2016-06-30T12:42:33.485+0500: 44.553: [CMS-concurrent-preclean: 0.005/0.005 secs] [Times: user=0.02 sys=0.00, real=0.00 secs] 
2016-06-30T12:42:33.485+0500: 44.553: [CMS-concurrent-abortable-preclean-start]
2016-06-30T12:42:33.537+0500: 44.605: [GC (Allocation Failure) 2016-06-30T12:42:33.537+0500: 44.605: [ParNew2016-06-30T12:42:33.598+0500: 44.666: [CMS-concurrent-abortable-preclean: 0.012/0.113 secs] [Times: user=0.28 sys=0.01, real=0.11 secs] 
: 306688K->34048K(306688K), 0.1527665 secs] 1710423K->1708552K(2063104K), 0.1528530 secs] [Times: user=0.18 sys=0.02, real=0.16 secs] 
2016-06-30T12:42:33.690+0500: 44.759: [GC (CMS Final Remark) [YG occupancy: 35247 K (306688 K)]2016-06-30T12:42:33.690+0500: 44.759: [Rescan (parallel) , 0.0112100 secs]2016-06-30T12:42:33.701+0500: 44.770: [weak refs processing, 0.0000379 secs]2016-06-30T12:42:33.701+0500: 44.770: [class unloading, 0.0011262 secs]2016-06-30T12:42:33.703+0500: 44.771: [scrub symbol table, 0.0009788 secs]2016-06-30T12:42:33.704+0500: 44.772: [scrub string table, 0.0002208 secs][1 CMS-remark: 1674504K(1756416K)] 1709752K(2063104K), 0.0137262 secs] [Times: user=0.03 sys=0.00, real=0.01 secs] 
2016-06-30T12:42:33.704+0500: 44.772: [CMS-concurrent-sweep-start]
2016-06-30T12:42:33.800+0500: 44.868: [CMS-concurrent-sweep: 0.096/0.096 secs] [Times: user=0.29 sys=0.00, real=0.10 secs] 
2016-06-30T12:42:33.800+0500: 44.869: [CMS-concurrent-reset-start]
2016-06-30T12:42:33.803+0500: 44.871: [CMS-concurrent-reset: 0.003/0.003 secs] [Times: user=0.01 sys=0.00, real=0.00 secs] 
2016-06-30T12:42:33.834+0500: 44.903: [GC (Allocation Failure) 2016-06-30T12:42:33.834+0500: 44.903: [ParNew: 306688K->34048K(306688K), 0.1487680 secs] 1442818K->1441391K(2063104K), 0.1488672 secs] [Times: user=0.23 sys=0.04, real=0.15 secs] 
2016-06-30T12:42:33.984+0500: 45.052: [GC (CMS Initial Mark) [1 CMS-initial-mark: 1407343K(1756416K)] 1444136K(2063104K), 0.0009271 secs] [Times: user=0.01 sys=0.00, real=0.00 secs] 
2016-06-30T12:42:33.985+0500: 45.053: [CMS-concurrent-mark-start]
2016-06-30T12:42:34.048+0500: 45.117: [CMS-concurrent-mark: 0.063/0.063 secs] [Times: user=0.21 sys=0.00, real=0.06 secs] 
2016-06-30T12:42:34.048+0500: 45.117: [CMS-concurrent-preclean-start]
2016-06-30T12:42:34.053+0500: 45.121: [CMS-concurrent-preclean: 0.005/0.005 secs] [Times: user=0.03 sys=0.00, real=0.01 secs] 
2016-06-30T12:42:34.053+0500: 45.122: [CMS-concurrent-abortable-preclean-start]
2016-06-30T12:42:34.093+0500: 45.162: [GC (Allocation Failure) 2016-06-30T12:42:34.093+0500: 45.162: [ParNew2016-06-30T12:42:34.169+0500: 45.238: [CMS-concurrent-abortable-preclean: 0.016/0.116 secs] [Times: user=0.24 sys=0.01, real=0.11 secs] 
: 306688K->34048K(306688K), 0.1484414 secs] 1714031K->1712083K(2063104K), 0.1485437 secs] [Times: user=0.20 sys=0.02, real=0.15 secs] 
2016-06-30T12:42:34.242+0500: 45.311: [GC (CMS Final Remark) [YG occupancy: 35471 K (306688 K)]2016-06-30T12:42:34.242+0500: 45.311: [Rescan (parallel) , 0.0080766 secs]2016-06-30T12:42:34.250+0500: 45.319: [weak refs processing, 0.0000399 secs]2016-06-30T12:42:34.250+0500: 45.319: [class unloading, 0.0008570 secs]2016-06-30T12:42:34.251+0500: 45.320: [scrub symbol table, 0.0010460 secs]2016-06-30T12:42:34.252+0500: 45.321: [scrub string table, 0.0002698 secs][1 CMS-remark: 1678035K(1756416K)] 1713507K(2063104K), 0.0104559 secs] [Times: user=0.03 sys=0.00, real=0.01 secs] 
2016-06-30T12:42:34.253+0500: 45.321: [CMS-concurrent-sweep-start]
2016-06-30T12:42:34.346+0500: 45.414: [CMS-concurrent-sweep: 0.093/0.093 secs] [Times: user=0.31 sys=0.00, real=0.09 secs] 
2016-06-30T12:42:34.346+0500: 45.415: [CMS-concurrent-reset-start]
2016-06-30T12:42:34.349+0500: 45.417: [CMS-concurrent-reset: 0.002/0.002 secs] [Times: user=0.00 sys=0.00, real=0.00 secs] 
2016-06-30T12:42:34.371+0500: 45.440: [GC (Allocation Failure) 2016-06-30T12:42:34.371+0500: 45.440: [ParNew: 306688K->34048K(306688K), 0.1250481 secs] 1417713K->1416889K(2063104K), 0.1251371 secs] [Times: user=0.22 sys=0.02, real=0.12 secs] 
2016-06-30T12:42:34.497+0500: 45.565: [GC (CMS Initial Mark) [1 CMS-initial-mark: 1382841K(1756416K)] 1420962K(2063104K), 0.0010077 secs] [Times: user=0.00 sys=0.00, real=0.00 secs] 
2016-06-30T12:42:34.498+0500: 45.566: [CMS-concurrent-mark-start]
2016-06-30T12:42:34.562+0500: 45.630: [CMS-concurrent-mark: 0.064/0.064 secs] [Times: user=0.23 sys=0.00, real=0.07 secs] 
2016-06-30T12:42:34.562+0500: 45.630: [CMS-concurrent-preclean-start]
2016-06-30T12:42:34.567+0500: 45.636: [CMS-concurrent-preclean: 0.006/0.006 secs] [Times: user=0.02 sys=0.00, real=0.00 secs] 
2016-06-30T12:42:34.567+0500: 45.636: [CMS-concurrent-abortable-preclean-start]
2016-06-30T12:42:34.608+0500: 45.676: [GC (Allocation Failure) 2016-06-30T12:42:34.608+0500: 45.676: [ParNew2016-06-30T12:42:34.683+0500: 45.751: [CMS-concurrent-abortable-preclean: 0.012/0.115 secs] [Times: user=0.24 sys=0.01, real=0.12 secs] 
: 306688K->34048K(306688K), 0.1210515 secs] 1689529K->1685933K(2063104K), 0.1211452 secs] [Times: user=0.17 sys=0.01, real=0.12 secs] 
2016-06-30T12:42:34.729+0500: 45.798: [GC (CMS Final Remark) [YG occupancy: 39490 K (306688 K)]2016-06-30T12:42:34.729+0500: 45.798: [Rescan (parallel) , 0.0074315 secs]2016-06-30T12:42:34.737+0500: 45.805: [weak refs processing, 0.0000363 secs]2016-06-30T12:42:34.737+0500: 45.805: [class unloading, 0.0008563 secs]2016-06-30T12:42:34.738+0500: 45.806: [scrub symbol table, 0.0005561 secs]2016-06-30T12:42:34.738+0500: 45.807: [scrub string table, 0.0001625 secs][1 CMS-remark: 1651885K(1756416K)] 1691376K(2063104K), 0.0091728 secs] [Times: user=0.03 sys=0.00, real=0.01 secs] 
2016-06-30T12:42:34.739+0500: 45.807: [CMS-concurrent-sweep-start]
2016-06-30T12:42:34.835+0500: 45.904: [CMS-concurrent-sweep: 0.097/0.097 secs] [Times: user=0.35 sys=0.00, real=0.10 secs] 
2016-06-30T12:42:34.836+0500: 45.904: [CMS-concurrent-reset-start]
2016-06-30T12:42:34.838+0500: 45.906: [CMS-concurrent-reset: 0.002/0.002 secs] [Times: user=0.00 sys=0.00, real=0.00 secs] 
2016-06-30T12:42:34.847+0500: 45.915: [GC (Allocation Failure) 2016-06-30T12:42:34.847+0500: 45.915: [ParNew: 306688K->34048K(306688K), 0.1129886 secs] 1405222K->1403250K(2063104K), 0.1130842 secs] [Times: user=0.15 sys=0.01, real=0.12 secs] 
2016-06-30T12:42:34.960+0500: 46.029: [GC (CMS Initial Mark) [1 CMS-initial-mark: 1369202K(1756416K)] 1407245K(2063104K), 0.0006103 secs] [Times: user=0.00 sys=0.00, real=0.00 secs] 
2016-06-30T12:42:34.961+0500: 46.029: [CMS-concurrent-mark-start]
2016-06-30T12:42:35.028+0500: 46.097: [CMS-concurrent-mark: 0.068/0.068 secs] [Times: user=0.24 sys=0.01, real=0.06 secs] 
2016-06-30T12:42:35.028+0500: 46.097: [CMS-concurrent-preclean-start]
2016-06-30T12:42:35.033+0500: 46.102: [CMS-concurrent-preclean: 0.005/0.005 secs] [Times: user=0.02 sys=0.00, real=0.01 secs] 
2016-06-30T12:42:35.033+0500: 46.102: [CMS-concurrent-abortable-preclean-start]
2016-06-30T12:42:35.066+0500: 46.134: [GC (Allocation Failure) 2016-06-30T12:42:35.066+0500: 46.134: [ParNew2016-06-30T12:42:35.148+0500: 46.216: [CMS-concurrent-abortable-preclean: 0.012/0.115 secs] [Times: user=0.23 sys=0.01, real=0.11 secs] 
: 306688K->34048K(306688K), 0.1447187 secs] 1675890K->1673028K(2063104K), 0.1448157 secs] [Times: user=0.18 sys=0.02, real=0.15 secs] 
2016-06-30T12:42:35.211+0500: 46.280: [GC (CMS Final Remark) [YG occupancy: 35378 K (306688 K)]2016-06-30T12:42:35.211+0500: 46.280: [Rescan (parallel) , 0.0078430 secs]2016-06-30T12:42:35.219+0500: 46.288: [weak refs processing, 0.0000366 secs]2016-06-30T12:42:35.219+0500: 46.288: [class unloading, 0.0008698 secs]2016-06-30T12:42:35.220+0500: 46.289: [scrub symbol table, 0.0005891 secs]2016-06-30T12:42:35.221+0500: 46.289: [scrub string table, 0.0001654 secs][1 CMS-remark: 1638980K(1756416K)] 1674359K(2063104K), 0.0096487 secs] [Times: user=0.03 sys=0.00, real=0.01 secs] 
2016-06-30T12:42:35.221+0500: 46.289: [CMS-concurrent-sweep-start]
2016-06-30T12:42:35.318+0500: 46.386: [CMS-concurrent-sweep: 0.097/0.097 secs] [Times: user=0.35 sys=0.00, real=0.09 secs] 
2016-06-30T12:42:35.318+0500: 46.386: [CMS-concurrent-reset-start]
2016-06-30T12:42:35.321+0500: 46.389: [CMS-concurrent-reset: 0.003/0.003 secs] [Times: user=0.02 sys=0.00, real=0.01 secs] 
2016-06-30T12:42:35.333+0500: 46.401: [GC (Allocation Failure) 2016-06-30T12:42:35.333+0500: 46.401: [ParNew: 306688K->34048K(306688K), 0.1544323 secs] 1397573K->1396478K(2063104K), 0.1545446 secs] [Times: user=0.20 sys=0.02, real=0.15 secs] 
2016-06-30T12:42:35.489+0500: 46.557: [GC (CMS Initial Mark) [1 CMS-initial-mark: 1362430K(1756416K)] 1399169K(2063104K), 0.0009209 secs] [Times: user=0.00 sys=0.00, real=0.01 secs] 
2016-06-30T12:42:35.490+0500: 46.558: [CMS-concurrent-mark-start]
2016-06-30T12:42:35.545+0500: 46.613: [CMS-concurrent-mark: 0.055/0.055 secs] [Times: user=0.20 sys=0.00, real=0.05 secs] 
2016-06-30T12:42:35.545+0500: 46.613: [CMS-concurrent-preclean-start]
2016-06-30T12:42:35.550+0500: 46.618: [CMS-concurrent-preclean: 0.005/0.005 secs] [Times: user=0.02 sys=0.00, real=0.01 secs] 
2016-06-30T12:42:35.550+0500: 46.618: [CMS-concurrent-abortable-preclean-start]
2016-06-30T12:42:35.601+0500: 46.669: [GC (Allocation Failure) 2016-06-30T12:42:35.601+0500: 46.669: [ParNew2016-06-30T12:42:35.663+0500: 46.731: [CMS-concurrent-abortable-preclean: 0.012/0.113 secs] [Times: user=0.26 sys=0.01, real=0.11 secs] 
: 306688K->34048K(306688K), 0.1699778 secs] 1669118K->1666556K(2063104K), 0.1700953 secs] [Times: user=0.20 sys=0.02, real=0.17 secs] 
2016-06-30T12:42:35.772+0500: 46.841: [GC (CMS Final Remark) [YG occupancy: 39463 K (306688 K)]2016-06-30T12:42:35.773+0500: 46.841: [Rescan (parallel) , 0.0081839 secs]2016-06-30T12:42:35.781+0500: 46.849: [weak refs processing, 0.0000387 secs]2016-06-30T12:42:35.781+0500: 46.849: [class unloading, 0.0008552 secs]2016-06-30T12:42:35.782+0500: 46.850: [scrub symbol table, 0.0007965 secs]2016-06-30T12:42:35.782+0500: 46.851: [scrub string table, 0.0001852 secs][1 CMS-remark: 1632508K(1756416K)] 1671972K(2063104K), 0.0101951 secs] [Times: user=0.03 sys=0.00, real=0.01 secs] 
2016-06-30T12:42:35.783+0500: 46.851: [CMS-concurrent-sweep-start]
2016-06-30T12:42:35.863+0500: 46.932: [CMS-concurrent-sweep: 0.081/0.081 secs] [Times: user=0.30 sys=0.00, real=0.08 secs] 
2016-06-30T12:42:35.863+0500: 46.932: [CMS-concurrent-reset-start]
2016-06-30T12:42:35.872+0500: 46.941: [CMS-concurrent-reset: 0.009/0.009 secs] [Times: user=0.02 sys=0.00, real=0.01 secs] 
2016-06-30T12:42:35.892+0500: 46.961: [GC (Allocation Failure) 2016-06-30T12:42:35.892+0500: 46.961: [ParNew: 306688K->34048K(306688K), 0.1523448 secs] 1432071K->1430769K(2063104K), 0.1524751 secs] [Times: user=0.22 sys=0.01, real=0.15 secs] 
2016-06-30T12:42:36.048+0500: 47.117: [GC (CMS Initial Mark) [1 CMS-initial-mark: 1396721K(1756416K)] 1439848K(2063104K), 0.0020869 secs] [Times: user=0.01 sys=0.00, real=0.01 secs] 
2016-06-30T12:42:36.050+0500: 47.119: [CMS-concurrent-mark-start]
2016-06-30T12:42:36.100+0500: 47.169: [CMS-concurrent-mark: 0.050/0.050 secs] [Times: user=0.17 sys=0.01, real=0.05 secs] 
2016-06-30T12:42:36.100+0500: 47.169: [CMS-concurrent-preclean-start]
2016-06-30T12:42:36.105+0500: 47.173: [CMS-concurrent-preclean: 0.005/0.005 secs] [Times: user=0.03 sys=0.00, real=0.00 secs] 
2016-06-30T12:42:36.105+0500: 47.173: [CMS-concurrent-abortable-preclean-start]
2016-06-30T12:42:36.153+0500: 47.222: [GC (Allocation Failure) 2016-06-30T12:42:36.153+0500: 47.222: [ParNew2016-06-30T12:42:36.222+0500: 47.291: [CMS-concurrent-abortable-preclean: 0.013/0.117 secs] [Times: user=0.27 sys=0.00, real=0.12 secs] 
: 306688K->34048K(306688K), 0.1307963 secs] 1703409K->1702361K(2063104K), 0.1309279 secs] [Times: user=0.17 sys=0.01, real=0.13 secs] 
2016-06-30T12:42:36.284+0500: 47.353: [GC (CMS Final Remark) [YG occupancy: 36778 K (306688 K)]2016-06-30T12:42:36.284+0500: 47.353: [Rescan (parallel) , 0.0082698 secs]2016-06-30T12:42:36.293+0500: 47.361: [weak refs processing, 0.0000369 secs]2016-06-30T12:42:36.293+0500: 47.361: [class unloading, 0.0008758 secs]2016-06-30T12:42:36.294+0500: 47.362: [scrub symbol table, 0.0009425 secs]2016-06-30T12:42:36.295+0500: 47.363: [scrub string table, 0.0002010 secs][1 CMS-remark: 1668313K(1756416K)] 1705091K(2063104K), 0.0104596 secs] [Times: user=0.03 sys=0.00, real=0.01 secs] 
2016-06-30T12:42:36.295+0500: 47.364: [CMS-concurrent-sweep-start]
2016-06-30T12:42:36.377+0500: 47.445: [CMS-concurrent-sweep: 0.082/0.082 secs] [Times: user=0.29 sys=0.00, real=0.08 secs] 
2016-06-30T12:42:36.377+0500: 47.445: [CMS-concurrent-reset-start]
2016-06-30T12:42:36.379+0500: 47.448: [CMS-concurrent-reset: 0.003/0.003 secs] [Times: user=0.01 sys=0.00, real=0.00 secs] 
2016-06-30T12:42:36.411+0500: 47.479: [GC (Allocation Failure) 2016-06-30T12:42:36.411+0500: 47.479: [ParNew: 306688K->34048K(306688K), 0.1360588 secs] 1439919K->1438268K(2063104K), 0.1361629 secs] [Times: user=0.19 sys=0.03, real=0.13 secs] 
2016-06-30T12:42:36.547+0500: 47.616: [GC (CMS Initial Mark) [1 CMS-initial-mark: 1404220K(1756416K)] 1440883K(2063104K), 0.0006425 secs] [Times: user=0.01 sys=0.00, real=0.00 secs] 
2016-06-30T12:42:36.548+0500: 47.617: [CMS-concurrent-mark-start]
2016-06-30T12:42:36.605+0500: 47.674: [CMS-concurrent-mark: 0.057/0.057 secs] [Times: user=0.19 sys=0.00, real=0.06 secs] 
2016-06-30T12:42:36.605+0500: 47.674: [CMS-concurrent-preclean-start]
2016-06-30T12:42:36.610+0500: 47.678: [CMS-concurrent-preclean: 0.005/0.005 secs] [Times: user=0.03 sys=0.00, real=0.01 secs] 
2016-06-30T12:42:36.610+0500: 47.679: [CMS-concurrent-abortable-preclean-start]
2016-06-30T12:42:36.657+0500: 47.725: [GC (Allocation Failure) 2016-06-30T12:42:36.657+0500: 47.725: [ParNew2016-06-30T12:42:36.724+0500: 47.792: [CMS-concurrent-abortable-preclean: 0.012/0.114 secs] [Times: user=0.28 sys=0.01, real=0.11 secs] 
: 305748K->34048K(306688K), 0.1335619 secs] 1709968K->1707913K(2063104K), 0.1336642 secs] [Times: user=0.20 sys=0.02, real=0.14 secs] 
2016-06-30T12:42:36.791+0500: 47.859: [GC (CMS Final Remark) [YG occupancy: 38116 K (306688 K)]2016-06-30T12:42:36.791+0500: 47.859: [Rescan (parallel) , 0.0088964 secs]2016-06-30T12:42:36.800+0500: 47.868: [weak refs processing, 0.0000392 secs]2016-06-30T12:42:36.800+0500: 47.868: [class unloading, 0.0009595 secs]2016-06-30T12:42:36.801+0500: 47.869: [scrub symbol table, 0.0010960 secs]2016-06-30T12:42:36.802+0500: 47.870: [scrub string table, 0.0002341 secs][1 CMS-remark: 1673865K(1756416K)] 1711981K(2063104K), 0.0113997 secs] [Times: user=0.04 sys=0.01, real=0.01 secs] 
2016-06-30T12:42:36.802+0500: 47.871: [CMS-concurrent-sweep-start]
2016-06-30T12:42:36.899+0500: 47.968: [CMS-concurrent-sweep: 0.097/0.097 secs] [Times: user=0.34 sys=0.00, real=0.09 secs] 
2016-06-30T12:42:36.899+0500: 47.968: [CMS-concurrent-reset-start]
2016-06-30T12:42:36.902+0500: 47.970: [CMS-concurrent-reset: 0.002/0.002 secs] [Times: user=0.00 sys=0.00, real=0.01 secs] 
2016-06-30T12:42:36.917+0500: 47.985: [GC (Allocation Failure) 2016-06-30T12:42:36.917+0500: 47.985: [ParNew: 306688K->34048K(306688K), 0.1541728 secs] 1428648K->1426824K(2063104K), 0.1542803 secs] [Times: user=0.20 sys=0.02, real=0.16 secs] 
2016-06-30T12:42:37.071+0500: 48.140: [GC (CMS Initial Mark) [1 CMS-initial-mark: 1392776K(1756416K)] 1429600K(2063104K), 0.0012383 secs] [Times: user=0.00 sys=0.00, real=0.00 secs] 
2016-06-30T12:42:37.073+0500: 48.141: [CMS-concurrent-mark-start]
2016-06-30T12:42:37.130+0500: 48.199: [CMS-concurrent-mark: 0.057/0.057 secs] [Times: user=0.22 sys=0.00, real=0.06 secs] 
2016-06-30T12:42:37.130+0500: 48.199: [CMS-concurrent-preclean-start]
2016-06-30T12:42:37.135+0500: 48.204: [CMS-concurrent-preclean: 0.005/0.005 secs] [Times: user=0.01 sys=0.00, real=0.00 secs] 
2016-06-30T12:42:37.135+0500: 48.204: [CMS-concurrent-abortable-preclean-start]
2016-06-30T12:42:37.178+0500: 48.247: [GC (Allocation Failure) 2016-06-30T12:42:37.178+0500: 48.247: [ParNew2016-06-30T12:42:37.249+0500: 48.317: [CMS-concurrent-abortable-preclean: 0.012/0.113 secs] [Times: user=0.27 sys=0.02, real=0.11 secs] 
: 306688K->34048K(306688K), 0.1484290 secs] 1699464K->1698044K(2063104K), 0.1485365 secs] [Times: user=0.19 sys=0.02, real=0.15 secs] 
2016-06-30T12:42:37.327+0500: 48.395: [GC (CMS Final Remark) [YG occupancy: 38178 K (306688 K)]2016-06-30T12:42:37.327+0500: 48.395: [Rescan (parallel) , 0.0083488 secs]2016-06-30T12:42:37.335+0500: 48.404: [weak refs processing, 0.0000425 secs]2016-06-30T12:42:37.335+0500: 48.404: [class unloading, 0.0009521 secs]2016-06-30T12:42:37.336+0500: 48.405: [scrub symbol table, 0.0012819 secs]2016-06-30T12:42:37.338+0500: 48.406: [scrub string table, 0.0002357 secs][1 CMS-remark: 1663996K(1756416K)] 1702175K(2063104K), 0.0110303 secs] [Times: user=0.03 sys=0.00, real=0.01 secs] 
2016-06-30T12:42:37.338+0500: 48.407: [CMS-concurrent-sweep-start]
2016-06-30T12:42:37.426+0500: 48.495: [CMS-concurrent-sweep: 0.088/0.088 secs] [Times: user=0.30 sys=0.00, real=0.09 secs] 
2016-06-30T12:42:37.426+0500: 48.495: [CMS-concurrent-reset-start]
2016-06-30T12:42:37.429+0500: 48.497: [CMS-concurrent-reset: 0.003/0.003 secs] [Times: user=0.02 sys=0.00, real=0.00 secs] 
2016-06-30T12:42:37.454+0500: 48.523: [GC (Allocation Failure) 2016-06-30T12:42:37.454+0500: 48.523: [ParNew: 306688K->34048K(306688K), 0.1603953 secs] 1416693K->1414736K(2063104K), 0.1604986 secs] [Times: user=0.21 sys=0.01, real=0.16 secs] 
2016-06-30T12:42:37.617+0500: 48.686: [GC (CMS Initial Mark) [1 CMS-initial-mark: 1380688K(1756416K)] 1421371K(2063104K), 0.0008961 secs] [Times: user=0.01 sys=0.00, real=0.00 secs] 
2016-06-30T12:42:37.618+0500: 48.687: [CMS-concurrent-mark-start]
2016-06-30T12:42:37.677+0500: 48.746: [CMS-concurrent-mark: 0.059/0.059 secs] [Times: user=0.21 sys=0.01, real=0.06 secs] 
2016-06-30T12:42:37.677+0500: 48.746: [CMS-concurrent-preclean-start]
2016-06-30T12:42:37.682+0500: 48.751: [CMS-concurrent-preclean: 0.005/0.005 secs] [Times: user=0.01 sys=0.00, real=0.01 secs] 
2016-06-30T12:42:37.682+0500: 48.751: [CMS-concurrent-abortable-preclean-start]
2016-06-30T12:42:37.721+0500: 48.790: [GC (Allocation Failure) 2016-06-30T12:42:37.721+0500: 48.790: [ParNew2016-06-30T12:42:37.799+0500: 48.867: [CMS-concurrent-abortable-preclean: 0.013/0.116 secs] [Times: user=0.27 sys=0.01, real=0.11 secs] 
: 306688K->34048K(306688K), 0.1400160 secs] 1687376K->1685164K(2063104K), 0.1401153 secs] [Times: user=0.18 sys=0.01, real=0.14 secs] 
2016-06-30T12:42:37.861+0500: 48.930: [GC (CMS Final Remark) [YG occupancy: 35453 K (306688 K)]2016-06-30T12:42:37.861+0500: 48.930: [Rescan (parallel) , 0.0074647 secs]2016-06-30T12:42:37.869+0500: 48.937: [weak refs processing, 0.0000300 secs]2016-06-30T12:42:37.869+0500: 48.937: [class unloading, 0.0006144 secs]2016-06-30T12:42:37.869+0500: 48.938: [scrub symbol table, 0.0006078 secs]2016-06-30T12:42:37.870+0500: 48.939: [scrub string table, 0.0001636 secs][1 CMS-remark: 1651116K(1756416K)] 1686569K(2063104K), 0.0090068 secs] [Times: user=0.03 sys=0.00, real=0.01 secs] 
2016-06-30T12:42:37.870+0500: 48.939: [CMS-concurrent-sweep-start]
2016-06-30T12:42:37.953+0500: 49.022: [CMS-concurrent-sweep: 0.083/0.083 secs] [Times: user=0.30 sys=0.00, real=0.08 secs] 
2016-06-30T12:42:37.953+0500: 49.022: [CMS-concurrent-reset-start]
2016-06-30T12:42:37.956+0500: 49.024: [CMS-concurrent-reset: 0.002/0.002 secs] [Times: user=0.01 sys=0.00, real=0.00 secs] 
2016-06-30T12:42:37.982+0500: 49.050: [GC (Allocation Failure) 2016-06-30T12:42:37.982+0500: 49.050: [ParNew: 306688K->34048K(306688K), 0.1395934 secs] 1407799K->1405980K(2063104K), 0.1397089 secs] [Times: user=0.19 sys=0.02, real=0.14 secs] 
2016-06-30T12:42:38.126+0500: 49.194: [GC (CMS Initial Mark) [1 CMS-initial-mark: 1371932K(1756416K)] 1412683K(2063104K), 0.0010884 secs] [Times: user=0.00 sys=0.00, real=0.00 secs] 
2016-06-30T12:42:38.127+0500: 49.195: [CMS-concurrent-mark-start]
2016-06-30T12:42:38.183+0500: 49.252: [CMS-concurrent-mark: 0.056/0.056 secs] [Times: user=0.21 sys=0.00, real=0.06 secs] 
2016-06-30T12:42:38.183+0500: 49.252: [CMS-concurrent-preclean-start]
2016-06-30T12:42:38.188+0500: 49.256: [CMS-concurrent-preclean: 0.004/0.004 secs] [Times: user=0.01 sys=0.00, real=0.00 secs] 
2016-06-30T12:42:38.188+0500: 49.256: [CMS-concurrent-abortable-preclean-start]
2016-06-30T12:42:38.233+0500: 49.301: [GC (Allocation Failure) 2016-06-30T12:42:38.233+0500: 49.301: [ParNew2016-06-30T12:42:38.306+0500: 49.374: [CMS-concurrent-abortable-preclean: 0.012/0.118 secs] [Times: user=0.28 sys=0.01, real=0.12 secs] 
: 306688K->34048K(306688K), 0.1307624 secs] 1678620K->1677486K(2063104K), 0.1308608 secs] [Times: user=0.17 sys=0.02, real=0.13 secs] 
2016-06-30T12:42:38.367+0500: 49.435: [GC (CMS Final Remark) [YG occupancy: 44922 K (306688 K)]2016-06-30T12:42:38.367+0500: 49.435: [Rescan (parallel) , 0.0081408 secs]2016-06-30T12:42:38.375+0500: 49.444: [weak refs processing, 0.0000393 secs]2016-06-30T12:42:38.375+0500: 49.444: [class unloading, 0.0009259 secs]2016-06-30T12:42:38.376+0500: 49.445: [scrub symbol table, 0.0010428 secs]2016-06-30T12:42:38.377+0500: 49.446: [scrub string table, 0.0002185 secs][1 CMS-remark: 1643438K(1756416K)] 1688361K(2063104K), 0.0105557 secs] [Times: user=0.03 sys=0.00, real=0.01 secs] 
2016-06-30T12:42:38.377+0500: 49.446: [CMS-concurrent-sweep-start]
2016-06-30T12:42:38.463+0500: 49.532: [CMS-concurrent-sweep: 0.086/0.086 secs] [Times: user=0.30 sys=0.00, real=0.09 secs] 
2016-06-30T12:42:38.463+0500: 49.532: [CMS-concurrent-reset-start]
2016-06-30T12:42:38.466+0500: 49.534: [CMS-concurrent-reset: 0.002/0.002 secs] [Times: user=0.01 sys=0.00, real=0.00 secs] 
2016-06-30T12:42:38.490+0500: 49.559: [GC (Allocation Failure) 2016-06-30T12:42:38.490+0500: 49.559: [ParNew: 306688K->34048K(306688K), 0.1477979 secs] 1424120K->1421893K(2063104K), 0.1479094 secs] [Times: user=0.20 sys=0.06, real=0.14 secs] 
2016-06-30T12:42:38.641+0500: 49.709: [GC (CMS Initial Mark) [1 CMS-initial-mark: 1387845K(1756416K)] 1428798K(2063104K), 0.0012276 secs] [Times: user=0.00 sys=0.00, real=0.00 secs] 
2016-06-30T12:42:38.642+0500: 49.711: [CMS-concurrent-mark-start]
2016-06-30T12:42:38.708+0500: 49.777: [CMS-concurrent-mark: 0.066/0.066 secs] [Times: user=0.24 sys=0.00, real=0.06 secs] 
2016-06-30T12:42:38.708+0500: 49.777: [CMS-concurrent-preclean-start]
2016-06-30T12:42:38.713+0500: 49.781: [CMS-concurrent-preclean: 0.005/0.005 secs] [Times: user=0.01 sys=0.00, real=0.01 secs] 
2016-06-30T12:42:38.713+0500: 49.781: [CMS-concurrent-abortable-preclean-start]
2016-06-30T12:42:38.748+0500: 49.816: [GC (Allocation Failure) 2016-06-30T12:42:38.748+0500: 49.816: [ParNew2016-06-30T12:42:38.850+0500: 49.919: [CMS-concurrent-abortable-preclean: 0.033/0.137 secs] [Times: user=0.27 sys=0.01, real=0.14 secs] 
: 306688K->34048K(306688K), 0.1358193 secs] 1694533K->1692305K(2063104K), 0.1359219 secs] [Times: user=0.18 sys=0.01, real=0.14 secs] 
2016-06-30T12:42:38.885+0500: 49.953: [GC (CMS Final Remark) [YG occupancy: 38128 K (306688 K)]2016-06-30T12:42:38.885+0500: 49.953: [Rescan (parallel) , 0.0084688 secs]2016-06-30T12:42:38.893+0500: 49.962: [weak refs processing, 0.0000309 secs]2016-06-30T12:42:38.893+0500: 49.962: [class unloading, 0.0006818 secs]2016-06-30T12:42:38.894+0500: 49.963: [scrub symbol table, 0.0006307 secs]2016-06-30T12:42:38.895+0500: 49.963: [scrub string table, 0.0003233 secs][1 CMS-remark: 1658257K(1756416K)] 1696386K(2063104K), 0.0102889 secs] [Times: user=0.03 sys=0.00, real=0.01 secs] 
2016-06-30T12:42:38.895+0500: 49.964: [CMS-concurrent-sweep-start]
2016-06-30T12:42:38.998+0500: 50.067: [CMS-concurrent-sweep: 0.103/0.103 secs] [Times: user=0.35 sys=0.01, real=0.10 secs] 
2016-06-30T12:42:38.998+0500: 50.067: [CMS-concurrent-reset-start]
2016-06-30T12:42:39.001+0500: 50.070: [CMS-concurrent-reset: 0.003/0.003 secs] [Times: user=0.01 sys=0.00, real=0.01 secs] 
2016-06-30T12:42:39.013+0500: 50.081: [GC (Allocation Failure) 2016-06-30T12:42:39.013+0500: 50.081: [ParNew: 306688K->34048K(306688K), 0.1662350 secs] 1384711K->1381898K(2063104K), 0.1663479 secs] [Times: user=0.21 sys=0.06, real=0.16 secs] 
2016-06-30T12:42:39.181+0500: 50.249: [GC (CMS Initial Mark) [1 CMS-initial-mark: 1347850K(1756416K)] 1384850K(2063104K), 0.0008553 secs] [Times: user=0.00 sys=0.00, real=0.00 secs] 
2016-06-30T12:42:39.182+0500: 50.250: [CMS-concurrent-mark-start]
2016-06-30T12:42:39.259+0500: 50.327: [CMS-concurrent-mark: 0.077/0.077 secs] [Times: user=0.27 sys=0.01, real=0.07 secs] 
2016-06-30T12:42:39.259+0500: 50.327: [CMS-concurrent-preclean-start]
2016-06-30T12:42:39.264+0500: 50.332: [CMS-concurrent-preclean: 0.005/0.005 secs] [Times: user=0.02 sys=0.00, real=0.01 secs] 
2016-06-30T12:42:39.264+0500: 50.332: [CMS-concurrent-abortable-preclean-start]
2016-06-30T12:42:39.291+0500: 50.360: [GC (Allocation Failure) 2016-06-30T12:42:39.291+0500: 50.360: [ParNew2016-06-30T12:42:39.377+0500: 50.446: [CMS-concurrent-abortable-preclean: 0.013/0.114 secs] [Times: user=0.22 sys=0.01, real=0.11 secs] 
: 306688K->34048K(306688K), 0.1580130 secs] 1654538K->1652670K(2063104K), 0.1581127 secs] [Times: user=0.24 sys=0.02, real=0.15 secs] 
2016-06-30T12:42:39.450+0500: 50.518: [GC (CMS Final Remark) [YG occupancy: 38097 K (306688 K)]2016-06-30T12:42:39.450+0500: 50.518: [Rescan (parallel) , 0.0100352 secs]2016-06-30T12:42:39.460+0500: 50.529: [weak refs processing, 0.0000434 secs]2016-06-30T12:42:39.460+0500: 50.529: [class unloading, 0.0010288 secs]2016-06-30T12:42:39.461+0500: 50.530: [scrub symbol table, 0.0010993 secs]2016-06-30T12:42:39.462+0500: 50.531: [scrub string table, 0.0002474 secs][1 CMS-remark: 1618622K(1756416K)] 1656720K(2063104K), 0.0126377 secs] [Times: user=0.03 sys=0.00, real=0.01 secs] 
2016-06-30T12:42:39.463+0500: 50.531: [CMS-concurrent-sweep-start]
2016-06-30T12:42:39.596+0500: 50.665: [GC (Allocation Failure) 2016-06-30T12:42:39.596+0500: 50.665: [ParNew: 306688K->34048K(306688K), 0.1468083 secs] 1399958K->1398046K(2063104K), 0.1468966 secs] [Times: user=0.18 sys=0.01, real=0.15 secs] 
2016-06-30T12:42:39.747+0500: 50.816: [CMS-concurrent-sweep: 0.128/0.284 secs] [Times: user=0.60 sys=0.02, real=0.28 secs] 
2016-06-30T12:42:39.747+0500: 50.816: [CMS-concurrent-reset-start]
2016-06-30T12:42:39.750+0500: 50.818: [CMS-concurrent-reset: 0.003/0.003 secs] [Times: user=0.01 sys=0.00, real=0.01 secs] 
2016-06-30T12:42:39.837+0500: 50.905: [GC (Allocation Failure) 2016-06-30T12:42:39.837+0500: 50.905: [ParNew: 306688K->34048K(306688K), 0.1237397 secs] 1649571K->1647324K(2063104K), 0.1238318 secs] [Times: user=0.18 sys=0.01, real=0.13 secs] 
2016-06-30T12:42:39.961+0500: 51.030: [GC (CMS Initial Mark) [1 CMS-initial-mark: 1613276K(1756416K)] 1650102K(2063104K), 0.0038371 secs] [Times: user=0.00 sys=0.00, real=0.00 secs] 
2016-06-30T12:42:39.965+0500: 51.034: [CMS-concurrent-mark-start]
2016-06-30T12:42:40.022+0500: 51.091: [CMS-concurrent-mark: 0.057/0.057 secs] [Times: user=0.21 sys=0.01, real=0.06 secs] 
2016-06-30T12:42:40.022+0500: 51.091: [CMS-concurrent-preclean-start]
2016-06-30T12:42:40.027+0500: 51.096: [CMS-concurrent-preclean: 0.005/0.005 secs] [Times: user=0.02 sys=0.00, real=0.00 secs] 
2016-06-30T12:42:40.027+0500: 51.096: [CMS-concurrent-abortable-preclean-start]
2016-06-30T12:42:40.027+0500: 51.096: [CMS-concurrent-abortable-preclean: 0.000/0.000 secs] [Times: user=0.00 sys=0.00, real=0.00 secs] 
2016-06-30T12:42:40.027+0500: 51.096: [GC (CMS Final Remark) [YG occupancy: 183219 K (306688 K)]2016-06-30T12:42:40.027+0500: 51.096: [Rescan (parallel) , 0.0050091 secs]2016-06-30T12:42:40.032+0500: 51.101: [weak refs processing, 0.0000367 secs]2016-06-30T12:42:40.032+0500: 51.101: [class unloading, 0.0009697 secs]2016-06-30T12:42:40.033+0500: 51.102: [scrub symbol table, 0.0012034 secs]2016-06-30T12:42:40.035+0500: 51.103: [scrub string table, 0.0002622 secs][1 CMS-remark: 1613276K(1756416K)] 1796496K(2063104K), 0.0076675 secs] [Times: user=0.02 sys=0.00, real=0.01 secs] 
2016-06-30T12:42:40.035+0500: 51.104: [CMS-concurrent-sweep-start]
2016-06-30T12:42:40.088+0500: 51.157: [GC (Allocation Failure) 2016-06-30T12:42:40.088+0500: 51.157: [ParNew: 306688K->34048K(306688K), 0.1464598 secs] 1453708K->1451068K(2063104K), 0.1465514 secs] [Times: user=0.18 sys=0.02, real=0.15 secs] 
2016-06-30T12:42:40.272+0500: 51.341: [CMS-concurrent-sweep: 0.090/0.237 secs] [Times: user=0.52 sys=0.02, real=0.24 secs] 
2016-06-30T12:42:40.272+0500: 51.341: [CMS-concurrent-reset-start]
2016-06-30T12:42:40.280+0500: 51.349: [CMS-concurrent-reset: 0.008/0.008 secs] [Times: user=0.03 sys=0.00, real=0.01 secs] 
2016-06-30T12:42:40.334+0500: 51.403: [GC (Allocation Failure) 2016-06-30T12:42:40.335+0500: 51.403: [ParNew: 306688K->34048K(306688K), 0.1686114 secs] 1415443K->1413722K(2063104K), 0.1687103 secs] [Times: user=0.23 sys=0.02, real=0.17 secs] 
2016-06-30T12:42:40.505+0500: 51.574: [GC (CMS Initial Mark) [1 CMS-initial-mark: 1379674K(1756416K)] 1417858K(2063104K), 0.0017200 secs] [Times: user=0.00 sys=0.00, real=0.00 secs] 
2016-06-30T12:42:40.507+0500: 51.576: [CMS-concurrent-mark-start]
2016-06-30T12:42:40.559+0500: 51.628: [CMS-concurrent-mark: 0.052/0.052 secs] [Times: user=0.19 sys=0.01, real=0.05 secs] 
2016-06-30T12:42:40.559+0500: 51.628: [CMS-concurrent-preclean-start]
2016-06-30T12:42:40.564+0500: 51.633: [CMS-concurrent-preclean: 0.005/0.005 secs] [Times: user=0.01 sys=0.00, real=0.01 secs] 
2016-06-30T12:42:40.564+0500: 51.633: [CMS-concurrent-abortable-preclean-start]
2016-06-30T12:42:40.617+0500: 51.685: [GC (Allocation Failure) 2016-06-30T12:42:40.617+0500: 51.685: [ParNew2016-06-30T12:42:40.678+0500: 51.747: [CMS-concurrent-abortable-preclean: 0.012/0.114 secs] [Times: user=0.27 sys=0.01, real=0.11 secs] 
: 306688K->34048K(306688K), 0.1436383 secs] 1686362K->1684250K(2063104K), 0.1437314 secs] [Times: user=0.18 sys=0.01, real=0.15 secs] 
2016-06-30T12:42:40.761+0500: 51.829: [GC (CMS Final Remark) [YG occupancy: 38055 K (306688 K)]2016-06-30T12:42:40.761+0500: 51.829: [Rescan (parallel) , 0.0077223 secs]2016-06-30T12:42:40.768+0500: 51.837: [weak refs processing, 0.0000398 secs]2016-06-30T12:42:40.768+0500: 51.837: [class unloading, 0.0008004 secs]2016-06-30T12:42:40.769+0500: 51.838: [scrub symbol table, 0.0006144 secs]2016-06-30T12:42:40.770+0500: 51.839: [scrub string table, 0.0001703 secs][1 CMS-remark: 1650202K(1756416K)] 1688258K(2063104K), 0.0094974 secs] [Times: user=0.03 sys=0.00, real=0.01 secs] 
2016-06-30T12:42:40.770+0500: 51.839: [CMS-concurrent-sweep-start]
2016-06-30T12:42:40.855+0500: 51.924: [CMS-concurrent-sweep: 0.085/0.085 secs] [Times: user=0.32 sys=0.01, real=0.08 secs] 
2016-06-30T12:42:40.856+0500: 51.924: [CMS-concurrent-reset-start]
2016-06-30T12:42:40.861+0500: 51.929: [CMS-concurrent-reset: 0.005/0.005 secs] [Times: user=0.01 sys=0.00, real=0.01 secs] 
2016-06-30T12:42:40.884+0500: 51.952: [GC (Allocation Failure) 2016-06-30T12:42:40.884+0500: 51.952: [ParNew: 306688K->34048K(306688K), 0.1478564 secs] 1434350K->1431300K(2063104K), 0.1479547 secs] [Times: user=0.19 sys=0.02, real=0.15 secs] 
2016-06-30T12:42:41.032+0500: 52.101: [GC (CMS Initial Mark) [1 CMS-initial-mark: 1397252K(1756416K)] 1435559K(2063104K), 0.0009990 secs] [Times: user=0.00 sys=0.00, real=0.00 secs] 
2016-06-30T12:42:41.034+0500: 52.102: [CMS-concurrent-mark-start]
2016-06-30T12:42:41.103+0500: 52.172: [CMS-concurrent-mark: 0.069/0.069 secs] [Times: user=0.25 sys=0.00, real=0.07 secs] 
2016-06-30T12:42:41.103+0500: 52.172: [CMS-concurrent-preclean-start]
2016-06-30T12:42:41.109+0500: 52.178: [CMS-concurrent-preclean: 0.006/0.006 secs] [Times: user=0.03 sys=0.00, real=0.00 secs] 
2016-06-30T12:42:41.109+0500: 52.178: [CMS-concurrent-abortable-preclean-start]
2016-06-30T12:42:41.138+0500: 52.206: [GC (Allocation Failure) 2016-06-30T12:42:41.138+0500: 52.207: [ParNew2016-06-30T12:42:41.224+0500: 52.293: [CMS-concurrent-abortable-preclean: 0.013/0.115 secs] [Times: user=0.24 sys=0.01, real=0.12 secs] 
: 306688K->34048K(306688K), 0.1429749 secs] 1703940K->1701615K(2063104K), 0.1430856 secs] [Times: user=0.20 sys=0.02, real=0.15 secs] 
2016-06-30T12:42:41.291+0500: 52.360: [GC (CMS Final Remark) [YG occupancy: 69152 K (306688 K)]2016-06-30T12:42:41.291+0500: 52.360: [Rescan (parallel) , 0.0089016 secs]2016-06-30T12:42:41.300+0500: 52.369: [weak refs processing, 0.0000385 secs]2016-06-30T12:42:41.300+0500: 52.369: [class unloading, 0.0009194 secs]2016-06-30T12:42:41.301+0500: 52.370: [scrub symbol table, 0.0008979 secs]2016-06-30T12:42:41.302+0500: 52.371: [scrub string table, 0.0002042 secs][1 CMS-remark: 1667567K(1756416K)] 1736719K(2063104K), 0.0111262 secs] [Times: user=0.03 sys=0.00, real=0.01 secs] 
2016-06-30T12:42:41.303+0500: 52.371: [CMS-concurrent-sweep-start]
2016-06-30T12:42:41.409+0500: 52.478: [CMS-concurrent-sweep: 0.106/0.106 secs] [Times: user=0.34 sys=0.00, real=0.10 secs] 
2016-06-30T12:42:41.409+0500: 52.478: [CMS-concurrent-reset-start]
2016-06-30T12:42:41.412+0500: 52.480: [CMS-concurrent-reset: 0.002/0.002 secs] [Times: user=0.00 sys=0.00, real=0.01 secs] 
2016-06-30T12:42:41.415+0500: 52.484: [GC (Allocation Failure) 2016-06-30T12:42:41.415+0500: 52.484: [ParNew: 306688K->34048K(306688K), 0.1368032 secs] 1411832K->1409703K(2063104K), 0.1369010 secs] [Times: user=0.22 sys=0.01, real=0.14 secs] 
2016-06-30T12:42:41.552+0500: 52.621: [GC (CMS Initial Mark) [1 CMS-initial-mark: 1375655K(1756416K)] 1413763K(2063104K), 0.0008769 secs] [Times: user=0.00 sys=0.00, real=0.00 secs] 
2016-06-30T12:42:41.553+0500: 52.622: [CMS-concurrent-mark-start]
2016-06-30T12:42:41.612+0500: 52.681: [CMS-concurrent-mark: 0.059/0.059 secs] [Times: user=0.21 sys=0.01, real=0.06 secs] 
2016-06-30T12:42:41.612+0500: 52.681: [CMS-concurrent-preclean-start]
2016-06-30T12:42:41.617+0500: 52.686: [CMS-concurrent-preclean: 0.005/0.005 secs] [Times: user=0.02 sys=0.00, real=0.00 secs] 
2016-06-30T12:42:41.617+0500: 52.686: [CMS-concurrent-abortable-preclean-start]
2016-06-30T12:42:41.663+0500: 52.732: [GC (Allocation Failure) 2016-06-30T12:42:41.663+0500: 52.732: [ParNew2016-06-30T12:42:41.733+0500: 52.802: [CMS-concurrent-abortable-preclean: 0.013/0.116 secs] [Times: user=0.26 sys=0.01, real=0.12 secs] 
: 305901K->34048K(306688K), 0.1481697 secs] 1681557K->1677851K(2063104K), 0.1482603 secs] [Times: user=0.19 sys=0.02, real=0.15 secs] 
2016-06-30T12:42:41.813+0500: 52.881: [GC (CMS Final Remark) [YG occupancy: 37897 K (306688 K)]2016-06-30T12:42:41.813+0500: 52.881: [Rescan (parallel) , 0.0091933 secs]2016-06-30T12:42:41.822+0500: 52.891: [weak refs processing, 0.0000381 secs]2016-06-30T12:42:41.822+0500: 52.891: [class unloading, 0.0011005 secs]2016-06-30T12:42:41.823+0500: 52.892: [scrub symbol table, 0.0008337 secs]2016-06-30T12:42:41.824+0500: 52.893: [scrub string table, 0.0001819 secs][1 CMS-remark: 1643803K(1756416K)] 1681700K(2063104K), 0.0115612 secs] [Times: user=0.04 sys=0.00, real=0.01 secs] 
2016-06-30T12:42:41.824+0500: 52.893: [CMS-concurrent-sweep-start]
2016-06-30T12:42:41.930+0500: 52.999: [CMS-concurrent-sweep: 0.106/0.106 secs] [Times: user=0.38 sys=0.00, real=0.11 secs] 
2016-06-30T12:42:41.930+0500: 52.999: [CMS-concurrent-reset-start]
2016-06-30T12:42:41.933+0500: 53.001: [CMS-concurrent-reset: 0.003/0.003 secs] [Times: user=0.01 sys=0.00, real=0.00 secs] 
2016-06-30T12:42:41.934+0500: 53.003: [GC (Allocation Failure) 2016-06-30T12:42:41.934+0500: 53.003: [ParNew: 306688K->34048K(306688K), 0.1595519 secs] 1413224K->1411868K(2063104K), 0.1596548 secs] [Times: user=0.21 sys=0.02, real=0.16 secs] 
2016-06-30T12:42:42.096+0500: 53.165: [GC (CMS Initial Mark) [1 CMS-initial-mark: 1377820K(1756416K)] 1414695K(2063104K), 0.0010464 secs] [Times: user=0.00 sys=0.00, real=0.00 secs] 
2016-06-30T12:42:42.097+0500: 53.166: [CMS-concurrent-mark-start]
2016-06-30T12:42:42.154+0500: 53.223: [CMS-concurrent-mark: 0.057/0.057 secs] [Times: user=0.21 sys=0.00, real=0.06 secs] 
2016-06-30T12:42:42.154+0500: 53.223: [CMS-concurrent-preclean-start]
2016-06-30T12:42:42.158+0500: 53.227: [CMS-concurrent-preclean: 0.004/0.004 secs] [Times: user=0.01 sys=0.00, real=0.00 secs] 
2016-06-30T12:42:42.159+0500: 53.227: [CMS-concurrent-abortable-preclean-start]
2016-06-30T12:42:42.203+0500: 53.272: [GC (Allocation Failure) 2016-06-30T12:42:42.203+0500: 53.272: [ParNew2016-06-30T12:42:42.276+0500: 53.344: [CMS-concurrent-abortable-preclean: 0.017/0.117 secs] [Times: user=0.28 sys=0.01, real=0.12 secs] 
: 306688K->34048K(306688K), 0.1542645 secs] 1684508K->1683629K(2063104K), 0.1543699 secs] [Times: user=0.19 sys=0.02, real=0.15 secs] 
2016-06-30T12:42:42.358+0500: 53.427: [GC (CMS Final Remark) [YG occupancy: 38268 K (306688 K)]2016-06-30T12:42:42.358+0500: 53.427: [Rescan (parallel) , 0.0111118 secs]2016-06-30T12:42:42.369+0500: 53.438: [weak refs processing, 0.0000497 secs]2016-06-30T12:42:42.369+0500: 53.438: [class unloading, 0.0008804 secs]2016-06-30T12:42:42.370+0500: 53.439: [scrub symbol table, 0.0012680 secs]2016-06-30T12:42:42.371+0500: 53.440: [scrub string table, 0.0002074 secs][1 CMS-remark: 1649581K(1756416K)] 1687850K(2063104K), 0.0136844 secs] [Times: user=0.04 sys=0.00, real=0.02 secs] 
2016-06-30T12:42:42.372+0500: 53.440: [CMS-concurrent-sweep-start]
2016-06-30T12:42:42.494+0500: 53.563: [CMS-concurrent-sweep: 0.122/0.122 secs] [Times: user=0.38 sys=0.00, real=0.12 secs] 
2016-06-30T12:42:42.494+0500: 53.563: [CMS-concurrent-reset-start]
2016-06-30T12:42:42.496+0500: 53.565: [CMS-concurrent-reset: 0.002/0.002 secs] [Times: user=0.01 sys=0.00, real=0.00 secs] 
2016-06-30T12:42:42.503+0500: 53.571: [GC (Allocation Failure) 2016-06-30T12:42:42.503+0500: 53.572: [ParNew: 306688K->34048K(306688K), 0.1582417 secs] 1419357K->1418158K(2063104K), 0.1583595 secs] [Times: user=0.21 sys=0.02, real=0.16 secs] 
2016-06-30T12:42:42.662+0500: 53.730: [GC (CMS Initial Mark) [1 CMS-initial-mark: 1384110K(1756416K)] 1422319K(2063104K), 0.0009365 secs] [Times: user=0.00 sys=0.00, real=0.00 secs] 
2016-06-30T12:42:42.663+0500: 53.731: [CMS-concurrent-mark-start]
2016-06-30T12:42:42.743+0500: 53.811: [CMS-concurrent-mark: 0.080/0.080 secs] [Times: user=0.29 sys=0.00, real=0.08 secs] 
2016-06-30T12:42:42.743+0500: 53.811: [CMS-concurrent-preclean-start]
2016-06-30T12:42:42.747+0500: 53.816: [CMS-concurrent-preclean: 0.005/0.005 secs] [Times: user=0.01 sys=0.00, real=0.00 secs] 
2016-06-30T12:42:42.748+0500: 53.816: [CMS-concurrent-abortable-preclean-start]
2016-06-30T12:42:42.770+0500: 53.838: [GC (Allocation Failure) 2016-06-30T12:42:42.770+0500: 53.838: [ParNew2016-06-30T12:42:42.861+0500: 53.930: [CMS-concurrent-abortable-preclean: 0.012/0.114 secs] [Times: user=0.21 sys=0.02, real=0.12 secs] 
: 306688K->34048K(306688K), 0.1630427 secs] 1690798K->1689609K(2063104K), 0.1631639 secs] [Times: user=0.24 sys=0.02, real=0.16 secs] 
2016-06-30T12:42:42.933+0500: 54.002: [GC (CMS Final Remark) [YG occupancy: 38111 K (306688 K)]2016-06-30T12:42:42.933+0500: 54.002: [Rescan (parallel) , 0.0090243 secs]2016-06-30T12:42:42.942+0500: 54.011: [weak refs processing, 0.0000383 secs]2016-06-30T12:42:42.942+0500: 54.011: [class unloading, 0.0008119 secs]2016-06-30T12:42:42.943+0500: 54.012: [scrub symbol table, 0.0006723 secs]2016-06-30T12:42:42.944+0500: 54.012: [scrub string table, 0.0001695 secs][1 CMS-remark: 1655561K(1756416K)] 1693673K(2063104K), 0.0108656 secs] [Times: user=0.03 sys=0.01, real=0.01 secs] 
2016-06-30T12:42:42.944+0500: 54.013: [CMS-concurrent-sweep-start]
2016-06-30T12:42:43.046+0500: 54.115: [CMS-concurrent-sweep: 0.102/0.102 secs] [Times: user=0.36 sys=0.00, real=0.10 secs] 
2016-06-30T12:42:43.046+0500: 54.115: [CMS-concurrent-reset-start]
2016-06-30T12:42:43.052+0500: 54.121: [CMS-concurrent-reset: 0.006/0.006 secs] [Times: user=0.03 sys=0.00, real=0.01 secs] 
2016-06-30T12:42:43.057+0500: 54.126: [GC (Allocation Failure) 2016-06-30T12:42:43.057+0500: 54.126: [ParNew: 306688K->34048K(306688K), 0.1483293 secs] 1347916K->1345930K(2063104K), 0.1496345 secs] [Times: user=0.18 sys=0.02, real=0.15 secs] 
2016-06-30T12:42:43.217+0500: 54.286: [GC (CMS Initial Mark) [1 CMS-initial-mark: 1311882K(1756416K)] 1372899K(2063104K), 0.0010724 secs] [Times: user=0.01 sys=0.00, real=0.00 secs] 
2016-06-30T12:42:43.219+0500: 54.288: [CMS-concurrent-mark-start]
2016-06-30T12:42:43.294+0500: 54.363: [CMS-concurrent-mark: 0.075/0.075 secs] [Times: user=0.21 sys=0.00, real=0.08 secs] 
2016-06-30T12:42:43.294+0500: 54.363: [CMS-concurrent-preclean-start]
2016-06-30T12:42:43.299+0500: 54.368: [CMS-concurrent-preclean: 0.005/0.005 secs] [Times: user=0.01 sys=0.00, real=0.00 secs] 
2016-06-30T12:42:43.299+0500: 54.368: [CMS-concurrent-abortable-preclean-start]
2016-06-30T12:42:43.342+0500: 54.411: [GC (Allocation Failure) 2016-06-30T12:42:43.342+0500: 54.411: [ParNew2016-06-30T12:42:43.425+0500: 54.494: [CMS-concurrent-abortable-preclean: 0.023/0.127 secs] [Times: user=0.25 sys=0.02, real=0.13 secs] 
: 306688K->34048K(306688K), 0.1557157 secs] 1618570K->1616057K(2063104K), 0.1558046 secs] [Times: user=0.21 sys=0.02, real=0.15 secs] 
2016-06-30T12:42:43.498+0500: 54.567: [GC (CMS Final Remark) [YG occupancy: 36663 K (306688 K)]2016-06-30T12:42:43.498+0500: 54.567: [Rescan (parallel) , 0.0086495 secs]2016-06-30T12:42:43.507+0500: 54.576: [weak refs processing, 0.0000369 secs]2016-06-30T12:42:43.507+0500: 54.576: [class unloading, 0.0009660 secs]2016-06-30T12:42:43.508+0500: 54.577: [scrub symbol table, 0.0009774 secs]2016-06-30T12:42:43.509+0500: 54.578: [scrub string table, 0.0002072 secs][1 CMS-remark: 1582009K(1756416K)] 1618672K(2063104K), 0.0109762 secs] [Times: user=0.03 sys=0.00, real=0.01 secs] 
2016-06-30T12:42:43.509+0500: 54.578: [CMS-concurrent-sweep-start]
2016-06-30T12:42:43.628+0500: 54.697: [CMS-concurrent-sweep: 0.119/0.119 secs] [Times: user=0.36 sys=0.01, real=0.12 secs] 
2016-06-30T12:42:43.629+0500: 54.697: [CMS-concurrent-reset-start]
2016-06-30T12:42:43.631+0500: 54.700: [CMS-concurrent-reset: 0.003/0.003 secs] [Times: user=0.01 sys=0.00, real=0.01 secs] 
2016-06-30T12:42:43.641+0500: 54.709: [GC (Allocation Failure) 2016-06-30T12:42:43.641+0500: 54.709: [ParNew: 306688K->34048K(306688K), 0.1463170 secs] 1385219K->1383169K(2063104K), 0.1464004 secs] [Times: user=0.18 sys=0.01, real=0.14 secs] 
2016-06-30T12:42:43.789+0500: 54.857: [GC (CMS Initial Mark) [1 CMS-initial-mark: 1349121K(1756416K)] 1387265K(2063104K), 0.0017303 secs] [Times: user=0.00 sys=0.00, real=0.01 secs] 
2016-06-30T12:42:43.790+0500: 54.859: [CMS-concurrent-mark-start]
2016-06-30T12:42:43.864+0500: 54.933: [CMS-concurrent-mark: 0.073/0.073 secs] [Times: user=0.28 sys=0.00, real=0.07 secs] 
2016-06-30T12:42:43.864+0500: 54.933: [CMS-concurrent-preclean-start]
2016-06-30T12:42:43.869+0500: 54.938: [CMS-concurrent-preclean: 0.005/0.005 secs] [Times: user=0.01 sys=0.00, real=0.00 secs] 
2016-06-30T12:42:43.869+0500: 54.938: [CMS-concurrent-abortable-preclean-start]
2016-06-30T12:42:43.896+0500: 54.965: [GC (Allocation Failure) 2016-06-30T12:42:43.896+0500: 54.965: [ParNew2016-06-30T12:42:43.984+0500: 55.053: [CMS-concurrent-abortable-preclean: 0.012/0.115 secs] [Times: user=0.20 sys=0.01, real=0.12 secs] 
: 306688K->34048K(306688K), 0.1603311 secs] 1655809K->1653434K(2063104K), 0.1604225 secs] [Times: user=0.20 sys=0.02, real=0.16 secs] 
2016-06-30T12:42:44.057+0500: 55.126: [GC (CMS Final Remark) [YG occupancy: 36836 K (306688 K)]2016-06-30T12:42:44.057+0500: 55.126: [Rescan (parallel) , 0.0114428 secs]2016-06-30T12:42:44.068+0500: 55.137: [weak refs processing, 0.0000342 secs]2016-06-30T12:42:44.068+0500: 55.137: [class unloading, 0.0009559 secs]2016-06-30T12:42:44.069+0500: 55.138: [scrub symbol table, 0.0009736 secs]2016-06-30T12:42:44.070+0500: 55.139: [scrub string table, 0.0002152 secs][1 CMS-remark: 1619386K(1756416K)] 1656223K(2063104K), 0.0137664 secs] [Times: user=0.03 sys=0.00, real=0.02 secs] 
2016-06-30T12:42:44.071+0500: 55.140: [CMS-concurrent-sweep-start]
2016-06-30T12:42:44.178+0500: 55.247: [GC (Allocation Failure) 2016-06-30T12:42:44.178+0500: 55.247: [ParNew: 306688K->34048K(306688K), 0.1604403 secs] 1411052K->1409499K(2063104K), 0.1605328 secs] [Times: user=0.23 sys=0.02, real=0.16 secs] 
2016-06-30T12:42:44.344+0500: 55.413: [CMS-concurrent-sweep: 0.111/0.273 secs] [Times: user=0.65 sys=0.02, real=0.27 secs] 
2016-06-30T12:42:44.344+0500: 55.413: [CMS-concurrent-reset-start]
2016-06-30T12:42:44.347+0500: 55.416: [CMS-concurrent-reset: 0.003/0.003 secs] [Times: user=0.00 sys=0.00, real=0.00 secs] 
2016-06-30T12:42:44.441+0500: 55.510: [GC (Allocation Failure) 2016-06-30T12:42:44.441+0500: 55.510: [ParNew: 306688K->34048K(306688K), 0.1570475 secs] 1641949K->1639662K(2063104K), 0.1571431 secs] [Times: user=0.21 sys=0.02, real=0.15 secs] 
2016-06-30T12:42:44.603+0500: 55.672: [GC (CMS Initial Mark) [1 CMS-initial-mark: 1605614K(1756416K)] 1653279K(2063104K), 0.0018519 secs] [Times: user=0.00 sys=0.00, real=0.00 secs] 
2016-06-30T12:42:44.605+0500: 55.674: [CMS-concurrent-mark-start]
2016-06-30T12:42:44.659+0500: 55.727: [CMS-concurrent-mark: 0.054/0.054 secs] [Times: user=0.20 sys=0.00, real=0.05 secs] 
2016-06-30T12:42:44.659+0500: 55.727: [CMS-concurrent-preclean-start]
2016-06-30T12:42:44.663+0500: 55.732: [CMS-concurrent-preclean: 0.005/0.005 secs] [Times: user=0.02 sys=0.00, real=0.01 secs] 
2016-06-30T12:42:44.663+0500: 55.732: [CMS-concurrent-abortable-preclean-start]
2016-06-30T12:42:44.663+0500: 55.732: [CMS-concurrent-abortable-preclean: 0.000/0.000 secs] [Times: user=0.00 sys=0.00, real=0.00 secs] 
2016-06-30T12:42:44.664+0500: 55.733: [GC (CMS Final Remark) [YG occupancy: 187394 K (306688 K)]2016-06-30T12:42:44.664+0500: 55.733: [Rescan (parallel) , 0.0055084 secs]2016-06-30T12:42:44.669+0500: 55.738: [weak refs processing, 0.0000381 secs]2016-06-30T12:42:44.669+0500: 55.738: [class unloading, 0.0009273 secs]2016-06-30T12:42:44.670+0500: 55.739: [scrub symbol table, 0.0009617 secs]2016-06-30T12:42:44.671+0500: 55.740: [scrub string table, 0.0002218 secs][1 CMS-remark: 1605614K(1756416K)] 1793009K(2063104K), 0.0077923 secs] [Times: user=0.02 sys=0.00, real=0.01 secs] 
2016-06-30T12:42:44.672+0500: 55.740: [CMS-concurrent-sweep-start]
2016-06-30T12:42:44.722+0500: 55.791: [GC (Allocation Failure) 2016-06-30T12:42:44.722+0500: 55.791: [ParNew: 306688K->34048K(306688K), 0.1334542 secs] 1494024K->1491433K(2063104K), 0.1335399 secs] [Times: user=0.18 sys=0.01, real=0.13 secs] 
2016-06-30T12:42:44.906+0500: 55.975: [CMS-concurrent-sweep: 0.101/0.234 secs] [Times: user=0.55 sys=0.02, real=0.23 secs] 
2016-06-30T12:42:44.906+0500: 55.975: [CMS-concurrent-reset-start]
2016-06-30T12:42:44.909+0500: 55.977: [CMS-concurrent-reset: 0.002/0.002 secs] [Times: user=0.01 sys=0.00, real=0.00 secs] 
2016-06-30T12:42:44.954+0500: 56.023: [GC (Allocation Failure) 2016-06-30T12:42:44.954+0500: 56.023: [ParNew: 306688K->34048K(306688K), 0.1611717 secs] 1436697K->1434755K(2063104K), 0.1612605 secs] [Times: user=0.19 sys=0.02, real=0.16 secs] 
2016-06-30T12:42:45.116+0500: 56.185: [GC (CMS Initial Mark) [1 CMS-initial-mark: 1400707K(1756416K)] 1436064K(2063104K), 0.0008077 secs] [Times: user=0.00 sys=0.00, real=0.00 secs] 
2016-06-30T12:42:45.117+0500: 56.186: [CMS-concurrent-mark-start]
2016-06-30T12:42:45.169+0500: 56.238: [CMS-concurrent-mark: 0.052/0.052 secs] [Times: user=0.18 sys=0.01, real=0.05 secs] 
2016-06-30T12:42:45.169+0500: 56.238: [CMS-concurrent-preclean-start]
2016-06-30T12:42:45.174+0500: 56.243: [CMS-concurrent-preclean: 0.005/0.005 secs] [Times: user=0.02 sys=0.00, real=0.01 secs] 
2016-06-30T12:42:45.174+0500: 56.243: [CMS-concurrent-abortable-preclean-start]
2016-06-30T12:42:45.225+0500: 56.294: [GC (Allocation Failure) 2016-06-30T12:42:45.225+0500: 56.294: [ParNew2016-06-30T12:42:45.287+0500: 56.356: [CMS-concurrent-abortable-preclean: 0.012/0.113 secs] [Times: user=0.27 sys=0.01, real=0.11 secs] 
: 306688K->34048K(306688K), 0.1601598 secs] 1707395K->1706196K(2063104K), 0.1602382 secs] [Times: user=0.19 sys=0.02, real=0.16 secs] 
2016-06-30T12:42:45.386+0500: 56.454: [GC (CMS Final Remark) [YG occupancy: 38125 K (306688 K)]2016-06-30T12:42:45.386+0500: 56.455: [Rescan (parallel) , 0.0073172 secs]2016-06-30T12:42:45.393+0500: 56.462: [weak refs processing, 0.0000681 secs]2016-06-30T12:42:45.393+0500: 56.462: [class unloading, 0.0009922 secs]2016-06-30T12:42:45.394+0500: 56.463: [scrub symbol table, 0.0013198 secs]2016-06-30T12:42:45.395+0500: 56.464: [scrub string table, 0.0002466 secs][1 CMS-remark: 1672148K(1756416K)] 1710274K(2063104K), 0.0101293 secs] [Times: user=0.03 sys=0.00, real=0.01 secs] 
2016-06-30T12:42:45.396+0500: 56.465: [CMS-concurrent-sweep-start]
2016-06-30T12:42:45.500+0500: 56.569: [CMS-concurrent-sweep: 0.104/0.104 secs] [Times: user=0.35 sys=0.00, real=0.11 secs] 
2016-06-30T12:42:45.500+0500: 56.569: [CMS-concurrent-reset-start]
2016-06-30T12:42:45.503+0500: 56.572: [CMS-concurrent-reset: 0.003/0.003 secs] [Times: user=0.01 sys=0.00, real=0.00 secs] 
2016-06-30T12:42:45.519+0500: 56.588: [GC (Allocation Failure) 2016-06-30T12:42:45.519+0500: 56.588: [ParNew: 306688K->34048K(306688K), 0.1407990 secs] 1452437K->1449634K(2063104K), 0.1408740 secs] [Times: user=0.19 sys=0.02, real=0.15 secs] 
2016-06-30T12:42:45.662+0500: 56.731: [GC (CMS Initial Mark) [1 CMS-initial-mark: 1415586K(1756416K)] 1454821K(2063104K), 0.0009400 secs] [Times: user=0.00 sys=0.00, real=0.00 secs] 
2016-06-30T12:42:45.663+0500: 56.732: [CMS-concurrent-mark-start]
2016-06-30T12:42:45.742+0500: 56.811: [CMS-concurrent-mark: 0.079/0.079 secs] [Times: user=0.27 sys=0.00, real=0.08 secs] 
2016-06-30T12:42:45.742+0500: 56.811: [CMS-concurrent-preclean-start]
2016-06-30T12:42:45.747+0500: 56.815: [CMS-concurrent-preclean: 0.005/0.005 secs] [Times: user=0.02 sys=0.00, real=0.00 secs] 
2016-06-30T12:42:45.747+0500: 56.815: [CMS-concurrent-abortable-preclean-start]
2016-06-30T12:42:45.775+0500: 56.844: [GC (Allocation Failure) 2016-06-30T12:42:45.775+0500: 56.844: [ParNew2016-06-30T12:42:45.876+0500: 56.945: [CMS-concurrent-abortable-preclean: 0.028/0.129 secs] [Times: user=0.24 sys=0.02, real=0.13 secs] 
: 306688K->34048K(306688K), 0.1465868 secs] 1722274K->1720199K(2063104K), 0.1466722 secs] [Times: user=0.20 sys=0.02, real=0.15 secs] 
2016-06-30T12:42:45.922+0500: 56.991: [GC (CMS Final Remark) [YG occupancy: 39472 K (306688 K)]2016-06-30T12:42:45.922+0500: 56.991: [Rescan (parallel) , 0.0086932 secs]2016-06-30T12:42:45.931+0500: 57.000: [weak refs processing, 0.0000411 secs]2016-06-30T12:42:45.931+0500: 57.000: [class unloading, 0.0007764 secs]2016-06-30T12:42:45.932+0500: 57.001: [scrub symbol table, 0.0005874 secs]2016-06-30T12:42:45.932+0500: 57.001: [scrub string table, 0.0001660 secs][1 CMS-remark: 1686151K(1756416K)] 1725624K(2063104K), 0.0103832 secs] [Times: user=0.03 sys=0.00, real=0.01 secs] 
2016-06-30T12:42:45.934+0500: 57.002: [CMS-concurrent-sweep-start]
2016-06-30T12:42:46.045+0500: 57.114: [GC (Allocation Failure) 2016-06-30T12:42:46.045+0500: 57.114: [ParNew: 306688K->34048K(306688K), 0.1577221 secs] 1491767K->1490627K(2063104K), 0.1578134 secs] [Times: user=0.21 sys=0.03, real=0.16 secs] 
2016-06-30T12:42:46.221+0500: 57.290: [CMS-concurrent-sweep: 0.129/0.287 secs] [Times: user=0.66 sys=0.03, real=0.29 secs] 
2016-06-30T12:42:46.221+0500: 57.290: [CMS-concurrent-reset-start]
2016-06-30T12:42:46.224+0500: 57.292: [CMS-concurrent-reset: 0.003/0.003 secs] [Times: user=0.01 sys=0.00, real=0.00 secs] 
2016-06-30T12:42:46.304+0500: 57.373: [GC (Allocation Failure) 2016-06-30T12:42:46.304+0500: 57.373: [ParNew: 306688K->34048K(306688K), 0.1445872 secs] 1673813K->1671246K(2063104K), 0.1446749 secs] [Times: user=0.19 sys=0.03, real=0.14 secs] 
2016-06-30T12:42:46.450+0500: 57.519: [GC (CMS Initial Mark) [1 CMS-initial-mark: 1637198K(1756416K)] 1676621K(2063104K), 0.0009025 secs] [Times: user=0.00 sys=0.00, real=0.00 secs] 
2016-06-30T12:42:46.451+0500: 57.520: [CMS-concurrent-mark-start]
2016-06-30T12:42:46.509+0500: 57.578: [CMS-concurrent-mark: 0.058/0.058 secs] [Times: user=0.21 sys=0.00, real=0.05 secs] 
2016-06-30T12:42:46.509+0500: 57.578: [CMS-concurrent-preclean-start]
2016-06-30T12:42:46.514+0500: 57.583: [CMS-concurrent-preclean: 0.005/0.005 secs] [Times: user=0.00 sys=0.00, real=0.01 secs] 
2016-06-30T12:42:46.514+0500: 57.583: [CMS-concurrent-abortable-preclean-start]
2016-06-30T12:42:46.514+0500: 57.583: [CMS-concurrent-abortable-preclean: 0.000/0.000 secs] [Times: user=0.00 sys=0.00, real=0.00 secs] 
2016-06-30T12:42:46.515+0500: 57.583: [GC (CMS Final Remark) [YG occupancy: 174521 K (306688 K)]2016-06-30T12:42:46.515+0500: 57.583: [Rescan (parallel) , 0.0051903 secs]2016-06-30T12:42:46.520+0500: 57.589: [weak refs processing, 0.0000413 secs]2016-06-30T12:42:46.520+0500: 57.589: [class unloading, 0.0012481 secs]2016-06-30T12:42:46.521+0500: 57.590: [scrub symbol table, 0.0021927 secs]2016-06-30T12:42:46.523+0500: 57.592: [scrub string table, 0.0002661 secs][1 CMS-remark: 1637198K(1756416K)] 1811719K(2063104K), 0.0091162 secs] [Times: user=0.02 sys=0.00, real=0.01 secs] 
2016-06-30T12:42:46.524+0500: 57.593: [CMS-concurrent-sweep-start]
2016-06-30T12:42:46.580+0500: 57.649: [GC (Allocation Failure) 2016-06-30T12:42:46.580+0500: 57.649: [ParNew: 306688K->34048K(306688K), 0.1361065 secs] 1609628K->1607362K(2063104K), 0.1362338 secs] [Times: user=0.18 sys=0.01, real=0.13 secs] 
2016-06-30T12:42:46.787+0500: 57.856: [CMS-concurrent-sweep: 0.126/0.263 secs] [Times: user=0.61 sys=0.02, real=0.26 secs] 
2016-06-30T12:42:46.787+0500: 57.856: [CMS-concurrent-reset-start]
2016-06-30T12:42:46.790+0500: 57.859: [CMS-concurrent-reset: 0.003/0.003 secs] [Times: user=0.00 sys=0.00, real=0.01 secs] 
2016-06-30T12:42:46.836+0500: 57.905: [GC (Allocation Failure) 2016-06-30T12:42:46.836+0500: 57.905: [ParNew: 306688K->34048K(306688K), 0.1443642 secs] 1429939K->1427229K(2063104K), 0.1444704 secs] [Times: user=0.21 sys=0.02, real=0.15 secs] 
2016-06-30T12:42:46.981+0500: 58.050: [GC (CMS Initial Mark) [1 CMS-initial-mark: 1393181K(1756416K)] 1428642K(2063104K), 0.0014083 secs] [Times: user=0.00 sys=0.00, real=0.00 secs] 
2016-06-30T12:42:46.983+0500: 58.052: [CMS-concurrent-mark-start]
2016-06-30T12:42:47.043+0500: 58.112: [CMS-concurrent-mark: 0.060/0.060 secs] [Times: user=0.17 sys=0.01, real=0.06 secs] 
2016-06-30T12:42:47.043+0500: 58.112: [CMS-concurrent-preclean-start]
2016-06-30T12:42:47.048+0500: 58.117: [CMS-concurrent-preclean: 0.005/0.005 secs] [Times: user=0.01 sys=0.00, real=0.00 secs] 
2016-06-30T12:42:47.048+0500: 58.117: [CMS-concurrent-abortable-preclean-start]
2016-06-30T12:42:47.115+0500: 58.183: [GC (Allocation Failure) 2016-06-30T12:42:47.115+0500: 58.183: [ParNew2016-06-30T12:42:47.166+0500: 58.235: [CMS-concurrent-abortable-preclean: 0.017/0.118 secs] [Times: user=0.29 sys=0.01, real=0.12 secs] 
: 306688K->34048K(306688K), 0.1698205 secs] 1699869K->1697583K(2063104K), 0.1699364 secs] [Times: user=0.25 sys=0.03, real=0.17 secs] 
2016-06-30T12:42:47.285+0500: 58.354: [GC (CMS Final Remark) [YG occupancy: 39476 K (306688 K)]2016-06-30T12:42:47.285+0500: 58.354: [Rescan (parallel) , 0.0079167 secs]2016-06-30T12:42:47.293+0500: 58.362: [weak refs processing, 0.0000410 secs]2016-06-30T12:42:47.293+0500: 58.362: [class unloading, 0.0009999 secs]2016-06-30T12:42:47.294+0500: 58.363: [scrub symbol table, 0.0010803 secs]2016-06-30T12:42:47.295+0500: 58.364: [scrub string table, 0.0002621 secs][1 CMS-remark: 1663535K(1756416K)] 1703011K(2063104K), 0.0104937 secs] [Times: user=0.04 sys=0.00, real=0.01 secs] 
2016-06-30T12:42:47.296+0500: 58.364: [CMS-concurrent-sweep-start]
2016-06-30T12:42:47.405+0500: 58.474: [CMS-concurrent-sweep: 0.109/0.109 secs] [Times: user=0.35 sys=0.01, real=0.11 secs] 
2016-06-30T12:42:47.405+0500: 58.474: [CMS-concurrent-reset-start]
2016-06-30T12:42:47.412+0500: 58.480: [CMS-concurrent-reset: 0.007/0.007 secs] [Times: user=0.03 sys=0.00, real=0.01 secs] 
2016-06-30T12:42:47.422+0500: 58.491: [GC (Allocation Failure) 2016-06-30T12:42:47.422+0500: 58.491: [ParNew: 306688K->34048K(306688K), 0.1773494 secs] 1448568K->1446277K(2063104K), 0.1774652 secs] [Times: user=0.27 sys=0.07, real=0.18 secs] 
2016-06-30T12:42:47.600+0500: 58.669: [GC (CMS Initial Mark) [1 CMS-initial-mark: 1412229K(1756416K)] 1448994K(2063104K), 0.0008668 secs] [Times: user=0.00 sys=0.00, real=0.00 secs] 
2016-06-30T12:42:47.601+0500: 58.670: [CMS-concurrent-mark-start]
2016-06-30T12:42:47.668+0500: 58.737: [CMS-concurrent-mark: 0.068/0.068 secs] [Times: user=0.21 sys=0.00, real=0.06 secs] 
2016-06-30T12:42:47.670+0500: 58.739: [CMS-concurrent-preclean-start]
2016-06-30T12:42:47.675+0500: 58.744: [CMS-concurrent-preclean: 0.005/0.005 secs] [Times: user=0.02 sys=0.00, real=0.00 secs] 
2016-06-30T12:42:47.675+0500: 58.744: [CMS-concurrent-abortable-preclean-start]
2016-06-30T12:42:47.729+0500: 58.798: [GC (Allocation Failure) 2016-06-30T12:42:47.729+0500: 58.798: [ParNew2016-06-30T12:42:47.789+0500: 58.858: [CMS-concurrent-abortable-preclean: 0.014/0.114 secs] [Times: user=0.27 sys=0.01, real=0.11 secs] 
: 306688K->34048K(306688K), 0.1714439 secs] 1718917K->1717969K(2063104K), 0.1715626 secs] [Times: user=0.23 sys=0.03, real=0.18 secs] 
2016-06-30T12:42:47.901+0500: 58.970: [GC (CMS Final Remark) [YG occupancy: 36577 K (306688 K)]2016-06-30T12:42:47.901+0500: 58.970: [Rescan (parallel) , 0.0093653 secs]2016-06-30T12:42:47.910+0500: 58.979: [weak refs processing, 0.0000439 secs]2016-06-30T12:42:47.910+0500: 58.979: [class unloading, 0.0008898 secs]2016-06-30T12:42:47.911+0500: 58.980: [scrub symbol table, 0.0010455 secs]2016-06-30T12:42:47.912+0500: 58.981: [scrub string table, 0.0002470 secs][1 CMS-remark: 1683921K(1756416K)] 1720499K(2063104K), 0.0117808 secs] [Times: user=0.04 sys=0.00, real=0.01 secs] 
2016-06-30T12:42:47.913+0500: 58.982: [CMS-concurrent-sweep-start]
2016-06-30T12:42:48.021+0500: 59.089: [CMS-concurrent-sweep: 0.108/0.108 secs] [Times: user=0.35 sys=0.00, real=0.11 secs] 
2016-06-30T12:42:48.021+0500: 59.090: [CMS-concurrent-reset-start]
2016-06-30T12:42:48.023+0500: 59.092: [CMS-concurrent-reset: 0.003/0.003 secs] [Times: user=0.01 sys=0.00, real=0.00 secs] 
2016-06-30T12:42:48.037+0500: 59.106: [GC (Allocation Failure) 2016-06-30T12:42:48.037+0500: 59.106: [ParNew: 306688K->34048K(306688K), 0.1632559 secs] 1430082K->1428405K(2063104K), 0.1633747 secs] [Times: user=0.23 sys=0.03, real=0.17 secs] 
2016-06-30T12:42:48.204+0500: 59.273: [GC (CMS Initial Mark) [1 CMS-initial-mark: 1394357K(1756416K)] 1438022K(2063104K), 0.0008246 secs] [Times: user=0.01 sys=0.00, real=0.00 secs] 
2016-06-30T12:42:48.205+0500: 59.274: [CMS-concurrent-mark-start]
2016-06-30T12:42:48.294+0500: 59.363: [CMS-concurrent-mark: 0.089/0.089 secs] [Times: user=0.30 sys=0.00, real=0.09 secs] 
2016-06-30T12:42:48.294+0500: 59.363: [CMS-concurrent-preclean-start]
2016-06-30T12:42:48.299+0500: 59.368: [CMS-concurrent-preclean: 0.005/0.005 secs] [Times: user=0.01 sys=0.00, real=0.00 secs] 
2016-06-30T12:42:48.299+0500: 59.368: [CMS-concurrent-abortable-preclean-start]
2016-06-30T12:42:48.317+0500: 59.386: [GC (Allocation Failure) 2016-06-30T12:42:48.317+0500: 59.386: [ParNew2016-06-30T12:42:48.419+0500: 59.488: [CMS-concurrent-abortable-preclean: 0.017/0.120 secs] [Times: user=0.20 sys=0.02, real=0.12 secs] 
: 306688K->34048K(306688K), 0.1719031 secs] 1701045K->1698149K(2063104K), 0.1720091 secs] [Times: user=0.21 sys=0.03, real=0.17 secs] 
2016-06-30T12:42:48.490+0500: 59.559: [GC (CMS Final Remark) [YG occupancy: 39483 K (306688 K)]2016-06-30T12:42:48.490+0500: 59.559: [Rescan (parallel) , 0.0084792 secs]2016-06-30T12:42:48.498+0500: 59.567: [weak refs processing, 0.0000426 secs]2016-06-30T12:42:48.498+0500: 59.567: [class unloading, 0.0009864 secs]2016-06-30T12:42:48.499+0500: 59.568: [scrub symbol table, 0.0011028 secs]2016-06-30T12:42:48.500+0500: 59.569: [scrub string table, 0.0002332 secs][1 CMS-remark: 1664101K(1756416K)] 1703585K(2063104K), 0.0110485 secs] [Times: user=0.03 sys=0.00, real=0.01 secs] 
2016-06-30T12:42:48.501+0500: 59.570: [CMS-concurrent-sweep-start]
2016-06-30T12:42:48.616+0500: 59.685: [CMS-concurrent-sweep: 0.115/0.115 secs] [Times: user=0.41 sys=0.00, real=0.11 secs] 
2016-06-30T12:42:48.616+0500: 59.685: [CMS-concurrent-reset-start]
2016-06-30T12:42:48.618+0500: 59.687: [CMS-concurrent-reset: 0.002/0.002 secs] [Times: user=0.00 sys=0.00, real=0.00 secs] 
2016-06-30T12:42:48.620+0500: 59.689: [GC (Allocation Failure) 2016-06-30T12:42:48.620+0500: 59.689: [ParNew: 306688K->34048K(306688K), 0.1472387 secs] 1346966K->1345447K(2063104K), 0.1473629 secs] [Times: user=0.19 sys=0.02, real=0.14 secs] 
2016-06-30T12:42:48.768+0500: 59.837: [GC (CMS Initial Mark) [1 CMS-initial-mark: 1311399K(1756416K)] 1349408K(2063104K), 0.0006126 secs] [Times: user=0.00 sys=0.00, real=0.00 secs] 
2016-06-30T12:42:48.768+0500: 59.837: [CMS-concurrent-mark-start]
2016-06-30T12:42:48.845+0500: 59.914: [CMS-concurrent-mark: 0.076/0.076 secs] [Times: user=0.25 sys=0.00, real=0.08 secs] 
2016-06-30T12:42:48.845+0500: 59.914: [CMS-concurrent-preclean-start]
2016-06-30T12:42:48.873+0500: 59.942: [CMS-concurrent-preclean: 0.028/0.028 secs] [Times: user=0.07 sys=0.00, real=0.03 secs] 
2016-06-30T12:42:48.874+0500: 59.943: [CMS-concurrent-abortable-preclean-start]
2016-06-30T12:42:48.911+0500: 59.980: [GC (Allocation Failure) 2016-06-30T12:42:48.912+0500: 59.981: [ParNew2016-06-30T12:42:49.009+0500: 60.078: [CMS-concurrent-abortable-preclean: 0.033/0.135 secs] [Times: user=0.21 sys=0.02, real=0.13 secs] 
: 306688K->34048K(306688K), 0.1760127 secs] 1618087K->1616776K(2063104K), 0.1762302 secs] [Times: user=0.23 sys=0.03, real=0.17 secs] 
2016-06-30T12:42:49.088+0500: 60.157: [GC (CMS Final Remark) [YG occupancy: 38057 K (306688 K)]2016-06-30T12:42:49.088+0500: 60.157: [Rescan (parallel) , 0.0085349 secs]2016-06-30T12:42:49.097+0500: 60.166: [weak refs processing, 0.0000376 secs]2016-06-30T12:42:49.097+0500: 60.166: [class unloading, 0.0009555 secs]2016-06-30T12:42:49.098+0500: 60.167: [scrub symbol table, 0.0009936 secs]2016-06-30T12:42:49.099+0500: 60.168: [scrub string table, 0.0002205 secs][1 CMS-remark: 1582728K(1756416K)] 1620785K(2063104K), 0.0109335 secs] [Times: user=0.04 sys=0.00, real=0.01 secs] 
2016-06-30T12:42:49.099+0500: 60.168: [CMS-concurrent-sweep-start]
2016-06-30T12:42:49.197+0500: 60.266: [CMS-concurrent-sweep: 0.097/0.097 secs] [Times: user=0.34 sys=0.00, real=0.10 secs] 
2016-06-30T12:42:49.197+0500: 60.266: [CMS-concurrent-reset-start]
2016-06-30T12:42:49.199+0500: 60.268: [CMS-concurrent-reset: 0.002/0.002 secs] [Times: user=0.00 sys=0.00, real=0.00 secs] 
2016-06-30T12:42:49.214+0500: 60.283: [GC (Allocation Failure) 2016-06-30T12:42:49.214+0500: 60.283: [ParNew: 306688K->34048K(306688K), 0.1516621 secs] 1383944K->1383223K(2063104K), 0.1517838 secs] [Times: user=0.21 sys=0.02, real=0.15 secs] 
2016-06-30T12:42:49.366+0500: 60.435: [GC (CMS Initial Mark) [1 CMS-initial-mark: 1349175K(1756416K)] 1386069K(2063104K), 0.0007384 secs] [Times: user=0.00 sys=0.01, real=0.00 secs] 
2016-06-30T12:42:49.367+0500: 60.436: [CMS-concurrent-mark-start]
2016-06-30T12:42:49.442+0500: 60.511: [CMS-concurrent-mark: 0.075/0.075 secs] [Times: user=0.24 sys=0.00, real=0.08 secs] 
2016-06-30T12:42:49.442+0500: 60.511: [CMS-concurrent-preclean-start]
2016-06-30T12:42:49.447+0500: 60.516: [CMS-concurrent-preclean: 0.005/0.005 secs] [Times: user=0.02 sys=0.00, real=0.00 secs] 
2016-06-30T12:42:49.447+0500: 60.516: [CMS-concurrent-abortable-preclean-start]
2016-06-30T12:42:49.499+0500: 60.568: [GC (Allocation Failure) 2016-06-30T12:42:49.499+0500: 60.568: [ParNew2016-06-30T12:42:49.560+0500: 60.629: [CMS-concurrent-abortable-preclean: 0.013/0.113 secs] [Times: user=0.26 sys=0.01, real=0.12 secs] 
: 306688K->34048K(306688K), 0.1548897 secs] 1655863K->1654059K(2063104K), 0.1550059 secs] [Times: user=0.21 sys=0.02, real=0.16 secs] 
2016-06-30T12:42:49.655+0500: 60.724: [GC (CMS Final Remark) [YG occupancy: 38025 K (306688 K)]2016-06-30T12:42:49.655+0500: 60.724: [Rescan (parallel) , 0.0083030 secs]2016-06-30T12:42:49.663+0500: 60.732: [weak refs processing, 0.0000403 secs]2016-06-30T12:42:49.663+0500: 60.732: [class unloading, 0.0009311 secs]2016-06-30T12:42:49.664+0500: 60.733: [scrub symbol table, 0.0010912 secs]2016-06-30T12:42:49.665+0500: 60.734: [scrub string table, 0.0002310 secs][1 CMS-remark: 1620011K(1756416K)] 1658036K(2063104K), 0.0108071 secs] [Times: user=0.03 sys=0.00, real=0.01 secs] 
2016-06-30T12:42:49.666+0500: 60.735: [CMS-concurrent-sweep-start]
2016-06-30T12:42:49.758+0500: 60.827: [CMS-concurrent-sweep: 0.092/0.092 secs] [Times: user=0.32 sys=0.00, real=0.09 secs] 
2016-06-30T12:42:49.758+0500: 60.827: [CMS-concurrent-reset-start]
2016-06-30T12:42:49.761+0500: 60.830: [CMS-concurrent-reset: 0.003/0.003 secs] [Times: user=0.01 sys=0.00, real=0.01 secs] 
2016-06-30T12:42:49.781+0500: 60.851: [GC (Allocation Failure) 2016-06-30T12:42:49.782+0500: 60.851: [ParNew: 306688K->34048K(306688K), 0.1441005 secs] 1424987K->1422991K(2063104K), 0.1442166 secs] [Times: user=0.20 sys=0.01, real=0.14 secs] 
2016-06-30T12:42:49.931+0500: 61.001: [GC (CMS Initial Mark) [1 CMS-initial-mark: 1388943K(1756416K)] 1436648K(2063104K), 0.0008623 secs] [Times: user=0.00 sys=0.00, real=0.00 secs] 
2016-06-30T12:42:49.932+0500: 61.001: [CMS-concurrent-mark-start]
2016-06-30T12:42:50.005+0500: 61.075: [CMS-concurrent-mark: 0.073/0.073 secs] [Times: user=0.24 sys=0.00, real=0.07 secs] 
2016-06-30T12:42:50.006+0500: 61.075: [CMS-concurrent-preclean-start]
2016-06-30T12:42:50.010+0500: 61.080: [CMS-concurrent-preclean: 0.005/0.005 secs] [Times: user=0.00 sys=0.00, real=0.01 secs] 
2016-06-30T12:42:50.011+0500: 61.080: [CMS-concurrent-abortable-preclean-start]
2016-06-30T12:42:50.055+0500: 61.124: [GC (Allocation Failure) 2016-06-30T12:42:50.055+0500: 61.124: [ParNew2016-06-30T12:42:50.133+0500: 61.202: [CMS-concurrent-abortable-preclean: 0.019/0.122 secs] [Times: user=0.25 sys=0.01, real=0.12 secs] 
: 306688K->34048K(306688K), 0.2545438 secs] 1695631K->1694275K(2063104K), 0.2555318 secs] [Times: user=0.23 sys=0.01, real=0.26 secs] 
2016-06-30T12:42:50.352+0500: 61.421: [GC (CMS Final Remark) [YG occupancy: 93604 K (306688 K)]2016-06-30T12:42:50.352+0500: 61.421: [Rescan (parallel) , 0.0149745 secs]2016-06-30T12:42:50.367+0500: 61.436: [weak refs processing, 0.0000404 secs]2016-06-30T12:42:50.367+0500: 61.436: [class unloading, 0.0010260 secs]2016-06-30T12:42:50.368+0500: 61.437: [scrub symbol table, 0.0011591 secs]2016-06-30T12:42:50.369+0500: 61.438: [scrub string table, 0.0002416 secs][1 CMS-remark: 1660227K(1756416K)] 1753832K(2063104K), 0.0176837 secs] [Times: user=0.04 sys=0.00, real=0.02 secs] 
2016-06-30T12:42:50.370+0500: 61.439: [CMS-concurrent-sweep-start]
2016-06-30T12:42:50.482+0500: 61.551: [GC (Allocation Failure) 2016-06-30T12:42:50.482+0500: 61.551: [ParNew: 306688K->34048K(306688K), 0.1613314 secs] 1729550K->1727190K(2063104K), 0.1614360 secs] [Times: user=0.26 sys=0.02, real=0.16 secs] 
2016-06-30T12:42:50.715+0500: 61.784: [CMS-concurrent-sweep: 0.183/0.345 secs] [Times: user=0.79 sys=0.03, real=0.34 secs] 
2016-06-30T12:42:50.715+0500: 61.784: [CMS-concurrent-reset-start]
2016-06-30T12:42:50.718+0500: 61.787: [CMS-concurrent-reset: 0.002/0.002 secs] [Times: user=0.01 sys=0.00, real=0.00 secs] 
2016-06-30T12:42:50.765+0500: 61.834: [GC (Allocation Failure) 2016-06-30T12:42:50.765+0500: 61.834: [ParNew: 306688K->34048K(306688K), 0.1497676 secs] 1666169K->1664198K(2063104K), 0.1498973 secs] [Times: user=0.24 sys=0.02, real=0.15 secs] 
2016-06-30T12:42:50.915+0500: 61.984: [GC (CMS Initial Mark) [1 CMS-initial-mark: 1630150K(1756416K)] 1668049K(2063104K), 0.0008378 secs] [Times: user=0.00 sys=0.00, real=0.00 secs] 
2016-06-30T12:42:50.916+0500: 61.985: [CMS-concurrent-mark-start]
2016-06-30T12:42:50.982+0500: 62.051: [CMS-concurrent-mark: 0.066/0.066 secs] [Times: user=0.19 sys=0.00, real=0.07 secs] 
2016-06-30T12:42:50.982+0500: 62.051: [CMS-concurrent-preclean-start]
2016-06-30T12:42:50.990+0500: 62.059: [CMS-concurrent-preclean: 0.007/0.007 secs] [Times: user=0.02 sys=0.00, real=0.01 secs] 
2016-06-30T12:42:50.990+0500: 62.059: [CMS-concurrent-abortable-preclean-start]
2016-06-30T12:42:50.990+0500: 62.059: [CMS-concurrent-abortable-preclean: 0.000/0.000 secs] [Times: user=0.00 sys=0.00, real=0.00 secs] 
2016-06-30T12:42:50.991+0500: 62.060: [GC (CMS Final Remark) [YG occupancy: 163880 K (306688 K)]2016-06-30T12:42:50.991+0500: 62.060: [Rescan (parallel) , 0.0063372 secs]2016-06-30T12:42:50.997+0500: 62.066: [weak refs processing, 0.0000405 secs]2016-06-30T12:42:50.997+0500: 62.066: [class unloading, 0.0010403 secs]2016-06-30T12:42:50.998+0500: 62.067: [scrub symbol table, 0.0014969 secs]2016-06-30T12:42:51.000+0500: 62.069: [scrub string table, 0.0002670 secs][1 CMS-remark: 1630150K(1756416K)] 1794031K(2063104K), 0.0094310 secs] [Times: user=0.01 sys=0.00, real=0.01 secs] 
2016-06-30T12:42:51.001+0500: 62.070: [CMS-concurrent-sweep-start]
2016-06-30T12:42:51.094+0500: 62.163: [GC (Allocation Failure) 2016-06-30T12:42:51.094+0500: 62.163: [ParNew: 306688K->34048K(306688K), 0.1979866 secs] 1583285K->1581555K(2063104K), 0.1981127 secs] [Times: user=0.23 sys=0.02, real=0.20 secs] 
2016-06-30T12:42:51.384+0500: 62.453: [CMS-concurrent-sweep: 0.185/0.383 secs] [Times: user=0.67 sys=0.04, real=0.38 secs] 
2016-06-30T12:42:51.384+0500: 62.453: [CMS-concurrent-reset-start]
2016-06-30T12:42:51.388+0500: 62.457: [CMS-concurrent-reset: 0.004/0.004 secs] [Times: user=0.00 sys=0.00, real=0.00 secs] 
2016-06-30T12:42:51.491+0500: 62.560: [GC (Allocation Failure) 2016-06-30T12:42:51.491+0500: 62.560: [ParNew: 306688K->34048K(306688K), 0.1652444 secs] 1438331K->1435542K(2063104K), 0.1654173 secs] [Times: user=0.21 sys=0.03, real=0.16 secs] 
2016-06-30T12:42:51.658+0500: 62.727: [GC (CMS Initial Mark) [1 CMS-initial-mark: 1401494K(1756416K)] 1436945K(2063104K), 0.0008478 secs] [Times: user=0.00 sys=0.00, real=0.00 secs] 
2016-06-30T12:42:51.659+0500: 62.728: [CMS-concurrent-mark-start]
2016-06-30T12:42:51.721+0500: 62.791: [CMS-concurrent-mark: 0.062/0.062 secs] [Times: user=0.18 sys=0.00, real=0.07 secs] 
2016-06-30T12:42:51.721+0500: 62.791: [CMS-concurrent-preclean-start]
2016-06-30T12:42:51.726+0500: 62.795: [CMS-concurrent-preclean: 0.005/0.005 secs] [Times: user=0.02 sys=0.00, real=0.00 secs] 
2016-06-30T12:42:51.726+0500: 62.795: [CMS-concurrent-abortable-preclean-start]
2016-06-30T12:42:51.801+0500: 62.870: [GC (Allocation Failure) 2016-06-30T12:42:51.801+0500: 62.870: [ParNew2016-06-30T12:42:51.847+0500: 62.916: [CMS-concurrent-abortable-preclean: 0.018/0.121 secs] [Times: user=0.29 sys=0.01, real=0.12 secs] 
: 306688K->34048K(306688K), 0.1646036 secs] 1708182K->1706108K(2063104K), 0.1647260 secs] [Times: user=0.22 sys=0.02, real=0.16 secs] 
2016-06-30T12:42:51.966+0500: 63.035: [GC (CMS Final Remark) [YG occupancy: 36670 K (306688 K)]2016-06-30T12:42:51.966+0500: 63.035: [Rescan (parallel) , 0.0087751 secs]2016-06-30T12:42:51.975+0500: 63.044: [weak refs processing, 0.0000391 secs]2016-06-30T12:42:51.975+0500: 63.044: [class unloading, 0.0010271 secs]2016-06-30T12:42:51.976+0500: 63.045: [scrub symbol table, 0.0011383 secs]2016-06-30T12:42:51.977+0500: 63.046: [scrub string table, 0.0002244 secs][1 CMS-remark: 1672060K(1756416K)] 1708730K(2063104K), 0.0114494 secs] [Times: user=0.03 sys=0.00, real=0.01 secs] 
2016-06-30T12:42:51.977+0500: 63.046: [CMS-concurrent-sweep-start]
2016-06-30T12:42:52.064+0500: 63.133: [CMS-concurrent-sweep: 0.087/0.087 secs] [Times: user=0.29 sys=0.00, real=0.09 secs] 
2016-06-30T12:42:52.064+0500: 63.133: [CMS-concurrent-reset-start]
2016-06-30T12:42:52.067+0500: 63.136: [CMS-concurrent-reset: 0.003/0.003 secs] [Times: user=0.00 sys=0.00, real=0.00 secs] 
2016-06-30T12:42:52.122+0500: 63.191: [GC (Allocation Failure) 2016-06-30T12:42:52.122+0500: 63.191: [ParNew: 306688K->34048K(306688K), 0.1431548 secs] 1450734K->1448049K(2063104K), 0.1432718 secs] [Times: user=0.19 sys=0.01, real=0.14 secs] 
2016-06-30T12:42:52.266+0500: 63.335: [GC (CMS Initial Mark) [1 CMS-initial-mark: 1414001K(1756416K)] 1450936K(2063104K), 0.0008799 secs] [Times: user=0.00 sys=0.00, real=0.00 secs] 
2016-06-30T12:42:52.267+0500: 63.336: [CMS-concurrent-mark-start]
2016-06-30T12:42:52.373+0500: 63.442: [CMS-concurrent-mark: 0.106/0.106 secs] [Times: user=0.27 sys=0.01, real=0.11 secs] 
2016-06-30T12:42:52.373+0500: 63.442: [CMS-concurrent-preclean-start]
2016-06-30T12:42:52.380+0500: 63.449: [CMS-concurrent-preclean: 0.007/0.007 secs] [Times: user=0.02 sys=0.00, real=0.01 secs] 
2016-06-30T12:42:52.380+0500: 63.449: [CMS-concurrent-abortable-preclean-start]
2016-06-30T12:42:52.432+0500: 63.501: [GC (Allocation Failure) 2016-06-30T12:42:52.432+0500: 63.501: [ParNew2016-06-30T12:42:52.492+0500: 63.561: [CMS-concurrent-abortable-preclean: 0.012/0.112 secs] [Times: user=0.22 sys=0.01, real=0.11 secs] 
: 306688K->34048K(306688K), 0.1521129 secs] 1720689K->1718294K(2063104K), 0.1522285 secs] [Times: user=0.21 sys=0.02, real=0.15 secs] 
2016-06-30T12:42:52.584+0500: 63.654: [GC (CMS Final Remark) [YG occupancy: 36601 K (306688 K)]2016-06-30T12:42:52.585+0500: 63.654: [Rescan (parallel) , 0.0101773 secs]2016-06-30T12:42:52.595+0500: 63.664: [weak refs processing, 0.0000437 secs]2016-06-30T12:42:52.595+0500: 63.664: [class unloading, 0.0008324 secs]2016-06-30T12:42:52.596+0500: 63.665: [scrub symbol table, 0.0010488 secs]2016-06-30T12:42:52.597+0500: 63.666: [scrub string table, 0.0002461 secs][1 CMS-remark: 1684246K(1756416K)] 1720847K(2063104K), 0.0125374 secs] [Times: user=0.03 sys=0.00, real=0.01 secs] 
2016-06-30T12:42:52.597+0500: 63.666: [CMS-concurrent-sweep-start]
2016-06-30T12:42:52.715+0500: 63.784: [CMS-concurrent-sweep: 0.118/0.118 secs] [Times: user=0.40 sys=0.00, real=0.12 secs] 
2016-06-30T12:42:52.716+0500: 63.785: [CMS-concurrent-reset-start]
2016-06-30T12:42:52.719+0500: 63.788: [CMS-concurrent-reset: 0.003/0.003 secs] [Times: user=0.01 sys=0.00, real=0.00 secs] 
2016-06-30T12:42:52.722+0500: 63.792: [GC (Allocation Failure) 2016-06-30T12:42:52.723+0500: 63.792: [ParNew: 306688K->34048K(306688K), 0.1699892 secs] 1477366K->1476594K(2063104K), 0.1701189 secs] [Times: user=0.23 sys=0.03, real=0.17 secs] 
2016-06-30T12:42:52.893+0500: 63.962: [GC (CMS Initial Mark) [1 CMS-initial-mark: 1442546K(1756416K)] 1477936K(2063104K), 0.0007561 secs] [Times: user=0.00 sys=0.00, real=0.00 secs] 
2016-06-30T12:42:52.894+0500: 63.963: [CMS-concurrent-mark-start]
2016-06-30T12:42:53.001+0500: 64.070: [CMS-concurrent-mark: 0.107/0.107 secs] [Times: user=0.31 sys=0.00, real=0.11 secs] 
2016-06-30T12:42:53.001+0500: 64.070: [CMS-concurrent-preclean-start]
2016-06-30T12:42:53.006+0500: 64.075: [CMS-concurrent-preclean: 0.005/0.005 secs] [Times: user=0.02 sys=0.00, real=0.00 secs] 
2016-06-30T12:42:53.006+0500: 64.075: [CMS-concurrent-abortable-preclean-start]
2016-06-30T12:42:53.028+0500: 64.097: [GC (Allocation Failure) 2016-06-30T12:42:53.028+0500: 64.097: [ParNew2016-06-30T12:42:53.132+0500: 64.202: [CMS-concurrent-abortable-preclean: 0.022/0.126 secs] [Times: user=0.19 sys=0.02, real=0.13 secs] 
: 306688K->34048K(306688K), 0.1983762 secs] 1749234K->1748752K(2063104K), 0.1984895 secs] [Times: user=0.24 sys=0.03, real=0.20 secs] 
2016-06-30T12:42:53.306+0500: 64.375: [GC (CMS Final Remark) [YG occupancy: 256055 K (306688 K)]2016-06-30T12:42:53.306+0500: 64.375: [Rescan (parallel) , 0.0109387 secs]2016-06-30T12:42:53.317+0500: 64.386: [weak refs processing, 0.0000399 secs]2016-06-30T12:42:53.317+0500: 64.386: [class unloading, 0.0009878 secs]2016-06-30T12:42:53.318+0500: 64.387: [scrub symbol table, 0.0010464 secs]2016-06-30T12:42:53.319+0500: 64.388: [scrub string table, 0.0002271 secs][1 CMS-remark: 1714704K(1756416K)] 1970759K(2063104K), 0.0134626 secs] [Times: user=0.04 sys=0.00, real=0.01 secs] 
2016-06-30T12:42:53.319+0500: 64.389: [CMS-concurrent-sweep-start]
2016-06-30T12:42:53.356+0500: 64.425: [GC (Allocation Failure) 2016-06-30T12:42:53.356+0500: 64.425: [ParNew: 306688K->306688K(306688K), 0.0000434 secs]2016-06-30T12:42:53.356+0500: 64.425: [CMS2016-06-30T12:42:53.443+0500: 64.512: [CMS-concurrent-sweep: 0.123/0.123 secs] [Times: user=0.18 sys=0.00, real=0.13 secs] 
 (concurrent mode failure): 1554077K->985048K(1756416K), 0.5070174 secs] 1860765K->985048K(2063104K), [Metaspace: 4505K->4505K(1056768K)], 0.5073793 secs] [Times: user=0.48 sys=0.01, real=0.51 secs] 
2016-06-30T12:42:53.977+0500: 65.046: [GC (Allocation Failure) 2016-06-30T12:42:53.977+0500: 65.046: [ParNew: 272640K->34048K(306688K), 0.1450577 secs] 1257688K->1256466K(2063104K), 0.1451693 secs] [Times: user=0.21 sys=0.09, real=0.15 secs] 
2016-06-30T12:42:54.122+0500: 65.191: [GC (CMS Initial Mark) [1 CMS-initial-mark: 1222418K(1756416K)] 1257841K(2063104K), 0.0006514 secs] [Times: user=0.00 sys=0.00, real=0.00 secs] 
2016-06-30T12:42:54.123+0500: 65.192: [CMS-concurrent-mark-start]
2016-06-30T12:42:54.198+0500: 65.267: [CMS-concurrent-mark: 0.075/0.075 secs] [Times: user=0.25 sys=0.00, real=0.07 secs] 
2016-06-30T12:42:54.198+0500: 65.268: [CMS-concurrent-preclean-start]
2016-06-30T12:42:54.204+0500: 65.273: [CMS-concurrent-preclean: 0.005/0.005 secs] [Times: user=0.02 sys=0.00, real=0.01 secs] 
2016-06-30T12:42:54.204+0500: 65.273: [CMS-concurrent-abortable-preclean-start]
2016-06-30T12:42:54.260+0500: 65.330: [GC (Allocation Failure) 2016-06-30T12:42:54.260+0500: 65.330: [ParNew2016-06-30T12:42:54.317+0500: 65.387: [CMS-concurrent-abortable-preclean: 0.013/0.113 secs] [Times: user=0.25 sys=0.01, real=0.11 secs] 
: 306688K->34048K(306688K), 0.1719944 secs] 1529106K->1527967K(2063104K), 0.1721282 secs] [Times: user=0.22 sys=0.03, real=0.17 secs] 
2016-06-30T12:42:54.433+0500: 65.502: [GC (CMS Final Remark) [YG occupancy: 36608 K (306688 K)]2016-06-30T12:42:54.433+0500: 65.502: [Rescan (parallel) , 0.0077221 secs]2016-06-30T12:42:54.441+0500: 65.510: [weak refs processing, 0.0000481 secs]2016-06-30T12:42:54.441+0500: 65.510: [class unloading, 0.0010417 secs]2016-06-30T12:42:54.442+0500: 65.511: [scrub symbol table, 0.0012607 secs]2016-06-30T12:42:54.443+0500: 65.512: [scrub string table, 0.0002968 secs][1 CMS-remark: 1493919K(1756416K)] 1530527K(2063104K), 0.0105795 secs] [Times: user=0.04 sys=0.00, real=0.01 secs] 
2016-06-30T12:42:54.444+0500: 65.513: [CMS-concurrent-sweep-start]
2016-06-30T12:42:54.525+0500: 65.594: [CMS-concurrent-sweep: 0.081/0.081 secs] [Times: user=0.23 sys=0.00, real=0.08 secs] 
2016-06-30T12:42:54.525+0500: 65.594: [CMS-concurrent-reset-start]
2016-06-30T12:42:54.528+0500: 65.597: [CMS-concurrent-reset: 0.002/0.002 secs] [Times: user=0.01 sys=0.00, real=0.00 secs] 
2016-06-30T12:42:54.578+0500: 65.647: [GC (Allocation Failure) 2016-06-30T12:42:54.578+0500: 65.647: [ParNew: 306688K->34048K(306688K), 0.1433554 secs] 1464660K->1461912K(2063104K), 0.1434692 secs] [Times: user=0.19 sys=0.03, real=0.15 secs] 
2016-06-30T12:42:54.722+0500: 65.791: [GC (CMS Initial Mark) [1 CMS-initial-mark: 1427864K(1756416K)] 1463580K(2063104K), 0.0009443 secs] [Times: user=0.00 sys=0.00, real=0.00 secs] 
2016-06-30T12:42:54.723+0500: 65.792: [CMS-concurrent-mark-start]
2016-06-30T12:42:54.789+0500: 65.858: [CMS-concurrent-mark: 0.066/0.066 secs] [Times: user=0.22 sys=0.00, real=0.06 secs] 
2016-06-30T12:42:54.789+0500: 65.858: [CMS-concurrent-preclean-start]
2016-06-30T12:42:54.793+0500: 65.862: [CMS-concurrent-preclean: 0.005/0.005 secs] [Times: user=0.02 sys=0.00, real=0.01 secs] 
2016-06-30T12:42:54.793+0500: 65.863: [CMS-concurrent-abortable-preclean-start]
2016-06-30T12:42:54.849+0500: 65.918: [GC (Allocation Failure) 2016-06-30T12:42:54.849+0500: 65.918: [ParNew2016-06-30T12:42:54.906+0500: 65.975: [CMS-concurrent-abortable-preclean: 0.012/0.112 secs] [Times: user=0.27 sys=0.01, real=0.11 secs] 
: 306688K->34048K(306688K), 0.1642557 secs] 1734552K->1733308K(2063104K), 0.1644207 secs] [Times: user=0.22 sys=0.02, real=0.17 secs] 
2016-06-30T12:42:55.014+0500: 66.083: [GC (CMS Final Remark) [YG occupancy: 36537 K (306688 K)]2016-06-30T12:42:55.014+0500: 66.083: [Rescan (parallel) , 0.0086892 secs]2016-06-30T12:42:55.022+0500: 66.092: [weak refs processing, 0.0000438 secs]2016-06-30T12:42:55.023+0500: 66.092: [class unloading, 0.0010413 secs]2016-06-30T12:42:55.024+0500: 66.093: [scrub symbol table, 0.0020819 secs]2016-06-30T12:42:55.026+0500: 66.095: [scrub string table, 0.0003026 secs][1 CMS-remark: 1699260K(1756416K)] 1735798K(2063104K), 0.0123617 secs] [Times: user=0.04 sys=0.00, real=0.01 secs] 
2016-06-30T12:42:55.026+0500: 66.095: [CMS-concurrent-sweep-start]
2016-06-30T12:42:55.145+0500: 66.214: [CMS-concurrent-sweep: 0.119/0.119 secs] [Times: user=0.39 sys=0.01, real=0.12 secs] 
2016-06-30T12:42:55.145+0500: 66.214: [CMS-concurrent-reset-start]
2016-06-30T12:42:55.148+0500: 66.217: [CMS-concurrent-reset: 0.003/0.003 secs] [Times: user=0.01 sys=0.00, real=0.00 secs] 
2016-06-30T12:42:55.153+0500: 66.222: [GC (Allocation Failure) 2016-06-30T12:42:55.153+0500: 66.222: [ParNew: 306688K->34048K(306688K), 0.1585225 secs] 1431457K->1430273K(2063104K), 0.1586951 secs] [Times: user=0.22 sys=0.02, real=0.16 secs] 
2016-06-30T12:42:55.312+0500: 66.381: [GC (CMS Initial Mark) [1 CMS-initial-mark: 1396225K(1756416K)] 1434412K(2063104K), 0.0009044 secs] [Times: user=0.00 sys=0.00, real=0.00 secs] 
2016-06-30T12:42:55.313+0500: 66.382: [CMS-concurrent-mark-start]
2016-06-30T12:42:55.400+0500: 66.469: [CMS-concurrent-mark: 0.087/0.087 secs] [Times: user=0.27 sys=0.00, real=0.09 secs] 
2016-06-30T12:42:55.400+0500: 66.469: [CMS-concurrent-preclean-start]
2016-06-30T12:42:55.408+0500: 66.477: [CMS-concurrent-preclean: 0.008/0.008 secs] [Times: user=0.03 sys=0.00, real=0.00 secs] 
2016-06-30T12:42:55.409+0500: 66.478: [CMS-concurrent-abortable-preclean-start]
2016-06-30T12:42:55.448+0500: 66.517: [GC (Allocation Failure) 2016-06-30T12:42:55.448+0500: 66.518: [ParNew2016-06-30T12:42:55.528+0500: 66.597: [CMS-concurrent-abortable-preclean: 0.018/0.119 secs] [Times: user=0.22 sys=0.01, real=0.12 secs] 
: 306688K->34048K(306688K), 0.1645327 secs] 1702913K->1701147K(2063104K), 0.1646774 secs] [Times: user=0.21 sys=0.02, real=0.17 secs] 
2016-06-30T12:42:55.613+0500: 66.682: [GC (CMS Final Remark) [YG occupancy: 35288 K (306688 K)]2016-06-30T12:42:55.613+0500: 66.682: [Rescan (parallel) , 0.0085650 secs]2016-06-30T12:42:55.622+0500: 66.691: [weak refs processing, 0.0000398 secs]2016-06-30T12:42:55.622+0500: 66.691: [class unloading, 0.0010110 secs]2016-06-30T12:42:55.623+0500: 66.692: [scrub symbol table, 0.0012859 secs]2016-06-30T12:42:55.624+0500: 66.693: [scrub string table, 0.0003058 secs][1 CMS-remark: 1667099K(1756416K)] 1702388K(2063104K), 0.0114595 secs] [Times: user=0.03 sys=0.00, real=0.01 secs] 
2016-06-30T12:42:55.625+0500: 66.694: [CMS-concurrent-sweep-start]
2016-06-30T12:42:55.721+0500: 66.791: [CMS-concurrent-sweep: 0.097/0.097 secs] [Times: user=0.32 sys=0.01, real=0.10 secs] 
2016-06-30T12:42:55.721+0500: 66.791: [CMS-concurrent-reset-start]
2016-06-30T12:42:55.724+0500: 66.793: [CMS-concurrent-reset: 0.003/0.003 secs] [Times: user=0.01 sys=0.00, real=0.00 secs] 
2016-06-30T12:42:55.751+0500: 66.820: [GC (Allocation Failure) 2016-06-30T12:42:55.751+0500: 66.820: [ParNew: 306688K->34048K(306688K), 0.1448586 secs] 1402540K->1399948K(2063104K), 0.1449880 secs] [Times: user=0.23 sys=0.02, real=0.14 secs] 
2016-06-30T12:42:55.896+0500: 66.966: [GC (CMS Initial Mark) [1 CMS-initial-mark: 1365900K(1756416K)] 1403982K(2063104K), 0.0008583 secs] [Times: user=0.00 sys=0.00, real=0.00 secs] 
2016-06-30T12:42:55.897+0500: 66.966: [CMS-concurrent-mark-start]
2016-06-30T12:42:55.960+0500: 67.029: [CMS-concurrent-mark: 0.063/0.063 secs] [Times: user=0.20 sys=0.00, real=0.07 secs] 
2016-06-30T12:42:55.960+0500: 67.029: [CMS-concurrent-preclean-start]
2016-06-30T12:42:55.967+0500: 67.036: [CMS-concurrent-preclean: 0.007/0.007 secs] [Times: user=0.02 sys=0.00, real=0.00 secs] 
2016-06-30T12:42:55.967+0500: 67.036: [CMS-concurrent-abortable-preclean-start]
2016-06-30T12:42:56.029+0500: 67.098: [GC (Allocation Failure) 2016-06-30T12:42:56.029+0500: 67.098: [ParNew2016-06-30T12:42:56.081+0500: 67.151: [CMS-concurrent-abortable-preclean: 0.015/0.115 secs] [Times: user=0.27 sys=0.01, real=0.12 secs] 
: 306688K->34048K(306688K), 0.1761334 secs] 1672588K->1671127K(2063104K), 0.1762620 secs] [Times: user=0.21 sys=0.03, real=0.18 secs] 
2016-06-30T12:42:56.205+0500: 67.275: [GC (CMS Final Remark) [YG occupancy: 36848 K (306688 K)]2016-06-30T12:42:56.205+0500: 67.275: [Rescan (parallel) , 0.0080871 secs]2016-06-30T12:42:56.214+0500: 67.283: [weak refs processing, 0.0000428 secs]2016-06-30T12:42:56.214+0500: 67.283: [class unloading, 0.0009656 secs]2016-06-30T12:42:56.215+0500: 67.284: [scrub symbol table, 0.0007233 secs]2016-06-30T12:42:56.215+0500: 67.285: [scrub string table, 0.0002074 secs][1 CMS-remark: 1637079K(1756416K)] 1673928K(2063104K), 0.0101986 secs] [Times: user=0.04 sys=0.00, real=0.01 secs] 
2016-06-30T12:42:56.216+0500: 67.285: [CMS-concurrent-sweep-start]
2016-06-30T12:42:56.317+0500: 67.387: [CMS-concurrent-sweep: 0.102/0.102 secs] [Times: user=0.35 sys=0.00, real=0.10 secs] 
2016-06-30T12:42:56.318+0500: 67.387: [CMS-concurrent-reset-start]
2016-06-30T12:42:56.328+0500: 67.397: [CMS-concurrent-reset: 0.010/0.010 secs] [Times: user=0.04 sys=0.00, real=0.01 secs] 
2016-06-30T12:42:56.339+0500: 67.408: [GC (Allocation Failure) 2016-06-30T12:42:56.339+0500: 67.408: [ParNew: 306688K->34048K(306688K), 0.1620342 secs] 1417101K->1415730K(2063104K), 0.1621558 secs] [Times: user=0.21 sys=0.02, real=0.17 secs] 
2016-06-30T12:42:56.501+0500: 67.570: [GC (CMS Initial Mark) [1 CMS-initial-mark: 1381682K(1756416K)] 1419919K(2063104K), 0.0008997 secs] [Times: user=0.00 sys=0.00, real=0.00 secs] 
2016-06-30T12:42:56.502+0500: 67.571: [CMS-concurrent-mark-start]
2016-06-30T12:42:56.569+0500: 67.638: [CMS-concurrent-mark: 0.066/0.066 secs] [Times: user=0.22 sys=0.01, real=0.06 secs] 
2016-06-30T12:42:56.569+0500: 67.638: [CMS-concurrent-preclean-start]
2016-06-30T12:42:56.574+0500: 67.643: [CMS-concurrent-preclean: 0.005/0.005 secs] [Times: user=0.01 sys=0.00, real=0.01 secs] 
2016-06-30T12:42:56.574+0500: 67.643: [CMS-concurrent-abortable-preclean-start]
2016-06-30T12:42:56.626+0500: 67.696: [GC (Allocation Failure) 2016-06-30T12:42:56.626+0500: 67.696: [ParNew2016-06-30T12:42:56.687+0500: 67.756: [CMS-concurrent-abortable-preclean: 0.013/0.113 secs] [Times: user=0.27 sys=0.01, real=0.11 secs] 
: 306688K->34048K(306688K), 0.1570033 secs] 1688370K->1686698K(2063104K), 0.1571697 secs] [Times: user=0.24 sys=0.02, real=0.16 secs] 
2016-06-30T12:42:56.784+0500: 67.853: [GC (CMS Final Remark) [YG occupancy: 36659 K (306688 K)]2016-06-30T12:42:56.784+0500: 67.853: [Rescan (parallel) , 0.0104256 secs]2016-06-30T12:42:56.794+0500: 67.864: [weak refs processing, 0.0000386 secs]2016-06-30T12:42:56.794+0500: 67.864: [class unloading, 0.0009949 secs]2016-06-30T12:42:56.795+0500: 67.865: [scrub symbol table, 0.0011860 secs]2016-06-30T12:42:56.797+0500: 67.866: [scrub string table, 0.0002607 secs][1 CMS-remark: 1652650K(1756416K)] 1689310K(2063104K), 0.0131084 secs] [Times: user=0.04 sys=0.00, real=0.01 secs] 
2016-06-30T12:42:56.797+0500: 67.866: [CMS-concurrent-sweep-start]
2016-06-30T12:42:56.899+0500: 67.968: [CMS-concurrent-sweep: 0.102/0.102 secs] [Times: user=0.33 sys=0.00, real=0.10 secs] 
2016-06-30T12:42:56.899+0500: 67.969: [CMS-concurrent-reset-start]
2016-06-30T12:42:56.902+0500: 67.971: [CMS-concurrent-reset: 0.003/0.003 secs] [Times: user=0.01 sys=0.01, real=0.01 secs] 
2016-06-30T12:42:56.924+0500: 67.993: [GC (Allocation Failure) 2016-06-30T12:42:56.924+0500: 67.994: [ParNew: 306688K->34048K(306688K), 0.1831002 secs] 1432722K->1430839K(2063104K), 0.1832638 secs] [Times: user=0.23 sys=0.02, real=0.18 secs] 
2016-06-30T12:42:57.108+0500: 68.177: [GC (CMS Initial Mark) [1 CMS-initial-mark: 1396791K(1756416K)] 1433538K(2063104K), 0.0009926 secs] [Times: user=0.00 sys=0.00, real=0.00 secs] 
2016-06-30T12:42:57.109+0500: 68.178: [CMS-concurrent-mark-start]
2016-06-30T12:42:57.185+0500: 68.255: [CMS-concurrent-mark: 0.076/0.076 secs] [Times: user=0.25 sys=0.01, real=0.08 secs] 
2016-06-30T12:42:57.186+0500: 68.255: [CMS-concurrent-preclean-start]
2016-06-30T12:42:57.190+0500: 68.260: [CMS-concurrent-preclean: 0.005/0.005 secs] [Times: user=0.02 sys=0.00, real=0.01 secs] 
2016-06-30T12:42:57.191+0500: 68.260: [CMS-concurrent-abortable-preclean-start]
2016-06-30T12:42:57.230+0500: 68.299: [GC (Allocation Failure) 2016-06-30T12:42:57.230+0500: 68.299: [ParNew2016-06-30T12:42:57.308+0500: 68.378: [CMS-concurrent-abortable-preclean: 0.013/0.118 secs] [Times: user=0.24 sys=0.01, real=0.11 secs] 
: 306688K->34048K(306688K), 0.1915040 secs] 1703479K->1701823K(2063104K), 0.1916315 secs] [Times: user=0.25 sys=0.06, real=0.19 secs] 
2016-06-30T12:42:57.422+0500: 68.491: [GC (CMS Final Remark) [YG occupancy: 36643 K (306688 K)]2016-06-30T12:42:57.422+0500: 68.491: [Rescan (parallel) , 0.0080227 secs]2016-06-30T12:42:57.430+0500: 68.499: [weak refs processing, 0.0000423 secs]2016-06-30T12:42:57.430+0500: 68.499: [class unloading, 0.0010496 secs]2016-06-30T12:42:57.431+0500: 68.500: [scrub symbol table, 0.0010341 secs]2016-06-30T12:42:57.432+0500: 68.501: [scrub string table, 0.0002533 secs][1 CMS-remark: 1667775K(1756416K)] 1704418K(2063104K), 0.0105965 secs] [Times: user=0.04 sys=0.00, real=0.01 secs] 
2016-06-30T12:42:57.432+0500: 68.502: [CMS-concurrent-sweep-start]
2016-06-30T12:42:57.549+0500: 68.618: [CMS-concurrent-sweep: 0.117/0.117 secs] [Times: user=0.37 sys=0.01, real=0.11 secs] 
2016-06-30T12:42:57.549+0500: 68.618: [CMS-concurrent-reset-start]
2016-06-30T12:42:57.552+0500: 68.621: [CMS-concurrent-reset: 0.003/0.003 secs] [Times: user=0.02 sys=0.00, real=0.01 secs] 
2016-06-30T12:42:57.564+0500: 68.634: [GC (Allocation Failure) 2016-06-30T12:42:57.564+0500: 68.634: [ParNew: 306688K->34048K(306688K), 0.1470528 secs] 1396054K->1395080K(2063104K), 0.1471666 secs] [Times: user=0.21 sys=0.02, real=0.15 secs] 
2016-06-30T12:42:57.712+0500: 68.781: [GC (CMS Initial Mark) [1 CMS-initial-mark: 1361032K(1756416K)] 1399067K(2063104K), 0.0008540 secs] [Times: user=0.00 sys=0.00, real=0.00 secs] 
2016-06-30T12:42:57.713+0500: 68.782: [CMS-concurrent-mark-start]
2016-06-30T12:42:57.781+0500: 68.850: [CMS-concurrent-mark: 0.068/0.068 secs] [Times: user=0.23 sys=0.00, real=0.07 secs] 
2016-06-30T12:42:57.781+0500: 68.851: [CMS-concurrent-preclean-start]
2016-06-30T12:42:57.786+0500: 68.855: [CMS-concurrent-preclean: 0.005/0.005 secs] [Times: user=0.01 sys=0.00, real=0.00 secs] 
2016-06-30T12:42:57.786+0500: 68.856: [CMS-concurrent-abortable-preclean-start]
2016-06-30T12:42:57.841+0500: 68.910: [GC (Allocation Failure) 2016-06-30T12:42:57.841+0500: 68.910: [ParNew2016-06-30T12:42:57.901+0500: 68.971: [CMS-concurrent-abortable-preclean: 0.012/0.115 secs] [Times: user=0.27 sys=0.01, real=0.12 secs] 
: 306688K->34048K(306688K), 0.1556604 secs] 1667720K->1665488K(2063104K), 0.1557760 secs] [Times: user=0.23 sys=0.02, real=0.15 secs] 
2016-06-30T12:42:57.997+0500: 69.067: [GC (CMS Final Remark) [YG occupancy: 38459 K (306688 K)]2016-06-30T12:42:57.997+0500: 69.067: [Rescan (parallel) , 0.0088428 secs]2016-06-30T12:42:58.006+0500: 69.076: [weak refs processing, 0.0000460 secs]2016-06-30T12:42:58.006+0500: 69.076: [class unloading, 0.0010008 secs]2016-06-30T12:42:58.007+0500: 69.077: [scrub symbol table, 0.0013699 secs]2016-06-30T12:42:58.009+0500: 69.078: [scrub string table, 0.0002722 secs][1 CMS-remark: 1631440K(1756416K)] 1669900K(2063104K), 0.0117112 secs] [Times: user=0.04 sys=0.00, real=0.01 secs] 
2016-06-30T12:42:58.009+0500: 69.079: [CMS-concurrent-sweep-start]
2016-06-30T12:42:58.125+0500: 69.194: [CMS-concurrent-sweep: 0.115/0.115 secs] [Times: user=0.39 sys=0.01, real=0.12 secs] 
2016-06-30T12:42:58.125+0500: 69.194: [CMS-concurrent-reset-start]
2016-06-30T12:42:58.128+0500: 69.197: [CMS-concurrent-reset: 0.002/0.002 secs] [Times: user=0.01 sys=0.00, real=0.00 secs] 
2016-06-30T12:42:58.130+0500: 69.199: [GC (Allocation Failure) 2016-06-30T12:42:58.130+0500: 69.199: [ParNew: 306688K->34048K(306688K), 0.1470006 secs] 1432711K->1429538K(2063104K), 0.1471088 secs] [Times: user=0.20 sys=0.01, real=0.14 secs] 
2016-06-30T12:42:58.277+0500: 69.347: [GC (CMS Initial Mark) [1 CMS-initial-mark: 1395490K(1756416K)] 1432304K(2063104K), 0.0007410 secs] [Times: user=0.00 sys=0.00, real=0.00 secs] 
2016-06-30T12:42:58.278+0500: 69.348: [CMS-concurrent-mark-start]
2016-06-30T12:42:58.401+0500: 69.470: [GC (Allocation Failure) 2016-06-30T12:42:58.401+0500: 69.470: [ParNew: 306688K->34048K(306688K), 0.1387464 secs] 1702178K->1701565K(2063104K), 0.1388528 secs] [Times: user=0.19 sys=0.01, real=0.13 secs] 
2016-06-30T12:42:58.541+0500: 69.610: [CMS-concurrent-mark: 0.123/0.262 secs] [Times: user=0.59 sys=0.02, real=0.27 secs] 
2016-06-30T12:42:58.541+0500: 69.610: [CMS-concurrent-preclean-start]
2016-06-30T12:42:58.615+0500: 69.684: [CMS-concurrent-preclean: 0.050/0.074 secs] [Times: user=0.25 sys=0.00, real=0.07 secs] 
2016-06-30T12:42:58.615+0500: 69.684: [CMS-concurrent-abortable-preclean-start]
2016-06-30T12:42:58.615+0500: 69.684: [CMS-concurrent-abortable-preclean: 0.000/0.000 secs] [Times: user=0.00 sys=0.00, real=0.00 secs] 
2016-06-30T12:42:58.615+0500: 69.685: [GC (CMS Final Remark) [YG occupancy: 199648 K (306688 K)]2016-06-30T12:42:58.615+0500: 69.685: [Rescan (parallel) , 0.0052599 secs]2016-06-30T12:42:58.621+0500: 69.690: [weak refs processing, 0.0000421 secs]2016-06-30T12:42:58.621+0500: 69.690: [class unloading, 0.0011015 secs]2016-06-30T12:42:58.622+0500: 69.691: [scrub symbol table, 0.0010477 secs]2016-06-30T12:42:58.623+0500: 69.692: [scrub string table, 0.0002958 secs][1 CMS-remark: 1667517K(1756416K)] 1867166K(2063104K), 0.0080400 secs] [Times: user=0.02 sys=0.00, real=0.01 secs] 
2016-06-30T12:42:58.624+0500: 69.694: [CMS-concurrent-sweep-start]
2016-06-30T12:42:58.679+0500: 69.748: [GC (Allocation Failure) 2016-06-30T12:42:58.679+0500: 69.748: [ParNew: 306688K->34048K(306688K), 0.1443794 secs] 1716838K->1714738K(2063104K), 0.1445065 secs] [Times: user=0.20 sys=0.01, real=0.15 secs] 
2016-06-30T12:42:58.901+0500: 69.971: [CMS-concurrent-sweep: 0.129/0.277 secs] [Times: user=0.61 sys=0.02, real=0.28 secs] 
2016-06-30T12:42:58.902+0500: 69.971: [CMS-concurrent-reset-start]
2016-06-30T12:42:58.904+0500: 69.974: [CMS-concurrent-reset: 0.003/0.003 secs] [Times: user=0.01 sys=0.00, real=0.00 secs] 
2016-06-30T12:42:58.947+0500: 70.016: [GC (Allocation Failure) 2016-06-30T12:42:58.947+0500: 70.016: [ParNew: 306688K->34048K(306688K), 0.1707722 secs] 1630407K->1629662K(2063104K), 0.1708983 secs] [Times: user=0.21 sys=0.02, real=0.17 secs] 
2016-06-30T12:42:59.118+0500: 70.188: [GC (CMS Initial Mark) [1 CMS-initial-mark: 1595614K(1756416K)] 1633893K(2063104K), 0.0009956 secs] [Times: user=0.00 sys=0.00, real=0.00 secs] 
2016-06-30T12:42:59.119+0500: 70.189: [CMS-concurrent-mark-start]
2016-06-30T12:42:59.177+0500: 70.246: [CMS-concurrent-mark: 0.058/0.058 secs] [Times: user=0.18 sys=0.00, real=0.06 secs] 
2016-06-30T12:42:59.177+0500: 70.246: [CMS-concurrent-preclean-start]
2016-06-30T12:42:59.182+0500: 70.251: [CMS-concurrent-preclean: 0.005/0.005 secs] [Times: user=0.02 sys=0.00, real=0.01 secs] 
2016-06-30T12:42:59.182+0500: 70.251: [CMS-concurrent-abortable-preclean-start]
2016-06-30T12:42:59.182+0500: 70.251: [CMS-concurrent-abortable-preclean: 0.000/0.000 secs] [Times: user=0.00 sys=0.00, real=0.00 secs] 
2016-06-30T12:42:59.182+0500: 70.252: [GC (CMS Final Remark) [YG occupancy: 161630 K (306688 K)]2016-06-30T12:42:59.182+0500: 70.252: [Rescan (parallel) , 0.0058685 secs]2016-06-30T12:42:59.188+0500: 70.258: [weak refs processing, 0.0000725 secs]2016-06-30T12:42:59.188+0500: 70.258: [class unloading, 0.0021090 secs]2016-06-30T12:42:59.191+0500: 70.260: [scrub symbol table, 0.0023780 secs]2016-06-30T12:42:59.193+0500: 70.262: [scrub string table, 0.0008367 secs][1 CMS-remark: 1595614K(1756416K)] 1757245K(2063104K), 0.0116800 secs] [Times: user=0.02 sys=0.00, real=0.01 secs] 
2016-06-30T12:42:59.194+0500: 70.264: [CMS-concurrent-sweep-start]
2016-06-30T12:42:59.276+0500: 70.345: [GC (Allocation Failure) 2016-06-30T12:42:59.276+0500: 70.345: [ParNew: 306688K->34048K(306688K), 0.1431010 secs] 1383001K->1382201K(2063104K), 0.1432189 secs] [Times: user=0.19 sys=0.01, real=0.14 secs] 
2016-06-30T12:42:59.446+0500: 70.515: [CMS-concurrent-sweep: 0.108/0.252 secs] [Times: user=0.52 sys=0.02, real=0.25 secs] 
2016-06-30T12:42:59.446+0500: 70.515: [CMS-concurrent-reset-start]
2016-06-30T12:42:59.449+0500: 70.518: [CMS-concurrent-reset: 0.003/0.003 secs] [Times: user=0.01 sys=0.00, real=0.00 secs] 
2016-06-30T12:42:59.532+0500: 70.601: [GC (Allocation Failure) 2016-06-30T12:42:59.532+0500: 70.601: [ParNew: 306688K->34048K(306688K), 0.1294313 secs] 1428837K->1427117K(2063104K), 0.1295412 secs] [Times: user=0.19 sys=0.01, real=0.13 secs] 
2016-06-30T12:42:59.662+0500: 70.731: [GC (CMS Initial Mark) [1 CMS-initial-mark: 1393069K(1756416K)] 1430031K(2063104K), 0.0008581 secs] [Times: user=0.00 sys=0.00, real=0.00 secs] 
2016-06-30T12:42:59.663+0500: 70.732: [CMS-concurrent-mark-start]
2016-06-30T12:42:59.725+0500: 70.794: [CMS-concurrent-mark: 0.062/0.062 secs] [Times: user=0.19 sys=0.00, real=0.06 secs] 
2016-06-30T12:42:59.725+0500: 70.794: [CMS-concurrent-preclean-start]
2016-06-30T12:42:59.730+0500: 70.799: [CMS-concurrent-preclean: 0.005/0.005 secs] [Times: user=0.02 sys=0.00, real=0.01 secs] 
2016-06-30T12:42:59.730+0500: 70.799: [CMS-concurrent-abortable-preclean-start]
2016-06-30T12:42:59.783+0500: 70.853: [GC (Allocation Failure) 2016-06-30T12:42:59.783+0500: 70.853: [ParNew2016-06-30T12:42:59.843+0500: 70.912: [CMS-concurrent-abortable-preclean: 0.012/0.113 secs] [Times: user=0.28 sys=0.01, real=0.11 secs] 
: 306688K->34048K(306688K), 0.1532792 secs] 1699757K->1697067K(2063104K), 0.1534059 secs] [Times: user=0.21 sys=0.02, real=0.15 secs] 
2016-06-30T12:42:59.937+0500: 71.007: [GC (CMS Final Remark) [YG occupancy: 36962 K (306688 K)]2016-06-30T12:42:59.937+0500: 71.007: [Rescan (parallel) , 0.0080310 secs]2016-06-30T12:42:59.945+0500: 71.015: [weak refs processing, 0.0000395 secs]2016-06-30T12:42:59.945+0500: 71.015: [class unloading, 0.0007629 secs]2016-06-30T12:42:59.946+0500: 71.015: [scrub symbol table, 0.0006118 secs]2016-06-30T12:42:59.947+0500: 71.016: [scrub string table, 0.0002249 secs][1 CMS-remark: 1663019K(1756416K)] 1699981K(2063104K), 0.0098611 secs] [Times: user=0.03 sys=0.00, real=0.01 secs] 
2016-06-30T12:42:59.947+0500: 71.016: [CMS-concurrent-sweep-start]
2016-06-30T12:43:00.051+0500: 71.120: [CMS-concurrent-sweep: 0.104/0.104 secs] [Times: user=0.28 sys=0.00, real=0.11 secs] 
2016-06-30T12:43:00.051+0500: 71.120: [CMS-concurrent-reset-start]
2016-06-30T12:43:00.054+0500: 71.124: [CMS-concurrent-reset: 0.003/0.003 secs] [Times: user=0.01 sys=0.00, real=0.00 secs] 
2016-06-30T12:43:00.099+0500: 71.169: [GC (Allocation Failure) 2016-06-30T12:43:00.099+0500: 71.169: [ParNew: 306688K->34048K(306688K), 0.1555739 secs] 1467986K->1466025K(2063104K), 0.1557032 secs] [Times: user=0.26 sys=0.02, real=0.16 secs] 
2016-06-30T12:43:00.255+0500: 71.325: [GC (CMS Initial Mark) [1 CMS-initial-mark: 1431977K(1756416K)] 1470064K(2063104K), 0.0006093 secs] [Times: user=0.00 sys=0.00, real=0.00 secs] 
2016-06-30T12:43:00.256+0500: 71.325: [CMS-concurrent-mark-start]
2016-06-30T12:43:00.341+0500: 71.410: [CMS-concurrent-mark: 0.084/0.084 secs] [Times: user=0.28 sys=0.00, real=0.09 secs] 
2016-06-30T12:43:00.341+0500: 71.410: [CMS-concurrent-preclean-start]
2016-06-30T12:43:00.347+0500: 71.416: [CMS-concurrent-preclean: 0.006/0.006 secs] [Times: user=0.01 sys=0.00, real=0.00 secs] 
2016-06-30T12:43:00.347+0500: 71.416: [CMS-concurrent-abortable-preclean-start]
2016-06-30T12:43:00.386+0500: 71.456: [GC (Allocation Failure) 2016-06-30T12:43:00.386+0500: 71.456: [ParNew2016-06-30T12:43:00.461+0500: 71.530: [CMS-concurrent-abortable-preclean: 0.014/0.114 secs] [Times: user=0.23 sys=0.01, real=0.12 secs] 
: 306688K->34048K(306688K), 0.1630841 secs] 1738665K->1736497K(2063104K), 0.1632089 secs] [Times: user=0.25 sys=0.02, real=0.17 secs] 
2016-06-30T12:43:00.550+0500: 71.619: [GC (CMS Final Remark) [YG occupancy: 35447 K (306688 K)]2016-06-30T12:43:00.550+0500: 71.619: [Rescan (parallel) , 0.0123230 secs]2016-06-30T12:43:00.562+0500: 71.632: [weak refs processing, 0.0000418 secs]2016-06-30T12:43:00.562+0500: 71.632: [class unloading, 0.0009803 secs]2016-06-30T12:43:00.563+0500: 71.633: [scrub symbol table, 0.0009636 secs]2016-06-30T12:43:00.564+0500: 71.634: [scrub string table, 0.0002338 secs][1 CMS-remark: 1702449K(1756416K)] 1737897K(2063104K), 0.0147295 secs] [Times: user=0.04 sys=0.00, real=0.01 secs] 
2016-06-30T12:43:00.565+0500: 71.634: [CMS-concurrent-sweep-start]
2016-06-30T12:43:00.667+0500: 71.736: [CMS-concurrent-sweep: 0.102/0.102 secs] [Times: user=0.33 sys=0.01, real=0.10 secs] 
2016-06-30T12:43:00.667+0500: 71.736: [CMS-concurrent-reset-start]
2016-06-30T12:43:00.671+0500: 71.740: [CMS-concurrent-reset: 0.004/0.004 secs] [Times: user=0.01 sys=0.00, real=0.01 secs] 
2016-06-30T12:43:00.691+0500: 71.761: [GC (Allocation Failure) 2016-06-30T12:43:00.691+0500: 71.761: [ParNew: 306688K->34048K(306688K), 0.1429744 secs] 1402797K->1400842K(2063104K), 0.1431321 secs] [Times: user=0.19 sys=0.01, real=0.14 secs] 
2016-06-30T12:43:00.835+0500: 71.904: [GC (CMS Initial Mark) [1 CMS-initial-mark: 1366794K(1756416K)] 1404987K(2063104K), 0.0006354 secs] [Times: user=0.01 sys=0.00, real=0.00 secs] 
2016-06-30T12:43:00.836+0500: 71.905: [CMS-concurrent-mark-start]
2016-06-30T12:43:00.917+0500: 71.987: [CMS-concurrent-mark: 0.082/0.082 secs] [Times: user=0.27 sys=0.01, real=0.08 secs] 
2016-06-30T12:43:00.917+0500: 71.987: [CMS-concurrent-preclean-start]
2016-06-30T12:43:00.922+0500: 71.991: [CMS-concurrent-preclean: 0.004/0.004 secs] [Times: user=0.01 sys=0.00, real=0.01 secs] 
2016-06-30T12:43:00.922+0500: 71.991: [CMS-concurrent-abortable-preclean-start]
2016-06-30T12:43:00.951+0500: 72.020: [GC (Allocation Failure) 2016-06-30T12:43:00.951+0500: 72.020: [ParNew2016-06-30T12:43:01.040+0500: 72.109: [CMS-concurrent-abortable-preclean: 0.016/0.118 secs] [Times: user=0.22 sys=0.01, real=0.12 secs] 
: 306688K->34048K(306688K), 0.1941492 secs] 1673482K->1672107K(2063104K), 0.1942621 secs] [Times: user=0.23 sys=0.03, real=0.19 secs] 
2016-06-30T12:43:01.145+0500: 72.215: [GC (CMS Final Remark) [YG occupancy: 36803 K (306688 K)]2016-06-30T12:43:01.145+0500: 72.215: [Rescan (parallel) , 0.0097084 secs]2016-06-30T12:43:01.155+0500: 72.225: [weak refs processing, 0.0000433 secs]2016-06-30T12:43:01.155+0500: 72.225: [class unloading, 0.0011082 secs]2016-06-30T12:43:01.156+0500: 72.226: [scrub symbol table, 0.0013590 secs]2016-06-30T12:43:01.158+0500: 72.227: [scrub string table, 0.0002549 secs][1 CMS-remark: 1638059K(1756416K)] 1674862K(2063104K), 0.0127180 secs] [Times: user=0.03 sys=0.00, real=0.01 secs] 
2016-06-30T12:43:01.158+0500: 72.228: [CMS-concurrent-sweep-start]
2016-06-30T12:43:01.249+0500: 72.318: [CMS-concurrent-sweep: 0.091/0.091 secs] [Times: user=0.30 sys=0.00, real=0.09 secs] 
2016-06-30T12:43:01.249+0500: 72.319: [CMS-concurrent-reset-start]
2016-06-30T12:43:01.253+0500: 72.322: [CMS-concurrent-reset: 0.004/0.004 secs] [Times: user=0.01 sys=0.00, real=0.01 secs] 
2016-06-30T12:43:01.292+0500: 72.361: [GC (Allocation Failure) 2016-06-30T12:43:01.292+0500: 72.361: [ParNew: 306688K->34048K(306688K), 0.1562091 secs] 1376787K->1374683K(2063104K), 0.1563343 secs] [Times: user=0.24 sys=0.02, real=0.15 secs] 
2016-06-30T12:43:01.448+0500: 72.518: [GC (CMS Initial Mark) [1 CMS-initial-mark: 1340635K(1756416K)] 1377473K(2063104K), 0.0008510 secs] [Times: user=0.00 sys=0.00, real=0.00 secs] 
2016-06-30T12:43:01.449+0500: 72.519: [CMS-concurrent-mark-start]
2016-06-30T12:43:01.522+0500: 72.592: [CMS-concurrent-mark: 0.073/0.073 secs] [Times: user=0.22 sys=0.00, real=0.08 secs] 
2016-06-30T12:43:01.522+0500: 72.592: [CMS-concurrent-preclean-start]
2016-06-30T12:43:01.528+0500: 72.597: [CMS-concurrent-preclean: 0.005/0.005 secs] [Times: user=0.02 sys=0.00, real=0.00 secs] 
2016-06-30T12:43:01.528+0500: 72.597: [CMS-concurrent-abortable-preclean-start]
2016-06-30T12:43:01.581+0500: 72.651: [GC (Allocation Failure) 2016-06-30T12:43:01.581+0500: 72.651: [ParNew2016-06-30T12:43:01.645+0500: 72.714: [CMS-concurrent-abortable-preclean: 0.014/0.117 secs] [Times: user=0.25 sys=0.01, real=0.12 secs] 
: 306688K->34048K(306688K), 0.1716711 secs] 1647323K->1645568K(2063104K), 0.1718054 secs] [Times: user=0.23 sys=0.02, real=0.17 secs] 
2016-06-30T12:43:01.753+0500: 72.823: [GC (CMS Final Remark) [YG occupancy: 38071 K (306688 K)]2016-06-30T12:43:01.753+0500: 72.823: [Rescan (parallel) , 0.0082030 secs]2016-06-30T12:43:01.761+0500: 72.831: [weak refs processing, 0.0000415 secs]2016-06-30T12:43:01.762+0500: 72.831: [class unloading, 0.0009949 secs]2016-06-30T12:43:01.763+0500: 72.832: [scrub symbol table, 0.0011117 secs]2016-06-30T12:43:01.764+0500: 72.833: [scrub string table, 0.0002511 secs][1 CMS-remark: 1611520K(1756416K)] 1649591K(2063104K), 0.0108496 secs] [Times: user=0.04 sys=0.00, real=0.01 secs] 
2016-06-30T12:43:01.764+0500: 72.834: [CMS-concurrent-sweep-start]
2016-06-30T12:43:01.866+0500: 72.935: [CMS-concurrent-sweep: 0.102/0.102 secs] [Times: user=0.35 sys=0.00, real=0.10 secs] 
2016-06-30T12:43:01.866+0500: 72.936: [CMS-concurrent-reset-start]
2016-06-30T12:43:01.869+0500: 72.938: [CMS-concurrent-reset: 0.003/0.003 secs] [Times: user=0.01 sys=0.00, real=0.00 secs] 
2016-06-30T12:43:01.882+0500: 72.951: [GC (Allocation Failure) 2016-06-30T12:43:01.882+0500: 72.951: [ParNew: 306688K->34048K(306688K), 0.1510455 secs] 1422792K->1420727K(2063104K), 0.1511709 secs] [Times: user=0.22 sys=0.02, real=0.15 secs] 
2016-06-30T12:43:02.033+0500: 73.103: [GC (CMS Initial Mark) [1 CMS-initial-mark: 1386679K(1756416K)] 1424775K(2063104K), 0.0006132 secs] [Times: user=0.00 sys=0.00, real=0.00 secs] 
2016-06-30T12:43:02.034+0500: 73.104: [CMS-concurrent-mark-start]
2016-06-30T12:43:02.100+0500: 73.169: [CMS-concurrent-mark: 0.066/0.066 secs] [Times: user=0.21 sys=0.00, real=0.07 secs] 
2016-06-30T12:43:02.100+0500: 73.169: [CMS-concurrent-preclean-start]
2016-06-30T12:43:02.104+0500: 73.174: [CMS-concurrent-preclean: 0.004/0.004 secs] [Times: user=0.02 sys=0.00, real=0.00 secs] 
2016-06-30T12:43:02.105+0500: 73.174: [CMS-concurrent-abortable-preclean-start]
2016-06-30T12:43:02.161+0500: 73.230: [GC (Allocation Failure) 2016-06-30T12:43:02.161+0500: 73.230: [ParNew2016-06-30T12:43:02.221+0500: 73.290: [CMS-concurrent-abortable-preclean: 0.012/0.116 secs] [Times: user=0.27 sys=0.02, real=0.12 secs] 
: 306688K->34048K(306688K), 0.1780127 secs] 1693367K->1691602K(2063104K), 0.1781292 secs] [Times: user=0.23 sys=0.03, real=0.17 secs] 
2016-06-30T12:43:02.339+0500: 73.409: [GC (CMS Final Remark) [YG occupancy: 36702 K (306688 K)]2016-06-30T12:43:02.339+0500: 73.409: [Rescan (parallel) , 0.0085087 secs]2016-06-30T12:43:02.348+0500: 73.417: [weak refs processing, 0.0000390 secs]2016-06-30T12:43:02.348+0500: 73.417: [class unloading, 0.0010328 secs]2016-06-30T12:43:02.349+0500: 73.419: [scrub symbol table, 0.0011080 secs]2016-06-30T12:43:02.350+0500: 73.420: [scrub string table, 0.0002468 secs][1 CMS-remark: 1657554K(1756416K)] 1694257K(2063104K), 0.0111218 secs] [Times: user=0.03 sys=0.00, real=0.02 secs] 
2016-06-30T12:43:02.351+0500: 73.420: [CMS-concurrent-sweep-start]
2016-06-30T12:43:02.471+0500: 73.541: [CMS-concurrent-sweep: 0.121/0.121 secs] [Times: user=0.36 sys=0.00, real=0.12 secs] 
2016-06-30T12:43:02.471+0500: 73.541: [CMS-concurrent-reset-start]
2016-06-30T12:43:02.484+0500: 73.553: [CMS-concurrent-reset: 0.012/0.012 secs] [Times: user=0.04 sys=0.00, real=0.01 secs] 
2016-06-30T12:43:02.491+0500: 73.561: [GC (Allocation Failure) 2016-06-30T12:43:02.492+0500: 73.561: [ParNew: 306688K->34048K(306688K), 0.1634878 secs] 1445014K->1443171K(2063104K), 0.1636061 secs] [Times: user=0.22 sys=0.02, real=0.16 secs] 
2016-06-30T12:43:02.656+0500: 73.725: [GC (CMS Initial Mark) [1 CMS-initial-mark: 1409123K(1756416K)] 1448597K(2063104K), 0.0006360 secs] [Times: user=0.00 sys=0.00, real=0.00 secs] 
2016-06-30T12:43:02.656+0500: 73.726: [CMS-concurrent-mark-start]
2016-06-30T12:43:02.735+0500: 73.805: [CMS-concurrent-mark: 0.079/0.079 secs] [Times: user=0.27 sys=0.00, real=0.08 secs] 
2016-06-30T12:43:02.736+0500: 73.805: [CMS-concurrent-preclean-start]
2016-06-30T12:43:02.741+0500: 73.810: [CMS-concurrent-preclean: 0.005/0.005 secs] [Times: user=0.02 sys=0.00, real=0.01 secs] 
2016-06-30T12:43:02.741+0500: 73.810: [CMS-concurrent-abortable-preclean-start]
2016-06-30T12:43:02.777+0500: 73.847: [GC (Allocation Failure) 2016-06-30T12:43:02.778+0500: 73.847: [ParNew2016-06-30T12:43:02.854+0500: 73.924: [CMS-concurrent-abortable-preclean: 0.013/0.113 secs] [Times: user=0.23 sys=0.01, real=0.11 secs] 
: 306688K->34048K(306688K), 0.1664435 secs] 1715811K->1714784K(2063104K), 0.1666330 secs] [Times: user=0.21 sys=0.03, real=0.17 secs] 
2016-06-30T12:43:02.944+0500: 74.014: [GC (CMS Final Remark) [YG occupancy: 36629 K (306688 K)]2016-06-30T12:43:02.944+0500: 74.014: [Rescan (parallel) , 0.0083760 secs]2016-06-30T12:43:02.953+0500: 74.022: [weak refs processing, 0.0000398 secs]2016-06-30T12:43:02.953+0500: 74.022: [class unloading, 0.0011181 secs]2016-06-30T12:43:02.954+0500: 74.024: [scrub symbol table, 0.0017496 secs]2016-06-30T12:43:02.956+0500: 74.025: [scrub string table, 0.0002526 secs][1 CMS-remark: 1680736K(1756416K)] 1717366K(2063104K), 0.0117518 secs] [Times: user=0.03 sys=0.00, real=0.01 secs] 
2016-06-30T12:43:02.956+0500: 74.026: [CMS-concurrent-sweep-start]
2016-06-30T12:43:03.086+0500: 74.156: [GC (Allocation Failure) 2016-06-30T12:43:03.086+0500: 74.156: [ParNew: 306688K->34048K(306688K), 0.1668367 secs] 1423017K->1420967K(2063104K), 0.1669448 secs] [Times: user=0.22 sys=0.03, real=0.17 secs] 
2016-06-30T12:43:03.263+0500: 74.332: [CMS-concurrent-sweep: 0.139/0.306 secs] [Times: user=0.67 sys=0.03, real=0.31 secs] 
2016-06-30T12:43:03.263+0500: 74.332: [CMS-concurrent-reset-start]
2016-06-30T12:43:03.265+0500: 74.335: [CMS-concurrent-reset: 0.003/0.003 secs] [Times: user=0.01 sys=0.00, real=0.00 secs] 
2016-06-30T12:43:03.369+0500: 74.438: [GC (Allocation Failure) 2016-06-30T12:43:03.369+0500: 74.438: [ParNew: 306688K->34048K(306688K), 0.1554952 secs] 1647470K->1645248K(2063104K), 0.1556731 secs] [Times: user=0.19 sys=0.02, real=0.16 secs] 
2016-06-30T12:43:03.527+0500: 74.596: [GC (CMS Initial Mark) [1 CMS-initial-mark: 1611200K(1756416K)] 1653080K(2063104K), 0.0014976 secs] [Times: user=0.00 sys=0.00, real=0.00 secs] 
2016-06-30T12:43:03.528+0500: 74.598: [CMS-concurrent-mark-start]
2016-06-30T12:43:03.597+0500: 74.666: [CMS-concurrent-mark: 0.068/0.068 secs] [Times: user=0.21 sys=0.00, real=0.07 secs] 
2016-06-30T12:43:03.597+0500: 74.666: [CMS-concurrent-preclean-start]
2016-06-30T12:43:03.602+0500: 74.671: [CMS-concurrent-preclean: 0.005/0.005 secs] [Times: user=0.02 sys=0.00, real=0.01 secs] 
2016-06-30T12:43:03.602+0500: 74.671: [CMS-concurrent-abortable-preclean-start]
2016-06-30T12:43:03.602+0500: 74.671: [CMS-concurrent-abortable-preclean: 0.000/0.000 secs] [Times: user=0.00 sys=0.00, real=0.00 secs] 
2016-06-30T12:43:03.602+0500: 74.672: [GC (CMS Final Remark) [YG occupancy: 179842 K (306688 K)]2016-06-30T12:43:03.602+0500: 74.672: [Rescan (parallel) , 0.0041112 secs]2016-06-30T12:43:03.606+0500: 74.676: [weak refs processing, 0.0000430 secs]2016-06-30T12:43:03.606+0500: 74.676: [class unloading, 0.0010379 secs]2016-06-30T12:43:03.607+0500: 74.677: [scrub symbol table, 0.0010053 secs]2016-06-30T12:43:03.608+0500: 74.678: [scrub string table, 0.0002523 secs][1 CMS-remark: 1611200K(1756416K)] 1791043K(2063104K), 0.0066451 secs] [Times: user=0.02 sys=0.00, real=0.00 secs] 
2016-06-30T12:43:03.609+0500: 74.678: [CMS-concurrent-sweep-start]
2016-06-30T12:43:03.669+0500: 74.738: [GC (Allocation Failure) 2016-06-30T12:43:03.669+0500: 74.738: [ParNew: 306688K->34048K(306688K), 0.1589943 secs] 1508806K->1506554K(2063104K), 0.1591101 secs] [Times: user=0.29 sys=0.01, real=0.16 secs] 
2016-06-30T12:43:03.893+0500: 74.963: [CMS-concurrent-sweep: 0.125/0.285 secs] [Times: user=0.71 sys=0.03, real=0.29 secs] 
2016-06-30T12:43:03.894+0500: 74.963: [CMS-concurrent-reset-start]
2016-06-30T12:43:03.897+0500: 74.967: [CMS-concurrent-reset: 0.003/0.003 secs] [Times: user=0.01 sys=0.00, real=0.00 secs] 
2016-06-30T12:43:03.946+0500: 75.016: [GC (Allocation Failure) 2016-06-30T12:43:03.946+0500: 75.016: [ParNew: 306688K->34048K(306688K), 0.1723664 secs] 1434830K->1432549K(2063104K), 0.1725372 secs] [Times: user=0.22 sys=0.02, real=0.17 secs] 
2016-06-30T12:43:04.119+0500: 75.189: [GC (CMS Initial Mark) [1 CMS-initial-mark: 1398501K(1756416K)] 1436742K(2063104K), 0.0014796 secs] [Times: user=0.00 sys=0.00, real=0.01 secs] 
2016-06-30T12:43:04.121+0500: 75.190: [CMS-concurrent-mark-start]
2016-06-30T12:43:04.182+0500: 75.251: [CMS-concurrent-mark: 0.061/0.061 secs] [Times: user=0.21 sys=0.00, real=0.06 secs] 
2016-06-30T12:43:04.182+0500: 75.252: [CMS-concurrent-preclean-start]
2016-06-30T12:43:04.187+0500: 75.256: [CMS-concurrent-preclean: 0.005/0.005 secs] [Times: user=0.01 sys=0.00, real=0.00 secs] 
2016-06-30T12:43:04.187+0500: 75.256: [CMS-concurrent-abortable-preclean-start]
2016-06-30T12:43:04.250+0500: 75.319: [GC (Allocation Failure) 2016-06-30T12:43:04.250+0500: 75.320: [ParNew2016-06-30T12:43:04.300+0500: 75.369: [CMS-concurrent-abortable-preclean: 0.012/0.113 secs] [Times: user=0.27 sys=0.01, real=0.12 secs] 
: 306688K->34048K(306688K), 0.1740929 secs] 1705189K->1702655K(2063104K), 0.1742924 secs] [Times: user=0.25 sys=0.03, real=0.17 secs] 
2016-06-30T12:43:04.424+0500: 75.494: [GC (CMS Final Remark) [YG occupancy: 36791 K (306688 K)]2016-06-30T12:43:04.424+0500: 75.494: [Rescan (parallel) , 0.0077841 secs]2016-06-30T12:43:04.432+0500: 75.502: [weak refs processing, 0.0000499 secs]2016-06-30T12:43:04.432+0500: 75.502: [class unloading, 0.0010809 secs]2016-06-30T12:43:04.434+0500: 75.503: [scrub symbol table, 0.0013389 secs]2016-06-30T12:43:04.435+0500: 75.504: [scrub string table, 0.0002563 secs][1 CMS-remark: 1668607K(1756416K)] 1705398K(2063104K), 0.0107759 secs] [Times: user=0.03 sys=0.00, real=0.01 secs] 
2016-06-30T12:43:04.435+0500: 75.505: [CMS-concurrent-sweep-start]
2016-06-30T12:43:04.548+0500: 75.618: [CMS-concurrent-sweep: 0.113/0.113 secs] [Times: user=0.37 sys=0.00, real=0.11 secs] 
2016-06-30T12:43:04.548+0500: 75.618: [CMS-concurrent-reset-start]
2016-06-30T12:43:04.551+0500: 75.621: [CMS-concurrent-reset: 0.003/0.003 secs] [Times: user=0.02 sys=0.00, real=0.01 secs] 
2016-06-30T12:43:04.569+0500: 75.638: [GC (Allocation Failure) 2016-06-30T12:43:04.569+0500: 75.638: [ParNew: 306688K->34048K(306688K), 0.1623985 secs] 1431379K->1430451K(2063104K), 0.1625388 secs] [Times: user=0.26 sys=0.03, real=0.17 secs] 
2016-06-30T12:43:04.734+0500: 75.804: [GC (CMS Initial Mark) [1 CMS-initial-mark: 1396403K(1756416K)] 1440016K(2063104K), 0.0007307 secs] [Times: user=0.00 sys=0.00, real=0.00 secs] 
2016-06-30T12:43:04.735+0500: 75.804: [CMS-concurrent-mark-start]
2016-06-30T12:43:04.806+0500: 75.875: [CMS-concurrent-mark: 0.071/0.071 secs] [Times: user=0.24 sys=0.00, real=0.07 secs] 
2016-06-30T12:43:04.806+0500: 75.875: [CMS-concurrent-preclean-start]
2016-06-30T12:43:04.811+0500: 75.880: [CMS-concurrent-preclean: 0.005/0.005 secs] [Times: user=0.02 sys=0.00, real=0.01 secs] 
2016-06-30T12:43:04.811+0500: 75.881: [CMS-concurrent-abortable-preclean-start]
2016-06-30T12:43:04.854+0500: 75.923: [GC (Allocation Failure) 2016-06-30T12:43:04.854+0500: 75.923: [ParNew2016-06-30T12:43:04.926+0500: 75.996: [CMS-concurrent-abortable-preclean: 0.014/0.115 secs] [Times: user=0.25 sys=0.01, real=0.11 secs] 
: 306688K->34048K(306688K), 0.1775780 secs] 1703091K->1700790K(2063104K), 0.1777043 secs] [Times: user=0.24 sys=0.02, real=0.18 secs] 
2016-06-30T12:43:05.032+0500: 76.101: [GC (CMS Final Remark) [YG occupancy: 38119 K (306688 K)]2016-06-30T12:43:05.032+0500: 76.101: [Rescan (parallel) , 0.0080444 secs]2016-06-30T12:43:05.040+0500: 76.110: [weak refs processing, 0.0000444 secs]2016-06-30T12:43:05.040+0500: 76.110: [class unloading, 0.0010048 secs]2016-06-30T12:43:05.041+0500: 76.111: [scrub symbol table, 0.0013616 secs]2016-06-30T12:43:05.042+0500: 76.112: [scrub string table, 0.0003753 secs][1 CMS-remark: 1666742K(1756416K)] 1704862K(2063104K), 0.0110241 secs] [Times: user=0.03 sys=0.00, real=0.01 secs] 
2016-06-30T12:43:05.043+0500: 76.113: [CMS-concurrent-sweep-start]
2016-06-30T12:43:05.136+0500: 76.205: [CMS-concurrent-sweep: 0.092/0.092 secs] [Times: user=0.30 sys=0.01, real=0.09 secs] 
2016-06-30T12:43:05.136+0500: 76.205: [CMS-concurrent-reset-start]
2016-06-30T12:43:05.138+0500: 76.208: [CMS-concurrent-reset: 0.003/0.003 secs] [Times: user=0.01 sys=0.00, real=0.00 secs] 
2016-06-30T12:43:05.172+0500: 76.241: [GC (Allocation Failure) 2016-06-30T12:43:05.172+0500: 76.241: [ParNew: 306688K->34048K(306688K), 0.1552369 secs] 1395051K->1393040K(2063104K), 0.1554116 secs] [Times: user=0.26 sys=0.02, real=0.15 secs] 
2016-06-30T12:43:05.328+0500: 76.397: [GC (CMS Initial Mark) [1 CMS-initial-mark: 1358992K(1756416K)] 1393045K(2063104K), 0.0008622 secs] [Times: user=0.00 sys=0.00, real=0.00 secs] 
2016-06-30T12:43:05.329+0500: 76.398: [CMS-concurrent-mark-start]
2016-06-30T12:43:05.398+0500: 76.468: [CMS-concurrent-mark: 0.070/0.070 secs] [Times: user=0.21 sys=0.00, real=0.07 secs] 
2016-06-30T12:43:05.398+0500: 76.468: [CMS-concurrent-preclean-start]
2016-06-30T12:43:05.403+0500: 76.473: [CMS-concurrent-preclean: 0.005/0.005 secs] [Times: user=0.01 sys=0.00, real=0.01 secs] 
2016-06-30T12:43:05.403+0500: 76.473: [CMS-concurrent-abortable-preclean-start]
2016-06-30T12:43:05.464+0500: 76.534: [GC (Allocation Failure) 2016-06-30T12:43:05.464+0500: 76.534: [ParNew2016-06-30T12:43:05.531+0500: 76.600: [CMS-concurrent-abortable-preclean: 0.026/0.128 secs] [Times: user=0.30 sys=0.01, real=0.13 secs] 
: 306688K->34048K(306688K), 0.1746201 secs] 1665680K->1664344K(2063104K), 0.1747433 secs] [Times: user=0.23 sys=0.02, real=0.17 secs] 
2016-06-30T12:43:05.639+0500: 76.709: [GC (CMS Final Remark) [YG occupancy: 36827 K (306688 K)]2016-06-30T12:43:05.639+0500: 76.709: [Rescan (parallel) , 0.0073918 secs]2016-06-30T12:43:05.647+0500: 76.716: [weak refs processing, 0.0000403 secs]2016-06-30T12:43:05.647+0500: 76.717: [class unloading, 0.0009881 secs]2016-06-30T12:43:05.648+0500: 76.718: [scrub symbol table, 0.0009852 secs]2016-06-30T12:43:05.649+0500: 76.719: [scrub string table, 0.0002578 secs][1 CMS-remark: 1630296K(1756416K)] 1667123K(2063104K), 0.0098706 secs] [Times: user=0.03 sys=0.00, real=0.01 secs] 
2016-06-30T12:43:05.649+0500: 76.719: [CMS-concurrent-sweep-start]
2016-06-30T12:43:05.739+0500: 76.808: [CMS-concurrent-sweep: 0.089/0.089 secs] [Times: user=0.30 sys=0.01, real=0.09 secs] 
2016-06-30T12:43:05.739+0500: 76.809: [CMS-concurrent-reset-start]
2016-06-30T12:43:05.741+0500: 76.811: [CMS-concurrent-reset: 0.002/0.002 secs] [Times: user=0.02 sys=0.00, real=0.01 secs] 
2016-06-30T12:43:05.772+0500: 76.842: [GC (Allocation Failure) 2016-06-30T12:43:05.772+0500: 76.842: [ParNew: 306688K->34048K(306688K), 0.1584374 secs] 1425301K->1423193K(2063104K), 0.1585625 secs] [Times: user=0.21 sys=0.01, real=0.16 secs] 
2016-06-30T12:43:05.931+0500: 77.001: [GC (CMS Initial Mark) [1 CMS-initial-mark: 1389145K(1756416K)] 1424590K(2063104K), 0.0008301 secs] [Times: user=0.00 sys=0.00, real=0.00 secs] 
2016-06-30T12:43:05.932+0500: 77.001: [CMS-concurrent-mark-start]
2016-06-30T12:43:05.999+0500: 77.068: [CMS-concurrent-mark: 0.067/0.067 secs] [Times: user=0.20 sys=0.01, real=0.06 secs] 
2016-06-30T12:43:05.999+0500: 77.069: [CMS-concurrent-preclean-start]
2016-06-30T12:43:06.003+0500: 77.073: [CMS-concurrent-preclean: 0.005/0.005 secs] [Times: user=0.01 sys=0.00, real=0.01 secs] 
2016-06-30T12:43:06.004+0500: 77.073: [CMS-concurrent-abortable-preclean-start]
2016-06-30T12:43:06.063+0500: 77.133: [GC (Allocation Failure) 2016-06-30T12:43:06.063+0500: 77.133: [ParNew2016-06-30T12:43:06.121+0500: 77.191: [CMS-concurrent-abortable-preclean: 0.014/0.118 secs] [Times: user=0.28 sys=0.01, real=0.12 secs] 
: 306688K->34048K(306688K), 0.1773782 secs] 1695833K->1693738K(2063104K), 0.1775101 secs] [Times: user=0.26 sys=0.03, real=0.18 secs] 
2016-06-30T12:43:06.241+0500: 77.310: [GC (CMS Final Remark) [YG occupancy: 36692 K (306688 K)]2016-06-30T12:43:06.241+0500: 77.310: [Rescan (parallel) , 0.0100235 secs]2016-06-30T12:43:06.251+0500: 77.320: [weak refs processing, 0.0000438 secs]2016-06-30T12:43:06.251+0500: 77.320: [class unloading, 0.0010843 secs]2016-06-30T12:43:06.252+0500: 77.322: [scrub symbol table, 0.0012642 secs]2016-06-30T12:43:06.253+0500: 77.323: [scrub string table, 0.0002530 secs][1 CMS-remark: 1659690K(1756416K)] 1696383K(2063104K), 0.0128888 secs] [Times: user=0.03 sys=0.00, real=0.01 secs] 
2016-06-30T12:43:06.254+0500: 77.323: [CMS-concurrent-sweep-start]
2016-06-30T12:43:06.350+0500: 77.419: [CMS-concurrent-sweep: 0.096/0.096 secs] [Times: user=0.28 sys=0.00, real=0.10 secs] 
2016-06-30T12:43:06.350+0500: 77.419: [CMS-concurrent-reset-start]
2016-06-30T12:43:06.352+0500: 77.422: [CMS-concurrent-reset: 0.003/0.003 secs] [Times: user=0.01 sys=0.00, real=0.00 secs] 
2016-06-30T12:43:06.407+0500: 77.477: [GC (Allocation Failure) 2016-06-30T12:43:06.407+0500: 77.477: [ParNew: 306688K->34048K(306688K), 0.1455402 secs] 1437193K->1436063K(2063104K), 0.1456576 secs] [Times: user=0.23 sys=0.03, real=0.15 secs] 
2016-06-30T12:43:06.553+0500: 77.623: [GC (CMS Initial Mark) [1 CMS-initial-mark: 1402015K(1756416K)] 1438656K(2063104K), 0.0006197 secs] [Times: user=0.00 sys=0.00, real=0.00 secs] 
2016-06-30T12:43:06.554+0500: 77.624: [CMS-concurrent-mark-start]
2016-06-30T12:43:06.616+0500: 77.686: [CMS-concurrent-mark: 0.062/0.062 secs] [Times: user=0.20 sys=0.00, real=0.06 secs] 
2016-06-30T12:43:06.616+0500: 77.686: [CMS-concurrent-preclean-start]
2016-06-30T12:43:06.621+0500: 77.691: [CMS-concurrent-preclean: 0.005/0.005 secs] [Times: user=0.02 sys=0.00, real=0.01 secs] 
2016-06-30T12:43:06.621+0500: 77.691: [CMS-concurrent-abortable-preclean-start]
2016-06-30T12:43:06.686+0500: 77.756: [GC (Allocation Failure) 2016-06-30T12:43:06.686+0500: 77.756: [ParNew2016-06-30T12:43:06.739+0500: 77.808: [CMS-concurrent-abortable-preclean: 0.015/0.117 secs] [Times: user=0.28 sys=0.01, real=0.11 secs] 
: 306688K->34048K(306688K), 0.1687236 secs] 1708703K->1706013K(2063104K), 0.1688837 secs] [Times: user=0.20 sys=0.02, real=0.17 secs] 
2016-06-30T12:43:06.856+0500: 77.925: [GC (CMS Final Remark) [YG occupancy: 36480 K (306688 K)]2016-06-30T12:43:06.856+0500: 77.925: [Rescan (parallel) , 0.0088338 secs]2016-06-30T12:43:06.864+0500: 77.934: [weak refs processing, 0.0000444 secs]2016-06-30T12:43:06.864+0500: 77.934: [class unloading, 0.0010401 secs]2016-06-30T12:43:06.866+0500: 77.935: [scrub symbol table, 0.0009951 secs]2016-06-30T12:43:06.867+0500: 77.936: [scrub string table, 0.0002382 secs][1 CMS-remark: 1671965K(1756416K)] 1708446K(2063104K), 0.0113324 secs] [Times: user=0.04 sys=0.00, real=0.01 secs] 
2016-06-30T12:43:06.867+0500: 77.937: [CMS-concurrent-sweep-start]
2016-06-30T12:43:06.978+0500: 78.048: [CMS-concurrent-sweep: 0.111/0.111 secs] [Times: user=0.36 sys=0.00, real=0.11 secs] 
2016-06-30T12:43:06.978+0500: 78.048: [CMS-concurrent-reset-start]
2016-06-30T12:43:06.981+0500: 78.051: [CMS-concurrent-reset: 0.003/0.003 secs] [Times: user=0.01 sys=0.00, real=0.01 secs] 
2016-06-30T12:43:06.997+0500: 78.067: [GC (Allocation Failure) 2016-06-30T12:43:06.997+0500: 78.067: [ParNew: 306688K->34048K(306688K), 0.1676601 secs] 1420680K->1419998K(2063104K), 0.1677915 secs] [Times: user=0.23 sys=0.03, real=0.17 secs] 
2016-06-30T12:43:07.165+0500: 78.235: [GC (CMS Initial Mark) [1 CMS-initial-mark: 1385950K(1756416K)] 1423963K(2063104K), 0.0008889 secs] [Times: user=0.00 sys=0.00, real=0.00 secs] 
2016-06-30T12:43:07.166+0500: 78.236: [CMS-concurrent-mark-start]
2016-06-30T12:43:07.233+0500: 78.302: [CMS-concurrent-mark: 0.067/0.067 secs] [Times: user=0.22 sys=0.01, real=0.07 secs] 
2016-06-30T12:43:07.233+0500: 78.302: [CMS-concurrent-preclean-start]
2016-06-30T12:43:07.238+0500: 78.307: [CMS-concurrent-preclean: 0.005/0.005 secs] [Times: user=0.02 sys=0.00, real=0.00 secs] 
2016-06-30T12:43:07.238+0500: 78.307: [CMS-concurrent-abortable-preclean-start]
2016-06-30T12:43:07.286+0500: 78.356: [GC (Allocation Failure) 2016-06-30T12:43:07.287+0500: 78.356: [ParNew2016-06-30T12:43:07.350+0500: 78.420: [CMS-concurrent-abortable-preclean: 0.012/0.112 secs] [Times: user=0.25 sys=0.00, real=0.12 secs] 
: 306688K->34048K(306688K), 0.1728590 secs] 1692638K->1689299K(2063104K), 0.1730890 secs] [Times: user=0.24 sys=0.02, real=0.18 secs] 
2016-06-30T12:43:07.460+0500: 78.530: [GC (CMS Final Remark) [YG occupancy: 36645 K (306688 K)]2016-06-30T12:43:07.460+0500: 78.530: [Rescan (parallel) , 0.0075710 secs]2016-06-30T12:43:07.468+0500: 78.537: [weak refs processing, 0.0000374 secs]2016-06-30T12:43:07.468+0500: 78.537: [class unloading, 0.0009761 secs]2016-06-30T12:43:07.469+0500: 78.538: [scrub symbol table, 0.0009746 secs]2016-06-30T12:43:07.470+0500: 78.539: [scrub string table, 0.0002188 secs][1 CMS-remark: 1655251K(1756416K)] 1691896K(2063104K), 0.0099595 secs] [Times: user=0.03 sys=0.00, real=0.01 secs] 
2016-06-30T12:43:07.470+0500: 78.540: [CMS-concurrent-sweep-start]
2016-06-30T12:43:07.577+0500: 78.646: [CMS-concurrent-sweep: 0.107/0.107 secs] [Times: user=0.34 sys=0.00, real=0.10 secs] 
2016-06-30T12:43:07.577+0500: 78.646: [CMS-concurrent-reset-start]
2016-06-30T12:43:07.583+0500: 78.653: [CMS-concurrent-reset: 0.006/0.006 secs] [Times: user=0.02 sys=0.00, real=0.01 secs] 
2016-06-30T12:43:07.605+0500: 78.675: [GC (Allocation Failure) 2016-06-30T12:43:07.605+0500: 78.675: [ParNew: 306688K->34048K(306688K), 0.1560076 secs] 1412879K->1410598K(2063104K), 0.1561292 secs] [Times: user=0.23 sys=0.02, real=0.16 secs] 
2016-06-30T12:43:07.762+0500: 78.832: [GC (CMS Initial Mark) [1 CMS-initial-mark: 1376550K(1756416K)] 1414732K(2063104K), 0.0007175 secs] [Times: user=0.00 sys=0.00, real=0.00 secs] 
2016-06-30T12:43:07.763+0500: 78.832: [CMS-concurrent-mark-start]
2016-06-30T12:43:07.843+0500: 78.913: [CMS-concurrent-mark: 0.080/0.080 secs] [Times: user=0.27 sys=0.00, real=0.08 secs] 
2016-06-30T12:43:07.843+0500: 78.913: [CMS-concurrent-preclean-start]
2016-06-30T12:43:07.848+0500: 78.918: [CMS-concurrent-preclean: 0.005/0.005 secs] [Times: user=0.03 sys=0.00, real=0.00 secs] 
2016-06-30T12:43:07.848+0500: 78.918: [CMS-concurrent-abortable-preclean-start]
2016-06-30T12:43:07.881+0500: 78.951: [GC (Allocation Failure) 2016-06-30T12:43:07.881+0500: 78.951: [ParNew2016-06-30T12:43:07.972+0500: 79.042: [CMS-concurrent-abortable-preclean: 0.023/0.124 secs] [Times: user=0.23 sys=0.03, real=0.13 secs] 
: 306688K->34048K(306688K), 0.1822221 secs] 1683238K->1681183K(2063104K), 0.1823674 secs] [Times: user=0.25 sys=0.04, real=0.18 secs] 
2016-06-30T12:43:08.064+0500: 79.134: [GC (CMS Final Remark) [YG occupancy: 38089 K (306688 K)]2016-06-30T12:43:08.064+0500: 79.134: [Rescan (parallel) , 0.0077204 secs]2016-06-30T12:43:08.072+0500: 79.142: [weak refs processing, 0.0000425 secs]2016-06-30T12:43:08.072+0500: 79.142: [class unloading, 0.0009957 secs]2016-06-30T12:43:08.073+0500: 79.143: [scrub symbol table, 0.0010463 secs]2016-06-30T12:43:08.074+0500: 79.144: [scrub string table, 0.0002544 secs][1 CMS-remark: 1647135K(1756416K)] 1685224K(2063104K), 0.0102660 secs] [Times: user=0.03 sys=0.00, real=0.01 secs] 
2016-06-30T12:43:08.075+0500: 79.144: [CMS-concurrent-sweep-start]
2016-06-30T12:43:08.180+0500: 79.250: [CMS-concurrent-sweep: 0.106/0.106 secs] [Times: user=0.37 sys=0.00, real=0.11 secs] 
2016-06-30T12:43:08.181+0500: 79.250: [CMS-concurrent-reset-start]
2016-06-30T12:43:08.183+0500: 79.253: [CMS-concurrent-reset: 0.003/0.003 secs] [Times: user=0.01 sys=0.00, real=0.00 secs] 
2016-06-30T12:43:08.198+0500: 79.267: [GC (Allocation Failure) 2016-06-30T12:43:08.198+0500: 79.267: [ParNew: 306688K->34048K(306688K), 0.2019428 secs] 1368380K->1366374K(2063104K), 0.2020627 secs] [Times: user=0.25 sys=0.04, real=0.21 secs] 
2016-06-30T12:43:08.400+0500: 79.470: [GC (CMS Initial Mark) [1 CMS-initial-mark: 1332326K(1756416K)] 1367728K(2063104K), 0.0010697 secs] [Times: user=0.01 sys=0.00, real=0.00 secs] 
2016-06-30T12:43:08.401+0500: 79.471: [CMS-concurrent-mark-start]
2016-06-30T12:43:08.484+0500: 79.554: [CMS-concurrent-mark: 0.083/0.083 secs] [Times: user=0.26 sys=0.00, real=0.08 secs] 
2016-06-30T12:43:08.484+0500: 79.554: [CMS-concurrent-preclean-start]
2016-06-30T12:43:08.489+0500: 79.559: [CMS-concurrent-preclean: 0.005/0.005 secs] [Times: user=0.01 sys=0.00, real=0.00 secs] 
2016-06-30T12:43:08.489+0500: 79.559: [CMS-concurrent-abortable-preclean-start]
2016-06-30T12:43:08.538+0500: 79.608: [GC (Allocation Failure) 2016-06-30T12:43:08.538+0500: 79.608: [ParNew2016-06-30T12:43:08.617+0500: 79.687: [CMS-concurrent-abortable-preclean: 0.023/0.128 secs] [Times: user=0.25 sys=0.02, real=0.13 secs] 
: 306688K->34048K(306688K), 0.1781532 secs] 1639014K->1636295K(2063104K), 0.1782751 secs] [Times: user=0.23 sys=0.03, real=0.18 secs] 
2016-06-30T12:43:08.718+0500: 79.788: [GC (CMS Final Remark) [YG occupancy: 37029 K (306688 K)]2016-06-30T12:43:08.718+0500: 79.788: [Rescan (parallel) , 0.0116861 secs]2016-06-30T12:43:08.730+0500: 79.799: [weak refs processing, 0.0000399 secs]2016-06-30T12:43:08.730+0500: 79.799: [class unloading, 0.0010448 secs]2016-06-30T12:43:08.731+0500: 79.801: [scrub symbol table, 0.0009530 secs]2016-06-30T12:43:08.732+0500: 79.802: [scrub string table, 0.0002308 secs][1 CMS-remark: 1602247K(1756416K)] 1639277K(2063104K), 0.0141535 secs] [Times: user=0.03 sys=0.00, real=0.02 secs] 
2016-06-30T12:43:08.732+0500: 79.802: [CMS-concurrent-sweep-start]
2016-06-30T12:43:08.837+0500: 79.907: [CMS-concurrent-sweep: 0.105/0.105 secs] [Times: user=0.35 sys=0.00, real=0.10 secs] 
2016-06-30T12:43:08.837+0500: 79.907: [CMS-concurrent-reset-start]
2016-06-30T12:43:08.840+0500: 79.910: [CMS-concurrent-reset: 0.003/0.003 secs] [Times: user=0.01 sys=0.00, real=0.01 secs] 
2016-06-30T12:43:08.861+0500: 79.930: [GC (Allocation Failure) 2016-06-30T12:43:08.861+0500: 79.930: [ParNew: 306688K->34048K(306688K), 0.1629387 secs] 1388496K->1386677K(2063104K), 0.1630863 secs] [Times: user=0.23 sys=0.03, real=0.16 secs] 
2016-06-30T12:43:09.024+0500: 80.094: [GC (CMS Initial Mark) [1 CMS-initial-mark: 1352629K(1756416K)] 1389273K(2063104K), 0.0006982 secs] [Times: user=0.00 sys=0.00, real=0.00 secs] 
2016-06-30T12:43:09.025+0500: 80.095: [CMS-concurrent-mark-start]
2016-06-30T12:43:09.128+0500: 80.198: [CMS-concurrent-mark: 0.103/0.103 secs] [Times: user=0.27 sys=0.00, real=0.10 secs] 
2016-06-30T12:43:09.128+0500: 80.198: [CMS-concurrent-preclean-start]
2016-06-30T12:43:09.135+0500: 80.204: [CMS-concurrent-preclean: 0.007/0.007 secs] [Times: user=0.02 sys=0.00, real=0.01 secs] 
2016-06-30T12:43:09.135+0500: 80.205: [CMS-concurrent-abortable-preclean-start]
2016-06-30T12:43:09.182+0500: 80.252: [GC (Allocation Failure) 2016-06-30T12:43:09.182+0500: 80.252: [ParNew2016-06-30T12:43:09.252+0500: 80.322: [CMS-concurrent-abortable-preclean: 0.016/0.117 secs] [Times: user=0.21 sys=0.02, real=0.12 secs] 
: 306688K->34048K(306688K), 0.1815642 secs] 1659317K->1656627K(2063104K), 0.1816958 secs] [Times: user=0.24 sys=0.03, real=0.18 secs] 
2016-06-30T12:43:09.365+0500: 80.434: [GC (CMS Final Remark) [YG occupancy: 38039 K (306688 K)]2016-06-30T12:43:09.365+0500: 80.434: [Rescan (parallel) , 0.0076549 secs]2016-06-30T12:43:09.372+0500: 80.442: [weak refs processing, 0.0000423 secs]2016-06-30T12:43:09.372+0500: 80.442: [class unloading, 0.0010012 secs]2016-06-30T12:43:09.373+0500: 80.443: [scrub symbol table, 0.0009817 secs]2016-06-30T12:43:09.374+0500: 80.444: [scrub string table, 0.0002605 secs][1 CMS-remark: 1622579K(1756416K)] 1660619K(2063104K), 0.0101514 secs] [Times: user=0.04 sys=0.00, real=0.01 secs] 
2016-06-30T12:43:09.375+0500: 80.445: [CMS-concurrent-sweep-start]
2016-06-30T12:43:09.500+0500: 80.570: [GC (Allocation Failure) 2016-06-30T12:43:09.500+0500: 80.570: [ParNew: 306688K->34048K(306688K), 0.1644769 secs] 1441750K->1441044K(2063104K), 0.1645943 secs] [Times: user=0.21 sys=0.01, real=0.16 secs] 
2016-06-30T12:43:09.673+0500: 80.742: [CMS-concurrent-sweep: 0.133/0.298 secs] [Times: user=0.64 sys=0.02, real=0.30 secs] 
2016-06-30T12:43:09.673+0500: 80.742: [CMS-concurrent-reset-start]
2016-06-30T12:43:09.676+0500: 80.746: [CMS-concurrent-reset: 0.003/0.003 secs] [Times: user=0.01 sys=0.00, real=0.00 secs] 
2016-06-30T12:43:09.766+0500: 80.836: [GC (Allocation Failure) 2016-06-30T12:43:09.766+0500: 80.836: [ParNew: 306688K->34048K(306688K), 0.1438930 secs] 1655458K->1652970K(2063104K), 0.1440104 secs] [Times: user=0.18 sys=0.02, real=0.15 secs] 
2016-06-30T12:43:09.910+0500: 80.980: [GC (CMS Initial Mark) [1 CMS-initial-mark: 1618922K(1756416K)] 1655667K(2063104K), 0.0008262 secs] [Times: user=0.01 sys=0.00, real=0.00 secs] 
2016-06-30T12:43:09.911+0500: 80.981: [CMS-concurrent-mark-start]
2016-06-30T12:43:09.991+0500: 81.061: [CMS-concurrent-mark: 0.080/0.080 secs] [Times: user=0.25 sys=0.00, real=0.08 secs] 
2016-06-30T12:43:09.991+0500: 81.061: [CMS-concurrent-preclean-start]
2016-06-30T12:43:09.999+0500: 81.068: [CMS-concurrent-preclean: 0.008/0.008 secs] [Times: user=0.04 sys=0.00, real=0.00 secs] 
2016-06-30T12:43:09.999+0500: 81.069: [CMS-concurrent-abortable-preclean-start]
2016-06-30T12:43:09.999+0500: 81.069: [CMS-concurrent-abortable-preclean: 0.000/0.000 secs] [Times: user=0.00 sys=0.00, real=0.00 secs] 
2016-06-30T12:43:09.999+0500: 81.069: [GC (CMS Final Remark) [YG occupancy: 232425 K (306688 K)]2016-06-30T12:43:09.999+0500: 81.069: [Rescan (parallel) , 0.0045902 secs]2016-06-30T12:43:10.004+0500: 81.074: [weak refs processing, 0.0000396 secs]2016-06-30T12:43:10.004+0500: 81.074: [class unloading, 0.0010716 secs]2016-06-30T12:43:10.005+0500: 81.075: [scrub symbol table, 0.0011581 secs]2016-06-30T12:43:10.006+0500: 81.076: [scrub string table, 0.0002421 secs][1 CMS-remark: 1618922K(1756416K)] 1851348K(2063104K), 0.0073381 secs] [Times: user=0.02 sys=0.00, real=0.01 secs] 
2016-06-30T12:43:10.007+0500: 81.077: [CMS-concurrent-sweep-start]
2016-06-30T12:43:10.044+0500: 81.114: [GC (Allocation Failure) 2016-06-30T12:43:10.044+0500: 81.114: [ParNew: 306688K->34048K(306688K), 0.1686405 secs] 1723760K->1721307K(2063104K), 0.1687852 secs] [Times: user=0.21 sys=0.03, real=0.17 secs] 
2016-06-30T12:43:10.290+0500: 81.360: [CMS-concurrent-sweep: 0.114/0.283 secs] [Times: user=0.57 sys=0.03, real=0.29 secs] 
2016-06-30T12:43:10.290+0500: 81.360: [CMS-concurrent-reset-start]
2016-06-30T12:43:10.296+0500: 81.366: [CMS-concurrent-reset: 0.007/0.007 secs] [Times: user=0.03 sys=0.00, real=0.00 secs] 
2016-06-30T12:43:10.335+0500: 81.405: [GC (Allocation Failure) 2016-06-30T12:43:10.335+0500: 81.405: [ParNew: 306688K->34048K(306688K), 0.1420720 secs] 1379302K->1376671K(2063104K), 0.1422296 secs] [Times: user=0.21 sys=0.02, real=0.14 secs] 
2016-06-30T12:43:10.478+0500: 81.548: [GC (CMS Initial Mark) [1 CMS-initial-mark: 1342623K(1756416K)] 1380709K(2063104K), 0.0008841 secs] [Times: user=0.00 sys=0.00, real=0.00 secs] 
2016-06-30T12:43:10.479+0500: 81.549: [CMS-concurrent-mark-start]
2016-06-30T12:43:10.545+0500: 81.614: [CMS-concurrent-mark: 0.066/0.066 secs] [Times: user=0.23 sys=0.00, real=0.07 secs] 
2016-06-30T12:43:10.545+0500: 81.614: [CMS-concurrent-preclean-start]
2016-06-30T12:43:10.550+0500: 81.620: [CMS-concurrent-preclean: 0.005/0.005 secs] [Times: user=0.02 sys=0.00, real=0.01 secs] 
2016-06-30T12:43:10.550+0500: 81.620: [CMS-concurrent-abortable-preclean-start]
2016-06-30T12:43:10.605+0500: 81.675: [GC (Allocation Failure) 2016-06-30T12:43:10.605+0500: 81.675: [ParNew2016-06-30T12:43:10.667+0500: 81.737: [CMS-concurrent-abortable-preclean: 0.013/0.116 secs] [Times: user=0.26 sys=0.01, real=0.11 secs] 
: 306688K->34048K(306688K), 0.1545408 secs] 1649311K->1647980K(2063104K), 0.1546461 secs] [Times: user=0.19 sys=0.03, real=0.16 secs] 
2016-06-30T12:43:10.760+0500: 81.830: [GC (CMS Final Remark) [YG occupancy: 35470 K (306688 K)]2016-06-30T12:43:10.760+0500: 81.830: [Rescan (parallel) , 0.0078131 secs]2016-06-30T12:43:10.768+0500: 81.838: [weak refs processing, 0.0004915 secs]2016-06-30T12:43:10.769+0500: 81.838: [class unloading, 0.0010279 secs]2016-06-30T12:43:10.770+0500: 81.840: [scrub symbol table, 0.0009969 secs]2016-06-30T12:43:10.771+0500: 81.841: [scrub string table, 0.0002372 secs][1 CMS-remark: 1613932K(1756416K)] 1649402K(2063104K), 0.0108100 secs] [Times: user=0.04 sys=0.00, real=0.01 secs] 
2016-06-30T12:43:10.771+0500: 81.841: [CMS-concurrent-sweep-start]
2016-06-30T12:43:10.877+0500: 81.947: [CMS-concurrent-sweep: 0.106/0.106 secs] [Times: user=0.34 sys=0.00, real=0.10 secs] 
2016-06-30T12:43:10.877+0500: 81.947: [CMS-concurrent-reset-start]
2016-06-30T12:43:10.879+0500: 81.949: [CMS-concurrent-reset: 0.003/0.003 secs] [Times: user=0.00 sys=0.00, real=0.01 secs] 
2016-06-30T12:43:10.905+0500: 81.975: [GC (Allocation Failure) 2016-06-30T12:43:10.905+0500: 81.975: [ParNew: 306688K->34048K(306688K), 0.1527114 secs] 1416014K->1412684K(2063104K), 0.1528796 secs] [Times: user=0.20 sys=0.03, real=0.15 secs] 
2016-06-30T12:43:11.059+0500: 82.129: [GC (CMS Initial Mark) [1 CMS-initial-mark: 1378636K(1756416K)] 1416840K(2063104K), 0.0006614 secs] [Times: user=0.00 sys=0.00, real=0.00 secs] 
2016-06-30T12:43:11.060+0500: 82.129: [CMS-concurrent-mark-start]
2016-06-30T12:43:11.121+0500: 82.191: [CMS-concurrent-mark: 0.062/0.062 secs] [Times: user=0.20 sys=0.00, real=0.06 secs] 
2016-06-30T12:43:11.121+0500: 82.191: [CMS-concurrent-preclean-start]
2016-06-30T12:43:11.126+0500: 82.196: [CMS-concurrent-preclean: 0.005/0.005 secs] [Times: user=0.02 sys=0.00, real=0.00 secs] 
2016-06-30T12:43:11.126+0500: 82.196: [CMS-concurrent-abortable-preclean-start]
2016-06-30T12:43:11.190+0500: 82.260: [GC (Allocation Failure) 2016-06-30T12:43:11.190+0500: 82.260: [ParNew2016-06-30T12:43:11.239+0500: 82.309: [CMS-concurrent-abortable-preclean: 0.012/0.113 secs] [Times: user=0.27 sys=0.01, real=0.11 secs] 
: 306688K->34048K(306688K), 0.1655315 secs] 1685324K->1682851K(2063104K), 0.1657047 secs] [Times: user=0.24 sys=0.02, real=0.16 secs] 
2016-06-30T12:43:11.356+0500: 82.426: [GC (CMS Final Remark) [YG occupancy: 36723 K (306688 K)]2016-06-30T12:43:11.356+0500: 82.426: [Rescan (parallel) , 0.0193497 secs]2016-06-30T12:43:11.376+0500: 82.445: [weak refs processing, 0.0000437 secs]2016-06-30T12:43:11.376+0500: 82.445: [class unloading, 0.0010382 secs]2016-06-30T12:43:11.377+0500: 82.447: [scrub symbol table, 0.0010623 secs]2016-06-30T12:43:11.378+0500: 82.448: [scrub string table, 0.0002659 secs][1 CMS-remark: 1648803K(1756416K)] 1685527K(2063104K), 0.0219644 secs] [Times: user=0.04 sys=0.00, real=0.02 secs] 
2016-06-30T12:43:11.378+0500: 82.448: [CMS-concurrent-sweep-start]
2016-06-30T12:43:11.516+0500: 82.586: [CMS-concurrent-sweep: 0.138/0.138 secs] [Times: user=0.39 sys=0.01, real=0.14 secs] 
2016-06-30T12:43:11.516+0500: 82.586: [CMS-concurrent-reset-start]
2016-06-30T12:43:11.520+0500: 82.589: [CMS-concurrent-reset: 0.003/0.003 secs] [Times: user=0.01 sys=0.00, real=0.01 secs] 
2016-06-30T12:43:11.526+0500: 82.596: [GC (Allocation Failure) 2016-06-30T12:43:11.526+0500: 82.596: [ParNew: 306688K->34048K(306688K), 0.1868870 secs] 1450403K->1448417K(2063104K), 0.1870016 secs] [Times: user=0.24 sys=0.07, real=0.19 secs] 
2016-06-30T12:43:11.729+0500: 82.799: [GC (CMS Initial Mark) [1 CMS-initial-mark: 1414369K(1756416K)] 1460580K(2063104K), 0.0012706 secs] [Times: user=0.00 sys=0.00, real=0.01 secs] 
2016-06-30T12:43:11.731+0500: 82.800: [CMS-concurrent-mark-start]
2016-06-30T12:43:11.814+0500: 82.884: [CMS-concurrent-mark: 0.084/0.084 secs] [Times: user=0.27 sys=0.00, real=0.08 secs] 
2016-06-30T12:43:11.814+0500: 82.884: [CMS-concurrent-preclean-start]
2016-06-30T12:43:11.830+0500: 82.900: [CMS-concurrent-preclean: 0.015/0.015 secs] [Times: user=0.04 sys=0.00, real=0.02 secs] 
2016-06-30T12:43:11.831+0500: 82.901: [CMS-concurrent-abortable-preclean-start]
2016-06-30T12:43:11.884+0500: 82.954: [GC (Allocation Failure) 2016-06-30T12:43:11.884+0500: 82.954: [ParNew2016-06-30T12:43:11.988+0500: 83.057: [CMS-concurrent-abortable-preclean: 0.053/0.157 secs] [Times: user=0.24 sys=0.02, real=0.15 secs] 
: 306688K->34048K(306688K), 0.1819014 secs] 1721057K->1720459K(2063104K), 0.1820247 secs] [Times: user=0.25 sys=0.03, real=0.18 secs] 
2016-06-30T12:43:12.077+0500: 83.147: [GC (CMS Final Remark) [YG occupancy: 70710 K (306688 K)]2016-06-30T12:43:12.077+0500: 83.147: [Rescan (parallel) , 0.0091302 secs]2016-06-30T12:43:12.086+0500: 83.156: [weak refs processing, 0.0000425 secs]2016-06-30T12:43:12.086+0500: 83.156: [class unloading, 0.0012904 secs]2016-06-30T12:43:12.088+0500: 83.158: [scrub symbol table, 0.0015622 secs]2016-06-30T12:43:12.089+0500: 83.159: [scrub string table, 0.0002966 secs][1 CMS-remark: 1686411K(1756416K)] 1757121K(2063104K), 0.0125808 secs] [Times: user=0.04 sys=0.00, real=0.02 secs] 
2016-06-30T12:43:12.093+0500: 83.163: [CMS-concurrent-sweep-start]
2016-06-30T12:43:12.214+0500: 83.284: [GC (Allocation Failure) 2016-06-30T12:43:12.214+0500: 83.284: [ParNew: 306688K->34048K(306688K), 0.1384148 secs] 1628996K->1626768K(2063104K), 0.1385389 secs] [Times: user=0.18 sys=0.01, real=0.14 secs] 
2016-06-30T12:43:12.432+0500: 83.501: [CMS-concurrent-sweep: 0.199/0.338 secs] [Times: user=0.73 sys=0.03, real=0.34 secs] 
2016-06-30T12:43:12.432+0500: 83.501: [CMS-concurrent-reset-start]
2016-06-30T12:43:12.434+0500: 83.504: [CMS-concurrent-reset: 0.003/0.003 secs] [Times: user=0.00 sys=0.00, real=0.00 secs] 
2016-06-30T12:43:12.501+0500: 83.571: [GC (Allocation Failure) 2016-06-30T12:43:12.501+0500: 83.571: [ParNew: 306688K->34048K(306688K), 0.1512670 secs] 1678837K->1676428K(2063104K), 0.1513905 secs] [Times: user=0.19 sys=0.01, real=0.15 secs] 
2016-06-30T12:43:12.653+0500: 83.723: [GC (CMS Initial Mark) [1 CMS-initial-mark: 1642380K(1756416K)] 1680620K(2063104K), 0.0008940 secs] [Times: user=0.00 sys=0.00, real=0.00 secs] 
2016-06-30T12:43:12.654+0500: 83.724: [CMS-concurrent-mark-start]
2016-06-30T12:43:12.725+0500: 83.795: [CMS-concurrent-mark: 0.071/0.071 secs] [Times: user=0.23 sys=0.01, real=0.07 secs] 
2016-06-30T12:43:12.725+0500: 83.795: [CMS-concurrent-preclean-start]
2016-06-30T12:43:12.732+0500: 83.802: [CMS-concurrent-preclean: 0.007/0.007 secs] [Times: user=0.01 sys=0.00, real=0.01 secs] 
2016-06-30T12:43:12.733+0500: 83.802: [CMS-concurrent-abortable-preclean-start]
2016-06-30T12:43:12.733+0500: 83.802: [CMS-concurrent-abortable-preclean: 0.000/0.000 secs] [Times: user=0.00 sys=0.00, real=0.00 secs] 
2016-06-30T12:43:12.733+0500: 83.803: [GC (CMS Final Remark) [YG occupancy: 194888 K (306688 K)]2016-06-30T12:43:12.733+0500: 83.803: [Rescan (parallel) , 0.0047388 secs]2016-06-30T12:43:12.738+0500: 83.808: [weak refs processing, 0.0000456 secs]2016-06-30T12:43:12.738+0500: 83.808: [class unloading, 0.0010857 secs]2016-06-30T12:43:12.739+0500: 83.809: [scrub symbol table, 0.0008366 secs]2016-06-30T12:43:12.740+0500: 83.810: [scrub string table, 0.0002521 secs][1 CMS-remark: 1642380K(1756416K)] 1837269K(2063104K), 0.0072025 secs] [Times: user=0.02 sys=0.00, real=0.01 secs] 
2016-06-30T12:43:12.740+0500: 83.810: [CMS-concurrent-sweep-start]
2016-06-30T12:43:12.800+0500: 83.870: [GC (Allocation Failure) 2016-06-30T12:43:12.800+0500: 83.870: [ParNew: 306688K->34048K(306688K), 0.1601165 secs] 1574603K->1572455K(2063104K), 0.1602304 secs] [Times: user=0.23 sys=0.02, real=0.16 secs] 
2016-06-30T12:43:13.034+0500: 84.104: [CMS-concurrent-sweep: 0.133/0.294 secs] [Times: user=0.66 sys=0.03, real=0.29 secs] 
2016-06-30T12:43:13.034+0500: 84.104: [CMS-concurrent-reset-start]
2016-06-30T12:43:13.037+0500: 84.107: [CMS-concurrent-reset: 0.002/0.002 secs] [Times: user=0.00 sys=0.00, real=0.00 secs] 
2016-06-30T12:43:13.078+0500: 84.148: [GC (Allocation Failure) 2016-06-30T12:43:13.078+0500: 84.148: [ParNew: 306688K->34048K(306688K), 0.1584758 secs] 1431927K->1430531K(2063104K), 0.1586434 secs] [Times: user=0.20 sys=0.02, real=0.16 secs] 
2016-06-30T12:43:13.238+0500: 84.308: [GC (CMS Initial Mark) [1 CMS-initial-mark: 1396483K(1756416K)] 1435967K(2063104K), 0.0007600 secs] [Times: user=0.01 sys=0.00, real=0.00 secs] 
2016-06-30T12:43:13.239+0500: 84.309: [CMS-concurrent-mark-start]
2016-06-30T12:43:13.301+0500: 84.371: [CMS-concurrent-mark: 0.063/0.063 secs] [Times: user=0.20 sys=0.00, real=0.07 secs] 
2016-06-30T12:43:13.301+0500: 84.371: [CMS-concurrent-preclean-start]
2016-06-30T12:43:13.307+0500: 84.377: [CMS-concurrent-preclean: 0.006/0.006 secs] [Times: user=0.02 sys=0.00, real=0.00 secs] 
2016-06-30T12:43:13.307+0500: 84.377: [CMS-concurrent-abortable-preclean-start]
2016-06-30T12:43:13.368+0500: 84.438: [GC (Allocation Failure) 2016-06-30T12:43:13.368+0500: 84.438: [ParNew2016-06-30T12:43:13.431+0500: 84.501: [CMS-concurrent-abortable-preclean: 0.023/0.123 secs] [Times: user=0.28 sys=0.01, real=0.13 secs] 
: 306688K->34048K(306688K), 0.1707629 secs] 1703171K->1700823K(2063104K), 0.1708843 secs] [Times: user=0.23 sys=0.02, real=0.17 secs] 
2016-06-30T12:43:13.539+0500: 84.609: [GC (CMS Final Remark) [YG occupancy: 35523 K (306688 K)]2016-06-30T12:43:13.539+0500: 84.609: [Rescan (parallel) , 0.0075217 secs]2016-06-30T12:43:13.547+0500: 84.617: [weak refs processing, 0.0000389 secs]2016-06-30T12:43:13.547+0500: 84.617: [class unloading, 0.0009879 secs]2016-06-30T12:43:13.548+0500: 84.618: [scrub symbol table, 0.0010289 secs]2016-06-30T12:43:13.549+0500: 84.619: [scrub string table, 0.0002707 secs][1 CMS-remark: 1666775K(1756416K)] 1702298K(2063104K), 0.0100410 secs] [Times: user=0.03 sys=0.00, real=0.01 secs] 
2016-06-30T12:43:13.549+0500: 84.619: [CMS-concurrent-sweep-start]
2016-06-30T12:43:13.644+0500: 84.714: [CMS-concurrent-sweep: 0.094/0.094 secs] [Times: user=0.31 sys=0.00, real=0.10 secs] 
2016-06-30T12:43:13.644+0500: 84.714: [CMS-concurrent-reset-start]
2016-06-30T12:43:13.646+0500: 84.716: [CMS-concurrent-reset: 0.003/0.003 secs] [Times: user=0.00 sys=0.00, real=0.00 secs] 
2016-06-30T12:43:13.673+0500: 84.743: [GC (Allocation Failure) 2016-06-30T12:43:13.673+0500: 84.743: [ParNew: 306688K->34048K(306688K), 0.1480171 secs] 1434488K->1431926K(2063104K), 0.1481565 secs] [Times: user=0.21 sys=0.06, real=0.15 secs] 
2016-06-30T12:43:13.821+0500: 84.891: [GC (CMS Initial Mark) [1 CMS-initial-mark: 1397878K(1756416K)] 1434746K(2063104K), 0.0008521 secs] [Times: user=0.00 sys=0.00, real=0.00 secs] 
2016-06-30T12:43:13.822+0500: 84.892: [CMS-concurrent-mark-start]
2016-06-30T12:43:13.884+0500: 84.954: [CMS-concurrent-mark: 0.062/0.062 secs] [Times: user=0.22 sys=0.00, real=0.06 secs] 
2016-06-30T12:43:13.885+0500: 84.955: [CMS-concurrent-preclean-start]
2016-06-30T12:43:13.889+0500: 84.959: [CMS-concurrent-preclean: 0.005/0.005 secs] [Times: user=0.01 sys=0.00, real=0.00 secs] 
2016-06-30T12:43:13.889+0500: 84.959: [CMS-concurrent-abortable-preclean-start]
2016-06-30T12:43:13.942+0500: 85.012: [GC (Allocation Failure) 2016-06-30T12:43:13.942+0500: 85.012: [ParNew2016-06-30T12:43:14.004+0500: 85.074: [CMS-concurrent-abortable-preclean: 0.012/0.114 secs] [Times: user=0.27 sys=0.02, real=0.12 secs] 
: 306688K->34048K(306688K), 0.1808686 secs] 1704566K->1701448K(2063104K), 0.1810448 secs] [Times: user=0.28 sys=0.05, real=0.18 secs] 
2016-06-30T12:43:14.124+0500: 85.194: [GC (CMS Final Remark) [YG occupancy: 39473 K (306688 K)]2016-06-30T12:43:14.124+0500: 85.194: [Rescan (parallel) , 0.0090018 secs]2016-06-30T12:43:14.133+0500: 85.203: [weak refs processing, 0.0000380 secs]2016-06-30T12:43:14.133+0500: 85.203: [class unloading, 0.0010354 secs]2016-06-30T12:43:14.134+0500: 85.204: [scrub symbol table, 0.0010529 secs]2016-06-30T12:43:14.135+0500: 85.205: [scrub string table, 0.0002404 secs][1 CMS-remark: 1667400K(1756416K)] 1706873K(2063104K), 0.0115784 secs] [Times: user=0.03 sys=0.00, real=0.01 secs] 
2016-06-30T12:43:14.135+0500: 85.205: [CMS-concurrent-sweep-start]
2016-06-30T12:43:14.248+0500: 85.318: [GC (Allocation Failure) 2016-06-30T12:43:14.248+0500: 85.318: [ParNew: 306688K->34048K(306688K), 0.1404236 secs] 1470308K->1466825K(2063104K), 0.1405462 secs] [Times: user=0.19 sys=0.01, real=0.14 secs] 
2016-06-30T12:43:14.400+0500: 85.470: [CMS-concurrent-sweep: 0.123/0.265 secs] [Times: user=0.62 sys=0.01, real=0.27 secs] 
2016-06-30T12:43:14.400+0500: 85.470: [CMS-concurrent-reset-start]
2016-06-30T12:43:14.411+0500: 85.481: [CMS-concurrent-reset: 0.011/0.011 secs] [Times: user=0.02 sys=0.00, real=0.01 secs] 
2016-06-30T12:43:14.507+0500: 85.577: [GC (Allocation Failure) 2016-06-30T12:43:14.507+0500: 85.577: [ParNew: 306688K->34048K(306688K), 0.1358643 secs] 1685041K->1682897K(2063104K), 0.1359737 secs] [Times: user=0.17 sys=0.02, real=0.14 secs] 
2016-06-30T12:43:14.644+0500: 85.714: [GC (CMS Initial Mark) [1 CMS-initial-mark: 1648849K(1756416K)] 1686925K(2063104K), 0.0007869 secs] [Times: user=0.00 sys=0.00, real=0.00 secs] 
2016-06-30T12:43:14.645+0500: 85.715: [CMS-concurrent-mark-start]
2016-06-30T12:43:14.710+0500: 85.780: [CMS-concurrent-mark: 0.065/0.065 secs] [Times: user=0.20 sys=0.00, real=0.07 secs] 
2016-06-30T12:43:14.710+0500: 85.780: [CMS-concurrent-preclean-start]
2016-06-30T12:43:14.715+0500: 85.785: [CMS-concurrent-preclean: 0.005/0.005 secs] [Times: user=0.02 sys=0.00, real=0.00 secs] 
2016-06-30T12:43:14.715+0500: 85.785: [CMS-concurrent-abortable-preclean-start]
2016-06-30T12:43:14.715+0500: 85.785: [CMS-concurrent-abortable-preclean: 0.000/0.000 secs] [Times: user=0.00 sys=0.00, real=0.00 secs] 
2016-06-30T12:43:14.715+0500: 85.785: [GC (CMS Final Remark) [YG occupancy: 167524 K (306688 K)]2016-06-30T12:43:14.715+0500: 85.785: [Rescan (parallel) , 0.0060589 secs]2016-06-30T12:43:14.722+0500: 85.792: [weak refs processing, 0.0000451 secs]2016-06-30T12:43:14.722+0500: 85.792: [class unloading, 0.0013559 secs]2016-06-30T12:43:14.723+0500: 85.793: [scrub symbol table, 0.0013261 secs]2016-06-30T12:43:14.724+0500: 85.794: [scrub string table, 0.0002766 secs][1 CMS-remark: 1648849K(1756416K)] 1816373K(2063104K), 0.0093192 secs] [Times: user=0.02 sys=0.00, real=0.01 secs] 
2016-06-30T12:43:14.725+0500: 85.795: [CMS-concurrent-sweep-start]
2016-06-30T12:43:14.803+0500: 85.872: [GC (Allocation Failure) 2016-06-30T12:43:14.803+0500: 85.873: [ParNew: 306688K->34048K(306688K), 0.1459028 secs] 1545604K->1543495K(2063104K), 0.1460335 secs] [Times: user=0.22 sys=0.02, real=0.14 secs] 
2016-06-30T12:43:15.018+0500: 86.088: [CMS-concurrent-sweep: 0.147/0.293 secs] [Times: user=0.66 sys=0.02, real=0.29 secs] 
2016-06-30T12:43:15.018+0500: 86.088: [CMS-concurrent-reset-start]
2016-06-30T12:43:15.021+0500: 86.091: [CMS-concurrent-reset: 0.002/0.002 secs] [Times: user=0.00 sys=0.00, real=0.01 secs] 
2016-06-30T12:43:15.063+0500: 86.133: [GC (Allocation Failure) 2016-06-30T12:43:15.063+0500: 86.133: [ParNew: 306688K->34048K(306688K), 0.1760341 secs] 1446059K->1443748K(2063104K), 0.1761525 secs] [Times: user=0.22 sys=0.04, real=0.17 secs] 
2016-06-30T12:43:15.240+0500: 86.310: [GC (CMS Initial Mark) [1 CMS-initial-mark: 1409700K(1756416K)] 1447681K(2063104K), 0.0009658 secs] [Times: user=0.00 sys=0.00, real=0.00 secs] 
2016-06-30T12:43:15.241+0500: 86.311: [CMS-concurrent-mark-start]
2016-06-30T12:43:15.304+0500: 86.374: [CMS-concurrent-mark: 0.064/0.064 secs] [Times: user=0.21 sys=0.00, real=0.06 secs] 
2016-06-30T12:43:15.304+0500: 86.374: [CMS-concurrent-preclean-start]
2016-06-30T12:43:15.309+0500: 86.379: [CMS-concurrent-preclean: 0.005/0.005 secs] [Times: user=0.02 sys=0.00, real=0.00 secs] 
2016-06-30T12:43:15.309+0500: 86.379: [CMS-concurrent-abortable-preclean-start]
2016-06-30T12:43:15.372+0500: 86.442: [GC (Allocation Failure) 2016-06-30T12:43:15.372+0500: 86.442: [ParNew2016-06-30T12:43:15.421+0500: 86.492: [CMS-concurrent-abortable-preclean: 0.012/0.112 secs] [Times: user=0.27 sys=0.01, real=0.12 secs] 
: 306688K->34048K(306688K), 0.1687703 secs] 1716388K->1715263K(2063104K), 0.1688798 secs] [Times: user=0.25 sys=0.03, real=0.17 secs] 
2016-06-30T12:43:15.542+0500: 86.612: [GC (CMS Final Remark) [YG occupancy: 36777 K (306688 K)]2016-06-30T12:43:15.542+0500: 86.612: [Rescan (parallel) , 0.0076240 secs]2016-06-30T12:43:15.549+0500: 86.619: [weak refs processing, 0.0000371 secs]2016-06-30T12:43:15.549+0500: 86.619: [class unloading, 0.0010193 secs]2016-06-30T12:43:15.550+0500: 86.620: [scrub symbol table, 0.0010424 secs]2016-06-30T12:43:15.551+0500: 86.621: [scrub string table, 0.0002672 secs][1 CMS-remark: 1681215K(1756416K)] 1717992K(2063104K), 0.0101750 secs] [Times: user=0.04 sys=0.00, real=0.01 secs] 
2016-06-30T12:43:15.552+0500: 86.622: [CMS-concurrent-sweep-start]
2016-06-30T12:43:15.670+0500: 86.740: [CMS-concurrent-sweep: 0.118/0.118 secs] [Times: user=0.37 sys=0.00, real=0.12 secs] 
2016-06-30T12:43:15.670+0500: 86.740: [CMS-concurrent-reset-start]
2016-06-30T12:43:15.673+0500: 86.743: [CMS-concurrent-reset: 0.003/0.003 secs] [Times: user=0.02 sys=0.00, real=0.00 secs] 
2016-06-30T12:43:15.681+0500: 86.751: [GC (Allocation Failure) 2016-06-30T12:43:15.681+0500: 86.751: [ParNew: 306688K->34048K(306688K), 0.1418939 secs] 1438341K->1436119K(2063104K), 0.1420095 secs] [Times: user=0.22 sys=0.03, real=0.14 secs] 
2016-06-30T12:43:15.824+0500: 86.894: [GC (CMS Initial Mark) [1 CMS-initial-mark: 1402071K(1756416K)] 1440198K(2063104K), 0.0014859 secs] [Times: user=0.00 sys=0.00, real=0.00 secs] 
2016-06-30T12:43:15.825+0500: 86.895: [CMS-concurrent-mark-start]
2016-06-30T12:43:15.911+0500: 86.981: [CMS-concurrent-mark: 0.086/0.086 secs] [Times: user=0.30 sys=0.00, real=0.09 secs] 
2016-06-30T12:43:15.912+0500: 86.982: [CMS-concurrent-preclean-start]
2016-06-30T12:43:15.916+0500: 86.986: [CMS-concurrent-preclean: 0.005/0.005 secs] [Times: user=0.02 sys=0.00, real=0.00 secs] 
2016-06-30T12:43:15.917+0500: 86.987: [CMS-concurrent-abortable-preclean-start]
2016-06-30T12:43:15.944+0500: 87.014: [GC (Allocation Failure) 2016-06-30T12:43:15.944+0500: 87.014: [ParNew2016-06-30T12:43:16.034+0500: 87.104: [CMS-concurrent-abortable-preclean: 0.013/0.117 secs] [Times: user=0.21 sys=0.02, real=0.12 secs] 
: 306688K->34048K(306688K), 0.1760390 secs] 1708759K->1706128K(2063104K), 0.1761905 secs] [Times: user=0.26 sys=0.03, real=0.18 secs] 
2016-06-30T12:43:16.121+0500: 87.191: [GC (CMS Final Remark) [YG occupancy: 38140 K (306688 K)]2016-06-30T12:43:16.121+0500: 87.191: [Rescan (parallel) , 0.0078820 secs]2016-06-30T12:43:16.129+0500: 87.199: [weak refs processing, 0.0000409 secs]2016-06-30T12:43:16.129+0500: 87.199: [class unloading, 0.0010414 secs]2016-06-30T12:43:16.130+0500: 87.200: [scrub symbol table, 0.0009943 secs]2016-06-30T12:43:16.131+0500: 87.201: [scrub string table, 0.0002309 secs][1 CMS-remark: 1672080K(1756416K)] 1710221K(2063104K), 0.0103744 secs] [Times: user=0.04 sys=0.00, real=0.01 secs] 
2016-06-30T12:43:16.131+0500: 87.201: [CMS-concurrent-sweep-start]
2016-06-30T12:43:16.246+0500: 87.316: [GC (Allocation Failure) 2016-06-30T12:43:16.246+0500: 87.316: [ParNew: 306688K->34048K(306688K), 0.1464233 secs] 1398873K->1396754K(2063104K), 0.1465323 secs] [Times: user=0.23 sys=0.02, real=0.15 secs] 
2016-06-30T12:43:16.393+0500: 87.463: [CMS-concurrent-sweep: 0.115/0.261 secs] [Times: user=0.64 sys=0.03, real=0.26 secs] 
2016-06-30T12:43:16.393+0500: 87.463: [CMS-concurrent-reset-start]
2016-06-30T12:43:16.396+0500: 87.466: [CMS-concurrent-reset: 0.003/0.003 secs] [Times: user=0.00 sys=0.00, real=0.00 secs] 
2016-06-30T12:43:16.500+0500: 87.570: [GC (Allocation Failure) 2016-06-30T12:43:16.500+0500: 87.570: [ParNew: 306688K->34048K(306688K), 0.1362981 secs] 1669394K->1667900K(2063104K), 0.1364030 secs] [Times: user=0.19 sys=0.02, real=0.13 secs] 
2016-06-30T12:43:16.637+0500: 87.707: [GC (CMS Initial Mark) [1 CMS-initial-mark: 1633852K(1756416K)] 1671922K(2063104K), 0.0008787 secs] [Times: user=0.00 sys=0.00, real=0.00 secs] 
2016-06-30T12:43:16.638+0500: 87.708: [CMS-concurrent-mark-start]
2016-06-30T12:43:16.705+0500: 87.775: [CMS-concurrent-mark: 0.067/0.067 secs] [Times: user=0.22 sys=0.00, real=0.07 secs] 
2016-06-30T12:43:16.705+0500: 87.775: [CMS-concurrent-preclean-start]
2016-06-30T12:43:16.709+0500: 87.779: [CMS-concurrent-preclean: 0.005/0.005 secs] [Times: user=0.01 sys=0.00, real=0.00 secs] 
2016-06-30T12:43:16.709+0500: 87.779: [CMS-concurrent-abortable-preclean-start]
2016-06-30T12:43:16.709+0500: 87.779: [CMS-concurrent-abortable-preclean: 0.000/0.000 secs] [Times: user=0.00 sys=0.00, real=0.00 secs] 
2016-06-30T12:43:16.710+0500: 87.780: [GC (CMS Final Remark) [YG occupancy: 189443 K (306688 K)]2016-06-30T12:43:16.710+0500: 87.780: [Rescan (parallel) , 0.0043913 secs]2016-06-30T12:43:16.714+0500: 87.784: [weak refs processing, 0.0000424 secs]2016-06-30T12:43:16.714+0500: 87.784: [class unloading, 0.0010346 secs]2016-06-30T12:43:16.716+0500: 87.786: [scrub symbol table, 0.0009819 secs]2016-06-30T12:43:16.717+0500: 87.787: [scrub string table, 0.0002734 secs][1 CMS-remark: 1633852K(1756416K)] 1823295K(2063104K), 0.0069297 secs] [Times: user=0.02 sys=0.00, real=0.00 secs] 
2016-06-30T12:43:16.717+0500: 87.787: [CMS-concurrent-sweep-start]
2016-06-30T12:43:16.785+0500: 87.855: [GC (Allocation Failure) 2016-06-30T12:43:16.785+0500: 87.855: [ParNew: 306688K->34048K(306688K), 0.1566746 secs] 1610381K->1609183K(2063104K), 0.1567894 secs] [Times: user=0.21 sys=0.03, real=0.16 secs] 
2016-06-30T12:43:17.010+0500: 88.080: [CMS-concurrent-sweep: 0.136/0.293 secs] [Times: user=0.62 sys=0.03, real=0.30 secs] 
2016-06-30T12:43:17.010+0500: 88.080: [CMS-concurrent-reset-start]
2016-06-30T12:43:17.013+0500: 88.083: [CMS-concurrent-reset: 0.003/0.003 secs] [Times: user=0.02 sys=0.00, real=0.00 secs] 
2016-06-30T12:43:17.061+0500: 88.131: [GC (Allocation Failure) 2016-06-30T12:43:17.061+0500: 88.131: [ParNew: 306688K->34048K(306688K), 0.1782226 secs] 1444144K->1442306K(2063104K), 0.1783378 secs] [Times: user=0.21 sys=0.03, real=0.17 secs] 
2016-06-30T12:43:17.240+0500: 88.310: [GC (CMS Initial Mark) [1 CMS-initial-mark: 1408258K(1756416K)] 1445010K(2063104K), 0.0007443 secs] [Times: user=0.01 sys=0.00, real=0.00 secs] 
2016-06-30T12:43:17.241+0500: 88.311: [CMS-concurrent-mark-start]
2016-06-30T12:43:17.311+0500: 88.381: [CMS-concurrent-mark: 0.071/0.071 secs] [Times: user=0.23 sys=0.00, real=0.07 secs] 
2016-06-30T12:43:17.311+0500: 88.382: [CMS-concurrent-preclean-start]
2016-06-30T12:43:17.328+0500: 88.398: [CMS-concurrent-preclean: 0.016/0.016 secs] [Times: user=0.05 sys=0.00, real=0.01 secs] 
2016-06-30T12:43:17.328+0500: 88.398: [CMS-concurrent-abortable-preclean-start]
2016-06-30T12:43:17.382+0500: 88.452: [GC (Allocation Failure) 2016-06-30T12:43:17.382+0500: 88.452: [ParNew2016-06-30T12:43:17.455+0500: 88.525: [CMS-concurrent-abortable-preclean: 0.027/0.127 secs] [Times: user=0.22 sys=0.02, real=0.13 secs] 
: 306688K->34048K(306688K), 0.1926905 secs] 1714946K->1712256K(2063104K), 0.1928003 secs] [Times: user=0.22 sys=0.03, real=0.19 secs] 
2016-06-30T12:43:17.575+0500: 88.645: [GC (CMS Final Remark) [YG occupancy: 38054 K (306688 K)]2016-06-30T12:43:17.575+0500: 88.645: [Rescan (parallel) , 0.0074295 secs]2016-06-30T12:43:17.582+0500: 88.652: [weak refs processing, 0.0000429 secs]2016-06-30T12:43:17.582+0500: 88.652: [class unloading, 0.0011028 secs]2016-06-30T12:43:17.584+0500: 88.654: [scrub symbol table, 0.0011200 secs]2016-06-30T12:43:17.585+0500: 88.655: [scrub string table, 0.0003260 secs][1 CMS-remark: 1678208K(1756416K)] 1716262K(2063104K), 0.0102354 secs] [Times: user=0.03 sys=0.00, real=0.01 secs] 
2016-06-30T12:43:17.585+0500: 88.655: [CMS-concurrent-sweep-start]
2016-06-30T12:43:17.684+0500: 88.754: [CMS-concurrent-sweep: 0.099/0.099 secs] [Times: user=0.32 sys=0.01, real=0.10 secs] 
2016-06-30T12:43:17.684+0500: 88.754: [CMS-concurrent-reset-start]
2016-06-30T12:43:17.687+0500: 88.757: [CMS-concurrent-reset: 0.003/0.003 secs] [Times: user=0.00 sys=0.00, real=0.00 secs] 
2016-06-30T12:43:17.714+0500: 88.784: [GC (Allocation Failure) 2016-06-30T12:43:17.714+0500: 88.784: [ParNew: 306688K->34048K(306688K), 0.1600095 secs] 1391333K->1389868K(2063104K), 0.1601330 secs] [Times: user=0.19 sys=0.02, real=0.16 secs] 
2016-06-30T12:43:17.877+0500: 88.947: [GC (CMS Initial Mark) [1 CMS-initial-mark: 1355820K(1756416K)] 1398144K(2063104K), 0.0007366 secs] [Times: user=0.00 sys=0.00, real=0.00 secs] 
2016-06-30T12:43:17.878+0500: 88.948: [CMS-concurrent-mark-start]
2016-06-30T12:43:17.944+0500: 89.014: [CMS-concurrent-mark: 0.067/0.067 secs] [Times: user=0.21 sys=0.00, real=0.07 secs] 
2016-06-30T12:43:17.944+0500: 89.014: [CMS-concurrent-preclean-start]
2016-06-30T12:43:17.950+0500: 89.020: [CMS-concurrent-preclean: 0.005/0.005 secs] [Times: user=0.02 sys=0.00, real=0.01 secs] 
2016-06-30T12:43:17.950+0500: 89.020: [CMS-concurrent-abortable-preclean-start]
2016-06-30T12:43:18.012+0500: 89.082: [GC (Allocation Failure) 2016-06-30T12:43:18.012+0500: 89.082: [ParNew2016-06-30T12:43:18.082+0500: 89.153: [CMS-concurrent-abortable-preclean: 0.033/0.133 secs] [Times: user=0.27 sys=0.01, real=0.13 secs] 
: 306688K->34048K(306688K), 0.1886132 secs] 1662508K->1661172K(2063104K), 0.1887319 secs] [Times: user=0.23 sys=0.03, real=0.19 secs] 
2016-06-30T12:43:18.201+0500: 89.271: [GC (CMS Final Remark) [YG occupancy: 36661 K (306688 K)]2016-06-30T12:43:18.201+0500: 89.271: [Rescan (parallel) , 0.0075926 secs]2016-06-30T12:43:18.209+0500: 89.279: [weak refs processing, 0.0000440 secs]2016-06-30T12:43:18.209+0500: 89.279: [class unloading, 0.0011169 secs]2016-06-30T12:43:18.210+0500: 89.280: [scrub symbol table, 0.0011076 secs]2016-06-30T12:43:18.211+0500: 89.281: [scrub string table, 0.0002377 secs][1 CMS-remark: 1627124K(1756416K)] 1663785K(2063104K), 0.0103026 secs] [Times: user=0.03 sys=0.00, real=0.01 secs] 
2016-06-30T12:43:18.212+0500: 89.282: [CMS-concurrent-sweep-start]
2016-06-30T12:43:18.298+0500: 89.368: [CMS-concurrent-sweep: 0.086/0.086 secs] [Times: user=0.25 sys=0.01, real=0.08 secs] 
2016-06-30T12:43:18.298+0500: 89.368: [CMS-concurrent-reset-start]
2016-06-30T12:43:18.300+0500: 89.370: [CMS-concurrent-reset: 0.002/0.002 secs] [Times: user=0.00 sys=0.00, real=0.01 secs] 
2016-06-30T12:43:18.361+0500: 89.432: [GC (Allocation Failure) 2016-06-30T12:43:18.362+0500: 89.432: [ParNew: 306688K->34048K(306688K), 0.1666550 secs] 1422911K->1420886K(2063104K), 0.1667415 secs] [Times: user=0.21 sys=0.02, real=0.16 secs] 
2016-06-30T12:43:18.529+0500: 89.599: [GC (CMS Initial Mark) [1 CMS-initial-mark: 1386838K(1756416K)] 1422011K(2063104K), 0.0006586 secs] [Times: user=0.00 sys=0.00, real=0.00 secs] 
2016-06-30T12:43:18.529+0500: 89.599: [CMS-concurrent-mark-start]
2016-06-30T12:43:18.601+0500: 89.672: [CMS-concurrent-mark: 0.072/0.072 secs] [Times: user=0.23 sys=0.00, real=0.08 secs] 
2016-06-30T12:43:18.602+0500: 89.672: [CMS-concurrent-preclean-start]
2016-06-30T12:43:18.610+0500: 89.680: [CMS-concurrent-preclean: 0.008/0.008 secs] [Times: user=0.03 sys=0.00, real=0.01 secs] 
2016-06-30T12:43:18.610+0500: 89.680: [CMS-concurrent-abortable-preclean-start]
2016-06-30T12:43:18.665+0500: 89.735: [GC (Allocation Failure) 2016-06-30T12:43:18.665+0500: 89.735: [ParNew2016-06-30T12:43:18.726+0500: 89.796: [CMS-concurrent-abortable-preclean: 0.014/0.116 secs] [Times: user=0.24 sys=0.02, real=0.11 secs] 
: 306688K->34048K(306688K), 0.1734898 secs] 1693526K->1690742K(2063104K), 0.1735884 secs] [Times: user=0.25 sys=0.03, real=0.17 secs] 
2016-06-30T12:43:18.839+0500: 89.909: [GC (CMS Final Remark) [YG occupancy: 38099 K (306688 K)]2016-06-30T12:43:18.839+0500: 89.909: [Rescan (parallel) , 0.0074661 secs]2016-06-30T12:43:18.847+0500: 89.917: [weak refs processing, 0.0000357 secs]2016-06-30T12:43:18.847+0500: 89.917: [class unloading, 0.0009263 secs]2016-06-30T12:43:18.848+0500: 89.918: [scrub symbol table, 0.0010182 secs]2016-06-30T12:43:18.849+0500: 89.919: [scrub string table, 0.0002520 secs][1 CMS-remark: 1656694K(1756416K)] 1694794K(2063104K), 0.0098805 secs] [Times: user=0.03 sys=0.00, real=0.01 secs] 
2016-06-30T12:43:18.849+0500: 89.919: [CMS-concurrent-sweep-start]
2016-06-30T12:43:18.966+0500: 90.036: [GC (Allocation Failure) 2016-06-30T12:43:18.966+0500: 90.036: [ParNew: 306688K->34048K(306688K), 0.1580901 secs] 1453218K->1451502K(2063104K), 0.1582106 secs] [Times: user=0.22 sys=0.02, real=0.16 secs] 
2016-06-30T12:43:19.138+0500: 90.209: [CMS-concurrent-sweep: 0.131/0.289 secs] [Times: user=0.68 sys=0.03, real=0.29 secs] 
2016-06-30T12:43:19.139+0500: 90.209: [CMS-concurrent-reset-start]
2016-06-30T12:43:19.141+0500: 90.211: [CMS-concurrent-reset: 0.002/0.002 secs] [Times: user=0.00 sys=0.00, real=0.01 secs] 
2016-06-30T12:43:19.231+0500: 90.301: [GC (Allocation Failure) 2016-06-30T12:43:19.231+0500: 90.301: [ParNew: 306688K->34048K(306688K), 0.1496222 secs] 1688210K->1686529K(2063104K), 0.1497402 secs] [Times: user=0.21 sys=0.02, real=0.15 secs] 
2016-06-30T12:43:19.381+0500: 90.451: [GC (CMS Initial Mark) [1 CMS-initial-mark: 1652481K(1756416K)] 1690552K(2063104K), 0.0007206 secs] [Times: user=0.01 sys=0.00, real=0.00 secs] 
2016-06-30T12:43:19.382+0500: 90.452: [CMS-concurrent-mark-start]
2016-06-30T12:43:19.450+0500: 90.520: [CMS-concurrent-mark: 0.068/0.068 secs] [Times: user=0.19 sys=0.00, real=0.07 secs] 
2016-06-30T12:43:19.450+0500: 90.520: [CMS-concurrent-preclean-start]
2016-06-30T12:43:19.455+0500: 90.525: [CMS-concurrent-preclean: 0.005/0.005 secs] [Times: user=0.01 sys=0.00, real=0.00 secs] 
2016-06-30T12:43:19.455+0500: 90.525: [CMS-concurrent-abortable-preclean-start]
2016-06-30T12:43:19.455+0500: 90.525: [CMS-concurrent-abortable-preclean: 0.000/0.000 secs] [Times: user=0.00 sys=0.00, real=0.00 secs] 
2016-06-30T12:43:19.456+0500: 90.526: [GC (CMS Final Remark) [YG occupancy: 156743 K (306688 K)]2016-06-30T12:43:19.456+0500: 90.526: [Rescan (parallel) , 0.0044663 secs]2016-06-30T12:43:19.460+0500: 90.530: [weak refs processing, 0.0000409 secs]2016-06-30T12:43:19.460+0500: 90.530: [class unloading, 0.0011563 secs]2016-06-30T12:43:19.461+0500: 90.532: [scrub symbol table, 0.0010340 secs]2016-06-30T12:43:19.462+0500: 90.533: [scrub string table, 0.0002558 secs][1 CMS-remark: 1652481K(1756416K)] 1809225K(2063104K), 0.0071275 secs] [Times: user=0.01 sys=0.00, real=0.01 secs] 
2016-06-30T12:43:19.463+0500: 90.533: [CMS-concurrent-sweep-start]
2016-06-30T12:43:19.539+0500: 90.609: [GC (Allocation Failure) 2016-06-30T12:43:19.539+0500: 90.609: [ParNew: 306688K->34048K(306688K), 0.1608570 secs] 1452042K->1450563K(2063104K), 0.1609832 secs] [Times: user=0.20 sys=0.02, real=0.17 secs] 
2016-06-30T12:43:19.755+0500: 90.825: [CMS-concurrent-sweep: 0.130/0.292 secs] [Times: user=0.63 sys=0.02, real=0.29 secs] 
2016-06-30T12:43:19.755+0500: 90.825: [CMS-concurrent-reset-start]
2016-06-30T12:43:19.757+0500: 90.828: [CMS-concurrent-reset: 0.003/0.003 secs] [Times: user=0.01 sys=0.00, real=0.00 secs] 
2016-06-30T12:43:19.815+0500: 90.885: [GC (Allocation Failure) 2016-06-30T12:43:19.815+0500: 90.885: [ParNew: 306688K->34048K(306688K), 0.1482393 secs] 1466347K->1464070K(2063104K), 0.1483633 secs] [Times: user=0.19 sys=0.02, real=0.15 secs] 
2016-06-30T12:43:19.964+0500: 91.034: [GC (CMS Initial Mark) [1 CMS-initial-mark: 1430022K(1756416K)] 1466844K(2063104K), 0.0006566 secs] [Times: user=0.00 sys=0.00, real=0.00 secs] 
2016-06-30T12:43:19.965+0500: 91.035: [CMS-concurrent-mark-start]
2016-06-30T12:43:20.027+0500: 91.097: [CMS-concurrent-mark: 0.062/0.062 secs] [Times: user=0.22 sys=0.01, real=0.06 secs] 
2016-06-30T12:43:20.027+0500: 91.097: [CMS-concurrent-preclean-start]
2016-06-30T12:43:20.032+0500: 91.102: [CMS-concurrent-preclean: 0.005/0.005 secs] [Times: user=0.01 sys=0.00, real=0.01 secs] 
2016-06-30T12:43:20.032+0500: 91.102: [CMS-concurrent-abortable-preclean-start]
2016-06-30T12:43:20.090+0500: 91.160: [GC (Allocation Failure) 2016-06-30T12:43:20.090+0500: 91.160: [ParNew2016-06-30T12:43:20.144+0500: 91.214: [CMS-concurrent-abortable-preclean: 0.012/0.112 secs] [Times: user=0.27 sys=0.01, real=0.11 secs] 
: 306688K->34048K(306688K), 0.1650676 secs] 1736710K->1733607K(2063104K), 0.1653065 secs] [Times: user=0.23 sys=0.02, real=0.16 secs] 
2016-06-30T12:43:20.256+0500: 91.326: [GC (CMS Final Remark) [YG occupancy: 36829 K (306688 K)]2016-06-30T12:43:20.256+0500: 91.326: [Rescan (parallel) , 0.0090304 secs]2016-06-30T12:43:20.265+0500: 91.335: [weak refs processing, 0.0000436 secs]2016-06-30T12:43:20.265+0500: 91.335: [class unloading, 0.0008588 secs]2016-06-30T12:43:20.266+0500: 91.336: [scrub symbol table, 0.0007256 secs]2016-06-30T12:43:20.267+0500: 91.337: [scrub string table, 0.0002184 secs][1 CMS-remark: 1699559K(1756416K)] 1736389K(2063104K), 0.0112649 secs] [Times: user=0.04 sys=0.00, real=0.01 secs] 
2016-06-30T12:43:20.267+0500: 91.337: [CMS-concurrent-sweep-start]
2016-06-30T12:43:20.427+0500: 91.497: [GC (Allocation Failure) 2016-06-30T12:43:20.427+0500: 91.497: [ParNew: 306688K->34048K(306688K), 0.1566423 secs] 1467662K->1465533K(2063104K), 0.1567862 secs] [Times: user=0.21 sys=0.04, real=0.16 secs] 
2016-06-30T12:43:20.591+0500: 91.662: [CMS-concurrent-sweep: 0.167/0.324 secs] [Times: user=0.63 sys=0.05, real=0.33 secs] 
2016-06-30T12:43:20.592+0500: 91.662: [CMS-concurrent-reset-start]
2016-06-30T12:43:20.595+0500: 91.665: [CMS-concurrent-reset: 0.003/0.003 secs] [Times: user=0.01 sys=0.00, real=0.00 secs] 
2016-06-30T12:43:20.692+0500: 91.762: [GC (Allocation Failure) 2016-06-30T12:43:20.692+0500: 91.762: [ParNew: 306688K->34048K(306688K), 0.1534866 secs] 1691267K->1689788K(2063104K), 0.1536037 secs] [Times: user=0.20 sys=0.03, real=0.15 secs] 
2016-06-30T12:43:20.846+0500: 91.916: [GC (CMS Initial Mark) [1 CMS-initial-mark: 1655740K(1756416K)] 1692440K(2063104K), 0.0012488 secs] [Times: user=0.00 sys=0.00, real=0.00 secs] 
2016-06-30T12:43:20.847+0500: 91.917: [CMS-concurrent-mark-start]
2016-06-30T12:43:20.908+0500: 91.978: [CMS-concurrent-mark: 0.061/0.061 secs] [Times: user=0.18 sys=0.00, real=0.06 secs] 
2016-06-30T12:43:20.908+0500: 91.978: [CMS-concurrent-preclean-start]
2016-06-30T12:43:20.914+0500: 91.984: [CMS-concurrent-preclean: 0.005/0.005 secs] [Times: user=0.01 sys=0.00, real=0.01 secs] 
2016-06-30T12:43:20.914+0500: 91.984: [CMS-concurrent-abortable-preclean-start]
2016-06-30T12:43:20.914+0500: 91.984: [CMS-concurrent-abortable-preclean: 0.000/0.000 secs] [Times: user=0.01 sys=0.00, real=0.00 secs] 
2016-06-30T12:43:20.914+0500: 91.984: [GC (CMS Final Remark) [YG occupancy: 145198 K (306688 K)]2016-06-30T12:43:20.914+0500: 91.984: [Rescan (parallel) , 0.0063740 secs]2016-06-30T12:43:20.920+0500: 91.991: [weak refs processing, 0.0000420 secs]2016-06-30T12:43:20.921+0500: 91.991: [class unloading, 0.0012684 secs]2016-06-30T12:43:20.922+0500: 91.992: [scrub symbol table, 0.0016920 secs]2016-06-30T12:43:20.924+0500: 91.994: [scrub string table, 0.0003212 secs][1 CMS-remark: 1655740K(1756416K)] 1800939K(2063104K), 0.0099413 secs] [Times: user=0.01 sys=0.00, real=0.01 secs] 
2016-06-30T12:43:20.924+0500: 91.994: [CMS-concurrent-sweep-start]
2016-06-30T12:43:21.011+0500: 92.082: [GC (Allocation Failure) 2016-06-30T12:43:21.012+0500: 92.082: [ParNew: 306688K->34048K(306688K), 0.1814204 secs] 1667343K->1665500K(2063104K), 0.1815287 secs] [Times: user=0.23 sys=0.03, real=0.18 secs] 
2016-06-30T12:43:21.291+0500: 92.361: [CMS-concurrent-sweep: 0.185/0.367 secs] [Times: user=0.77 sys=0.04, real=0.37 secs] 
2016-06-30T12:43:21.291+0500: 92.361: [CMS-concurrent-reset-start]
2016-06-30T12:43:21.294+0500: 92.364: [CMS-concurrent-reset: 0.003/0.003 secs] [Times: user=0.01 sys=0.00, real=0.00 secs] 
2016-06-30T12:43:21.331+0500: 92.401: [GC (Allocation Failure) 2016-06-30T12:43:21.331+0500: 92.401: [ParNew: 306688K->34048K(306688K), 0.1888355 secs] 1438903K->1436193K(2063104K), 0.1889454 secs] [Times: user=0.24 sys=0.03, real=0.19 secs] 
2016-06-30T12:43:21.520+0500: 92.590: [GC (CMS Initial Mark) [1 CMS-initial-mark: 1402145K(1756416K)] 1440664K(2063104K), 0.0009176 secs] [Times: user=0.00 sys=0.00, real=0.00 secs] 
2016-06-30T12:43:21.521+0500: 92.591: [CMS-concurrent-mark-start]
2016-06-30T12:43:21.614+0500: 92.684: [CMS-concurrent-mark: 0.093/0.093 secs] [Times: user=0.30 sys=0.01, real=0.09 secs] 
2016-06-30T12:43:21.614+0500: 92.685: [CMS-concurrent-preclean-start]
2016-06-30T12:43:21.620+0500: 92.690: [CMS-concurrent-preclean: 0.005/0.005 secs] [Times: user=0.01 sys=0.00, real=0.01 secs] 
2016-06-30T12:43:21.620+0500: 92.690: [CMS-concurrent-abortable-preclean-start]
2016-06-30T12:43:21.670+0500: 92.740: [GC (Allocation Failure) 2016-06-30T12:43:21.670+0500: 92.740: [ParNew2016-06-30T12:43:21.734+0500: 92.805: [CMS-concurrent-abortable-preclean: 0.014/0.114 secs] [Times: user=0.18 sys=0.01, real=0.11 secs] 
: 306688K->34048K(306688K), 0.1746516 secs] 1708833K->1706241K(2063104K), 0.1747449 secs] [Times: user=0.22 sys=0.03, real=0.17 secs] 
2016-06-30T12:43:21.845+0500: 92.915: [GC (CMS Final Remark) [YG occupancy: 38372 K (306688 K)]2016-06-30T12:43:21.845+0500: 92.915: [Rescan (parallel) , 0.0082953 secs]2016-06-30T12:43:21.853+0500: 92.924: [weak refs processing, 0.0000400 secs]2016-06-30T12:43:21.853+0500: 92.924: [class unloading, 0.0011443 secs]2016-06-30T12:43:21.855+0500: 92.925: [scrub symbol table, 0.0010450 secs]2016-06-30T12:43:21.856+0500: 92.926: [scrub string table, 0.0003748 secs][1 CMS-remark: 1672193K(1756416K)] 1710566K(2063104K), 0.0111130 secs] [Times: user=0.03 sys=0.00, real=0.01 secs] 
2016-06-30T12:43:21.868+0500: 92.938: [CMS-concurrent-sweep-start]
2016-06-30T12:43:22.003+0500: 93.073: [GC (Allocation Failure) 2016-06-30T12:43:22.003+0500: 93.073: [ParNew: 306688K->34048K(306688K), 0.1604254 secs] 1350911K->1348590K(2063104K), 0.1605172 secs] [Times: user=0.25 sys=0.03, real=0.16 secs] 
2016-06-30T12:43:22.165+0500: 93.235: [CMS-concurrent-sweep: 0.126/0.297 secs] [Times: user=0.64 sys=0.03, real=0.30 secs] 
2016-06-30T12:43:22.165+0500: 93.235: [CMS-concurrent-reset-start]
2016-06-30T12:43:22.168+0500: 93.238: [CMS-concurrent-reset: 0.003/0.003 secs] [Times: user=0.01 sys=0.00, real=0.00 secs] 
2016-06-30T12:43:22.274+0500: 93.345: [GC (Allocation Failure) 2016-06-30T12:43:22.274+0500: 93.345: [ParNew: 306688K->34048K(306688K), 0.1468467 secs] 1613870K->1611766K(2063104K), 0.1469549 secs] [Times: user=0.21 sys=0.03, real=0.15 secs] 
2016-06-30T12:43:22.422+0500: 93.492: [GC (CMS Initial Mark) [1 CMS-initial-mark: 1577718K(1756416K)] 1613185K(2063104K), 0.0010627 secs] [Times: user=0.00 sys=0.00, real=0.00 secs] 
2016-06-30T12:43:22.423+0500: 93.493: [CMS-concurrent-mark-start]
2016-06-30T12:43:22.489+0500: 93.559: [CMS-concurrent-mark: 0.066/0.066 secs] [Times: user=0.20 sys=0.00, real=0.06 secs] 
2016-06-30T12:43:22.489+0500: 93.559: [CMS-concurrent-preclean-start]
2016-06-30T12:43:22.498+0500: 93.568: [CMS-concurrent-preclean: 0.009/0.009 secs] [Times: user=0.03 sys=0.00, real=0.01 secs] 
2016-06-30T12:43:22.498+0500: 93.569: [CMS-concurrent-abortable-preclean-start]
2016-06-30T12:43:22.555+0500: 93.625: [GC (Allocation Failure) 2016-06-30T12:43:22.555+0500: 93.625: [ParNew: 306688K->306688K(306688K), 0.0000421 secs]2016-06-30T12:43:22.555+0500: 93.625: [CMS2016-06-30T12:43:22.555+0500: 93.625: [CMS-concurrent-abortable-preclean: 0.010/0.056 secs] [Times: user=0.19 sys=0.01, real=0.06 secs] 
 (concurrent mode failure): 1577718K->985048K(1756416K), 0.3989549 secs] 1884406K->985048K(2063104K), [Metaspace: 4548K->4548K(1056768K)], 0.3991275 secs] [Times: user=0.39 sys=0.00, real=0.40 secs] 
2016-06-30T12:43:23.050+0500: 94.120: [GC (Allocation Failure) 2016-06-30T12:43:23.050+0500: 94.121: [ParNew: 272640K->34048K(306688K), 0.1499320 secs] 1257688K->1256159K(2063104K), 0.1505377 secs] [Times: user=0.21 sys=0.09, real=0.15 secs] 
2016-06-30T12:43:23.201+0500: 94.271: [GC (CMS Initial Mark) [1 CMS-initial-mark: 1222111K(1756416K)] 1260222K(2063104K), 0.0006240 secs] [Times: user=0.00 sys=0.00, real=0.00 secs] 
2016-06-30T12:43:23.201+0500: 94.272: [CMS-concurrent-mark-start]
2016-06-30T12:43:23.291+0500: 94.362: [CMS-concurrent-mark: 0.090/0.090 secs] [Times: user=0.31 sys=0.01, real=0.09 secs] 
2016-06-30T12:43:23.291+0500: 94.362: [CMS-concurrent-preclean-start]
2016-06-30T12:43:23.297+0500: 94.367: [CMS-concurrent-preclean: 0.005/0.005 secs] [Times: user=0.02 sys=0.00, real=0.00 secs] 
2016-06-30T12:43:23.297+0500: 94.367: [CMS-concurrent-abortable-preclean-start]
2016-06-30T12:43:23.318+0500: 94.389: [GC (Allocation Failure) 2016-06-30T12:43:23.318+0500: 94.389: [ParNew2016-06-30T12:43:23.411+0500: 94.482: [CMS-concurrent-abortable-preclean: 0.013/0.114 secs] [Times: user=0.22 sys=0.02, real=0.12 secs] 
: 306688K->34048K(306688K), 0.1776265 secs] 1528799K->1527994K(2063104K), 0.1777481 secs] [Times: user=0.26 sys=0.04, real=0.18 secs] 
2016-06-30T12:43:23.496+0500: 94.567: [GC (CMS Final Remark) [YG occupancy: 35413 K (306688 K)]2016-06-30T12:43:23.496+0500: 94.567: [Rescan (parallel) , 0.0074957 secs]2016-06-30T12:43:23.504+0500: 94.574: [weak refs processing, 0.0000428 secs]2016-06-30T12:43:23.504+0500: 94.574: [class unloading, 0.0009105 secs]2016-06-30T12:43:23.505+0500: 94.575: [scrub symbol table, 0.0007636 secs]2016-06-30T12:43:23.506+0500: 94.576: [scrub string table, 0.0002800 secs][1 CMS-remark: 1493946K(1756416K)] 1529360K(2063104K), 0.0096666 secs] [Times: user=0.03 sys=0.00, real=0.01 secs] 
2016-06-30T12:43:23.506+0500: 94.577: [CMS-concurrent-sweep-start]
2016-06-30T12:43:23.582+0500: 94.652: [CMS-concurrent-sweep: 0.076/0.076 secs] [Times: user=0.26 sys=0.00, real=0.08 secs] 
2016-06-30T12:43:23.582+0500: 94.653: [CMS-concurrent-reset-start]
2016-06-30T12:43:23.585+0500: 94.655: [CMS-concurrent-reset: 0.002/0.002 secs] [Times: user=0.01 sys=0.00, real=0.00 secs] 
2016-06-30T12:43:23.633+0500: 94.703: [GC (Allocation Failure) 2016-06-30T12:43:23.633+0500: 94.703: [ParNew: 306688K->34048K(306688K), 0.1372074 secs] 1430770K->1429089K(2063104K), 0.1373218 secs] [Times: user=0.24 sys=0.03, real=0.14 secs] 
2016-06-30T12:43:23.771+0500: 94.841: [GC (CMS Initial Mark) [1 CMS-initial-mark: 1395041K(1756416K)] 1433031K(2063104K), 0.0006524 secs] [Times: user=0.00 sys=0.00, real=0.00 secs] 
2016-06-30T12:43:23.771+0500: 94.842: [CMS-concurrent-mark-start]
2016-06-30T12:43:23.835+0500: 94.905: [CMS-concurrent-mark: 0.063/0.063 secs] [Times: user=0.21 sys=0.00, real=0.06 secs] 
2016-06-30T12:43:23.835+0500: 94.905: [CMS-concurrent-preclean-start]
2016-06-30T12:43:23.840+0500: 94.910: [CMS-concurrent-preclean: 0.005/0.005 secs] [Times: user=0.02 sys=0.00, real=0.01 secs] 
2016-06-30T12:43:23.840+0500: 94.910: [CMS-concurrent-abortable-preclean-start]
2016-06-30T12:43:23.892+0500: 94.962: [GC (Allocation Failure) 2016-06-30T12:43:23.892+0500: 94.962: [ParNew2016-06-30T12:43:23.952+0500: 95.022: [CMS-concurrent-abortable-preclean: 0.012/0.112 secs] [Times: user=0.28 sys=0.02, real=0.11 secs] 
: 306685K->34048K(306688K), 0.1603552 secs] 1701727K->1698396K(2063104K), 0.1604924 secs] [Times: user=0.21 sys=0.04, real=0.16 secs] 
2016-06-30T12:43:24.052+0500: 95.123: [GC (CMS Final Remark) [YG occupancy: 37992 K (306688 K)]2016-06-30T12:43:24.052+0500: 95.123: [Rescan (parallel) , 0.0077529 secs]2016-06-30T12:43:24.060+0500: 95.131: [weak refs processing, 0.0000393 secs]2016-06-30T12:43:24.060+0500: 95.131: [class unloading, 0.0007876 secs]2016-06-30T12:43:24.061+0500: 95.131: [scrub symbol table, 0.0006932 secs]2016-06-30T12:43:24.062+0500: 95.132: [scrub string table, 0.0001863 secs][1 CMS-remark: 1664348K(1756416K)] 1702340K(2063104K), 0.0096197 secs] [Times: user=0.03 sys=0.00, real=0.01 secs] 
2016-06-30T12:43:24.062+0500: 95.132: [CMS-concurrent-sweep-start]
2016-06-30T12:43:24.166+0500: 95.236: [CMS-concurrent-sweep: 0.104/0.104 secs] [Times: user=0.36 sys=0.01, real=0.10 secs] 
2016-06-30T12:43:24.166+0500: 95.236: [CMS-concurrent-reset-start]
2016-06-30T12:43:24.169+0500: 95.239: [CMS-concurrent-reset: 0.003/0.003 secs] [Times: user=0.02 sys=0.00, real=0.00 secs] 
2016-06-30T12:43:24.178+0500: 95.248: [GC (Allocation Failure) 2016-06-30T12:43:24.178+0500: 95.248: [ParNew: 306688K->34048K(306688K), 0.1493198 secs] 1434158K->1432083K(2063104K), 0.1494368 secs] [Times: user=0.22 sys=0.03, real=0.15 secs] 
2016-06-30T12:43:24.328+0500: 95.398: [GC (CMS Initial Mark) [1 CMS-initial-mark: 1398035K(1756416K)] 1436112K(2063104K), 0.0014570 secs] [Times: user=0.00 sys=0.00, real=0.00 secs] 
2016-06-30T12:43:24.329+0500: 95.400: [CMS-concurrent-mark-start]
2016-06-30T12:43:24.425+0500: 95.495: [CMS-concurrent-mark: 0.096/0.096 secs] [Times: user=0.31 sys=0.01, real=0.10 secs] 
2016-06-30T12:43:24.425+0500: 95.495: [CMS-concurrent-preclean-start]
2016-06-30T12:43:24.430+0500: 95.500: [CMS-concurrent-preclean: 0.005/0.005 secs] [Times: user=0.01 sys=0.00, real=0.01 secs] 
2016-06-30T12:43:24.430+0500: 95.500: [CMS-concurrent-abortable-preclean-start]
2016-06-30T12:43:24.451+0500: 95.521: [GC (Allocation Failure) 2016-06-30T12:43:24.451+0500: 95.521: [ParNew2016-06-30T12:43:24.543+0500: 95.613: [CMS-concurrent-abortable-preclean: 0.012/0.112 secs] [Times: user=0.21 sys=0.03, real=0.11 secs] 
: 306688K->34048K(306688K), 0.1756754 secs] 1704723K->1703387K(2063104K), 0.1757847 secs] [Times: user=0.24 sys=0.05, real=0.17 secs] 
2016-06-30T12:43:24.627+0500: 95.697: [GC (CMS Final Remark) [YG occupancy: 39484 K (306688 K)]2016-06-30T12:43:24.627+0500: 95.697: [Rescan (parallel) , 0.0079066 secs]2016-06-30T12:43:24.635+0500: 95.705: [weak refs processing, 0.0000400 secs]2016-06-30T12:43:24.635+0500: 95.705: [class unloading, 0.0007980 secs]2016-06-30T12:43:24.636+0500: 95.706: [scrub symbol table, 0.0006407 secs]2016-06-30T12:43:24.636+0500: 95.707: [scrub string table, 0.0002130 secs][1 CMS-remark: 1669339K(1756416K)] 1708824K(2063104K), 0.0097804 secs] [Times: user=0.03 sys=0.00, real=0.01 secs] 
2016-06-30T12:43:24.637+0500: 95.707: [CMS-concurrent-sweep-start]
2016-06-30T12:43:24.757+0500: 95.827: [GC (Allocation Failure) 2016-06-30T12:43:24.757+0500: 95.827: [ParNew: 306688K->34048K(306688K), 0.1593592 secs] 1343359K->1341496K(2063104K), 0.1595479 secs] [Times: user=0.20 sys=0.03, real=0.16 secs] 
2016-06-30T12:43:24.928+0500: 95.998: [CMS-concurrent-sweep: 0.131/0.291 secs] [Times: user=0.63 sys=0.03, real=0.29 secs] 
2016-06-30T12:43:24.928+0500: 95.998: [CMS-concurrent-reset-start]
2016-06-30T12:43:24.931+0500: 96.001: [CMS-concurrent-reset: 0.003/0.003 secs] [Times: user=0.01 sys=0.00, real=0.01 secs] 
2016-06-30T12:43:25.029+0500: 96.099: [GC (Allocation Failure) 2016-06-30T12:43:25.029+0500: 96.099: [ParNew: 306688K->34048K(306688K), 0.1668317 secs] 1614136K->1612785K(2063104K), 0.1669608 secs] [Times: user=0.21 sys=0.03, real=0.17 secs] 
2016-06-30T12:43:25.199+0500: 96.269: [GC (CMS Initial Mark) [1 CMS-initial-mark: 1578737K(1756416K)] 1622247K(2063104K), 0.0009943 secs] [Times: user=0.01 sys=0.00, real=0.01 secs] 
2016-06-30T12:43:25.200+0500: 96.270: [CMS-concurrent-mark-start]
2016-06-30T12:43:25.261+0500: 96.331: [CMS-concurrent-mark: 0.061/0.061 secs] [Times: user=0.20 sys=0.00, real=0.06 secs] 
2016-06-30T12:43:25.261+0500: 96.331: [CMS-concurrent-preclean-start]
2016-06-30T12:43:25.265+0500: 96.336: [CMS-concurrent-preclean: 0.005/0.005 secs] [Times: user=0.01 sys=0.00, real=0.00 secs] 
2016-06-30T12:43:25.265+0500: 96.336: [CMS-concurrent-abortable-preclean-start]
2016-06-30T12:43:25.325+0500: 96.396: [GC (Allocation Failure) 2016-06-30T12:43:25.325+0500: 96.396: [ParNew: 306688K->306688K(306688K), 0.0000331 secs]2016-06-30T12:43:25.325+0500: 96.396: [CMS2016-06-30T12:43:25.325+0500: 96.396: [CMS-concurrent-abortable-preclean: 0.009/0.060 secs] [Times: user=0.18 sys=0.00, real=0.06 secs] 
 (concurrent mode failure): 1578737K->985048K(1756416K), 0.5036268 secs] 1885425K->985048K(2063104K), [Metaspace: 4548K->4548K(1056768K)], 0.5037963 secs] [Times: user=0.44 sys=0.01, real=0.50 secs] 
2016-06-30T12:43:25.930+0500: 97.001: [GC (Allocation Failure) 2016-06-30T12:43:25.930+0500: 97.001: [ParNew: 272640K->34048K(306688K), 0.1400722 secs] 1257688K->1256262K(2063104K), 0.1401869 secs] [Times: user=0.23 sys=0.06, real=0.14 secs] 
2016-06-30T12:43:26.081+0500: 97.151: [GC (CMS Initial Mark) [1 CMS-initial-mark: 1222214K(1756416K)] 1288919K(2063104K), 0.0010966 secs] [Times: user=0.00 sys=0.00, real=0.00 secs] 
2016-06-30T12:43:26.082+0500: 97.152: [CMS-concurrent-mark-start]
2016-06-30T12:43:26.176+0500: 97.246: [CMS-concurrent-mark: 0.093/0.093 secs] [Times: user=0.29 sys=0.00, real=0.09 secs] 
2016-06-30T12:43:26.176+0500: 97.246: [CMS-concurrent-preclean-start]
2016-06-30T12:43:26.182+0500: 97.252: [CMS-concurrent-preclean: 0.006/0.006 secs] [Times: user=0.03 sys=0.00, real=0.01 secs] 
2016-06-30T12:43:26.183+0500: 97.253: [CMS-concurrent-abortable-preclean-start]
2016-06-30T12:43:26.203+0500: 97.273: [GC (Allocation Failure) 2016-06-30T12:43:26.203+0500: 97.273: [ParNew2016-06-30T12:43:26.303+0500: 97.373: [CMS-concurrent-abortable-preclean: 0.020/0.120 secs] [Times: user=0.21 sys=0.05, real=0.12 secs] 
: 306688K->34048K(306688K), 0.1723918 secs] 1528902K->1528519K(2063104K), 0.1725208 secs] [Times: user=0.26 sys=0.07, real=0.17 secs] 
2016-06-30T12:43:26.376+0500: 97.446: [GC (CMS Final Remark) [YG occupancy: 36812 K (306688 K)]2016-06-30T12:43:26.376+0500: 97.446: [Rescan (parallel) , 0.0128221 secs]2016-06-30T12:43:26.389+0500: 97.459: [weak refs processing, 0.0000596 secs]2016-06-30T12:43:26.389+0500: 97.459: [class unloading, 0.0015610 secs]2016-06-30T12:43:26.390+0500: 97.461: [scrub symbol table, 0.0013052 secs]2016-06-30T12:43:26.392+0500: 97.462: [scrub string table, 0.0002541 secs][1 CMS-remark: 1494471K(1756416K)] 1531284K(2063104K), 0.0162313 secs] [Times: user=0.04 sys=0.00, real=0.02 secs] 
2016-06-30T12:43:26.408+0500: 97.478: [CMS-concurrent-sweep-start]
2016-06-30T12:43:26.517+0500: 97.588: [GC (Allocation Failure) 2016-06-30T12:43:26.517+0500: 97.588: [ParNew: 306688K->34048K(306688K), 0.1693893 secs] 1430951K->1428720K(2063104K), 0.1695093 secs] [Times: user=0.22 sys=0.04, real=0.17 secs] 
2016-06-30T12:43:26.705+0500: 97.775: [CMS-concurrent-sweep: 0.127/0.297 secs] [Times: user=0.63 sys=0.05, real=0.30 secs] 
2016-06-30T12:43:26.705+0500: 97.775: [CMS-concurrent-reset-start]
2016-06-30T12:43:26.712+0500: 97.783: [CMS-concurrent-reset: 0.007/0.007 secs] [Times: user=0.03 sys=0.00, real=0.01 secs] 
2016-06-30T12:43:26.804+0500: 97.874: [GC (Allocation Failure) 2016-06-30T12:43:26.804+0500: 97.874: [ParNew: 306688K->34048K(306688K), 0.1420969 secs] 1701360K->1698312K(2063104K), 0.1422969 secs] [Times: user=0.18 sys=0.03, real=0.14 secs] 
2016-06-30T12:43:26.947+0500: 98.017: [GC (CMS Initial Mark) [1 CMS-initial-mark: 1664264K(1756416K)] 1703744K(2063104K), 0.0016892 secs] [Times: user=0.00 sys=0.00, real=0.00 secs] 
2016-06-30T12:43:26.949+0500: 98.019: [CMS-concurrent-mark-start]
2016-06-30T12:43:27.018+0500: 98.088: [CMS-concurrent-mark: 0.069/0.069 secs] [Times: user=0.21 sys=0.00, real=0.07 secs] 
2016-06-30T12:43:27.018+0500: 98.088: [CMS-concurrent-preclean-start]
2016-06-30T12:43:27.023+0500: 98.093: [CMS-concurrent-preclean: 0.005/0.005 secs] [Times: user=0.01 sys=0.00, real=0.01 secs] 
2016-06-30T12:43:27.023+0500: 98.093: [CMS-concurrent-abortable-preclean-start]
2016-06-30T12:43:27.023+0500: 98.093: [CMS-concurrent-abortable-preclean: 0.000/0.000 secs] [Times: user=0.00 sys=0.00, real=0.00 secs] 
2016-06-30T12:43:27.023+0500: 98.093: [GC (CMS Final Remark) [YG occupancy: 173851 K (306688 K)]2016-06-30T12:43:27.023+0500: 98.093: [Rescan (parallel) , 0.0045879 secs]2016-06-30T12:43:27.028+0500: 98.098: [weak refs processing, 0.0000395 secs]2016-06-30T12:43:27.028+0500: 98.098: [class unloading, 0.0012707 secs]2016-06-30T12:43:27.029+0500: 98.099: [scrub symbol table, 0.0014103 secs]2016-06-30T12:43:27.031+0500: 98.101: [scrub string table, 0.0003093 secs][1 CMS-remark: 1664264K(1756416K)] 1838116K(2063104K), 0.0078570 secs] [Times: user=0.02 sys=0.00, real=0.01 secs] 
2016-06-30T12:43:27.031+0500: 98.101: [CMS-concurrent-sweep-start]
2016-06-30T12:43:27.098+0500: 98.168: [GC (Allocation Failure) 2016-06-30T12:43:27.098+0500: 98.168: [ParNew: 306688K->34048K(306688K), 0.2302319 secs] 1357696K->1355270K(2063104K), 0.2303484 secs] [Times: user=0.24 sys=0.08, real=0.23 secs] 
2016-06-30T12:43:27.365+0500: 98.435: [CMS-concurrent-sweep: 0.103/0.334 secs] [Times: user=0.58 sys=0.08, real=0.33 secs] 
2016-06-30T12:43:27.365+0500: 98.436: [CMS-concurrent-reset-start]
2016-06-30T12:43:27.373+0500: 98.444: [CMS-concurrent-reset: 0.008/0.008 secs] [Times: user=0.01 sys=0.00, real=0.01 secs] 
2016-06-30T12:43:27.472+0500: 98.543: [GC (Allocation Failure) 2016-06-30T12:43:27.473+0500: 98.543: [ParNew: 306688K->34048K(306688K), 0.1610227 secs] 1439812K->1439203K(2063104K), 0.1611570 secs] [Times: user=0.26 sys=0.03, real=0.16 secs] 
2016-06-30T12:43:27.634+0500: 98.705: [GC (CMS Initial Mark) [1 CMS-initial-mark: 1405155K(1756416K)] 1443303K(2063104K), 0.0007360 secs] [Times: user=0.00 sys=0.00, real=0.00 secs] 
2016-06-30T12:43:27.635+0500: 98.705: [CMS-concurrent-mark-start]
2016-06-30T12:43:27.714+0500: 98.784: [CMS-concurrent-mark: 0.079/0.079 secs] [Times: user=0.25 sys=0.00, real=0.08 secs] 
2016-06-30T12:43:27.714+0500: 98.784: [CMS-concurrent-preclean-start]
2016-06-30T12:43:27.724+0500: 98.794: [CMS-concurrent-preclean: 0.010/0.010 secs] [Times: user=0.04 sys=0.00, real=0.01 secs] 
2016-06-30T12:43:27.724+0500: 98.795: [CMS-concurrent-abortable-preclean-start]
2016-06-30T12:43:27.763+0500: 98.834: [GC (Allocation Failure) 2016-06-30T12:43:27.763+0500: 98.834: [ParNew2016-06-30T12:43:27.841+0500: 98.912: [CMS-concurrent-abortable-preclean: 0.013/0.117 secs] [Times: user=0.23 sys=0.01, real=0.12 secs] 
: 306688K->34048K(306688K), 0.2240731 secs] 1711843K->1710766K(2063104K), 0.2242002 secs] [Times: user=0.25 sys=0.03, real=0.22 secs] 
2016-06-30T12:43:27.988+0500: 99.058: [GC (CMS Final Remark) [YG occupancy: 38108 K (306688 K)]2016-06-30T12:43:27.988+0500: 99.058: [Rescan (parallel) , 0.0082762 secs]2016-06-30T12:43:27.996+0500: 99.067: [weak refs processing, 0.0000432 secs]2016-06-30T12:43:27.996+0500: 99.067: [class unloading, 0.0013670 secs]2016-06-30T12:43:27.998+0500: 99.068: [scrub symbol table, 0.0012228 secs]2016-06-30T12:43:27.999+0500: 99.069: [scrub string table, 0.0003130 secs][1 CMS-remark: 1676718K(1756416K)] 1714826K(2063104K), 0.0114536 secs] [Times: user=0.03 sys=0.00, real=0.01 secs] 
2016-06-30T12:43:27.999+0500: 99.070: [CMS-concurrent-sweep-start]
2016-06-30T12:43:28.107+0500: 99.178: [CMS-concurrent-sweep: 0.108/0.108 secs] [Times: user=0.35 sys=0.01, real=0.11 secs] 
2016-06-30T12:43:28.108+0500: 99.178: [CMS-concurrent-reset-start]
2016-06-30T12:43:28.111+0500: 99.181: [CMS-concurrent-reset: 0.003/0.003 secs] [Times: user=0.01 sys=0.00, real=0.01 secs] 
2016-06-30T12:43:28.133+0500: 99.203: [GC (Allocation Failure) 2016-06-30T12:43:28.133+0500: 99.204: [ParNew: 306688K->34048K(306688K), 0.1767424 secs] 1440661K->1439050K(2063104K), 0.1768760 secs] [Times: user=0.22 sys=0.03, real=0.18 secs] 
2016-06-30T12:43:28.310+0500: 99.381: [GC (CMS Initial Mark) [1 CMS-initial-mark: 1405002K(1756416K)] 1443126K(2063104K), 0.0006180 secs] [Times: user=0.00 sys=0.00, real=0.00 secs] 
2016-06-30T12:43:28.311+0500: 99.382: [CMS-concurrent-mark-start]
2016-06-30T12:43:28.398+0500: 99.468: [CMS-concurrent-mark: 0.086/0.086 secs] [Times: user=0.27 sys=0.01, real=0.08 secs] 
2016-06-30T12:43:28.398+0500: 99.468: [CMS-concurrent-preclean-start]
2016-06-30T12:43:28.403+0500: 99.473: [CMS-concurrent-preclean: 0.005/0.005 secs] [Times: user=0.01 sys=0.00, real=0.01 secs] 
2016-06-30T12:43:28.403+0500: 99.473: [CMS-concurrent-abortable-preclean-start]
2016-06-30T12:43:28.458+0500: 99.528: [GC (Allocation Failure) 2016-06-30T12:43:28.458+0500: 99.528: [ParNew2016-06-30T12:43:28.518+0500: 99.589: [CMS-concurrent-abortable-preclean: 0.015/0.115 secs] [Times: user=0.23 sys=0.01, real=0.11 secs] 
: 306688K->34048K(306688K), 0.1835509 secs] 1711690K->1709547K(2063104K), 0.1836598 secs] [Times: user=0.25 sys=0.03, real=0.19 secs] 
2016-06-30T12:43:28.642+0500: 99.712: [GC (CMS Final Remark) [YG occupancy: 38158 K (306688 K)]2016-06-30T12:43:28.642+0500: 99.712: [Rescan (parallel) , 0.0076216 secs]2016-06-30T12:43:28.649+0500: 99.720: [weak refs processing, 0.0000423 secs]2016-06-30T12:43:28.649+0500: 99.720: [class unloading, 0.0027074 secs]2016-06-30T12:43:28.652+0500: 99.722: [scrub symbol table, 0.0026424 secs]2016-06-30T12:43:28.655+0500: 99.725: [scrub string table, 0.0002653 secs][1 CMS-remark: 1675499K(1756416K)] 1713657K(2063104K), 0.0135448 secs] [Times: user=0.03 sys=0.00, real=0.01 secs] 
2016-06-30T12:43:28.655+0500: 99.726: [CMS-concurrent-sweep-start]
2016-06-30T12:43:28.776+0500: 99.846: [CMS-concurrent-sweep: 0.120/0.120 secs] [Times: user=0.37 sys=0.01, real=0.12 secs] 
2016-06-30T12:43:28.776+0500: 99.846: [CMS-concurrent-reset-start]
2016-06-30T12:43:28.779+0500: 99.850: [CMS-concurrent-reset: 0.003/0.003 secs] [Times: user=0.02 sys=0.00, real=0.00 secs] 
2016-06-30T12:43:28.789+0500: 99.860: [GC (Allocation Failure) 2016-06-30T12:43:28.789+0500: 99.860: [ParNew: 306688K->34048K(306688K), 0.1588227 secs] 1408670K->1407139K(2063104K), 0.1589435 secs] [Times: user=0.21 sys=0.03, real=0.16 secs] 
2016-06-30T12:43:28.949+0500: 100.019: [GC (CMS Initial Mark) [1 CMS-initial-mark: 1373091K(1756416K)] 1409864K(2063104K), 0.0007547 secs] [Times: user=0.00 sys=0.00, real=0.00 secs] 
2016-06-30T12:43:28.949+0500: 100.020: [CMS-concurrent-mark-start]
2016-06-30T12:43:29.030+0500: 100.101: [CMS-concurrent-mark: 0.081/0.081 secs] [Times: user=0.25 sys=0.01, real=0.09 secs] 
2016-06-30T12:43:29.031+0500: 100.101: [CMS-concurrent-preclean-start]
2016-06-30T12:43:29.036+0500: 100.106: [CMS-concurrent-preclean: 0.005/0.005 secs] [Times: user=0.01 sys=0.00, real=0.00 secs] 
2016-06-30T12:43:29.036+0500: 100.107: [CMS-concurrent-abortable-preclean-start]
2016-06-30T12:43:29.078+0500: 100.149: [GC (Allocation Failure) 2016-06-30T12:43:29.078+0500: 100.149: [ParNew2016-06-30T12:43:29.153+0500: 100.224: [CMS-concurrent-abortable-preclean: 0.013/0.117 secs] [Times: user=0.24 sys=0.01, real=0.12 secs] 
: 306688K->34048K(306688K), 0.1870726 secs] 1679779K->1678615K(2063104K), 0.1872280 secs] [Times: user=0.25 sys=0.03, real=0.19 secs] 
2016-06-30T12:43:29.266+0500: 100.336: [GC (CMS Final Remark) [YG occupancy: 36712 K (306688 K)]2016-06-30T12:43:29.266+0500: 100.336: [Rescan (parallel) , 0.0094894 secs]2016-06-30T12:43:29.275+0500: 100.346: [weak refs processing, 0.0000451 secs]2016-06-30T12:43:29.275+0500: 100.346: [class unloading, 0.0011404 secs]2016-06-30T12:43:29.276+0500: 100.347: [scrub symbol table, 0.0011977 secs]2016-06-30T12:43:29.278+0500: 100.348: [scrub string table, 0.0002181 secs][1 CMS-remark: 1644567K(1756416K)] 1681280K(2063104K), 0.0122738 secs] [Times: user=0.03 sys=0.00, real=0.01 secs] 
2016-06-30T12:43:29.278+0500: 100.349: [CMS-concurrent-sweep-start]
2016-06-30T12:43:29.392+0500: 100.462: [CMS-concurrent-sweep: 0.113/0.113 secs] [Times: user=0.35 sys=0.01, real=0.12 secs] 
2016-06-30T12:43:29.392+0500: 100.462: [CMS-concurrent-reset-start]
2016-06-30T12:43:29.404+0500: 100.475: [CMS-concurrent-reset: 0.013/0.013 secs] [Times: user=0.04 sys=0.00, real=0.01 secs] 
2016-06-30T12:43:29.416+0500: 100.486: [GC (Allocation Failure) 2016-06-30T12:43:29.416+0500: 100.487: [ParNew: 306688K->34048K(306688K), 0.1882392 secs] 1395005K->1391970K(2063104K), 0.1887472 secs] [Times: user=0.21 sys=0.02, real=0.19 secs] 
2016-06-30T12:43:29.605+0500: 100.676: [GC (CMS Initial Mark) [1 CMS-initial-mark: 1357922K(1756416K)] 1396065K(2063104K), 0.0006381 secs] [Times: user=0.00 sys=0.00, real=0.00 secs] 
2016-06-30T12:43:29.606+0500: 100.677: [CMS-concurrent-mark-start]
2016-06-30T12:43:29.688+0500: 100.759: [CMS-concurrent-mark: 0.082/0.082 secs] [Times: user=0.26 sys=0.01, real=0.08 secs] 
2016-06-30T12:43:29.688+0500: 100.759: [CMS-concurrent-preclean-start]
2016-06-30T12:43:29.694+0500: 100.765: [CMS-concurrent-preclean: 0.006/0.006 secs] [Times: user=0.02 sys=0.00, real=0.01 secs] 
2016-06-30T12:43:29.694+0500: 100.765: [CMS-concurrent-abortable-preclean-start]
2016-06-30T12:43:29.744+0500: 100.815: [GC (Allocation Failure) 2016-06-30T12:43:29.744+0500: 100.815: [ParNew2016-06-30T12:43:29.811+0500: 100.882: [CMS-concurrent-abortable-preclean: 0.015/0.117 secs] [Times: user=0.22 sys=0.01, real=0.12 secs] 
: 306688K->34048K(306688K), 0.1791550 secs] 1664610K->1663205K(2063104K), 0.1793927 secs] [Times: user=0.24 sys=0.03, real=0.18 secs] 
2016-06-30T12:43:29.924+0500: 100.995: [GC (CMS Final Remark) [YG occupancy: 36743 K (306688 K)]2016-06-30T12:43:29.924+0500: 100.995: [Rescan (parallel) , 0.0198349 secs]2016-06-30T12:43:29.944+0500: 101.015: [weak refs processing, 0.0000390 secs]2016-06-30T12:43:29.944+0500: 101.015: [class unloading, 0.0010493 secs]2016-06-30T12:43:29.945+0500: 101.016: [scrub symbol table, 0.0009704 secs]2016-06-30T12:43:29.946+0500: 101.017: [scrub string table, 0.0002299 secs][1 CMS-remark: 1629157K(1756416K)] 1665900K(2063104K), 0.0223624 secs] [Times: user=0.03 sys=0.00, real=0.02 secs] 
2016-06-30T12:43:29.947+0500: 101.017: [CMS-concurrent-sweep-start]
2016-06-30T12:43:30.071+0500: 101.141: [GC (Allocation Failure) 2016-06-30T12:43:30.071+0500: 101.141: [ParNew: 306688K->34048K(306688K), 0.1824658 secs] 1411666K->1410906K(2063104K), 0.1825836 secs] [Times: user=0.24 sys=0.03, real=0.18 secs] 
2016-06-30T12:43:30.266+0500: 101.337: [CMS-concurrent-sweep: 0.136/0.319 secs] [Times: user=0.67 sys=0.03, real=0.32 secs] 
2016-06-30T12:43:30.266+0500: 101.337: [CMS-concurrent-reset-start]
2016-06-30T12:43:30.269+0500: 101.339: [CMS-concurrent-reset: 0.002/0.002 secs] [Times: user=0.00 sys=0.00, real=0.00 secs] 
2016-06-30T12:43:30.372+0500: 101.442: [GC (Allocation Failure) 2016-06-30T12:43:30.372+0500: 101.442: [ParNew: 306688K->34048K(306688K), 0.1765408 secs] 1667524K->1665592K(2063104K), 0.1767459 secs] [Times: user=0.21 sys=0.03, real=0.17 secs] 
2016-06-30T12:43:30.549+0500: 101.620: [GC (CMS Initial Mark) [1 CMS-initial-mark: 1631544K(1756416K)] 1669635K(2063104K), 0.0025940 secs] [Times: user=0.00 sys=0.00, real=0.01 secs] 
2016-06-30T12:43:30.552+0500: 101.623: [CMS-concurrent-mark-start]
2016-06-30T12:43:30.647+0500: 101.717: [CMS-concurrent-mark: 0.095/0.095 secs] [Times: user=0.21 sys=0.01, real=0.09 secs] 
2016-06-30T12:43:30.647+0500: 101.718: [CMS-concurrent-preclean-start]
2016-06-30T12:43:30.652+0500: 101.722: [CMS-concurrent-preclean: 0.004/0.004 secs] [Times: user=0.02 sys=0.00, real=0.01 secs] 
2016-06-30T12:43:30.652+0500: 101.722: [CMS-concurrent-abortable-preclean-start]
2016-06-30T12:43:30.652+0500: 101.722: [CMS-concurrent-abortable-preclean: 0.000/0.000 secs] [Times: user=0.00 sys=0.00, real=0.00 secs] 
2016-06-30T12:43:30.659+0500: 101.730: [GC (CMS Final Remark) [YG occupancy: 172580 K (306688 K)]2016-06-30T12:43:30.659+0500: 101.730: [Rescan (parallel) , 0.0115668 secs]2016-06-30T12:43:30.671+0500: 101.741: [weak refs processing, 0.0000967 secs]2016-06-30T12:43:30.672+0500: 101.742: [class unloading, 0.0015621 secs]2016-06-30T12:43:30.673+0500: 101.744: [scrub symbol table, 0.0027626 secs]2016-06-30T12:43:30.676+0500: 101.747: [scrub string table, 0.0007554 secs][1 CMS-remark: 1631544K(1756416K)] 1804124K(2063104K), 0.0180728 secs] [Times: user=0.02 sys=0.00, real=0.02 secs] 
2016-06-30T12:43:30.678+0500: 101.748: [CMS-concurrent-sweep-start]
2016-06-30T12:43:30.744+0500: 101.815: [GC (Allocation Failure) 2016-06-30T12:43:30.744+0500: 101.815: [ParNew: 306688K->34048K(306688K), 0.1959468 secs] 1561362K->1559878K(2063104K), 0.1960643 secs] [Times: user=0.23 sys=0.05, real=0.20 secs] 
2016-06-30T12:43:31.068+0500: 102.138: [CMS-concurrent-sweep: 0.193/0.390 secs] [Times: user=0.76 sys=0.06, real=0.39 secs] 
2016-06-30T12:43:31.068+0500: 102.138: [CMS-concurrent-reset-start]
2016-06-30T12:43:31.070+0500: 102.141: [CMS-concurrent-reset: 0.002/0.002 secs] [Times: user=0.00 sys=0.00, real=0.01 secs] 
2016-06-30T12:43:31.088+0500: 102.158: [GC (Allocation Failure) 2016-06-30T12:43:31.088+0500: 102.158: [ParNew: 306688K->34048K(306688K), 0.2113414 secs] 1444140K->1442365K(2063104K), 0.2114625 secs] [Times: user=0.21 sys=0.04, real=0.21 secs] 
2016-06-30T12:43:31.300+0500: 102.371: [GC (CMS Initial Mark) [1 CMS-initial-mark: 1408317K(1756416K)] 1446410K(2063104K), 0.0009864 secs] [Times: user=0.00 sys=0.00, real=0.00 secs] 
2016-06-30T12:43:31.301+0500: 102.372: [CMS-concurrent-mark-start]
2016-06-30T12:43:31.383+0500: 102.453: [CMS-concurrent-mark: 0.082/0.082 secs] [Times: user=0.24 sys=0.00, real=0.08 secs] 
2016-06-30T12:43:31.383+0500: 102.453: [CMS-concurrent-preclean-start]
2016-06-30T12:43:31.388+0500: 102.458: [CMS-concurrent-preclean: 0.005/0.005 secs] [Times: user=0.01 sys=0.00, real=0.00 secs] 
2016-06-30T12:43:31.388+0500: 102.458: [CMS-concurrent-abortable-preclean-start]
2016-06-30T12:43:31.444+0500: 102.515: [GC (Allocation Failure) 2016-06-30T12:43:31.444+0500: 102.515: [ParNew2016-06-30T12:43:31.502+0500: 102.573: [CMS-concurrent-abortable-preclean: 0.012/0.115 secs] [Times: user=0.22 sys=0.02, real=0.12 secs] 
: 306688K->34048K(306688K), 0.1755719 secs] 1715005K->1713938K(2063104K), 0.1757356 secs] [Times: user=0.20 sys=0.02, real=0.18 secs] 
2016-06-30T12:43:31.620+0500: 102.691: [GC (CMS Final Remark) [YG occupancy: 39490 K (306688 K)]2016-06-30T12:43:31.621+0500: 102.691: [Rescan (parallel) , 0.0091441 secs]2016-06-30T12:43:31.630+0500: 102.700: [weak refs processing, 0.0000352 secs]2016-06-30T12:43:31.630+0500: 102.700: [class unloading, 0.0007900 secs]2016-06-30T12:43:31.631+0500: 102.701: [scrub symbol table, 0.0008686 secs]2016-06-30T12:43:31.631+0500: 102.702: [scrub string table, 0.0003857 secs][1 CMS-remark: 1679890K(1756416K)] 1719380K(2063104K), 0.0114039 secs] [Times: user=0.03 sys=0.00, real=0.01 secs] 
2016-06-30T12:43:31.632+0500: 102.703: [CMS-concurrent-sweep-start]
2016-06-30T12:43:31.739+0500: 102.810: [CMS-concurrent-sweep: 0.107/0.107 secs] [Times: user=0.37 sys=0.01, real=0.11 secs] 
2016-06-30T12:43:31.740+0500: 102.810: [CMS-concurrent-reset-start]
2016-06-30T12:43:31.742+0500: 102.813: [CMS-concurrent-reset: 0.002/0.002 secs] [Times: user=0.01 sys=0.00, real=0.00 secs] 
2016-06-30T12:43:31.751+0500: 102.821: [GC (Allocation Failure) 2016-06-30T12:43:31.751+0500: 102.822: [ParNew: 306688K->34048K(306688K), 0.1419585 secs] 1435421K->1434469K(2063104K), 0.1420757 secs] [Times: user=0.18 sys=0.03, real=0.14 secs] 
2016-06-30T12:43:31.893+0500: 102.964: [GC (CMS Initial Mark) [1 CMS-initial-mark: 1400421K(1756416K)] 1437007K(2063104K), 0.0010536 secs] [Times: user=0.00 sys=0.00, real=0.00 secs] 
2016-06-30T12:43:31.894+0500: 102.965: [CMS-concurrent-mark-start]
2016-06-30T12:43:31.967+0500: 103.038: [CMS-concurrent-mark: 0.073/0.073 secs] [Times: user=0.17 sys=0.00, real=0.07 secs] 
2016-06-30T12:43:31.967+0500: 103.038: [CMS-concurrent-preclean-start]
2016-06-30T12:43:31.972+0500: 103.043: [CMS-concurrent-preclean: 0.005/0.005 secs] [Times: user=0.02 sys=0.00, real=0.01 secs] 
2016-06-30T12:43:31.972+0500: 103.043: [CMS-concurrent-abortable-preclean-start]
2016-06-30T12:43:32.041+0500: 103.111: [GC (Allocation Failure) 2016-06-30T12:43:32.041+0500: 103.111: [ParNew2016-06-30T12:43:32.085+0500: 103.156: [CMS-concurrent-abortable-preclean: 0.013/0.113 secs] [Times: user=0.30 sys=0.01, real=0.11 secs] 
: 306688K->34048K(306688K), 0.1679111 secs] 1707109K->1705810K(2063104K), 0.1680485 secs] [Times: user=0.22 sys=0.04, real=0.16 secs] 
2016-06-30T12:43:32.209+0500: 103.280: [GC (CMS Final Remark) [YG occupancy: 36948 K (306688 K)]2016-06-30T12:43:32.209+0500: 103.280: [Rescan (parallel) , 0.0086271 secs]2016-06-30T12:43:32.218+0500: 103.288: [weak refs processing, 0.0000435 secs]2016-06-30T12:43:32.218+0500: 103.288: [class unloading, 0.0009560 secs]2016-06-30T12:43:32.219+0500: 103.289: [scrub symbol table, 0.0011213 secs]2016-06-30T12:43:32.220+0500: 103.291: [scrub string table, 0.0002195 secs][1 CMS-remark: 1671762K(1756416K)] 1708711K(2063104K), 0.0111558 secs] [Times: user=0.03 sys=0.00, real=0.02 secs] 
2016-06-30T12:43:32.220+0500: 103.291: [CMS-concurrent-sweep-start]
2016-06-30T12:43:32.314+0500: 103.384: [CMS-concurrent-sweep: 0.093/0.093 secs] [Times: user=0.28 sys=0.00, real=0.09 secs] 
2016-06-30T12:43:32.314+0500: 103.385: [CMS-concurrent-reset-start]
2016-06-30T12:43:32.317+0500: 103.387: [CMS-concurrent-reset: 0.003/0.003 secs] [Times: user=0.01 sys=0.00, real=0.00 secs] 
2016-06-30T12:43:32.369+0500: 103.439: [GC (Allocation Failure) 2016-06-30T12:43:32.369+0500: 103.439: [ParNew: 306688K->34048K(306688K), 0.1810997 secs] 1463351K->1462212K(2063104K), 0.1812076 secs] [Times: user=0.25 sys=0.08, real=0.19 secs] 
2016-06-30T12:43:32.550+0500: 103.621: [GC (CMS Initial Mark) [1 CMS-initial-mark: 1428164K(1756416K)] 1463938K(2063104K), 0.0010285 secs] [Times: user=0.00 sys=0.00, real=0.00 secs] 
2016-06-30T12:43:32.551+0500: 103.622: [CMS-concurrent-mark-start]
2016-06-30T12:43:32.617+0500: 103.688: [CMS-concurrent-mark: 0.066/0.066 secs] [Times: user=0.22 sys=0.00, real=0.06 secs] 
2016-06-30T12:43:32.617+0500: 103.688: [CMS-concurrent-preclean-start]
2016-06-30T12:43:32.623+0500: 103.693: [CMS-concurrent-preclean: 0.005/0.005 secs] [Times: user=0.02 sys=0.00, real=0.01 secs] 
2016-06-30T12:43:32.623+0500: 103.693: [CMS-concurrent-abortable-preclean-start]
2016-06-30T12:43:32.673+0500: 103.743: [GC (Allocation Failure) 2016-06-30T12:43:32.673+0500: 103.743: [ParNew2016-06-30T12:43:32.739+0500: 103.809: [CMS-concurrent-abortable-preclean: 0.012/0.116 secs] [Times: user=0.27 sys=0.01, real=0.11 secs] 
: 306688K->34048K(306688K), 0.1576676 secs] 1734852K->1732142K(2063104K), 0.1577641 secs] [Times: user=0.20 sys=0.03, real=0.16 secs] 
2016-06-30T12:43:32.831+0500: 103.901: [GC (CMS Final Remark) [YG occupancy: 38358 K (306688 K)]2016-06-30T12:43:32.831+0500: 103.902: [Rescan (parallel) , 0.0073072 secs]2016-06-30T12:43:32.838+0500: 103.909: [weak refs processing, 0.0000396 secs]2016-06-30T12:43:32.838+0500: 103.909: [class unloading, 0.0008740 secs]2016-06-30T12:43:32.839+0500: 103.910: [scrub symbol table, 0.0006118 secs]2016-06-30T12:43:32.840+0500: 103.910: [scrub string table, 0.0002112 secs][1 CMS-remark: 1698094K(1756416K)] 1736452K(2063104K), 0.0092228 secs] [Times: user=0.03 sys=0.00, real=0.01 secs] 
2016-06-30T12:43:32.840+0500: 103.911: [CMS-concurrent-sweep-start]
2016-06-30T12:43:32.955+0500: 104.026: [CMS-concurrent-sweep: 0.115/0.115 secs] [Times: user=0.39 sys=0.00, real=0.11 secs] 
2016-06-30T12:43:32.955+0500: 104.026: [CMS-concurrent-reset-start]
2016-06-30T12:43:32.958+0500: 104.029: [CMS-concurrent-reset: 0.003/0.003 secs] [Times: user=0.01 sys=0.00, real=0.00 secs] 
2016-06-30T12:43:32.977+0500: 104.047: [GC (Allocation Failure) 2016-06-30T12:43:32.977+0500: 104.047: [ParNew: 306688K->34048K(306688K), 0.1567782 secs] 1422633K->1420154K(2063104K), 0.1569125 secs] [Times: user=0.21 sys=0.03, real=0.16 secs] 
2016-06-30T12:43:33.134+0500: 104.204: [GC (CMS Initial Mark) [1 CMS-initial-mark: 1386106K(1756416K)] 1422909K(2063104K), 0.0006234 secs] [Times: user=0.00 sys=0.00, real=0.00 secs] 
2016-06-30T12:43:33.135+0500: 104.205: [CMS-concurrent-mark-start]
2016-06-30T12:43:33.202+0500: 104.272: [CMS-concurrent-mark: 0.067/0.067 secs] [Times: user=0.23 sys=0.00, real=0.07 secs] 
2016-06-30T12:43:33.202+0500: 104.272: [CMS-concurrent-preclean-start]
2016-06-30T12:43:33.207+0500: 104.277: [CMS-concurrent-preclean: 0.005/0.005 secs] [Times: user=0.02 sys=0.00, real=0.00 secs] 
2016-06-30T12:43:33.207+0500: 104.277: [CMS-concurrent-abortable-preclean-start]
2016-06-30T12:43:33.264+0500: 104.335: [GC (Allocation Failure) 2016-06-30T12:43:33.264+0500: 104.335: [ParNew2016-06-30T12:43:33.320+0500: 104.390: [CMS-concurrent-abortable-preclean: 0.012/0.113 secs] [Times: user=0.25 sys=0.01, real=0.12 secs] 
: 306688K->34048K(306688K), 0.1752299 secs] 1692794K->1690946K(2063104K), 0.1753418 secs] [Times: user=0.21 sys=0.01, real=0.18 secs] 
2016-06-30T12:43:33.440+0500: 104.511: [GC (CMS Final Remark) [YG occupancy: 38145 K (306688 K)]2016-06-30T12:43:33.440+0500: 104.511: [Rescan (parallel) , 0.0072947 secs]2016-06-30T12:43:33.447+0500: 104.518: [weak refs processing, 0.0000461 secs]2016-06-30T12:43:33.448+0500: 104.518: [class unloading, 0.0010633 secs]2016-06-30T12:43:33.449+0500: 104.519: [scrub symbol table, 0.0024358 secs]2016-06-30T12:43:33.451+0500: 104.522: [scrub string table, 0.0002507 secs][1 CMS-remark: 1656898K(1756416K)] 1695043K(2063104K), 0.0112897 secs] [Times: user=0.03 sys=0.00, real=0.01 secs] 
2016-06-30T12:43:33.452+0500: 104.522: [CMS-concurrent-sweep-start]
2016-06-30T12:43:33.595+0500: 104.665: [CMS-concurrent-sweep: 0.143/0.143 secs] [Times: user=0.39 sys=0.01, real=0.14 secs] 
2016-06-30T12:43:33.595+0500: 104.666: [CMS-concurrent-reset-start]
2016-06-30T12:43:33.604+0500: 104.674: [CMS-concurrent-reset: 0.009/0.009 secs] [Times: user=0.04 sys=0.00, real=0.01 secs] 
2016-06-30T12:43:33.605+0500: 104.675: [GC (Allocation Failure) 2016-06-30T12:43:33.605+0500: 104.675: [ParNew: 306688K->34048K(306688K), 0.1327479 secs] 1419325K->1417479K(2063104K), 0.1328409 secs] [Times: user=0.21 sys=0.02, real=0.13 secs] 
2016-06-30T12:43:33.740+0500: 104.810: [GC (CMS Initial Mark) [1 CMS-initial-mark: 1383431K(1756416K)] 1422912K(2063104K), 0.0011009 secs] [Times: user=0.00 sys=0.00, real=0.00 secs] 
2016-06-30T12:43:33.741+0500: 104.811: [CMS-concurrent-mark-start]
2016-06-30T12:43:33.820+0500: 104.890: [CMS-concurrent-mark: 0.079/0.079 secs] [Times: user=0.27 sys=0.00, real=0.08 secs] 
2016-06-30T12:43:33.820+0500: 104.891: [CMS-concurrent-preclean-start]
2016-06-30T12:43:33.825+0500: 104.896: [CMS-concurrent-preclean: 0.005/0.005 secs] [Times: user=0.01 sys=0.00, real=0.00 secs] 
2016-06-30T12:43:33.827+0500: 104.897: [CMS-concurrent-abortable-preclean-start]
2016-06-30T12:43:33.858+0500: 104.929: [GC (Allocation Failure) 2016-06-30T12:43:33.858+0500: 104.929: [ParNew2016-06-30T12:43:33.943+0500: 105.014: [CMS-concurrent-abortable-preclean: 0.017/0.117 secs] [Times: user=0.24 sys=0.02, real=0.12 secs] 
: 306688K->34048K(306688K), 0.1697407 secs] 1690119K->1688915K(2063104K), 0.1698519 secs] [Times: user=0.24 sys=0.02, real=0.17 secs] 
2016-06-30T12:43:34.028+0500: 105.099: [GC (CMS Final Remark) [YG occupancy: 36680 K (306688 K)]2016-06-30T12:43:34.028+0500: 105.099: [Rescan (parallel) , 0.0074476 secs]2016-06-30T12:43:34.036+0500: 105.106: [weak refs processing, 0.0000402 secs]2016-06-30T12:43:34.036+0500: 105.106: [class unloading, 0.0007989 secs]2016-06-30T12:43:34.037+0500: 105.107: [scrub symbol table, 0.0009843 secs]2016-06-30T12:43:34.038+0500: 105.108: [scrub string table, 0.0002374 secs][1 CMS-remark: 1654867K(1756416K)] 1691547K(2063104K), 0.0096960 secs] [Times: user=0.03 sys=0.00, real=0.01 secs] 
2016-06-30T12:43:34.038+0500: 105.109: [CMS-concurrent-sweep-start]
2016-06-30T12:43:34.166+0500: 105.237: [CMS-concurrent-sweep: 0.128/0.128 secs] [Times: user=0.37 sys=0.01, real=0.13 secs] 
2016-06-30T12:43:34.166+0500: 105.237: [CMS-concurrent-reset-start]
2016-06-30T12:43:34.168+0500: 105.239: [CMS-concurrent-reset: 0.002/0.002 secs] [Times: user=0.00 sys=0.00, real=0.00 secs] 
2016-06-30T12:43:34.175+0500: 105.245: [GC (Allocation Failure) 2016-06-30T12:43:34.175+0500: 105.245: [ParNew: 306688K->34048K(306688K), 0.1335185 secs] 1400170K->1398662K(2063104K), 0.1336305 secs] [Times: user=0.21 sys=0.01, real=0.13 secs] 
2016-06-30T12:43:34.309+0500: 105.379: [GC (CMS Initial Mark) [1 CMS-initial-mark: 1364614K(1756416K)] 1402787K(2063104K), 0.0008743 secs] [Times: user=0.00 sys=0.00, real=0.00 secs] 
2016-06-30T12:43:34.310+0500: 105.380: [CMS-concurrent-mark-start]
2016-06-30T12:43:34.408+0500: 105.478: [CMS-concurrent-mark: 0.098/0.098 secs] [Times: user=0.32 sys=0.01, real=0.09 secs] 
2016-06-30T12:43:34.408+0500: 105.478: [CMS-concurrent-preclean-start]
2016-06-30T12:43:34.413+0500: 105.484: [CMS-concurrent-preclean: 0.005/0.005 secs] [Times: user=0.02 sys=0.00, real=0.01 secs] 
2016-06-30T12:43:34.413+0500: 105.484: [CMS-concurrent-abortable-preclean-start]
2016-06-30T12:43:34.445+0500: 105.515: [GC (Allocation Failure) 2016-06-30T12:43:34.445+0500: 105.515: [ParNew2016-06-30T12:43:34.545+0500: 105.615: [CMS-concurrent-abortable-preclean: 0.032/0.132 secs] [Times: user=0.20 sys=0.01, real=0.13 secs] 
: 306688K->34048K(306688K), 0.1758257 secs] 1671302K->1670609K(2063104K), 0.1759378 secs] [Times: user=0.24 sys=0.03, real=0.18 secs] 
2016-06-30T12:43:34.621+0500: 105.692: [GC (CMS Final Remark) [YG occupancy: 36800 K (306688 K)]2016-06-30T12:43:34.621+0500: 105.692: [Rescan (parallel) , 0.0080784 secs]2016-06-30T12:43:34.629+0500: 105.700: [weak refs processing, 0.0000407 secs]2016-06-30T12:43:34.629+0500: 105.700: [class unloading, 0.0010272 secs]2016-06-30T12:43:34.630+0500: 105.701: [scrub symbol table, 0.0010777 secs]2016-06-30T12:43:34.631+0500: 105.702: [scrub string table, 0.0004969 secs][1 CMS-remark: 1636561K(1756416K)] 1673362K(2063104K), 0.0109874 secs] [Times: user=0.03 sys=0.00, real=0.01 secs] 
2016-06-30T12:43:34.632+0500: 105.703: [CMS-concurrent-sweep-start]
2016-06-30T12:43:34.748+0500: 105.819: [GC (Allocation Failure) 2016-06-30T12:43:34.748+0500: 105.819: [ParNew: 306688K->34048K(306688K), 0.1554218 secs] 1363854K->1362215K(2063104K), 0.1555296 secs] [Times: user=0.21 sys=0.03, real=0.16 secs] 
2016-06-30T12:43:34.907+0500: 105.978: [CMS-concurrent-sweep: 0.119/0.275 secs] [Times: user=0.61 sys=0.03, real=0.27 secs] 
2016-06-30T12:43:34.907+0500: 105.978: [CMS-concurrent-reset-start]
2016-06-30T12:43:34.910+0500: 105.980: [CMS-concurrent-reset: 0.003/0.003 secs] [Times: user=0.00 sys=0.00, real=0.01 secs] 
2016-06-30T12:43:35.031+0500: 106.102: [GC (Allocation Failure) 2016-06-30T12:43:35.032+0500: 106.102: [ParNew: 306688K->34048K(306688K), 0.1635427 secs] 1627282K->1625596K(2063104K), 0.1636583 secs] [Times: user=0.21 sys=0.02, real=0.16 secs] 
2016-06-30T12:43:35.196+0500: 106.266: [GC (CMS Initial Mark) [1 CMS-initial-mark: 1591548K(1756416K)] 1628336K(2063104K), 0.0008637 secs] [Times: user=0.00 sys=0.00, real=0.00 secs] 
2016-06-30T12:43:35.197+0500: 106.267: [CMS-concurrent-mark-start]
2016-06-30T12:43:35.260+0500: 106.331: [CMS-concurrent-mark: 0.063/0.063 secs] [Times: user=0.19 sys=0.00, real=0.07 secs] 
2016-06-30T12:43:35.260+0500: 106.331: [CMS-concurrent-preclean-start]
2016-06-30T12:43:35.264+0500: 106.335: [CMS-concurrent-preclean: 0.004/0.004 secs] [Times: user=0.00 sys=0.00, real=0.00 secs] 
2016-06-30T12:43:35.264+0500: 106.335: [CMS-concurrent-abortable-preclean-start]
2016-06-30T12:43:35.359+0500: 106.430: [GC (Allocation Failure) 2016-06-30T12:43:35.359+0500: 106.430: [ParNew: 306688K->306688K(306688K), 0.0000507 secs]2016-06-30T12:43:35.360+0500: 106.430: [CMS2016-06-30T12:43:35.360+0500: 106.430: [CMS-concurrent-abortable-preclean: 0.012/0.095 secs] [Times: user=0.20 sys=0.01, real=0.10 secs] 
 (concurrent mode failure): 1591548K->985048K(1756416K), 0.4450471 secs] 1898236K->985048K(2063104K), [Metaspace: 4548K->4548K(1056768K)], 0.4452285 secs] [Times: user=0.43 sys=0.00, real=0.45 secs] 
2016-06-30T12:43:35.899+0500: 106.969: [GC (Allocation Failure) 2016-06-30T12:43:35.899+0500: 106.969: [ParNew: 272640K->34048K(306688K), 0.1245889 secs] 1257688K->1255403K(2063104K), 0.1247506 secs] [Times: user=0.20 sys=0.03, real=0.13 secs] 
2016-06-30T12:43:36.024+0500: 107.094: [GC (CMS Initial Mark) [1 CMS-initial-mark: 1221355K(1756416K)] 1255408K(2063104K), 0.0006897 secs] [Times: user=0.00 sys=0.00, real=0.00 secs] 
2016-06-30T12:43:36.024+0500: 107.095: [CMS-concurrent-mark-start]
Heap
 par new generation   total 306688K, used 47505K [0x0000000740000000, 0x0000000754cc0000, 0x0000000754cc0000)
  eden space 272640K,   4% used [0x0000000740000000, 0x0000000740d24720, 0x0000000750a40000)
  from space 34048K, 100% used [0x0000000750a40000, 0x0000000752b80000, 0x0000000752b80000)
  to   space 34048K,   0% used [0x0000000752b80000, 0x0000000752b80000, 0x0000000754cc0000)
 concurrent mark-sweep generation total 1756416K, used 1221355K [0x0000000754cc0000, 0x00000007c0000000, 0x00000007c0000000)
 Metaspace       used 4556K, capacity 4816K, committed 4992K, reserved 1056768K
  class space    used 512K, capacity 565K, committed 640K, reserved 1048576K
