Java HotSpot(TM) 64-Bit Server VM (25.77-b03) for bsd-amd64 JRE (1.8.0_77-b03), built on Mar 20 2016 22:14:03 by "java_re" with gcc 4.2.1 (Based on Apple Inc. build 5658) (LLVM build 2336.11.00)
Memory: 4k page, physical 8388608k(1958496k free)

/proc/meminfo:

CommandLine flags: -XX:InitialHeapSize=134217728 -XX:MaxHeapSize=2147483648 -XX:+PrintGC -XX:+PrintGCDateStamps -XX:+PrintGCDetails -XX:+PrintGCTimeStamps -XX:+UseCompressedClassPointers -XX:+UseCompressedOops -XX:+UseParallelGC 
2016-06-30T22:30:44.244+0500: 0.268: [GC (Allocation Failure) [PSYoungGen: 33280K->5104K(38400K)] 33280K->29832K(125952K), 0.0273153 secs] [Times: user=0.07 sys=0.02, real=0.03 secs] 
2016-06-30T22:30:44.317+0500: 0.341: [GC (Allocation Failure) [PSYoungGen: 38384K->5088K(71680K)] 63112K->62960K(159232K), 0.0585274 secs] [Times: user=0.10 sys=0.03, real=0.06 secs] 
2016-06-30T22:30:44.376+0500: 0.400: [Full GC (Ergonomics) [PSYoungGen: 5088K->0K(71680K)] [ParOldGen: 57872K->62689K(153088K)] 62960K->62689K(224768K), [Metaspace: 3984K->3984K(1056768K)], 0.4979611 secs] [Times: user=1.18 sys=0.03, real=0.50 secs] 
2016-06-30T22:30:44.927+0500: 0.951: [GC (Allocation Failure) [PSYoungGen: 66560K->5120K(71680K)] 129249K->127417K(224768K), 0.0793078 secs] [Times: user=0.18 sys=0.04, real=0.08 secs] 
2016-06-30T22:30:45.007+0500: 1.031: [Full GC (Ergonomics) [PSYoungGen: 5120K->0K(71680K)] [ParOldGen: 122297K->127161K(285696K)] 127417K->127161K(357376K), [Metaspace: 3984K->3984K(1056768K)], 0.5276101 secs] [Times: user=1.36 sys=0.03, real=0.53 secs] 
2016-06-30T22:30:45.656+0500: 1.680: [GC (Allocation Failure) [PSYoungGen: 66560K->5120K(88576K)] 193721K->191305K(374272K), 0.0994644 secs] [Times: user=0.17 sys=0.05, real=0.10 secs] 
2016-06-30T22:30:45.842+0500: 1.866: [GC (Allocation Failure) [PSYoungGen: 88576K->5120K(93184K)] 274761K->274577K(378880K), 0.1069628 secs] [Times: user=0.25 sys=0.06, real=0.10 secs] 
2016-06-30T22:30:45.949+0500: 1.973: [Full GC (Ergonomics) [PSYoungGen: 5120K->0K(93184K)] [ParOldGen: 269457K->273977K(503808K)] 274577K->273977K(596992K), [Metaspace: 4446K->4446K(1056768K)], 1.3562471 secs] [Times: user=3.47 sys=0.08, real=1.36 secs] 
2016-06-30T22:30:47.393+0500: 3.417: [GC (Allocation Failure) [PSYoungGen: 88064K->87392K(199168K)] 362041K->361369K(702976K), 0.0926260 secs] [Times: user=0.22 sys=0.06, real=0.09 secs] 
2016-06-30T22:30:47.609+0500: 3.632: [GC (Allocation Failure) [PSYoungGen: 186720K->110080K(209408K)] 460697K->460145K(713216K), 0.2360405 secs] [Times: user=0.58 sys=0.12, real=0.24 secs] 
2016-06-30T22:30:47.945+0500: 3.969: [GC (Allocation Failure) [PSYoungGen: 209408K->165888K(253440K)] 559473K->559609K(757248K), 0.2442118 secs] [Times: user=0.58 sys=0.14, real=0.24 secs] 
2016-06-30T22:30:48.264+0500: 4.288: [GC (Allocation Failure) [PSYoungGen: 253440K->212480K(300032K)] 647161K->636801K(803840K), 0.1880184 secs] [Times: user=0.49 sys=0.02, real=0.19 secs] 
2016-06-30T22:30:48.452+0500: 4.476: [Full GC (Ergonomics) [PSYoungGen: 212480K->0K(300032K)] [ParOldGen: 424321K->375660K(654848K)] 636801K->375660K(954880K), [Metaspace: 4450K->4450K(1056768K)], 1.1352030 secs] [Times: user=3.64 sys=0.03, real=1.13 secs] 
2016-06-30T22:30:49.668+0500: 5.692: [GC (Allocation Failure) [PSYoungGen: 87552K->87200K(335360K)] 463212K->462860K(990208K), 0.0504325 secs] [Times: user=0.19 sys=0.00, real=0.05 secs] 
2016-06-30T22:30:49.807+0500: 5.831: [GC (Allocation Failure) [PSYoungGen: 195744K->194624K(341504K)] 571404K->570284K(996352K), 0.1105260 secs] [Times: user=0.41 sys=0.01, real=0.11 secs] 
2016-06-30T22:30:50.002+0500: 6.026: [GC (Allocation Failure) [PSYoungGen: 303168K->215680K(370176K)] 678828K->678732K(1025024K), 0.2426032 secs] [Times: user=0.67 sys=0.11, real=0.24 secs] 
2016-06-30T22:30:50.355+0500: 6.379: [GC (Allocation Failure) [PSYoungGen: 352896K->136480K(370176K)] 815948K->815836K(1050112K), 0.3197129 secs] [Times: user=0.83 sys=0.15, real=0.32 secs] 
2016-06-30T22:30:50.675+0500: 6.699: [Full GC (Ergonomics) [PSYoungGen: 136480K->0K(370176K)] [ParOldGen: 679356K->375659K(765952K)] 815836K->375659K(1136128K), [Metaspace: 4451K->4451K(1056768K)], 1.0157103 secs] [Times: user=3.79 sys=0.01, real=1.02 secs] 
2016-06-30T22:30:51.808+0500: 7.832: [GC (Allocation Failure) [PSYoungGen: 137216K->137152K(396800K)] 512875K->512811K(1162752K), 0.0757460 secs] [Times: user=0.29 sys=0.00, real=0.08 secs] 
2016-06-30T22:30:52.011+0500: 8.035: [GC (Allocation Failure) [PSYoungGen: 311232K->172800K(407040K)] 686891K->685955K(1172992K), 0.1789556 secs] [Times: user=0.66 sys=0.01, real=0.18 secs] 
2016-06-30T22:30:52.335+0500: 8.359: [GC (Allocation Failure) [PSYoungGen: 346880K->172736K(457216K)] 860035K->859107K(1223168K), 0.2481451 secs] [Times: user=0.90 sys=0.04, real=0.25 secs] 
2016-06-30T22:30:52.584+0500: 8.608: [Full GC (Ergonomics) [PSYoungGen: 172736K->0K(457216K)] [ParOldGen: 686371K->375660K(867840K)] 859107K->375660K(1325056K), [Metaspace: 4454K->4454K(1056768K)], 1.0134848 secs] [Times: user=3.76 sys=0.02, real=1.01 secs] 
2016-06-30T22:30:53.773+0500: 9.797: [GC (Allocation Failure) [PSYoungGen: 224256K->222688K(457216K)] 599916K->598348K(1325056K), 0.1570789 secs] [Times: user=0.54 sys=0.01, real=0.16 secs] 
2016-06-30T22:30:54.093+0500: 10.117: [GC (Allocation Failure) [PSYoungGen: 446944K->223776K(465920K)] 822604K->751572K(1333760K), 0.2545241 secs] [Times: user=0.90 sys=0.05, real=0.25 secs] 
2016-06-30T22:30:54.525+0500: 10.549: [GC (Allocation Failure) [PSYoungGen: 456736K->232192K(465920K)] 984532K->903708K(1333760K), 0.2610578 secs] [Times: user=0.94 sys=0.00, real=0.26 secs] 
2016-06-30T22:30:54.786+0500: 10.810: [Full GC (Ergonomics) [PSYoungGen: 232192K->0K(465920K)] [ParOldGen: 671516K->375660K(940544K)] 903708K->375660K(1406464K), [Metaspace: 4455K->4455K(1056768K)], 1.0317980 secs] [Times: user=3.80 sys=0.02, real=1.03 secs] 
2016-06-30T22:30:55.992+0500: 12.016: [GC (Allocation Failure) [PSYoungGen: 232960K->232032K(465920K)] 608620K->607692K(1406464K), 0.1537711 secs] [Times: user=0.57 sys=0.01, real=0.15 secs] 
2016-06-30T22:30:56.319+0500: 12.344: [GC (Allocation Failure) [PSYoungGen: 464992K->231136K(465920K)] 840652K->751540K(1406464K), 0.2481576 secs] [Times: user=0.95 sys=0.01, real=0.25 secs] 
2016-06-30T22:30:56.737+0500: 12.761: [GC (Allocation Failure) [PSYoungGen: 464096K->231872K(465920K)] 984500K->896292K(1406464K), 0.2530716 secs] [Times: user=0.95 sys=0.00, real=0.26 secs] 
2016-06-30T22:30:57.159+0500: 13.183: [GC (Allocation Failure) [PSYoungGen: 464832K->232384K(465920K)] 1129252K->1040316K(1406464K), 0.3150540 secs] [Times: user=0.92 sys=0.08, real=0.32 secs] 
2016-06-30T22:30:57.474+0500: 13.498: [Full GC (Ergonomics) [PSYoungGen: 232384K->0K(465920K)] [ParOldGen: 807932K->375660K(1012736K)] 1040316K->375660K(1478656K), [Metaspace: 4456K->4456K(1056768K)], 1.0619759 secs] [Times: user=3.83 sys=0.01, real=1.06 secs] 
2016-06-30T22:30:58.717+0500: 14.741: [GC (Allocation Failure) [PSYoungGen: 232960K->232480K(465920K)] 608620K->608140K(1478656K), 0.1528428 secs] [Times: user=0.56 sys=0.00, real=0.16 secs] 
2016-06-30T22:30:59.100+0500: 15.124: [GC (Allocation Failure) [PSYoungGen: 465440K->231520K(465920K)] 841100K->751572K(1478656K), 0.2831623 secs] [Times: user=0.91 sys=0.00, real=0.28 secs] 
2016-06-30T22:30:59.567+0500: 15.591: [GC (Allocation Failure) [PSYoungGen: 464480K->231968K(465920K)] 984532K->895956K(1478656K), 0.2556793 secs] [Times: user=0.94 sys=0.00, real=0.26 secs] 
2016-06-30T22:30:59.991+0500: 16.015: [GC (Allocation Failure) [PSYoungGen: 464928K->232768K(465920K)] 1128916K->1039884K(1478656K), 0.2498811 secs] [Times: user=0.90 sys=0.01, real=0.25 secs] 
2016-06-30T22:31:00.241+0500: 16.265: [Full GC (Ergonomics) [PSYoungGen: 232768K->0K(465920K)] [ParOldGen: 807116K->375660K(1067008K)] 1039884K->375660K(1532928K), [Metaspace: 4462K->4462K(1056768K)], 1.0269567 secs] [Times: user=3.78 sys=0.01, real=1.02 secs] 
2016-06-30T22:31:01.440+0500: 17.465: [GC (Allocation Failure) [PSYoungGen: 232960K->231232K(465920K)] 608620K->606892K(1532928K), 0.1256779 secs] [Times: user=0.48 sys=0.00, real=0.12 secs] 
2016-06-30T22:31:01.738+0500: 17.762: [GC (Allocation Failure) [PSYoungGen: 464192K->231680K(465920K)] 839852K->751540K(1532928K), 0.2821228 secs] [Times: user=0.91 sys=0.01, real=0.29 secs] 
2016-06-30T22:31:02.205+0500: 18.229: [GC (Allocation Failure) [PSYoungGen: 464640K->232800K(465920K)] 984500K->895732K(1532928K), 0.2671344 secs] [Times: user=0.88 sys=0.01, real=0.27 secs] 
2016-06-30T22:31:02.680+0500: 18.704: [GC (Allocation Failure) [PSYoungGen: 465760K->231296K(465920K)] 1128692K->1038788K(1532928K), 0.2313707 secs] [Times: user=0.80 sys=0.01, real=0.23 secs] 
2016-06-30T22:31:03.081+0500: 19.105: [GC (Allocation Failure) [PSYoungGen: 464256K->232000K(465920K)] 1271748K->1183388K(1532928K), 0.3889572 secs] [Times: user=0.87 sys=0.09, real=0.39 secs] 
2016-06-30T22:31:03.470+0500: 19.494: [Full GC (Ergonomics) [PSYoungGen: 232000K->0K(465920K)] [ParOldGen: 951388K->375660K(1117184K)] 1183388K->375660K(1583104K), [Metaspace: 4463K->4463K(1056768K)], 1.2824425 secs] [Times: user=3.74 sys=0.02, real=1.28 secs] 
2016-06-30T22:31:04.930+0500: 20.954: [GC (Allocation Failure) [PSYoungGen: 232960K->232896K(465920K)] 608620K->608556K(1583104K), 0.1349967 secs] [Times: user=0.47 sys=0.00, real=0.13 secs] 
2016-06-30T22:31:05.253+0500: 21.277: [GC (Allocation Failure) [PSYoungGen: 465856K->232288K(465920K)] 841516K->751524K(1583104K), 0.2609112 secs] [Times: user=0.90 sys=0.01, real=0.26 secs] 
2016-06-30T22:31:05.722+0500: 21.746: [GC (Allocation Failure) [PSYoungGen: 465248K->232320K(465920K)] 984484K->895132K(1583104K), 0.2665529 secs] [Times: user=0.91 sys=0.01, real=0.26 secs] 
2016-06-30T22:31:06.165+0500: 22.190: [GC (Allocation Failure) [PSYoungGen: 465280K->231488K(465920K)] 1128092K->1038700K(1583104K), 0.2195313 secs] [Times: user=0.80 sys=0.01, real=0.22 secs] 
2016-06-30T22:31:06.565+0500: 22.590: [GC (Allocation Failure) [PSYoungGen: 464448K->231168K(465920K)] 1271660K->1183076K(1583104K), 0.2622459 secs] [Times: user=0.91 sys=0.01, real=0.26 secs] 
2016-06-30T22:31:06.828+0500: 22.852: [Full GC (Ergonomics) [PSYoungGen: 231168K->0K(465920K)] [ParOldGen: 951908K->375660K(1159680K)] 1183076K->375660K(1625600K), [Metaspace: 4464K->4464K(1056768K)], 1.2758008 secs] [Times: user=3.76 sys=0.01, real=1.28 secs] 
2016-06-30T22:31:08.297+0500: 24.321: [GC (Allocation Failure) [PSYoungGen: 232960K->231904K(465920K)] 608620K->607564K(1625600K), 0.1470228 secs] [Times: user=0.47 sys=0.00, real=0.15 secs] 
2016-06-30T22:31:08.631+0500: 24.656: [GC (Allocation Failure) [PSYoungGen: 464864K->231328K(465920K)] 840524K->751564K(1625600K), 0.2719879 secs] [Times: user=0.84 sys=0.00, real=0.27 secs] 
2016-06-30T22:31:09.094+0500: 25.119: [GC (Allocation Failure) [PSYoungGen: 464288K->232384K(465920K)] 984524K->896140K(1625600K), 0.2738033 secs] [Times: user=0.87 sys=0.01, real=0.27 secs] 
2016-06-30T22:31:09.577+0500: 25.601: [GC (Allocation Failure) [PSYoungGen: 465344K->230528K(465920K)] 1129100K->1039668K(1625600K), 0.2705747 secs] [Times: user=0.88 sys=0.01, real=0.27 secs] 
2016-06-30T22:31:10.015+0500: 26.040: [GC (Allocation Failure) [PSYoungGen: 463488K->230848K(465920K)] 1272628K->1185020K(1625600K), 0.2602349 secs] [Times: user=0.93 sys=0.01, real=0.26 secs] 
2016-06-30T22:31:10.276+0500: 26.300: [Full GC (Ergonomics) [PSYoungGen: 230848K->0K(465920K)] [ParOldGen: 954172K->375660K(1203712K)] 1185020K->375660K(1669632K), [Metaspace: 4466K->4466K(1056768K)], 1.0634284 secs] [Times: user=3.79 sys=0.02, real=1.06 secs] 
2016-06-30T22:31:11.511+0500: 27.536: [GC (Allocation Failure) [PSYoungGen: 232960K->230528K(465920K)] 608620K->606188K(1669632K), 0.1436002 secs] [Times: user=0.53 sys=0.00, real=0.14 secs] 
2016-06-30T22:31:11.850+0500: 27.875: [GC (Allocation Failure) [PSYoungGen: 463488K->232960K(465920K)] 839148K->751484K(1669632K), 0.2507353 secs] [Times: user=0.93 sys=0.00, real=0.25 secs] 
2016-06-30T22:31:12.278+0500: 28.303: [GC (Allocation Failure) [PSYoungGen: 465920K->231776K(465920K)] 984444K->894364K(1669632K), 0.2725117 secs] [Times: user=0.90 sys=0.05, real=0.28 secs] 
2016-06-30T22:31:12.721+0500: 28.745: [GC (Allocation Failure) [PSYoungGen: 464736K->232704K(465920K)] 1127324K->1038484K(1669632K), 0.2566924 secs] [Times: user=0.93 sys=0.00, real=0.25 secs] 
2016-06-30T22:31:13.145+0500: 29.169: [GC (Allocation Failure) [PSYoungGen: 465664K->231968K(465920K)] 1271444K->1181676K(1669632K), 0.2502832 secs] [Times: user=0.94 sys=0.00, real=0.25 secs] 
2016-06-30T22:31:13.570+0500: 29.595: [GC (Allocation Failure) [PSYoungGen: 464928K->232224K(465920K)] 1414636K->1325580K(1669632K), 0.6395092 secs] [Times: user=0.93 sys=0.44, real=0.64 secs] 
2016-06-30T22:31:14.210+0500: 30.235: [Full GC (Ergonomics) [PSYoungGen: 232224K->0K(465920K)] [ParOldGen: 1093356K->375660K(1241600K)] 1325580K->375660K(1707520K), [Metaspace: 4467K->4467K(1056768K)], 1.0644081 secs] [Times: user=3.72 sys=0.09, real=1.06 secs] 
2016-06-30T22:31:15.524+0500: 31.548: [GC (Allocation Failure) [PSYoungGen: 232960K->231872K(465920K)] 608620K->607532K(1707520K), 0.1650811 secs] [Times: user=0.56 sys=0.03, real=0.16 secs] 
2016-06-30T22:31:15.862+0500: 31.887: [GC (Allocation Failure) [PSYoungGen: 464832K->232160K(465920K)] 840492K->751516K(1707520K), 0.2172388 secs] [Times: user=0.81 sys=0.01, real=0.21 secs] 
2016-06-30T22:31:16.253+0500: 32.278: [GC (Allocation Failure) [PSYoungGen: 465120K->231904K(465920K)] 984476K->895228K(1707520K), 0.2072127 secs] [Times: user=0.79 sys=0.00, real=0.21 secs] 
2016-06-30T22:31:16.628+0500: 32.653: [GC (Allocation Failure) [PSYoungGen: 464864K->230848K(465920K)] 1128188K->1039228K(1707520K), 0.2596333 secs] [Times: user=0.91 sys=0.02, real=0.26 secs] 
2016-06-30T22:31:17.058+0500: 33.083: [GC (Allocation Failure) [PSYoungGen: 463808K->231424K(465920K)] 1272188K->1184220K(1707520K), 0.2474003 secs] [Times: user=0.90 sys=0.01, real=0.25 secs] 
2016-06-30T22:31:17.479+0500: 33.504: [GC (Allocation Failure) [PSYoungGen: 464384K->232512K(465920K)] 1417180K->1328668K(1707520K), 0.2549540 secs] [Times: user=0.92 sys=0.01, real=0.26 secs] 
2016-06-30T22:31:17.734+0500: 33.759: [Full GC (Ergonomics) [PSYoungGen: 232512K->0K(465920K)] [ParOldGen: 1096156K->375660K(1285120K)] 1328668K->375660K(1751040K), [Metaspace: 4469K->4469K(1056768K)], 1.0080078 secs] [Times: user=3.75 sys=0.01, real=1.01 secs] 
2016-06-30T22:31:18.920+0500: 34.945: [GC (Allocation Failure) [PSYoungGen: 232960K->232320K(465920K)] 608620K->607980K(1751040K), 0.1679099 secs] [Times: user=0.63 sys=0.01, real=0.16 secs] 
2016-06-30T22:31:19.265+0500: 35.290: [GC (Allocation Failure) [PSYoungGen: 465280K->232064K(465920K)] 840940K->751556K(1751040K), 0.2535094 secs] [Times: user=0.91 sys=0.01, real=0.25 secs] 
2016-06-30T22:31:19.690+0500: 35.715: [GC (Allocation Failure) [PSYoungGen: 465024K->231296K(465920K)] 984516K->895348K(1751040K), 0.2642409 secs] [Times: user=0.94 sys=0.00, real=0.26 secs] 
2016-06-30T22:31:20.120+0500: 36.145: [GC (Allocation Failure) [PSYoungGen: 464256K->231488K(465920K)] 1128308K->1039940K(1751040K), 0.2523434 secs] [Times: user=0.96 sys=0.00, real=0.25 secs] 
2016-06-30T22:31:20.549+0500: 36.574: [GC (Allocation Failure) [PSYoungGen: 464448K->232448K(465920K)] 1272900K->1184372K(1751040K), 0.2511075 secs] [Times: user=0.92 sys=0.00, real=0.26 secs] 
2016-06-30T22:31:20.968+0500: 36.993: [GC (Allocation Failure) [PSYoungGen: 465408K->231776K(465920K)] 1417332K->1327844K(1751040K), 0.2483813 secs] [Times: user=0.94 sys=0.01, real=0.25 secs] 
2016-06-30T22:31:21.217+0500: 37.242: [Full GC (Ergonomics) [PSYoungGen: 231776K->0K(465920K)] [ParOldGen: 1096068K->375660K(1330176K)] 1327844K->375660K(1796096K), [Metaspace: 4470K->4470K(1056768K)], 1.0061350 secs] [Times: user=3.76 sys=0.01, real=1.01 secs] 
2016-06-30T22:31:22.398+0500: 38.423: [GC (Allocation Failure) [PSYoungGen: 232960K->231872K(465920K)] 608620K->607532K(1796096K), 0.1281899 secs] [Times: user=0.49 sys=0.00, real=0.13 secs] 
2016-06-30T22:31:22.701+0500: 38.726: [GC (Allocation Failure) [PSYoungGen: 464832K->232544K(465920K)] 840492K->751548K(1796096K), 0.2495141 secs] [Times: user=0.91 sys=0.01, real=0.25 secs] 
2016-06-30T22:31:23.122+0500: 39.147: [GC (Allocation Failure) [PSYoungGen: 465504K->231808K(465920K)] 984508K->894844K(1796096K), 0.2435159 secs] [Times: user=0.90 sys=0.01, real=0.24 secs] 
2016-06-30T22:31:23.545+0500: 39.570: [GC (Allocation Failure) [PSYoungGen: 464768K->232096K(465920K)] 1127804K->1038900K(1796096K), 0.2562025 secs] [Times: user=0.91 sys=0.01, real=0.26 secs] 
2016-06-30T22:31:23.969+0500: 39.994: [GC (Allocation Failure) [PSYoungGen: 465056K->232256K(465920K)] 1271860K->1182700K(1796096K), 0.2438082 secs] [Times: user=0.93 sys=0.00, real=0.25 secs] 
2016-06-30T22:31:24.387+0500: 40.413: [GC (Allocation Failure) [PSYoungGen: 465216K->231904K(465920K)] 1415660K->1326308K(1796096K), 0.2470400 secs] [Times: user=0.91 sys=0.00, real=0.25 secs] 
2016-06-30T22:31:24.806+0500: 40.831: [GC (Allocation Failure) [PSYoungGen: 464864K->232192K(465920K)] 1559268K->1470292K(1796096K), 0.3557967 secs] [Times: user=0.92 sys=0.10, real=0.36 secs] 
2016-06-30T22:31:25.162+0500: 41.187: [Full GC (Ergonomics) [PSYoungGen: 232192K->0K(465920K)] [ParOldGen: 1238100K->375660K(1376256K)] 1470292K->375660K(1842176K), [Metaspace: 4473K->4473K(1056768K)], 1.0119920 secs] [Times: user=3.77 sys=0.02, real=1.01 secs] 
2016-06-30T22:31:26.347+0500: 42.372: [GC (Allocation Failure) [PSYoungGen: 232960K->231904K(465920K)] 608620K->607564K(1842176K), 0.1412271 secs] [Times: user=0.51 sys=0.00, real=0.14 secs] 
2016-06-30T22:31:26.660+0500: 42.685: [GC (Allocation Failure) [PSYoungGen: 464864K->231168K(465920K)] 840524K->751556K(1842176K), 0.2515995 secs] [Times: user=0.90 sys=0.00, real=0.25 secs] 
2016-06-30T22:31:27.077+0500: 43.102: [GC (Allocation Failure) [PSYoungGen: 464128K->231680K(465920K)] 984516K->896244K(1842176K), 0.2426077 secs] [Times: user=0.91 sys=0.00, real=0.25 secs] 
2016-06-30T22:31:27.493+0500: 43.519: [GC (Allocation Failure) [PSYoungGen: 464640K->231424K(465920K)] 1129204K->1040460K(1842176K), 0.2455182 secs] [Times: user=0.91 sys=0.01, real=0.24 secs] 
2016-06-30T22:31:27.910+0500: 43.935: [GC (Allocation Failure) [PSYoungGen: 464384K->231904K(465920K)] 1273420K->1184956K(1842176K), 0.2506006 secs] [Times: user=0.94 sys=0.01, real=0.25 secs] 
2016-06-30T22:31:28.336+0500: 44.361: [GC (Allocation Failure) [PSYoungGen: 464864K->232672K(465920K)] 1417916K->1328924K(1842176K), 0.2480335 secs] [Times: user=0.91 sys=0.00, real=0.25 secs] 
2016-06-30T22:31:28.754+0500: 44.779: [GC (Allocation Failure) [PSYoungGen: 465632K->232288K(465920K)] 1561884K->1472148K(1842176K), 0.2485143 secs] [Times: user=0.93 sys=0.00, real=0.25 secs] 
2016-06-30T22:31:29.003+0500: 45.028: [Full GC (Ergonomics) [PSYoungGen: 232288K->0K(465920K)] [ParOldGen: 1239860K->375660K(1398272K)] 1472148K->375660K(1864192K), [Metaspace: 4473K->4473K(1056768K)], 1.1207498 secs] [Times: user=3.75 sys=0.02, real=1.12 secs] 
2016-06-30T22:31:30.311+0500: 46.336: [GC (Allocation Failure) [PSYoungGen: 232960K->232384K(465920K)] 608620K->608044K(1864192K), 0.1260598 secs] [Times: user=0.48 sys=0.00, real=0.12 secs] 
2016-06-30T22:31:30.603+0500: 46.628: [GC (Allocation Failure) [PSYoungGen: 465344K->231616K(465920K)] 841004K->751564K(1864192K), 0.2480156 secs] [Times: user=0.91 sys=0.01, real=0.25 secs] 
2016-06-30T22:31:31.020+0500: 47.045: [GC (Allocation Failure) [PSYoungGen: 464576K->232960K(465920K)] 984524K->895772K(1864192K), 0.2424987 secs] [Times: user=0.93 sys=0.00, real=0.24 secs] 
2016-06-30T22:31:31.437+0500: 47.462: [GC (Allocation Failure) [PSYoungGen: 465920K->231200K(465920K)] 1128732K->1038700K(1864192K), 0.2132564 secs] [Times: user=0.81 sys=0.00, real=0.22 secs] 
2016-06-30T22:31:31.825+0500: 47.850: [GC (Allocation Failure) [PSYoungGen: 464160K->231648K(465920K)] 1271660K->1183412K(1864192K), 0.2529131 secs] [Times: user=0.93 sys=0.01, real=0.25 secs] 
2016-06-30T22:31:32.312+0500: 48.337: [GC (Allocation Failure) [PSYoungGen: 464608K->231680K(465920K)] 1416372K->1327620K(1864192K), 0.3729859 secs] [Times: user=0.89 sys=0.00, real=0.37 secs] 
2016-06-30T22:31:32.863+0500: 48.888: [GC (Allocation Failure) [PSYoungGen: 464640K->232416K(465920K)] 1560580K->1470028K(1864192K), 0.2178805 secs] [Times: user=0.81 sys=0.00, real=0.22 secs] 
2016-06-30T22:31:33.081+0500: 49.106: [Full GC (Ergonomics) [PSYoungGen: 232416K->0K(465920K)] [ParOldGen: 1237612K->375660K(1398272K)] 1470028K->375660K(1864192K), [Metaspace: 4473K->4473K(1056768K)], 1.0627677 secs] [Times: user=3.76 sys=0.03, real=1.06 secs] 
2016-06-30T22:31:34.334+0500: 50.359: [GC (Allocation Failure) [PSYoungGen: 232960K->231168K(465920K)] 608620K->606828K(1864192K), 0.1440881 secs] [Times: user=0.54 sys=0.01, real=0.14 secs] 
2016-06-30T22:31:34.657+0500: 50.682: [GC (Allocation Failure) [PSYoungGen: 464128K->231872K(465920K)] 839788K->751564K(1864192K), 0.2496276 secs] [Times: user=0.91 sys=0.00, real=0.25 secs] 
2016-06-30T22:31:35.073+0500: 51.099: [GC (Allocation Failure) [PSYoungGen: 464832K->232384K(465920K)] 984524K->895588K(1864192K), 0.2548474 secs] [Times: user=0.83 sys=0.00, real=0.25 secs] 
2016-06-30T22:31:35.507+0500: 51.533: [GC (Allocation Failure) [PSYoungGen: 465344K->231776K(465920K)] 1128548K->1039100K(1864192K), 0.2483836 secs] [Times: user=0.92 sys=0.00, real=0.25 secs] 
2016-06-30T22:31:35.938+0500: 51.963: [GC (Allocation Failure) [PSYoungGen: 464736K->232032K(465920K)] 1272060K->1183228K(1864192K), 0.3040479 secs] [Times: user=0.89 sys=0.00, real=0.31 secs] 
2016-06-30T22:31:36.418+0500: 52.443: [GC (Allocation Failure) [PSYoungGen: 464992K->231840K(465920K)] 1416188K->1327092K(1864192K), 0.2117317 secs] [Times: user=0.81 sys=0.00, real=0.21 secs] 
2016-06-30T22:31:36.821+0500: 52.847: [GC (Allocation Failure) [PSYoungGen: 464800K->231808K(465920K)] 1560052K->1471140K(1864192K), 0.2515650 secs] [Times: user=0.95 sys=0.01, real=0.25 secs] 
2016-06-30T22:31:37.073+0500: 53.098: [Full GC (Ergonomics) [PSYoungGen: 231808K->0K(465920K)] [ParOldGen: 1239332K->375660K(1398272K)] 1471140K->375660K(1864192K), [Metaspace: 4476K->4476K(1056768K)], 1.0141572 secs] [Times: user=3.81 sys=0.01, real=1.01 secs] 
2016-06-30T22:31:38.271+0500: 54.297: [GC (Allocation Failure) [PSYoungGen: 232960K->231680K(465920K)] 608620K->607340K(1864192K), 0.1281438 secs] [Times: user=0.48 sys=0.00, real=0.12 secs] 
2016-06-30T22:31:38.565+0500: 54.591: [GC (Allocation Failure) [PSYoungGen: 464640K->231360K(465920K)] 840300K->751580K(1864192K), 0.2529798 secs] [Times: user=0.92 sys=0.01, real=0.25 secs] 
2016-06-30T22:31:38.985+0500: 55.010: [GC (Allocation Failure) [PSYoungGen: 464320K->232960K(465920K)] 984540K->896060K(1864192K), 0.2459815 secs] [Times: user=0.94 sys=0.01, real=0.25 secs] 
2016-06-30T22:31:39.407+0500: 55.432: [GC (Allocation Failure) [PSYoungGen: 465920K->231456K(465920K)] 1129020K->1038988K(1864192K), 0.2443584 secs] [Times: user=0.91 sys=0.00, real=0.25 secs] 
2016-06-30T22:31:39.830+0500: 55.856: [GC (Allocation Failure) [PSYoungGen: 464416K->231680K(465920K)] 1271948K->1183444K(1864192K), 0.2448706 secs] [Times: user=0.92 sys=0.00, real=0.24 secs] 
2016-06-30T22:31:40.260+0500: 56.286: [GC (Allocation Failure) [PSYoungGen: 464640K->231200K(465920K)] 1416404K->1327660K(1864192K), 0.2473163 secs] [Times: user=0.95 sys=0.00, real=0.24 secs] 
2016-06-30T22:31:40.675+0500: 56.701: [GC (Allocation Failure) [PSYoungGen: 464160K->231872K(465920K)] 1560620K->1472332K(1864192K), 0.2595547 secs] [Times: user=0.94 sys=0.01, real=0.26 secs] 
2016-06-30T22:31:40.935+0500: 56.961: [Full GC (Ergonomics) [PSYoungGen: 231872K->0K(465920K)] [ParOldGen: 1240460K->375660K(1398272K)] 1472332K->375660K(1864192K), [Metaspace: 4481K->4481K(1056768K)], 1.1176114 secs] [Times: user=3.78 sys=0.02, real=1.12 secs] 
2016-06-30T22:31:42.264+0500: 58.290: [GC (Allocation Failure) [PSYoungGen: 232960K->231872K(465920K)] 608620K->607532K(1864192K), 0.1432329 secs] [Times: user=0.48 sys=0.00, real=0.14 secs] 
2016-06-30T22:31:42.595+0500: 58.621: [GC (Allocation Failure) [PSYoungGen: 464832K->231712K(465920K)] 840492K->751508K(1864192K), 0.3310772 secs] [Times: user=0.83 sys=0.00, real=0.33 secs] 
2016-06-30T22:31:43.109+0500: 59.134: [GC (Allocation Failure) [PSYoungGen: 464672K->231840K(465920K)] 984468K->895676K(1864192K), 0.2648413 secs] [Times: user=0.86 sys=0.01, real=0.27 secs] 
2016-06-30T22:31:43.561+0500: 59.587: [GC (Allocation Failure) [PSYoungGen: 464800K->232448K(465920K)] 1128636K->1039700K(1864192K), 0.2543017 secs] [Times: user=0.81 sys=0.01, real=0.25 secs] 
2016-06-30T22:31:43.998+0500: 60.024: [GC (Allocation Failure) [PSYoungGen: 465408K->231648K(465920K)] 1272660K->1183124K(1864192K), 0.2550159 secs] [Times: user=0.91 sys=0.01, real=0.26 secs] 
2016-06-30T22:31:44.432+0500: 60.458: [GC (Allocation Failure) [PSYoungGen: 464608K->231168K(465920K)] 1416084K->1327396K(1864192K), 0.2638555 secs] [Times: user=0.91 sys=0.01, real=0.26 secs] 
2016-06-30T22:31:44.874+0500: 60.899: [GC (Allocation Failure) [PSYoungGen: 464128K->231488K(465920K)] 1560356K->1472092K(1864192K), 0.2503646 secs] [Times: user=0.87 sys=0.01, real=0.25 secs] 
2016-06-30T22:31:45.124+0500: 61.150: [Full GC (Ergonomics) [PSYoungGen: 231488K->0K(465920K)] [ParOldGen: 1240604K->375660K(1398272K)] 1472092K->375660K(1864192K), [Metaspace: 4482K->4482K(1056768K)], 1.1315390 secs] [Times: user=3.78 sys=0.02, real=1.13 secs] 
2016-06-30T22:31:46.445+0500: 62.471: [GC (Allocation Failure) [PSYoungGen: 232960K->231808K(465920K)] 608620K->607468K(1864192K), 0.1631037 secs] [Times: user=0.55 sys=0.01, real=0.16 secs] 
2016-06-30T22:31:46.890+0500: 62.916: [GC (Allocation Failure) [PSYoungGen: 464768K->232352K(465920K)] 840428K->751556K(1864192K), 0.2670492 secs] [Times: user=0.86 sys=0.00, real=0.26 secs] 
2016-06-30T22:31:47.346+0500: 63.372: [GC (Allocation Failure) [PSYoungGen: 465312K->231968K(465920K)] 984516K->895092K(1864192K), 0.2695260 secs] [Times: user=0.87 sys=0.00, real=0.27 secs] 
2016-06-30T22:31:47.805+0500: 63.831: [GC (Allocation Failure) [PSYoungGen: 464928K->232224K(465920K)] 1128052K->1038980K(1864192K), 0.2781582 secs] [Times: user=0.88 sys=0.00, real=0.28 secs] 
2016-06-30T22:31:48.268+0500: 64.294: [GC (Allocation Failure) [PSYoungGen: 465184K->231936K(465920K)] 1271940K->1182628K(1864192K), 0.2790092 secs] [Times: user=0.90 sys=0.01, real=0.28 secs] 
2016-06-30T22:31:48.730+0500: 64.755: [GC (Allocation Failure) [PSYoungGen: 464896K->232416K(465920K)] 1415588K->1326580K(1864192K), 0.2563493 secs] [Times: user=0.91 sys=0.01, real=0.25 secs] 
2016-06-30T22:31:49.172+0500: 65.198: [GC (Allocation Failure) [PSYoungGen: 465376K->231136K(465920K)] 1559540K->1470060K(1864192K), 0.2324215 secs] [Times: user=0.80 sys=0.01, real=0.23 secs] 
2016-06-30T22:31:49.404+0500: 65.430: [Full GC (Ergonomics) [PSYoungGen: 231136K->0K(465920K)] [ParOldGen: 1238924K->375660K(1398272K)] 1470060K->375660K(1864192K), [Metaspace: 4483K->4483K(1056768K)], 1.0496142 secs] [Times: user=3.74 sys=0.01, real=1.05 secs] 
2016-06-30T22:31:50.630+0500: 66.656: [GC (Allocation Failure) [PSYoungGen: 232960K->231936K(465920K)] 608620K->607596K(1864192K), 0.1633875 secs] [Times: user=0.59 sys=0.00, real=0.16 secs] 
2016-06-30T22:31:50.978+0500: 67.004: [GC (Allocation Failure) [PSYoungGen: 464896K->232928K(465920K)] 840556K->751564K(1864192K), 0.2460343 secs] [Times: user=0.93 sys=0.00, real=0.25 secs] 
2016-06-30T22:31:51.399+0500: 67.425: [GC (Allocation Failure) [PSYoungGen: 465888K->231712K(465920K)] 984524K->894532K(1864192K), 0.2456426 secs] [Times: user=0.92 sys=0.01, real=0.25 secs] 
2016-06-30T22:31:51.818+0500: 67.844: [GC (Allocation Failure) [PSYoungGen: 464672K->232352K(465920K)] 1127492K->1038668K(1864192K), 0.2128769 secs] [Times: user=0.80 sys=0.01, real=0.22 secs] 
2016-06-30T22:31:52.211+0500: 68.237: [GC (Allocation Failure) [PSYoungGen: 465312K->231904K(465920K)] 1271628K->1182164K(1864192K), 0.2420736 secs] [Times: user=0.91 sys=0.00, real=0.24 secs] 
2016-06-30T22:31:52.619+0500: 68.645: [GC (Allocation Failure) [PSYoungGen: 464864K->232576K(465920K)] 1415124K->1326140K(1864192K), 0.2542462 secs] [Times: user=0.94 sys=0.00, real=0.26 secs] 
Heap
 PSYoungGen      total 465920K, used 407790K [0x0000000795580000, 0x00000007c0000000, 0x00000007c0000000)
  eden space 232960K, 75% used [0x0000000795580000,0x00000007a009b8d0,0x00000007a3900000)
  from space 232960K, 99% used [0x00000007a3900000,0x00000007b1c20000,0x00000007b1c80000)
  to   space 232960K, 0% used [0x00000007b1c80000,0x00000007b1c80000,0x00000007c0000000)
 ParOldGen       total 1398272K, used 1093564K [0x0000000740000000, 0x0000000795580000, 0x0000000795580000)
  object space 1398272K, 78% used [0x0000000740000000,0x0000000782bef140,0x0000000795580000)
 Metaspace       used 4491K, capacity 4816K, committed 4992K, reserved 1056768K
  class space    used 512K, capacity 565K, committed 640K, reserved 1048576K
